-- The C compiler identification is GNU 11.4.0
-- The CXX compiler identification is GNU 11.4.0
-- Detecting C compiler ABI info
-- Detecting C compiler ABI info - done
-- Check for working C compiler: /usr/bin/cc - skipped
-- Detecting C compile features
-- Detecting C compile features - done
-- Detecting CXX compiler ABI info
-- Detecting CXX compiler ABI info - done
-- Check for working CXX compiler: /usr/bin/c++ - skipped
-- Detecting CXX compile features
-- Detecting CXX compile features - done
-- Found ament_cmake: 1.3.14 (/opt/ros/humble/share/ament_cmake/cmake)
-- Found Python3: /usr/bin/python3 (found version "3.10.12") found components: Interpreter 
-- Override CMake install command with custom implementation using symlinks instead of copying resources
-- Found rclcpp_components: 16.0.19 (/opt/ros/humble/share/rclcpp_components/cmake)
-- Found rosidl_generator_c: 3.1.8 (/opt/ros/humble/share/rosidl_generator_c/cmake)
-- Found rosidl_adapter: 3.1.8 (/opt/ros/humble/share/rosidl_adapter/cmake)
-- Found rosidl_generator_cpp: 3.1.8 (/opt/ros/humble/share/rosidl_generator_cpp/cmake)
-- Using all available rosidl_typesupport_c: rosidl_typesupport_fastrtps_c;rosidl_typesupport_introspection_c
-- Using all available rosidl_typesupport_cpp: rosidl_typesupport_fastrtps_cpp;rosidl_typesupport_introspection_cpp
-- Found rmw_implementation_cmake: 6.1.2 (/opt/ros/humble/share/rmw_implementation_cmake/cmake)
-- Found rmw_cyclonedds_cpp: 1.3.4 (/opt/ros/humble/share/rmw_cyclonedds_cpp/cmake)
-- Using RMW implementation 'rmw_cyclonedds_cpp' as default
-- Looking for pthread.h
-- Looking for pthread.h - found
-- Performing Test CMAKE_HAVE_LIBC_PTHREAD
-- Performing Test CMAKE_HAVE_LIBC_PTHREAD - Success
-- Found Threads: TRUE  
-- Found rclcpp_action: 16.0.19 (/opt/ros/humble/share/rclcpp_action/cmake)
-- Found std_srvs: 4.9.1 (/opt/ros/humble/share/std_srvs/cmake)
-- Found whisper_idl: 1.4.0 (/home/mk/dev_ws/install/whisper_idl/share/whisper_idl/cmake)
-- Found whisper_util: 1.4.0 (/home/mk/dev_ws/install/whisper_util/share/whisper_util/cmake)
-- Configuring done
-- Generating done
-- Build files have been written to: /home/mk/dev_ws/build/whisper_server
[ 25%] [32mBuilding CXX object CMakeFiles/inference_component.dir/src/inference.cpp.o[0m
[ 50%] [32mBuilding CXX object CMakeFiles/whisper.dir/rclcpp_components/node_main_whisper.cpp.o[0m
[ 75%] [32m[1mLinking CXX executable whisper[0m
[ 75%] Built target whisper
[100%] [32m[1mLinking CXX shared library libinference_component.so[0m
[100%] Built target inference_component
-- Install configuration: "Release"
-- Execute custom install script
-- Symlinking: /home/mk/dev_ws/install/whisper_server/lib/whisper_server/whisper
-- Symlinking: /home/mk/dev_ws/install/whisper_server/lib/libinference_component.so
-- Symlinking: /home/mk/dev_ws/install/whisper_server/share/whisper_server/config/whisper.yaml
-- Symlinking: /home/mk/dev_ws/install/whisper_server/share/ament_index/resource_index/package_run_dependencies/whisper_server
-- Symlinking: /home/mk/dev_ws/install/whisper_server/share/ament_index/resource_index/parent_prefix_path/whisper_server
-- Symlinking: /home/mk/dev_ws/install/whisper_server/share/whisper_server/environment/ament_prefix_path.sh
-- Symlinking: /home/mk/dev_ws/install/whisper_server/share/whisper_server/environment/ament_prefix_path.dsv
-- Symlinking: /home/mk/dev_ws/install/whisper_server/share/whisper_server/environment/path.sh
-- Symlinking: /home/mk/dev_ws/install/whisper_server/share/whisper_server/environment/path.dsv
-- Symlinking: /home/mk/dev_ws/install/whisper_server/share/whisper_server/local_setup.bash
-- Symlinking: /home/mk/dev_ws/install/whisper_server/share/whisper_server/local_setup.sh
-- Symlinking: /home/mk/dev_ws/install/whisper_server/share/whisper_server/local_setup.zsh
-- Symlinking: /home/mk/dev_ws/install/whisper_server/share/whisper_server/local_setup.dsv
-- Symlinking: /home/mk/dev_ws/install/whisper_server/share/whisper_server/package.dsv
-- Symlinking: /home/mk/dev_ws/install/whisper_server/share/ament_index/resource_index/packages/whisper_server
-- Symlinking: /home/mk/dev_ws/install/whisper_server/share/ament_index/resource_index/rclcpp_components/whisper_server
-- Symlinking: /home/mk/dev_ws/install/whisper_server/share/whisper_server/cmake/whisper_serverConfig.cmake
-- Symlinking: /home/mk/dev_ws/install/whisper_server/share/whisper_server/cmake/whisper_serverConfig-version.cmake
-- Symlinking: /home/mk/dev_ws/install/whisper_server/share/whisper_server/package.xml
