[0.009s] Invoking command in '/home/mk/dev_ws/build/whisper_server': AMENT_PREFIX_PATH=/home/mk/dev_ws/install/whisper_util:/home/mk/dev_ws/install/whisper_idl:/home/mk/dev_ws/install/whisper_cpp_vendor:${AMENT_PREFIX_PATH} CMAKE_PREFIX_PATH=/home/mk/dev_ws/install/whisper_util:/home/mk/dev_ws/install/whisper_idl:/home/mk/dev_ws/install/whisper_cpp_vendor:/opt/ros/humble LD_LIBRARY_PATH=/home/mk/dev_ws/install/whisper_util/lib:/home/mk/dev_ws/install/whisper_idl/lib:/home/mk/dev_ws/install/whisper_cpp_vendor/lib:${LD_LIBRARY_PATH} PYTHONPATH=/home/mk/dev_ws/install/whisper_idl/local/lib/python3.10/dist-packages:${PYTHONPATH} /usr/bin/cmake /home/mk/dev_ws/src/ros2_whisper/whisper_server -DAMENT_CMAKE_SYMLINK_INSTALL=1 -DCMAKE_INSTALL_PREFIX=/home/mk/dev_ws/install/whisper_server
[0.045s] -- The C compiler identification is GNU 11.4.0
[0.078s] -- The CXX compiler identification is GNU 11.4.0
[0.082s] -- Detecting C compiler ABI info
[0.127s] -- Detecting C compiler ABI info - done
[0.133s] -- Check for working C compiler: /usr/bin/cc - skipped
[0.134s] -- Detecting C compile features
[0.134s] -- Detecting C compile features - done
[0.136s] -- Detecting CXX compiler ABI info
[0.184s] -- Detecting CXX compiler ABI info - done
[0.188s] -- Check for working CXX compiler: /usr/bin/c++ - skipped
[0.189s] -- Detecting CXX compile features
[0.189s] -- Detecting CXX compile features - done
[0.190s] -- Found ament_cmake: 1.3.14 (/opt/ros/humble/share/ament_cmake/cmake)
[0.294s] -- Found Python3: /usr/bin/python3 (found version "3.10.12") found components: Interpreter 
[0.362s] -- Override CMake install command with custom implementation using symlinks instead of copying resources
[0.401s] -- Found rclcpp_components: 16.0.19 (/opt/ros/humble/share/rclcpp_components/cmake)
[0.495s] -- Found rosidl_generator_c: 3.1.8 (/opt/ros/humble/share/rosidl_generator_c/cmake)
[0.501s] -- Found rosidl_adapter: 3.1.8 (/opt/ros/humble/share/rosidl_adapter/cmake)
[0.510s] -- Found rosidl_generator_cpp: 3.1.8 (/opt/ros/humble/share/rosidl_generator_cpp/cmake)
[0.524s] -- Using all available rosidl_typesupport_c: rosidl_typesupport_fastrtps_c;rosidl_typesupport_introspection_c
[0.539s] -- Using all available rosidl_typesupport_cpp: rosidl_typesupport_fastrtps_cpp;rosidl_typesupport_introspection_cpp
[0.616s] -- Found rmw_implementation_cmake: 6.1.2 (/opt/ros/humble/share/rmw_implementation_cmake/cmake)
[0.619s] -- Found rmw_cyclonedds_cpp: 1.3.4 (/opt/ros/humble/share/rmw_cyclonedds_cpp/cmake)
[0.640s] -- Using RMW implementation 'rmw_cyclonedds_cpp' as default
[0.649s] -- Looking for pthread.h
[0.704s] -- Looking for pthread.h - found
[0.704s] -- Performing Test CMAKE_HAVE_LIBC_PTHREAD
[0.756s] -- Performing Test CMAKE_HAVE_LIBC_PTHREAD - Success
[0.757s] -- Found Threads: TRUE  
[0.792s] -- Found rclcpp_action: 16.0.19 (/opt/ros/humble/share/rclcpp_action/cmake)
[0.813s] -- Found std_srvs: 4.9.1 (/opt/ros/humble/share/std_srvs/cmake)
[0.818s] -- Found whisper_idl: 1.4.0 (/home/mk/dev_ws/install/whisper_idl/share/whisper_idl/cmake)
[0.828s] -- Found whisper_util: 1.4.0 (/home/mk/dev_ws/install/whisper_util/share/whisper_util/cmake)
[0.912s] -- Configuring done
[0.923s] -- Generating done
[0.926s] -- Build files have been written to: /home/mk/dev_ws/build/whisper_server
[0.931s] Invoked command in '/home/mk/dev_ws/build/whisper_server' returned '0': AMENT_PREFIX_PATH=/home/mk/dev_ws/install/whisper_util:/home/mk/dev_ws/install/whisper_idl:/home/mk/dev_ws/install/whisper_cpp_vendor:${AMENT_PREFIX_PATH} CMAKE_PREFIX_PATH=/home/mk/dev_ws/install/whisper_util:/home/mk/dev_ws/install/whisper_idl:/home/mk/dev_ws/install/whisper_cpp_vendor:/opt/ros/humble LD_LIBRARY_PATH=/home/mk/dev_ws/install/whisper_util/lib:/home/mk/dev_ws/install/whisper_idl/lib:/home/mk/dev_ws/install/whisper_cpp_vendor/lib:${LD_LIBRARY_PATH} PYTHONPATH=/home/mk/dev_ws/install/whisper_idl/local/lib/python3.10/dist-packages:${PYTHONPATH} /usr/bin/cmake /home/mk/dev_ws/src/ros2_whisper/whisper_server -DAMENT_CMAKE_SYMLINK_INSTALL=1 -DCMAKE_INSTALL_PREFIX=/home/mk/dev_ws/install/whisper_server
[0.933s] Invoking command in '/home/mk/dev_ws/build/whisper_server': AMENT_PREFIX_PATH=/home/mk/dev_ws/install/whisper_util:/home/mk/dev_ws/install/whisper_idl:/home/mk/dev_ws/install/whisper_cpp_vendor:${AMENT_PREFIX_PATH} CMAKE_PREFIX_PATH=/home/mk/dev_ws/install/whisper_util:/home/mk/dev_ws/install/whisper_idl:/home/mk/dev_ws/install/whisper_cpp_vendor:/opt/ros/humble LD_LIBRARY_PATH=/home/mk/dev_ws/install/whisper_util/lib:/home/mk/dev_ws/install/whisper_idl/lib:/home/mk/dev_ws/install/whisper_cpp_vendor/lib:${LD_LIBRARY_PATH} PYTHONPATH=/home/mk/dev_ws/install/whisper_idl/local/lib/python3.10/dist-packages:${PYTHONPATH} /usr/bin/cmake --build /home/mk/dev_ws/build/whisper_server -- -j20 -l20
[0.968s] [ 25%] [32mBuilding CXX object CMakeFiles/inference_component.dir/src/inference.cpp.o[0m
[0.973s] [ 50%] [32mBuilding CXX object CMakeFiles/whisper.dir/rclcpp_components/node_main_whisper.cpp.o[0m
[3.413s] [ 75%] [32m[1mLinking CXX executable whisper[0m
[3.485s] [ 75%] Built target whisper
[8.808s] [100%] [32m[1mLinking CXX shared library libinference_component.so[0m
[8.917s] [100%] Built target inference_component
[8.927s] Invoked command in '/home/mk/dev_ws/build/whisper_server' returned '0': AMENT_PREFIX_PATH=/home/mk/dev_ws/install/whisper_util:/home/mk/dev_ws/install/whisper_idl:/home/mk/dev_ws/install/whisper_cpp_vendor:${AMENT_PREFIX_PATH} CMAKE_PREFIX_PATH=/home/mk/dev_ws/install/whisper_util:/home/mk/dev_ws/install/whisper_idl:/home/mk/dev_ws/install/whisper_cpp_vendor:/opt/ros/humble LD_LIBRARY_PATH=/home/mk/dev_ws/install/whisper_util/lib:/home/mk/dev_ws/install/whisper_idl/lib:/home/mk/dev_ws/install/whisper_cpp_vendor/lib:${LD_LIBRARY_PATH} PYTHONPATH=/home/mk/dev_ws/install/whisper_idl/local/lib/python3.10/dist-packages:${PYTHONPATH} /usr/bin/cmake --build /home/mk/dev_ws/build/whisper_server -- -j20 -l20
[8.929s] Invoking command in '/home/mk/dev_ws/build/whisper_server': AMENT_PREFIX_PATH=/home/mk/dev_ws/install/whisper_util:/home/mk/dev_ws/install/whisper_idl:/home/mk/dev_ws/install/whisper_cpp_vendor:${AMENT_PREFIX_PATH} CMAKE_PREFIX_PATH=/home/mk/dev_ws/install/whisper_util:/home/mk/dev_ws/install/whisper_idl:/home/mk/dev_ws/install/whisper_cpp_vendor:/opt/ros/humble LD_LIBRARY_PATH=/home/mk/dev_ws/install/whisper_util/lib:/home/mk/dev_ws/install/whisper_idl/lib:/home/mk/dev_ws/install/whisper_cpp_vendor/lib:${LD_LIBRARY_PATH} PYTHONPATH=/home/mk/dev_ws/install/whisper_idl/local/lib/python3.10/dist-packages:${PYTHONPATH} /usr/bin/cmake --install /home/mk/dev_ws/build/whisper_server
[8.935s] -- Install configuration: "Release"
[8.936s] -- Execute custom install script
[8.936s] -- Symlinking: /home/mk/dev_ws/install/whisper_server/lib/whisper_server/whisper
[8.944s] -- Symlinking: /home/mk/dev_ws/install/whisper_server/lib/libinference_component.so
[8.949s] -- Symlinking: /home/mk/dev_ws/install/whisper_server/share/whisper_server/config/whisper.yaml
[8.955s] -- Symlinking: /home/mk/dev_ws/install/whisper_server/share/ament_index/resource_index/package_run_dependencies/whisper_server
[8.963s] -- Symlinking: /home/mk/dev_ws/install/whisper_server/share/ament_index/resource_index/parent_prefix_path/whisper_server
[8.970s] -- Symlinking: /home/mk/dev_ws/install/whisper_server/share/whisper_server/environment/ament_prefix_path.sh
[8.978s] -- Symlinking: /home/mk/dev_ws/install/whisper_server/share/whisper_server/environment/ament_prefix_path.dsv
[8.985s] -- Symlinking: /home/mk/dev_ws/install/whisper_server/share/whisper_server/environment/path.sh
[8.992s] -- Symlinking: /home/mk/dev_ws/install/whisper_server/share/whisper_server/environment/path.dsv
[8.999s] -- Symlinking: /home/mk/dev_ws/install/whisper_server/share/whisper_server/local_setup.bash
[9.007s] -- Symlinking: /home/mk/dev_ws/install/whisper_server/share/whisper_server/local_setup.sh
[9.015s] -- Symlinking: /home/mk/dev_ws/install/whisper_server/share/whisper_server/local_setup.zsh
[9.021s] -- Symlinking: /home/mk/dev_ws/install/whisper_server/share/whisper_server/local_setup.dsv
[9.028s] -- Symlinking: /home/mk/dev_ws/install/whisper_server/share/whisper_server/package.dsv
[9.036s] -- Symlinking: /home/mk/dev_ws/install/whisper_server/share/ament_index/resource_index/packages/whisper_server
[9.044s] -- Symlinking: /home/mk/dev_ws/install/whisper_server/share/ament_index/resource_index/rclcpp_components/whisper_server
[9.051s] -- Symlinking: /home/mk/dev_ws/install/whisper_server/share/whisper_server/cmake/whisper_serverConfig.cmake
[9.059s] -- Symlinking: /home/mk/dev_ws/install/whisper_server/share/whisper_server/cmake/whisper_serverConfig-version.cmake
[9.067s] -- Symlinking: /home/mk/dev_ws/install/whisper_server/share/whisper_server/package.xml
[9.076s] Invoked command in '/home/mk/dev_ws/build/whisper_server' returned '0': AMENT_PREFIX_PATH=/home/mk/dev_ws/install/whisper_util:/home/mk/dev_ws/install/whisper_idl:/home/mk/dev_ws/install/whisper_cpp_vendor:${AMENT_PREFIX_PATH} CMAKE_PREFIX_PATH=/home/mk/dev_ws/install/whisper_util:/home/mk/dev_ws/install/whisper_idl:/home/mk/dev_ws/install/whisper_cpp_vendor:/opt/ros/humble LD_LIBRARY_PATH=/home/mk/dev_ws/install/whisper_util/lib:/home/mk/dev_ws/install/whisper_idl/lib:/home/mk/dev_ws/install/whisper_cpp_vendor/lib:${LD_LIBRARY_PATH} PYTHONPATH=/home/mk/dev_ws/install/whisper_idl/local/lib/python3.10/dist-packages:${PYTHONPATH} /usr/bin/cmake --install /home/mk/dev_ws/build/whisper_server
