[1.831s] Invoking command in '/home/mk/dev_ws/build/yolo_object_detector': PYTHONPATH=/home/mk/dev_ws/build/yolo_object_detector/prefix_override:/usr/lib/python3/dist-packages/colcon_core/task/python/colcon_distutils_commands:/home/mk/dev_ws/install/yolo_object_detector/lib/python3.10/site-packages:${PYTHONPATH} /usr/bin/python3 -W ignore:setup.py install is deprecated -W ignore:easy_install command is deprecated setup.py develop --editable --build-directory /home/mk/dev_ws/build/yolo_object_detector/build --no-deps symlink_data --force
[1.987s] running develop
[2.078s] running egg_info
[2.078s] writing yolo_object_detector.egg-info/PKG-INFO
[2.078s] writing dependency_links to yolo_object_detector.egg-info/dependency_links.txt
[2.078s] writing entry points to yolo_object_detector.egg-info/entry_points.txt
[2.078s] writing requirements to yolo_object_detector.egg-info/requires.txt
[2.078s] writing top-level names to yolo_object_detector.egg-info/top_level.txt
[2.079s] reading manifest file 'yolo_object_detector.egg-info/SOURCES.txt'
[2.080s] writing manifest file 'yolo_object_detector.egg-info/SOURCES.txt'
[2.109s] running build_ext
[2.109s] Creating /home/mk/dev_ws/install/yolo_object_detector/lib/python3.10/site-packages/yolo-object-detector.egg-link (link to .)
[2.109s] Installing yolo_homography_node script to /home/mk/dev_ws/install/yolo_object_detector/lib/yolo_object_detector
[2.110s] 
[2.110s] Installed /home/mk/dev_ws/build/yolo_object_detector
[2.110s] running symlink_data
[2.110s] symbolically linking /home/mk/dev_ws/build/yolo_object_detector/resource/yolo_object_detector -> /home/mk/dev_ws/install/yolo_object_detector/share/ament_index/resource_index/packages
[2.110s] symbolically linking /home/mk/dev_ws/build/yolo_object_detector/package.xml -> /home/mk/dev_ws/install/yolo_object_detector/share/yolo_object_detector
[2.110s] symbolically linking /home/mk/dev_ws/build/yolo_object_detector/launch/yolo_detection.launch.py -> /home/mk/dev_ws/install/yolo_object_detector/share/yolo_object_detector/launch
[2.191s] Invoked command in '/home/mk/dev_ws/build/yolo_object_detector' returned '0': PYTHONPATH=/home/mk/dev_ws/build/yolo_object_detector/prefix_override:/usr/lib/python3/dist-packages/colcon_core/task/python/colcon_distutils_commands:/home/mk/dev_ws/install/yolo_object_detector/lib/python3.10/site-packages:${PYTHONPATH} /usr/bin/python3 -W ignore:setup.py install is deprecated -W ignore:easy_install command is deprecated setup.py develop --editable --build-directory /home/mk/dev_ws/build/yolo_object_detector/build --no-deps symlink_data --force
