[0.226s] Invoking command in '/home/mk/dev_ws/build/whisper_idl': CMAKE_PREFIX_PATH=${CMAKE_PREFIX_PATH}:/home/mk/dev_ws/install/yolo_object_detector:/home/mk/dev_ws/install/move_to_coordinator:/home/mk/dev_ws/install/motion_sequence:/home/mk/dev_ws/install/whisper_demos:/home/mk/dev_ws/install/voice_command_listener:/home/mk/dev_ws/install/uf_ros_lib:/home/mk/dev_ws/install/rviz_servo_status_overlay:/home/mk/dev_ws/install/rviz_marker_static_scene_objects:/home/mk/dev_ws/install/robot_motion_handler_movegroup:/home/mk/dev_ws/install/gaze_control:/home/mk/dev_ws/install/collision_check:/home/mk/dev_ws/install/audio_listener:/opt/ros/humble /usr/bin/cmake --build /home/mk/dev_ws/build/whisper_idl -- -j16 -l16
[0.263s] [  2%] Built target whisper_idl__rs
[0.268s] [  6%] Built target ament_cmake_python_symlink_whisper_idl
[0.268s] [ 12%] Built target whisper_idl__rosidl_generator_c
[0.268s] [ 14%] Built target whisper_idl__cpp
[0.285s] [ 25%] Built target whisper_idl__rosidl_typesupport_c
[0.285s] [ 35%] Built target whisper_idl__rosidl_typesupport_introspection_c
[0.286s] [ 45%] Built target whisper_idl__rosidl_typesupport_fastrtps_c
[0.287s] [ 56%] Built target whisper_idl__rosidl_typesupport_fastrtps_cpp
[0.289s] [ 66%] Built target whisper_idl__rosidl_typesupport_introspection_cpp
[0.289s] [ 77%] Built target whisper_idl__rosidl_typesupport_cpp
[0.303s] [ 77%] Built target whisper_idl
[0.320s] [ 79%] Built target whisper_idl__py
[0.337s] [ 87%] Built target whisper_idl__rosidl_generator_py
[0.355s] [ 91%] Built target whisper_idl__rosidl_typesupport_fastrtps_c__pyext
[0.358s] [ 95%] Built target whisper_idl__rosidl_typesupport_introspection_c__pyext
[0.359s] [100%] Built target whisper_idl__rosidl_typesupport_c__pyext
[0.469s] running egg_info
[0.470s] writing whisper_idl.egg-info/PKG-INFO
[0.470s] writing dependency_links to whisper_idl.egg-info/dependency_links.txt
[0.470s] writing top-level names to whisper_idl.egg-info/top_level.txt
[0.471s] reading manifest file 'whisper_idl.egg-info/SOURCES.txt'
[0.472s] writing manifest file 'whisper_idl.egg-info/SOURCES.txt'
[0.491s] [100%] Built target ament_cmake_python_build_whisper_idl_egg
[0.501s] Invoked command in '/home/mk/dev_ws/build/whisper_idl' returned '0': CMAKE_PREFIX_PATH=${CMAKE_PREFIX_PATH}:/home/mk/dev_ws/install/yolo_object_detector:/home/mk/dev_ws/install/move_to_coordinator:/home/mk/dev_ws/install/motion_sequence:/home/mk/dev_ws/install/whisper_demos:/home/mk/dev_ws/install/voice_command_listener:/home/mk/dev_ws/install/uf_ros_lib:/home/mk/dev_ws/install/rviz_servo_status_overlay:/home/mk/dev_ws/install/rviz_marker_static_scene_objects:/home/mk/dev_ws/install/robot_motion_handler_movegroup:/home/mk/dev_ws/install/gaze_control:/home/mk/dev_ws/install/collision_check:/home/mk/dev_ws/install/audio_listener:/opt/ros/humble /usr/bin/cmake --build /home/mk/dev_ws/build/whisper_idl -- -j16 -l16
[0.502s] Invoking command in '/home/mk/dev_ws/build/whisper_idl': CMAKE_PREFIX_PATH=${CMAKE_PREFIX_PATH}:/home/mk/dev_ws/install/yolo_object_detector:/home/mk/dev_ws/install/move_to_coordinator:/home/mk/dev_ws/install/motion_sequence:/home/mk/dev_ws/install/whisper_demos:/home/mk/dev_ws/install/voice_command_listener:/home/mk/dev_ws/install/uf_ros_lib:/home/mk/dev_ws/install/rviz_servo_status_overlay:/home/mk/dev_ws/install/rviz_marker_static_scene_objects:/home/mk/dev_ws/install/robot_motion_handler_movegroup:/home/mk/dev_ws/install/gaze_control:/home/mk/dev_ws/install/collision_check:/home/mk/dev_ws/install/audio_listener:/opt/ros/humble /usr/bin/cmake --install /home/mk/dev_ws/build/whisper_idl
[0.506s] -- Install configuration: ""
[0.507s] -- Execute custom install script
[0.507s] -- Up-to-date symlink: /home/mk/dev_ws/install/whisper_idl/share/ament_index/resource_index/rosidl_interfaces/whisper_idl
[0.507s] -- Up-to-date symlink: /home/mk/dev_ws/install/whisper_idl/include/whisper_idl/whisper_idl/action/detail/inference__functions.h
[0.507s] -- Up-to-date symlink: /home/mk/dev_ws/install/whisper_idl/include/whisper_idl/whisper_idl/action/detail/inference__struct.h
[0.507s] -- Up-to-date symlink: /home/mk/dev_ws/install/whisper_idl/include/whisper_idl/whisper_idl/action/detail/inference__type_support.h
[0.507s] -- Up-to-date symlink: /home/mk/dev_ws/install/whisper_idl/include/whisper_idl/whisper_idl/action/inference.h
[0.507s] -- Up-to-date symlink: /home/mk/dev_ws/install/whisper_idl/include/whisper_idl/whisper_idl/msg/audio_transcript.h
[0.507s] -- Up-to-date symlink: /home/mk/dev_ws/install/whisper_idl/include/whisper_idl/whisper_idl/msg/detail/audio_transcript__functions.h
[0.507s] -- Up-to-date symlink: /home/mk/dev_ws/install/whisper_idl/include/whisper_idl/whisper_idl/msg/detail/audio_transcript__struct.h
[0.507s] -- Up-to-date symlink: /home/mk/dev_ws/install/whisper_idl/include/whisper_idl/whisper_idl/msg/detail/audio_transcript__type_support.h
[0.508s] -- Up-to-date symlink: /home/mk/dev_ws/install/whisper_idl/include/whisper_idl/whisper_idl/msg/detail/whisper_tokens__functions.h
[0.508s] -- Up-to-date symlink: /home/mk/dev_ws/install/whisper_idl/include/whisper_idl/whisper_idl/msg/detail/whisper_tokens__struct.h
[0.508s] -- Up-to-date symlink: /home/mk/dev_ws/install/whisper_idl/include/whisper_idl/whisper_idl/msg/detail/whisper_tokens__type_support.h
[0.508s] -- Up-to-date symlink: /home/mk/dev_ws/install/whisper_idl/include/whisper_idl/whisper_idl/msg/rosidl_generator_c__visibility_control.h
[0.508s] -- Up-to-date symlink: /home/mk/dev_ws/install/whisper_idl/include/whisper_idl/whisper_idl/msg/whisper_tokens.h
[0.508s] -- Up-to-date symlink: /home/mk/dev_ws/install/whisper_idl/share/whisper_idl/environment/library_path.sh
[0.508s] -- Up-to-date symlink: /home/mk/dev_ws/install/whisper_idl/share/whisper_idl/environment/library_path.dsv
[0.508s] -- Up-to-date symlink: /home/mk/dev_ws/install/whisper_idl/include/whisper_idl/whisper_idl/action/detail/inference__rosidl_typesupport_fastrtps_c.h
[0.508s] -- Up-to-date symlink: /home/mk/dev_ws/install/whisper_idl/include/whisper_idl/whisper_idl/msg/detail/audio_transcript__rosidl_typesupport_fastrtps_c.h
[0.508s] -- Up-to-date symlink: /home/mk/dev_ws/install/whisper_idl/include/whisper_idl/whisper_idl/msg/detail/whisper_tokens__rosidl_typesupport_fastrtps_c.h
[0.508s] -- Up-to-date symlink: /home/mk/dev_ws/install/whisper_idl/include/whisper_idl/whisper_idl/msg/rosidl_typesupport_fastrtps_c__visibility_control.h
[0.508s] -- Up-to-date symlink: /home/mk/dev_ws/install/whisper_idl/include/whisper_idl/whisper_idl/action/detail/inference__builder.hpp
[0.508s] -- Up-to-date symlink: /home/mk/dev_ws/install/whisper_idl/include/whisper_idl/whisper_idl/action/detail/inference__struct.hpp
[0.508s] -- Up-to-date symlink: /home/mk/dev_ws/install/whisper_idl/include/whisper_idl/whisper_idl/action/detail/inference__traits.hpp
[0.508s] -- Up-to-date symlink: /home/mk/dev_ws/install/whisper_idl/include/whisper_idl/whisper_idl/action/detail/inference__type_support.hpp
[0.508s] -- Up-to-date symlink: /home/mk/dev_ws/install/whisper_idl/include/whisper_idl/whisper_idl/action/inference.hpp
[0.509s] -- Up-to-date symlink: /home/mk/dev_ws/install/whisper_idl/include/whisper_idl/whisper_idl/msg/audio_transcript.hpp
[0.509s] -- Up-to-date symlink: /home/mk/dev_ws/install/whisper_idl/include/whisper_idl/whisper_idl/msg/detail/audio_transcript__builder.hpp
[0.509s] -- Up-to-date symlink: /home/mk/dev_ws/install/whisper_idl/include/whisper_idl/whisper_idl/msg/detail/audio_transcript__struct.hpp
[0.509s] -- Up-to-date symlink: /home/mk/dev_ws/install/whisper_idl/include/whisper_idl/whisper_idl/msg/detail/audio_transcript__traits.hpp
[0.509s] -- Up-to-date symlink: /home/mk/dev_ws/install/whisper_idl/include/whisper_idl/whisper_idl/msg/detail/audio_transcript__type_support.hpp
[0.509s] -- Up-to-date symlink: /home/mk/dev_ws/install/whisper_idl/include/whisper_idl/whisper_idl/msg/detail/whisper_tokens__builder.hpp
[0.509s] -- Up-to-date symlink: /home/mk/dev_ws/install/whisper_idl/include/whisper_idl/whisper_idl/msg/detail/whisper_tokens__struct.hpp
[0.509s] -- Up-to-date symlink: /home/mk/dev_ws/install/whisper_idl/include/whisper_idl/whisper_idl/msg/detail/whisper_tokens__traits.hpp
[0.509s] -- Up-to-date symlink: /home/mk/dev_ws/install/whisper_idl/include/whisper_idl/whisper_idl/msg/detail/whisper_tokens__type_support.hpp
[0.509s] -- Up-to-date symlink: /home/mk/dev_ws/install/whisper_idl/include/whisper_idl/whisper_idl/msg/rosidl_generator_cpp__visibility_control.hpp
[0.509s] -- Up-to-date symlink: /home/mk/dev_ws/install/whisper_idl/include/whisper_idl/whisper_idl/msg/whisper_tokens.hpp
[0.509s] -- Up-to-date symlink: /home/mk/dev_ws/install/whisper_idl/include/whisper_idl/whisper_idl/action/detail/inference__rosidl_typesupport_fastrtps_cpp.hpp
[0.512s] -- Up-to-date symlink: /home/mk/dev_ws/install/whisper_idl/include/whisper_idl/whisper_idl/msg/detail/audio_transcript__rosidl_typesupport_fastrtps_cpp.hpp
[0.512s] -- Up-to-date symlink: /home/mk/dev_ws/install/whisper_idl/include/whisper_idl/whisper_idl/msg/detail/whisper_tokens__rosidl_typesupport_fastrtps_cpp.hpp
[0.512s] -- Up-to-date symlink: /home/mk/dev_ws/install/whisper_idl/include/whisper_idl/whisper_idl/msg/rosidl_typesupport_fastrtps_cpp__visibility_control.h
[0.512s] -- Up-to-date symlink: /home/mk/dev_ws/install/whisper_idl/include/whisper_idl/whisper_idl/action/detail/inference__rosidl_typesupport_introspection_c.h
[0.512s] -- Up-to-date symlink: /home/mk/dev_ws/install/whisper_idl/include/whisper_idl/whisper_idl/msg/detail/audio_transcript__rosidl_typesupport_introspection_c.h
[0.512s] -- Up-to-date symlink: /home/mk/dev_ws/install/whisper_idl/include/whisper_idl/whisper_idl/msg/detail/whisper_tokens__rosidl_typesupport_introspection_c.h
[0.512s] -- Up-to-date symlink: /home/mk/dev_ws/install/whisper_idl/include/whisper_idl/whisper_idl/msg/rosidl_typesupport_introspection_c__visibility_control.h
[0.512s] -- Up-to-date symlink: /home/mk/dev_ws/install/whisper_idl/include/whisper_idl/whisper_idl/action/detail/inference__rosidl_typesupport_introspection_cpp.hpp
[0.512s] -- Up-to-date symlink: /home/mk/dev_ws/install/whisper_idl/include/whisper_idl/whisper_idl/msg/detail/audio_transcript__rosidl_typesupport_introspection_cpp.hpp
[0.512s] -- Up-to-date symlink: /home/mk/dev_ws/install/whisper_idl/include/whisper_idl/whisper_idl/msg/detail/whisper_tokens__rosidl_typesupport_introspection_cpp.hpp
[0.512s] -- Up-to-date symlink: /home/mk/dev_ws/install/whisper_idl/share/whisper_idl/environment/pythonpath.sh
[0.512s] -- Up-to-date symlink: /home/mk/dev_ws/install/whisper_idl/share/whisper_idl/environment/pythonpath.dsv
[0.512s] -- Up-to-date symlink: /home/mk/dev_ws/install/whisper_idl/local/lib/python3.10/dist-packages/whisper_idl-1.4.0-py3.10.egg-info/PKG-INFO
[0.512s] -- Up-to-date symlink: /home/mk/dev_ws/install/whisper_idl/local/lib/python3.10/dist-packages/whisper_idl-1.4.0-py3.10.egg-info/SOURCES.txt
[0.512s] -- Up-to-date symlink: /home/mk/dev_ws/install/whisper_idl/local/lib/python3.10/dist-packages/whisper_idl-1.4.0-py3.10.egg-info/dependency_links.txt
[0.512s] -- Up-to-date symlink: /home/mk/dev_ws/install/whisper_idl/local/lib/python3.10/dist-packages/whisper_idl-1.4.0-py3.10.egg-info/top_level.txt
[0.512s] -- Up-to-date symlink: /home/mk/dev_ws/install/whisper_idl/local/lib/python3.10/dist-packages/whisper_idl/__init__.py
[0.512s] -- Up-to-date symlink: /home/mk/dev_ws/install/whisper_idl/local/lib/python3.10/dist-packages/whisper_idl/_whisper_idl_s.ep.rosidl_typesupport_c.c
[0.512s] -- Up-to-date symlink: /home/mk/dev_ws/install/whisper_idl/local/lib/python3.10/dist-packages/whisper_idl/_whisper_idl_s.ep.rosidl_typesupport_fastrtps_c.c
[0.512s] -- Up-to-date symlink: /home/mk/dev_ws/install/whisper_idl/local/lib/python3.10/dist-packages/whisper_idl/_whisper_idl_s.ep.rosidl_typesupport_introspection_c.c
[0.512s] -- Up-to-date symlink: /home/mk/dev_ws/install/whisper_idl/local/lib/python3.10/dist-packages/whisper_idl/action/__init__.py
[0.512s] -- Up-to-date symlink: /home/mk/dev_ws/install/whisper_idl/local/lib/python3.10/dist-packages/whisper_idl/action/_inference.py
[0.513s] -- Up-to-date symlink: /home/mk/dev_ws/install/whisper_idl/local/lib/python3.10/dist-packages/whisper_idl/action/_inference_s.c
[0.513s] -- Up-to-date symlink: /home/mk/dev_ws/install/whisper_idl/local/lib/python3.10/dist-packages/whisper_idl/libwhisper_idl__rosidl_generator_py.so
[0.513s] -- Up-to-date symlink: /home/mk/dev_ws/install/whisper_idl/local/lib/python3.10/dist-packages/whisper_idl/msg/__init__.py
[0.513s] -- Up-to-date symlink: /home/mk/dev_ws/install/whisper_idl/local/lib/python3.10/dist-packages/whisper_idl/msg/_audio_transcript.py
[0.513s] -- Up-to-date symlink: /home/mk/dev_ws/install/whisper_idl/local/lib/python3.10/dist-packages/whisper_idl/msg/_audio_transcript_s.c
[0.513s] -- Up-to-date symlink: /home/mk/dev_ws/install/whisper_idl/local/lib/python3.10/dist-packages/whisper_idl/msg/_whisper_tokens.py
[0.513s] -- Up-to-date symlink: /home/mk/dev_ws/install/whisper_idl/local/lib/python3.10/dist-packages/whisper_idl/msg/_whisper_tokens_s.c
[0.513s] -- Up-to-date symlink: /home/mk/dev_ws/install/whisper_idl/local/lib/python3.10/dist-packages/whisper_idl/whisper_idl_s__rosidl_typesupport_c.cpython-310-x86_64-linux-gnu.so
[0.513s] -- Up-to-date symlink: /home/mk/dev_ws/install/whisper_idl/local/lib/python3.10/dist-packages/whisper_idl/whisper_idl_s__rosidl_typesupport_fastrtps_c.cpython-310-x86_64-linux-gnu.so
[0.513s] -- Up-to-date symlink: /home/mk/dev_ws/install/whisper_idl/local/lib/python3.10/dist-packages/whisper_idl/whisper_idl_s__rosidl_typesupport_introspection_c.cpython-310-x86_64-linux-gnu.so
[0.513s] -- Up-to-date symlink: /home/mk/dev_ws/install/whisper_idl/local/lib/python3.10/dist-packages/whisper_idl/whisper_idl_s__rosidl_typesupport_fastrtps_c.cpython-310-x86_64-linux-gnu.so
[0.513s] -- Up-to-date symlink: /home/mk/dev_ws/install/whisper_idl/local/lib/python3.10/dist-packages/whisper_idl/whisper_idl_s__rosidl_typesupport_introspection_c.cpython-310-x86_64-linux-gnu.so
[0.513s] -- Up-to-date symlink: /home/mk/dev_ws/install/whisper_idl/local/lib/python3.10/dist-packages/whisper_idl/whisper_idl_s__rosidl_typesupport_c.cpython-310-x86_64-linux-gnu.so
[0.513s] -- Up-to-date symlink: /home/mk/dev_ws/install/whisper_idl/share/ament_index/resource_index/rust_packages/whisper_idl
[0.513s] -- Up-to-date symlink: /home/mk/dev_ws/install/whisper_idl/share/whisper_idl/rust/Cargo.toml
[0.513s] -- Up-to-date symlink: /home/mk/dev_ws/install/whisper_idl/share/whisper_idl/rust/build.rs
[0.513s] -- Up-to-date symlink: /home/mk/dev_ws/install/whisper_idl/share/whisper_idl/rust/src/action.rs
[0.513s] -- Up-to-date symlink: /home/mk/dev_ws/install/whisper_idl/share/whisper_idl/rust/src/action/rmw.rs
[0.513s] -- Up-to-date symlink: /home/mk/dev_ws/install/whisper_idl/share/whisper_idl/rust/src/lib.rs
[0.513s] -- Up-to-date symlink: /home/mk/dev_ws/install/whisper_idl/share/whisper_idl/rust/src/msg.rs
[0.513s] -- Up-to-date symlink: /home/mk/dev_ws/install/whisper_idl/share/whisper_idl/rust/src/msg/rmw.rs
[0.513s] -- Up-to-date symlink: /home/mk/dev_ws/install/whisper_idl/share/whisper_idl/action/Inference.idl
[0.513s] -- Up-to-date symlink: /home/mk/dev_ws/install/whisper_idl/share/whisper_idl/msg/WhisperTokens.idl
[0.514s] -- Up-to-date symlink: /home/mk/dev_ws/install/whisper_idl/share/whisper_idl/msg/AudioTranscript.idl
[0.514s] -- Up-to-date symlink: /home/mk/dev_ws/install/whisper_idl/share/whisper_idl/action/Inference.action
[0.514s] -- Up-to-date symlink: /home/mk/dev_ws/install/whisper_idl/share/whisper_idl/msg/WhisperTokens.msg
[0.514s] -- Up-to-date symlink: /home/mk/dev_ws/install/whisper_idl/share/whisper_idl/msg/AudioTranscript.msg
[0.514s] -- Up-to-date symlink: /home/mk/dev_ws/install/whisper_idl/share/ament_index/resource_index/package_run_dependencies/whisper_idl
[0.514s] -- Up-to-date symlink: /home/mk/dev_ws/install/whisper_idl/share/ament_index/resource_index/parent_prefix_path/whisper_idl
[0.514s] -- Up-to-date symlink: /home/mk/dev_ws/install/whisper_idl/share/whisper_idl/environment/ament_prefix_path.sh
[0.514s] -- Up-to-date symlink: /home/mk/dev_ws/install/whisper_idl/share/whisper_idl/environment/ament_prefix_path.dsv
[0.514s] -- Up-to-date symlink: /home/mk/dev_ws/install/whisper_idl/share/whisper_idl/environment/path.sh
[0.514s] -- Up-to-date symlink: /home/mk/dev_ws/install/whisper_idl/share/whisper_idl/environment/path.dsv
[0.514s] -- Up-to-date symlink: /home/mk/dev_ws/install/whisper_idl/share/whisper_idl/local_setup.bash
[0.514s] -- Up-to-date symlink: /home/mk/dev_ws/install/whisper_idl/share/whisper_idl/local_setup.sh
[0.514s] -- Up-to-date symlink: /home/mk/dev_ws/install/whisper_idl/share/whisper_idl/local_setup.zsh
[0.514s] -- Up-to-date symlink: /home/mk/dev_ws/install/whisper_idl/share/whisper_idl/local_setup.dsv
[0.514s] -- Symlinking: /home/mk/dev_ws/install/whisper_idl/share/whisper_idl/package.dsv
[0.520s] -- Up-to-date symlink: /home/mk/dev_ws/install/whisper_idl/share/ament_index/resource_index/packages/whisper_idl
[0.520s] -- Up-to-date symlink: /home/mk/dev_ws/install/whisper_idl/share/whisper_idl/cmake/rosidl_cmake-extras.cmake
[0.520s] -- Up-to-date symlink: /home/mk/dev_ws/install/whisper_idl/share/whisper_idl/cmake/ament_cmake_export_dependencies-extras.cmake
[0.520s] -- Up-to-date symlink: /home/mk/dev_ws/install/whisper_idl/share/whisper_idl/cmake/ament_cmake_export_include_directories-extras.cmake
[0.520s] -- Up-to-date symlink: /home/mk/dev_ws/install/whisper_idl/share/whisper_idl/cmake/ament_cmake_export_libraries-extras.cmake
[0.520s] -- Up-to-date symlink: /home/mk/dev_ws/install/whisper_idl/share/whisper_idl/cmake/ament_cmake_export_targets-extras.cmake
[0.520s] -- Up-to-date symlink: /home/mk/dev_ws/install/whisper_idl/share/whisper_idl/cmake/rosidl_cmake_export_typesupport_targets-extras.cmake
[0.520s] -- Up-to-date symlink: /home/mk/dev_ws/install/whisper_idl/share/whisper_idl/cmake/rosidl_cmake_export_typesupport_libraries-extras.cmake
[0.520s] -- Up-to-date symlink: /home/mk/dev_ws/install/whisper_idl/share/whisper_idl/cmake/whisper_idlConfig.cmake
[0.520s] -- Up-to-date symlink: /home/mk/dev_ws/install/whisper_idl/share/whisper_idl/cmake/whisper_idlConfig-version.cmake
[0.520s] -- Up-to-date symlink: /home/mk/dev_ws/install/whisper_idl/share/whisper_idl/package.xml
[0.521s] -- Up-to-date: /home/mk/dev_ws/install/whisper_idl/lib/libwhisper_idl__rosidl_generator_c.so
[0.521s] -- Up-to-date: /home/mk/dev_ws/install/whisper_idl/lib/libwhisper_idl__rosidl_typesupport_fastrtps_c.so
[0.521s] -- Up-to-date: /home/mk/dev_ws/install/whisper_idl/lib/libwhisper_idl__rosidl_typesupport_fastrtps_cpp.so
[0.521s] -- Up-to-date: /home/mk/dev_ws/install/whisper_idl/lib/libwhisper_idl__rosidl_typesupport_introspection_c.so
[0.521s] -- Up-to-date: /home/mk/dev_ws/install/whisper_idl/lib/libwhisper_idl__rosidl_typesupport_c.so
[0.521s] -- Up-to-date: /home/mk/dev_ws/install/whisper_idl/lib/libwhisper_idl__rosidl_typesupport_introspection_cpp.so
[0.521s] -- Up-to-date: /home/mk/dev_ws/install/whisper_idl/lib/libwhisper_idl__rosidl_typesupport_cpp.so
[0.547s] Listing '/home/mk/dev_ws/install/whisper_idl/local/lib/python3.10/dist-packages/whisper_idl'...
[0.547s] Listing '/home/mk/dev_ws/install/whisper_idl/local/lib/python3.10/dist-packages/whisper_idl/action'...
[0.547s] Listing '/home/mk/dev_ws/install/whisper_idl/local/lib/python3.10/dist-packages/whisper_idl/msg'...
[0.550s] -- Up-to-date: /home/mk/dev_ws/install/whisper_idl/lib/libwhisper_idl__rosidl_generator_py.so
[0.550s] -- Up-to-date: /home/mk/dev_ws/install/whisper_idl/share/whisper_idl/cmake/export_whisper_idl__rosidl_generator_cExport.cmake
[0.550s] -- Up-to-date: /home/mk/dev_ws/install/whisper_idl/share/whisper_idl/cmake/export_whisper_idl__rosidl_generator_cExport-noconfig.cmake
[0.550s] -- Up-to-date: /home/mk/dev_ws/install/whisper_idl/share/whisper_idl/cmake/export_whisper_idl__rosidl_typesupport_fastrtps_cExport.cmake
[0.550s] -- Up-to-date: /home/mk/dev_ws/install/whisper_idl/share/whisper_idl/cmake/export_whisper_idl__rosidl_typesupport_fastrtps_cExport-noconfig.cmake
[0.550s] -- Up-to-date: /home/mk/dev_ws/install/whisper_idl/share/whisper_idl/cmake/export_whisper_idl__rosidl_generator_cppExport.cmake
[0.550s] -- Up-to-date: /home/mk/dev_ws/install/whisper_idl/share/whisper_idl/cmake/export_whisper_idl__rosidl_typesupport_fastrtps_cppExport.cmake
[0.550s] -- Up-to-date: /home/mk/dev_ws/install/whisper_idl/share/whisper_idl/cmake/export_whisper_idl__rosidl_typesupport_fastrtps_cppExport-noconfig.cmake
[0.550s] -- Up-to-date: /home/mk/dev_ws/install/whisper_idl/share/whisper_idl/cmake/whisper_idl__rosidl_typesupport_introspection_cExport.cmake
[0.551s] -- Up-to-date: /home/mk/dev_ws/install/whisper_idl/share/whisper_idl/cmake/whisper_idl__rosidl_typesupport_introspection_cExport-noconfig.cmake
[0.551s] -- Up-to-date: /home/mk/dev_ws/install/whisper_idl/share/whisper_idl/cmake/whisper_idl__rosidl_typesupport_cExport.cmake
[0.551s] -- Up-to-date: /home/mk/dev_ws/install/whisper_idl/share/whisper_idl/cmake/whisper_idl__rosidl_typesupport_cExport-noconfig.cmake
[0.551s] -- Up-to-date: /home/mk/dev_ws/install/whisper_idl/share/whisper_idl/cmake/whisper_idl__rosidl_typesupport_introspection_cppExport.cmake
[0.551s] -- Up-to-date: /home/mk/dev_ws/install/whisper_idl/share/whisper_idl/cmake/whisper_idl__rosidl_typesupport_introspection_cppExport-noconfig.cmake
[0.551s] -- Up-to-date: /home/mk/dev_ws/install/whisper_idl/share/whisper_idl/cmake/whisper_idl__rosidl_typesupport_cppExport.cmake
[0.551s] -- Up-to-date: /home/mk/dev_ws/install/whisper_idl/share/whisper_idl/cmake/whisper_idl__rosidl_typesupport_cppExport-noconfig.cmake
[0.551s] -- Up-to-date: /home/mk/dev_ws/install/whisper_idl/share/whisper_idl/cmake/export_whisper_idl__rosidl_generator_pyExport.cmake
[0.551s] -- Up-to-date: /home/mk/dev_ws/install/whisper_idl/share/whisper_idl/cmake/export_whisper_idl__rosidl_generator_pyExport-noconfig.cmake
[0.552s] Invoked command in '/home/mk/dev_ws/build/whisper_idl' returned '0': CMAKE_PREFIX_PATH=${CMAKE_PREFIX_PATH}:/home/mk/dev_ws/install/yolo_object_detector:/home/mk/dev_ws/install/move_to_coordinator:/home/mk/dev_ws/install/motion_sequence:/home/mk/dev_ws/install/whisper_demos:/home/mk/dev_ws/install/voice_command_listener:/home/mk/dev_ws/install/uf_ros_lib:/home/mk/dev_ws/install/rviz_servo_status_overlay:/home/mk/dev_ws/install/rviz_marker_static_scene_objects:/home/mk/dev_ws/install/robot_motion_handler_movegroup:/home/mk/dev_ws/install/gaze_control:/home/mk/dev_ws/install/collision_check:/home/mk/dev_ws/install/audio_listener:/opt/ros/humble /usr/bin/cmake --install /home/mk/dev_ws/build/whisper_idl
