-- Found ament_cmake: 1.3.14 (/opt/ros/humble/share/ament_cmake/cmake)
-- Override CMake install command with custom implementation using symlinks instead of copying resources
-- Configuring done
-- Generating done
-- Build files have been written to: /home/mk/dev_ws/build/whisper_bringup
-- Install configuration: ""
-- Execute custom install script
-- Up-to-date symlink: /home/mk/dev_ws/install/whisper_bringup/share/whisper_bringup/launch/bringup.launch.py
-- Up-to-date symlink: /home/mk/dev_ws/install/whisper_bringup/share/whisper_bringup/launch/replay.launch.py
-- Up-to-date symlink: /home/mk/dev_ws/install/whisper_bringup/share/ament_index/resource_index/package_run_dependencies/whisper_bringup
-- Up-to-date symlink: /home/mk/dev_ws/install/whisper_bringup/share/ament_index/resource_index/parent_prefix_path/whisper_bringup
-- Up-to-date symlink: /home/mk/dev_ws/install/whisper_bringup/share/whisper_bringup/environment/ament_prefix_path.sh
-- Up-to-date symlink: /home/mk/dev_ws/install/whisper_bringup/share/whisper_bringup/environment/ament_prefix_path.dsv
-- Up-to-date symlink: /home/mk/dev_ws/install/whisper_bringup/share/whisper_bringup/environment/path.sh
-- Up-to-date symlink: /home/mk/dev_ws/install/whisper_bringup/share/whisper_bringup/environment/path.dsv
-- Up-to-date symlink: /home/mk/dev_ws/install/whisper_bringup/share/whisper_bringup/local_setup.bash
-- Up-to-date symlink: /home/mk/dev_ws/install/whisper_bringup/share/whisper_bringup/local_setup.sh
-- Up-to-date symlink: /home/mk/dev_ws/install/whisper_bringup/share/whisper_bringup/local_setup.zsh
-- Up-to-date symlink: /home/mk/dev_ws/install/whisper_bringup/share/whisper_bringup/local_setup.dsv
-- Symlinking: /home/mk/dev_ws/install/whisper_bringup/share/whisper_bringup/package.dsv
-- Up-to-date symlink: /home/mk/dev_ws/install/whisper_bringup/share/ament_index/resource_index/packages/whisper_bringup
-- Up-to-date symlink: /home/mk/dev_ws/install/whisper_bringup/share/whisper_bringup/cmake/whisper_bringupConfig.cmake
-- Up-to-date symlink: /home/mk/dev_ws/install/whisper_bringup/share/whisper_bringup/cmake/whisper_bringupConfig-version.cmake
-- Up-to-date symlink: /home/mk/dev_ws/install/whisper_bringup/share/whisper_bringup/package.xml
