[0.180s] Invoking command in '/home/mk/dev_ws/build/zed_interfaces': CMAKE_PREFIX_PATH=/opt/ros/humble /usr/bin/cmake /home/mk/dev_ws/src/zed-ros2-interfaces -DAMENT_CMAKE_SYMLINK_INSTALL=1 -DCMAKE_INSTALL_PREFIX=/home/mk/dev_ws/install/zed_interfaces
[1.220s] -- The C compiler identification is GNU 11.4.0
[1.221s] -- The CXX compiler identification is GNU 11.4.0
[1.221s] -- Detecting C compiler ABI info
[1.221s] -- Detecting C compiler ABI info - done
[1.221s] -- Check for working C compiler: /usr/bin/cc - skipped
[1.221s] -- Detecting C compile features
[1.221s] -- Detecting C compile features - done
[1.221s] -- Detecting CXX compiler ABI info
[1.222s] -- Detecting CXX compiler ABI info - done
[1.222s] -- Check for working CXX compiler: /usr/bin/c++ - skipped
[1.222s] -- Detecting CXX compile features
[1.222s] -- Detecting CXX compile features - done
[1.223s] -- Found ament_cmake_auto: 1.3.14 (/opt/ros/humble/share/ament_cmake_auto/cmake)
[1.223s] -- Found Python3: /usr/bin/python3 (found version "3.10.12") found components: Interpreter 
[1.223s] -- Override CMake install command with custom implementation using symlinks instead of copying resources
[1.223s] -- Found rosidl_generator_c: 3.1.8 (/opt/ros/humble/share/rosidl_generator_c/cmake)
[1.223s] -- Found rosidl_adapter: 3.1.8 (/opt/ros/humble/share/rosidl_adapter/cmake)
[1.223s] -- Found rosidl_generator_cpp: 3.1.8 (/opt/ros/humble/share/rosidl_generator_cpp/cmake)
[1.223s] -- Using all available rosidl_typesupport_c: rosidl_typesupport_fastrtps_c;rosidl_typesupport_introspection_c
[1.223s] -- Using all available rosidl_typesupport_cpp: rosidl_typesupport_fastrtps_cpp;rosidl_typesupport_introspection_cpp
[1.223s] -- Found ament_lint_auto: 0.12.15 (/opt/ros/humble/share/ament_lint_auto/cmake)
[1.223s] -- Found ament_cmake_ros: 0.10.0 (/opt/ros/humble/share/ament_cmake_ros/cmake)
[1.223s] -- Using all available rosidl_typesupport_c: rosidl_typesupport_fastrtps_c;rosidl_typesupport_introspection_c
[1.226s] -- Using all available rosidl_typesupport_cpp: rosidl_typesupport_fastrtps_cpp;rosidl_typesupport_introspection_cpp
[1.235s] -- Found PythonInterp: /usr/bin/python3 (found suitable version "3.10.12", minimum required is "3.6") 
[1.237s] -- Found python_cmake_module: 0.10.0 (/opt/ros/humble/share/python_cmake_module/cmake)
[1.261s] -- Found PythonLibs: /usr/lib/x86_64-linux-gnu/libpython3.10.so (found suitable version "3.10.12", minimum required is "3.5") 
[1.261s] -- Using PYTHON_EXECUTABLE: /usr/bin/python3
[1.261s] -- Using PYTHON_INCLUDE_DIRS: /usr/include/python3.10
[1.261s] -- Using PYTHON_LIBRARIES: /usr/lib/x86_64-linux-gnu/libpython3.10.so
[1.276s] -- Found PythonExtra: .so  
[1.555s] -- Added test 'copyright' to check source files copyright and LICENSE
[1.562s] -- Added test 'lint_cmake' to check CMake code style
[1.566s] -- Added test 'xmllint' to check XML markup files
[1.577s] -- Configuring done
[1.782s] -- Generating done
[1.828s] -- Build files have been written to: /home/mk/dev_ws/build/zed_interfaces
[1.883s] Invoked command in '/home/mk/dev_ws/build/zed_interfaces' returned '0': CMAKE_PREFIX_PATH=/opt/ros/humble /usr/bin/cmake /home/mk/dev_ws/src/zed-ros2-interfaces -DAMENT_CMAKE_SYMLINK_INSTALL=1 -DCMAKE_INSTALL_PREFIX=/home/mk/dev_ws/install/zed_interfaces
[1.883s] Invoking command in '/home/mk/dev_ws/build/zed_interfaces': CMAKE_PREFIX_PATH=/opt/ros/humble /usr/bin/cmake --build /home/mk/dev_ws/build/zed_interfaces -- -j20 -l20
[1.960s] [  0%] [34m[1mGenerating C code for ROS interfaces[0m
[1.983s] [  0%] [34m[1mGenerating C++ code for ROS interfaces[0m
[1.990s] [  1%] [34m[1mGenerating Rust code for ROS interfaces[0m
[2.003s] [  1%] Built target ament_cmake_python_symlink_zed_interfaces
[2.788s] running egg_info
[2.789s] creating zed_interfaces.egg-info
[2.789s] writing zed_interfaces.egg-info/PKG-INFO
[2.792s] writing dependency_links to zed_interfaces.egg-info/dependency_links.txt
[2.792s] writing top-level names to zed_interfaces.egg-info/top_level.txt
[2.792s] writing manifest file 'zed_interfaces.egg-info/SOURCES.txt'
[2.796s] reading manifest file 'zed_interfaces.egg-info/SOURCES.txt'
[2.797s] writing manifest file 'zed_interfaces.egg-info/SOURCES.txt'
[2.898s] [  1%] Built target ament_cmake_python_build_zed_interfaces_egg
[4.251s] [  1%] Built target zed_interfaces__rs
[4.906s] [  1%] Built target zed_interfaces__cpp
[4.918s] [  2%] [34m[1mGenerating C++ type support for eProsima Fast-RTPS[0m
[4.919s] [  3%] [34m[1mGenerating C++ introspection for ROS interfaces[0m
[4.919s] [  4%] [34m[1mGenerating C++ type support dispatch for ROS interfaces[0m
[4.977s] [  7%] [32mBuilding C object CMakeFiles/zed_interfaces__rosidl_generator_c.dir/rosidl_generator_c/zed_interfaces/msg/detail/keypoint2_di__functions.c.o[0m
[4.977s] [  7%] [32mBuilding C object CMakeFiles/zed_interfaces__rosidl_generator_c.dir/rosidl_generator_c/zed_interfaces/msg/detail/objects_stamped__functions.c.o[0m
[4.977s] [  7%] [32mBuilding C object CMakeFiles/zed_interfaces__rosidl_generator_c.dir/rosidl_generator_c/zed_interfaces/msg/detail/bounding_box2_di__functions.c.o[0m
[4.977s] [  7%] [32mBuilding C object CMakeFiles/zed_interfaces__rosidl_generator_c.dir/rosidl_generator_c/zed_interfaces/msg/detail/object__functions.c.o[0m
[4.977s] [  7%] [32mBuilding C object CMakeFiles/zed_interfaces__rosidl_generator_c.dir/rosidl_generator_c/zed_interfaces/msg/detail/bounding_box2_df__functions.c.o[0m
[4.977s] [  8%] [32mBuilding C object CMakeFiles/zed_interfaces__rosidl_generator_c.dir/rosidl_generator_c/zed_interfaces/msg/detail/keypoint3_d__functions.c.o[0m
[4.978s] [  7%] [32mBuilding C object CMakeFiles/zed_interfaces__rosidl_generator_c.dir/rosidl_generator_c/zed_interfaces/msg/detail/keypoint2_df__functions.c.o[0m
[4.983s] [  9%] [32mBuilding C object CMakeFiles/zed_interfaces__rosidl_generator_c.dir/rosidl_generator_c/zed_interfaces/msg/detail/bounding_box3_d__functions.c.o[0m
[4.983s] [ 10%] [32mBuilding C object CMakeFiles/zed_interfaces__rosidl_generator_c.dir/rosidl_generator_c/zed_interfaces/msg/detail/skeleton3_d__functions.c.o[0m
[4.983s] [ 10%] [32mBuilding C object CMakeFiles/zed_interfaces__rosidl_generator_c.dir/rosidl_generator_c/zed_interfaces/msg/detail/depth_info_stamped__functions.c.o[0m
[4.984s] [ 11%] [32mBuilding C object CMakeFiles/zed_interfaces__rosidl_generator_c.dir/rosidl_generator_c/zed_interfaces/msg/detail/plane_stamped__functions.c.o[0m
[4.986s] [ 11%] [32mBuilding C object CMakeFiles/zed_interfaces__rosidl_generator_c.dir/rosidl_generator_c/zed_interfaces/msg/detail/skeleton2_d__functions.c.o[0m
[5.012s] [ 12%] [32mBuilding C object CMakeFiles/zed_interfaces__rosidl_generator_c.dir/rosidl_generator_c/zed_interfaces/msg/detail/pos_track_status__functions.c.o[0m
[5.013s] [ 13%] [32mBuilding C object CMakeFiles/zed_interfaces__rosidl_generator_c.dir/rosidl_generator_c/zed_interfaces/msg/detail/heartbeat__functions.c.o[0m
[5.014s] [ 12%] [32mBuilding C object CMakeFiles/zed_interfaces__rosidl_generator_c.dir/rosidl_generator_c/zed_interfaces/msg/detail/gnss_fusion_status__functions.c.o[0m
[5.016s] [ 13%] [32mBuilding C object CMakeFiles/zed_interfaces__rosidl_generator_c.dir/rosidl_generator_c/zed_interfaces/msg/detail/mag_heading_status__functions.c.o[0m
[5.018s] [ 14%] [32mBuilding C object CMakeFiles/zed_interfaces__rosidl_generator_c.dir/rosidl_generator_c/zed_interfaces/srv/detail/set_pose__functions.c.o[0m
[5.020s] [ 14%] [32mBuilding C object CMakeFiles/zed_interfaces__rosidl_generator_c.dir/rosidl_generator_c/zed_interfaces/srv/detail/start_svo_rec__functions.c.o[0m
[5.029s] [ 15%] [32mBuilding C object CMakeFiles/zed_interfaces__rosidl_generator_c.dir/rosidl_generator_c/zed_interfaces/srv/detail/set_roi__functions.c.o[0m
[5.075s] [ 16%] [32m[1mLinking C shared library libzed_interfaces__rosidl_generator_c.so[0m
[5.106s] [ 16%] Built target zed_interfaces__rosidl_generator_c
[5.113s] [ 17%] [34m[1mGenerating C type support for eProsima Fast-RTPS[0m
[5.114s] [ 19%] [34m[1mGenerating C type support dispatch for ROS interfaces[0m
[5.114s] [ 19%] [34m[1mGenerating C introspection for ROS interfaces[0m
[6.051s] [ 19%] [32mBuilding CXX object CMakeFiles/zed_interfaces__rosidl_typesupport_cpp.dir/rosidl_typesupport_cpp/zed_interfaces/msg/object__type_support.cpp.o[0m
[6.051s] [ 20%] [32mBuilding CXX object CMakeFiles/zed_interfaces__rosidl_typesupport_cpp.dir/rosidl_typesupport_cpp/zed_interfaces/msg/objects_stamped__type_support.cpp.o[0m
[6.051s] [ 20%] [32mBuilding CXX object CMakeFiles/zed_interfaces__rosidl_typesupport_cpp.dir/rosidl_typesupport_cpp/zed_interfaces/msg/keypoint3_d__type_support.cpp.o[0m
[6.054s] [ 21%] [32mBuilding CXX object CMakeFiles/zed_interfaces__rosidl_typesupport_cpp.dir/rosidl_typesupport_cpp/zed_interfaces/msg/keypoint2_df__type_support.cpp.o[0m
[6.055s] [ 21%] [32mBuilding CXX object CMakeFiles/zed_interfaces__rosidl_typesupport_cpp.dir/rosidl_typesupport_cpp/zed_interfaces/msg/keypoint2_di__type_support.cpp.o[0m
[6.056s] [ 22%] [32mBuilding CXX object CMakeFiles/zed_interfaces__rosidl_typesupport_cpp.dir/rosidl_typesupport_cpp/zed_interfaces/msg/bounding_box2_di__type_support.cpp.o[0m
[6.079s] [ 23%] [32mBuilding CXX object CMakeFiles/zed_interfaces__rosidl_typesupport_cpp.dir/rosidl_typesupport_cpp/zed_interfaces/msg/bounding_box2_df__type_support.cpp.o[0m
[6.082s] [ 23%] [32mBuilding CXX object CMakeFiles/zed_interfaces__rosidl_typesupport_cpp.dir/rosidl_typesupport_cpp/zed_interfaces/msg/bounding_box3_d__type_support.cpp.o[0m
[6.086s] [ 24%] [32mBuilding CXX object CMakeFiles/zed_interfaces__rosidl_typesupport_cpp.dir/rosidl_typesupport_cpp/zed_interfaces/msg/skeleton2_d__type_support.cpp.o[0m
[6.089s] [ 24%] [32mBuilding CXX object CMakeFiles/zed_interfaces__rosidl_typesupport_cpp.dir/rosidl_typesupport_cpp/zed_interfaces/msg/skeleton3_d__type_support.cpp.o[0m
[6.089s] [ 25%] [32mBuilding CXX object CMakeFiles/zed_interfaces__rosidl_typesupport_cpp.dir/rosidl_typesupport_cpp/zed_interfaces/msg/pos_track_status__type_support.cpp.o[0m
[6.090s] [ 26%] [32mBuilding CXX object CMakeFiles/zed_interfaces__rosidl_typesupport_cpp.dir/rosidl_typesupport_cpp/zed_interfaces/msg/depth_info_stamped__type_support.cpp.o[0m
[6.097s] [ 27%] [32mBuilding CXX object CMakeFiles/zed_interfaces__rosidl_typesupport_cpp.dir/rosidl_typesupport_cpp/zed_interfaces/msg/gnss_fusion_status__type_support.cpp.o[0m
[6.097s] [ 27%] [32mBuilding CXX object CMakeFiles/zed_interfaces__rosidl_typesupport_cpp.dir/rosidl_typesupport_cpp/zed_interfaces/msg/plane_stamped__type_support.cpp.o[0m
[6.097s] [ 27%] [32mBuilding CXX object CMakeFiles/zed_interfaces__rosidl_typesupport_cpp.dir/rosidl_typesupport_cpp/zed_interfaces/msg/heartbeat__type_support.cpp.o[0m
[6.321s] [ 28%] [32mBuilding CXX object CMakeFiles/zed_interfaces__rosidl_typesupport_cpp.dir/rosidl_typesupport_cpp/zed_interfaces/msg/mag_heading_status__type_support.cpp.o[0m
[6.396s] [ 28%] [32mBuilding CXX object CMakeFiles/zed_interfaces__rosidl_typesupport_cpp.dir/rosidl_typesupport_cpp/zed_interfaces/srv/set_pose__type_support.cpp.o[0m
[6.406s] [ 29%] [32mBuilding CXX object CMakeFiles/zed_interfaces__rosidl_typesupport_cpp.dir/rosidl_typesupport_cpp/zed_interfaces/srv/start_svo_rec__type_support.cpp.o[0m
[6.411s] [ 29%] [32mBuilding CXX object CMakeFiles/zed_interfaces__rosidl_typesupport_cpp.dir/rosidl_typesupport_cpp/zed_interfaces/srv/set_roi__type_support.cpp.o[0m
[6.512s] [ 29%] [32mBuilding CXX object CMakeFiles/zed_interfaces__rosidl_typesupport_introspection_cpp.dir/rosidl_typesupport_introspection_cpp/zed_interfaces/msg/detail/object__type_support.cpp.o[0m
[6.524s] [ 29%] [32mBuilding CXX object CMakeFiles/zed_interfaces__rosidl_typesupport_introspection_cpp.dir/rosidl_typesupport_introspection_cpp/zed_interfaces/msg/detail/keypoint3_d__type_support.cpp.o[0m
[6.524s] [ 30%] [32mBuilding CXX object CMakeFiles/zed_interfaces__rosidl_typesupport_introspection_cpp.dir/rosidl_typesupport_introspection_cpp/zed_interfaces/msg/detail/objects_stamped__type_support.cpp.o[0m
[6.524s] [ 31%] [32mBuilding CXX object CMakeFiles/zed_interfaces__rosidl_typesupport_introspection_cpp.dir/rosidl_typesupport_introspection_cpp/zed_interfaces/msg/detail/keypoint2_df__type_support.cpp.o[0m
[6.525s] [ 31%] [32mBuilding CXX object CMakeFiles/zed_interfaces__rosidl_typesupport_introspection_cpp.dir/rosidl_typesupport_introspection_cpp/zed_interfaces/msg/detail/keypoint2_di__type_support.cpp.o[0m
[6.535s] [ 32%] [32mBuilding CXX object CMakeFiles/zed_interfaces__rosidl_typesupport_introspection_cpp.dir/rosidl_typesupport_introspection_cpp/zed_interfaces/msg/detail/bounding_box2_di__type_support.cpp.o[0m
[6.535s] [ 33%] [32mBuilding CXX object CMakeFiles/zed_interfaces__rosidl_typesupport_introspection_cpp.dir/rosidl_typesupport_introspection_cpp/zed_interfaces/msg/detail/bounding_box2_df__type_support.cpp.o[0m
[6.542s] [ 33%] [32mBuilding CXX object CMakeFiles/zed_interfaces__rosidl_typesupport_introspection_cpp.dir/rosidl_typesupport_introspection_cpp/zed_interfaces/msg/detail/bounding_box3_d__type_support.cpp.o[0m
[6.546s] [ 34%] [32mBuilding CXX object CMakeFiles/zed_interfaces__rosidl_typesupport_introspection_cpp.dir/rosidl_typesupport_introspection_cpp/zed_interfaces/msg/detail/skeleton2_d__type_support.cpp.o[0m
[6.546s] [ 34%] [32mBuilding CXX object CMakeFiles/zed_interfaces__rosidl_typesupport_c.dir/rosidl_typesupport_c/zed_interfaces/msg/object__type_support.cpp.o[0m
[6.550s] [ 35%] [32mBuilding CXX object CMakeFiles/zed_interfaces__rosidl_typesupport_c.dir/rosidl_typesupport_c/zed_interfaces/msg/keypoint2_df__type_support.cpp.o[0m
[6.553s] [ 35%] [32mBuilding CXX object CMakeFiles/zed_interfaces__rosidl_typesupport_c.dir/rosidl_typesupport_c/zed_interfaces/msg/keypoint2_di__type_support.cpp.o[0m
[6.554s] [ 36%] [32mBuilding CXX object CMakeFiles/zed_interfaces__rosidl_typesupport_c.dir/rosidl_typesupport_c/zed_interfaces/msg/objects_stamped__type_support.cpp.o[0m
[6.584s] [ 36%] [32mBuilding CXX object CMakeFiles/zed_interfaces__rosidl_typesupport_c.dir/rosidl_typesupport_c/zed_interfaces/msg/keypoint3_d__type_support.cpp.o[0m
[6.596s] [ 36%] [32mBuilding CXX object CMakeFiles/zed_interfaces__rosidl_typesupport_c.dir/rosidl_typesupport_c/zed_interfaces/msg/bounding_box2_df__type_support.cpp.o[0m
[6.596s] [ 37%] [32mBuilding CXX object CMakeFiles/zed_interfaces__rosidl_typesupport_c.dir/rosidl_typesupport_c/zed_interfaces/msg/bounding_box2_di__type_support.cpp.o[0m
[6.612s] [ 38%] [32mBuilding CXX object CMakeFiles/zed_interfaces__rosidl_typesupport_introspection_cpp.dir/rosidl_typesupport_introspection_cpp/zed_interfaces/msg/detail/depth_info_stamped__type_support.cpp.o[0m
[6.615s] [ 38%] [32mBuilding CXX object CMakeFiles/zed_interfaces__rosidl_typesupport_introspection_cpp.dir/rosidl_typesupport_introspection_cpp/zed_interfaces/msg/detail/skeleton3_d__type_support.cpp.o[0m
[6.628s] [ 39%] [32mBuilding CXX object CMakeFiles/zed_interfaces__rosidl_typesupport_c.dir/rosidl_typesupport_c/zed_interfaces/msg/bounding_box3_d__type_support.cpp.o[0m
[6.648s] [ 40%] [32mBuilding CXX object CMakeFiles/zed_interfaces__rosidl_typesupport_c.dir/rosidl_typesupport_c/zed_interfaces/msg/skeleton2_d__type_support.cpp.o[0m
[6.651s] [ 40%] [32mBuilding CXX object CMakeFiles/zed_interfaces__rosidl_typesupport_c.dir/rosidl_typesupport_c/zed_interfaces/msg/skeleton3_d__type_support.cpp.o[0m
[6.658s] [ 41%] [32mBuilding CXX object CMakeFiles/zed_interfaces__rosidl_typesupport_c.dir/rosidl_typesupport_c/zed_interfaces/msg/depth_info_stamped__type_support.cpp.o[0m
[6.674s] [ 41%] [32mBuilding CXX object CMakeFiles/zed_interfaces__rosidl_typesupport_fastrtps_cpp.dir/rosidl_typesupport_fastrtps_cpp/zed_interfaces/msg/detail/dds_fastrtps/object__type_support.cpp.o[0m
[6.675s] [ 41%] [32mBuilding CXX object CMakeFiles/zed_interfaces__rosidl_typesupport_c.dir/rosidl_typesupport_c/zed_interfaces/msg/plane_stamped__type_support.cpp.o[0m
[6.677s] [ 42%] [32mBuilding CXX object CMakeFiles/zed_interfaces__rosidl_typesupport_fastrtps_cpp.dir/rosidl_typesupport_fastrtps_cpp/zed_interfaces/msg/detail/dds_fastrtps/objects_stamped__type_support.cpp.o[0m
[6.682s] [ 42%] [32mBuilding CXX object CMakeFiles/zed_interfaces__rosidl_typesupport_fastrtps_cpp.dir/rosidl_typesupport_fastrtps_cpp/zed_interfaces/msg/detail/dds_fastrtps/keypoint2_di__type_support.cpp.o[0m
[6.688s] [ 43%] [32mBuilding CXX object CMakeFiles/zed_interfaces__rosidl_typesupport_c.dir/rosidl_typesupport_c/zed_interfaces/msg/pos_track_status__type_support.cpp.o[0m
[6.716s] [ 44%] [32mBuilding CXX object CMakeFiles/zed_interfaces__rosidl_typesupport_fastrtps_cpp.dir/rosidl_typesupport_fastrtps_cpp/zed_interfaces/msg/detail/dds_fastrtps/keypoint2_df__type_support.cpp.o[0m
[6.729s] [ 44%] [32mBuilding CXX object CMakeFiles/zed_interfaces__rosidl_typesupport_c.dir/rosidl_typesupport_c/zed_interfaces/msg/gnss_fusion_status__type_support.cpp.o[0m
[6.731s] [ 44%] [32mBuilding CXX object CMakeFiles/zed_interfaces__rosidl_typesupport_fastrtps_cpp.dir/rosidl_typesupport_fastrtps_cpp/zed_interfaces/msg/detail/dds_fastrtps/keypoint3_d__type_support.cpp.o[0m
[6.743s] [ 45%] [32m[1mLinking CXX shared library libzed_interfaces__rosidl_typesupport_cpp.so[0m
[6.793s] [ 46%] [32mBuilding CXX object CMakeFiles/zed_interfaces__rosidl_typesupport_c.dir/rosidl_typesupport_c/zed_interfaces/msg/heartbeat__type_support.cpp.o[0m
[6.832s] [ 46%] Built target zed_interfaces__rosidl_typesupport_cpp
[6.856s] [ 47%] [32mBuilding CXX object CMakeFiles/zed_interfaces__rosidl_typesupport_c.dir/rosidl_typesupport_c/zed_interfaces/msg/mag_heading_status__type_support.cpp.o[0m
[6.856s] [ 47%] [32mBuilding CXX object CMakeFiles/zed_interfaces__rosidl_typesupport_introspection_cpp.dir/rosidl_typesupport_introspection_cpp/zed_interfaces/msg/detail/plane_stamped__type_support.cpp.o[0m
[6.909s] [ 47%] [32mBuilding CXX object CMakeFiles/zed_interfaces__rosidl_typesupport_c.dir/rosidl_typesupport_c/zed_interfaces/srv/set_pose__type_support.cpp.o[0m
[6.919s] [ 48%] [32mBuilding CXX object CMakeFiles/zed_interfaces__rosidl_typesupport_c.dir/rosidl_typesupport_c/zed_interfaces/srv/start_svo_rec__type_support.cpp.o[0m
[6.922s] [ 48%] [32mBuilding CXX object CMakeFiles/zed_interfaces__rosidl_typesupport_c.dir/rosidl_typesupport_c/zed_interfaces/srv/set_roi__type_support.cpp.o[0m
[6.939s] [ 49%] [32mBuilding CXX object CMakeFiles/zed_interfaces__rosidl_typesupport_introspection_cpp.dir/rosidl_typesupport_introspection_cpp/zed_interfaces/msg/detail/pos_track_status__type_support.cpp.o[0m
[6.959s] [ 50%] [32mBuilding CXX object CMakeFiles/zed_interfaces__rosidl_typesupport_fastrtps_cpp.dir/rosidl_typesupport_fastrtps_cpp/zed_interfaces/msg/detail/dds_fastrtps/bounding_box2_di__type_support.cpp.o[0m
[6.963s] [ 51%] [32mBuilding CXX object CMakeFiles/zed_interfaces__rosidl_typesupport_fastrtps_cpp.dir/rosidl_typesupport_fastrtps_cpp/zed_interfaces/msg/detail/dds_fastrtps/bounding_box2_df__type_support.cpp.o[0m
[6.967s] [ 52%] [32mBuilding CXX object CMakeFiles/zed_interfaces__rosidl_typesupport_introspection_cpp.dir/rosidl_typesupport_introspection_cpp/zed_interfaces/msg/detail/gnss_fusion_status__type_support.cpp.o[0m
[6.971s] [ 53%] [32m[1mLinking CXX shared library libzed_interfaces__rosidl_typesupport_c.so[0m
[6.988s] [ 53%] [32mBuilding CXX object CMakeFiles/zed_interfaces__rosidl_typesupport_introspection_cpp.dir/rosidl_typesupport_introspection_cpp/zed_interfaces/msg/detail/heartbeat__type_support.cpp.o[0m
[6.988s] [ 53%] [32mBuilding CXX object CMakeFiles/zed_interfaces__rosidl_typesupport_fastrtps_cpp.dir/rosidl_typesupport_fastrtps_cpp/zed_interfaces/msg/detail/dds_fastrtps/bounding_box3_d__type_support.cpp.o[0m
[7.016s] [ 54%] [32mBuilding CXX object CMakeFiles/zed_interfaces__rosidl_typesupport_introspection_cpp.dir/rosidl_typesupport_introspection_cpp/zed_interfaces/msg/detail/mag_heading_status__type_support.cpp.o[0m
[7.054s] [ 54%] Built target zed_interfaces__rosidl_typesupport_c
[7.060s] [ 55%] [32mBuilding CXX object CMakeFiles/zed_interfaces__rosidl_typesupport_fastrtps_cpp.dir/rosidl_typesupport_fastrtps_cpp/zed_interfaces/msg/detail/dds_fastrtps/skeleton2_d__type_support.cpp.o[0m
[7.067s] [ 56%] [32mBuilding CXX object CMakeFiles/zed_interfaces__rosidl_typesupport_fastrtps_cpp.dir/rosidl_typesupport_fastrtps_cpp/zed_interfaces/msg/detail/dds_fastrtps/depth_info_stamped__type_support.cpp.o[0m
[7.067s] [ 56%] [32mBuilding CXX object CMakeFiles/zed_interfaces__rosidl_typesupport_fastrtps_cpp.dir/rosidl_typesupport_fastrtps_cpp/zed_interfaces/msg/detail/dds_fastrtps/skeleton3_d__type_support.cpp.o[0m
[7.075s] [ 56%] [32mBuilding CXX object CMakeFiles/zed_interfaces__rosidl_typesupport_introspection_cpp.dir/rosidl_typesupport_introspection_cpp/zed_interfaces/srv/detail/set_pose__type_support.cpp.o[0m
[7.079s] [ 56%] [32mBuilding CXX object CMakeFiles/zed_interfaces__rosidl_typesupport_fastrtps_c.dir/rosidl_typesupport_fastrtps_c/zed_interfaces/msg/detail/object__type_support_c.cpp.o[0m
[7.087s] [ 56%] [32mBuilding CXX object CMakeFiles/zed_interfaces__rosidl_typesupport_fastrtps_cpp.dir/rosidl_typesupport_fastrtps_cpp/zed_interfaces/msg/detail/dds_fastrtps/plane_stamped__type_support.cpp.o[0m
[7.095s] [ 57%] [32mBuilding CXX object CMakeFiles/zed_interfaces__rosidl_typesupport_introspection_cpp.dir/rosidl_typesupport_introspection_cpp/zed_interfaces/srv/detail/start_svo_rec__type_support.cpp.o[0m
[7.104s] [ 58%] [32mBuilding CXX object CMakeFiles/zed_interfaces__rosidl_typesupport_fastrtps_cpp.dir/rosidl_typesupport_fastrtps_cpp/zed_interfaces/msg/detail/dds_fastrtps/pos_track_status__type_support.cpp.o[0m
[7.124s] [ 59%] [32mBuilding CXX object CMakeFiles/zed_interfaces__rosidl_typesupport_fastrtps_c.dir/rosidl_typesupport_fastrtps_c/zed_interfaces/msg/detail/objects_stamped__type_support_c.cpp.o[0m
[7.313s] [ 60%] [32mBuilding CXX object CMakeFiles/zed_interfaces__rosidl_typesupport_fastrtps_cpp.dir/rosidl_typesupport_fastrtps_cpp/zed_interfaces/msg/detail/dds_fastrtps/gnss_fusion_status__type_support.cpp.o[0m
[7.316s] [ 60%] [32mBuilding CXX object CMakeFiles/zed_interfaces__rosidl_typesupport_fastrtps_c.dir/rosidl_typesupport_fastrtps_c/zed_interfaces/msg/detail/keypoint2_di__type_support_c.cpp.o[0m
[7.333s] [ 60%] [32mBuilding C object CMakeFiles/zed_interfaces__rosidl_typesupport_introspection_c.dir/rosidl_typesupport_introspection_c/zed_interfaces/msg/detail/object__type_support.c.o[0m
[7.343s] [ 61%] [32mBuilding CXX object CMakeFiles/zed_interfaces__rosidl_typesupport_fastrtps_cpp.dir/rosidl_typesupport_fastrtps_cpp/zed_interfaces/msg/detail/dds_fastrtps/mag_heading_status__type_support.cpp.o[0m
[7.349s] [ 61%] [32mBuilding CXX object CMakeFiles/zed_interfaces__rosidl_typesupport_fastrtps_cpp.dir/rosidl_typesupport_fastrtps_cpp/zed_interfaces/msg/detail/dds_fastrtps/heartbeat__type_support.cpp.o[0m
[7.383s] [ 61%] [32mBuilding CXX object CMakeFiles/zed_interfaces__rosidl_typesupport_fastrtps_cpp.dir/rosidl_typesupport_fastrtps_cpp/zed_interfaces/srv/detail/dds_fastrtps/set_pose__type_support.cpp.o[0m
[7.387s] [ 62%] [32mBuilding C object CMakeFiles/zed_interfaces__rosidl_typesupport_introspection_c.dir/rosidl_typesupport_introspection_c/zed_interfaces/msg/detail/objects_stamped__type_support.c.o[0m
[7.401s] [ 62%] [32mBuilding CXX object CMakeFiles/zed_interfaces__rosidl_typesupport_introspection_cpp.dir/rosidl_typesupport_introspection_cpp/zed_interfaces/srv/detail/set_roi__type_support.cpp.o[0m
[7.412s] [ 63%] [32mBuilding CXX object CMakeFiles/zed_interfaces__rosidl_typesupport_fastrtps_cpp.dir/rosidl_typesupport_fastrtps_cpp/zed_interfaces/srv/detail/dds_fastrtps/start_svo_rec__type_support.cpp.o[0m
[7.436s] [ 63%] [32mBuilding CXX object CMakeFiles/zed_interfaces__rosidl_typesupport_fastrtps_cpp.dir/rosidl_typesupport_fastrtps_cpp/zed_interfaces/srv/detail/dds_fastrtps/set_roi__type_support.cpp.o[0m
[7.441s] [ 63%] [32mBuilding C object CMakeFiles/zed_interfaces__rosidl_typesupport_introspection_c.dir/rosidl_typesupport_introspection_c/zed_interfaces/msg/detail/keypoint2_di__type_support.c.o[0m
[7.462s] [ 64%] [32mBuilding CXX object CMakeFiles/zed_interfaces__rosidl_typesupport_fastrtps_c.dir/rosidl_typesupport_fastrtps_c/zed_interfaces/msg/detail/keypoint2_df__type_support_c.cpp.o[0m
[7.473s] [ 64%] [32mBuilding C object CMakeFiles/zed_interfaces__rosidl_typesupport_introspection_c.dir/rosidl_typesupport_introspection_c/zed_interfaces/msg/detail/keypoint3_d__type_support.c.o[0m
[7.473s] [ 65%] [32mBuilding C object CMakeFiles/zed_interfaces__rosidl_typesupport_introspection_c.dir/rosidl_typesupport_introspection_c/zed_interfaces/msg/detail/keypoint2_df__type_support.c.o[0m
[7.484s] [ 66%] [32mBuilding C object CMakeFiles/zed_interfaces__rosidl_typesupport_introspection_c.dir/rosidl_typesupport_introspection_c/zed_interfaces/msg/detail/bounding_box2_di__type_support.c.o[0m
[7.493s] [ 66%] [32mBuilding CXX object CMakeFiles/zed_interfaces__rosidl_typesupport_fastrtps_c.dir/rosidl_typesupport_fastrtps_c/zed_interfaces/msg/detail/keypoint3_d__type_support_c.cpp.o[0m
[7.506s] [ 66%] [32mBuilding C object CMakeFiles/zed_interfaces__rosidl_typesupport_introspection_c.dir/rosidl_typesupport_introspection_c/zed_interfaces/msg/detail/bounding_box2_df__type_support.c.o[0m
[7.513s] [ 67%] [32mBuilding CXX object CMakeFiles/zed_interfaces__rosidl_typesupport_fastrtps_c.dir/rosidl_typesupport_fastrtps_c/zed_interfaces/msg/detail/bounding_box2_di__type_support_c.cpp.o[0m
[7.516s] [ 68%] [32mBuilding C object CMakeFiles/zed_interfaces__rosidl_typesupport_introspection_c.dir/rosidl_typesupport_introspection_c/zed_interfaces/msg/detail/bounding_box3_d__type_support.c.o[0m
[7.533s] [ 69%] [32mBuilding C object CMakeFiles/zed_interfaces__rosidl_typesupport_introspection_c.dir/rosidl_typesupport_introspection_c/zed_interfaces/msg/detail/skeleton2_d__type_support.c.o[0m
[7.536s] [ 69%] [32mBuilding C object CMakeFiles/zed_interfaces__rosidl_typesupport_introspection_c.dir/rosidl_typesupport_introspection_c/zed_interfaces/msg/detail/skeleton3_d__type_support.c.o[0m
[7.544s] [ 70%] [32mBuilding C object CMakeFiles/zed_interfaces__rosidl_typesupport_introspection_c.dir/rosidl_typesupport_introspection_c/zed_interfaces/msg/detail/depth_info_stamped__type_support.c.o[0m
[7.552s] [ 70%] [32mBuilding CXX object CMakeFiles/zed_interfaces__rosidl_typesupport_fastrtps_c.dir/rosidl_typesupport_fastrtps_c/zed_interfaces/msg/detail/bounding_box2_df__type_support_c.cpp.o[0m
[7.553s] [ 70%] [32mBuilding C object CMakeFiles/zed_interfaces__rosidl_typesupport_introspection_c.dir/rosidl_typesupport_introspection_c/zed_interfaces/msg/detail/plane_stamped__type_support.c.o[0m
[7.566s] [ 71%] [32mBuilding C object CMakeFiles/zed_interfaces__rosidl_typesupport_introspection_c.dir/rosidl_typesupport_introspection_c/zed_interfaces/msg/detail/pos_track_status__type_support.c.o[0m
[7.577s] [ 72%] [32mBuilding CXX object CMakeFiles/zed_interfaces__rosidl_typesupport_fastrtps_c.dir/rosidl_typesupport_fastrtps_c/zed_interfaces/msg/detail/bounding_box3_d__type_support_c.cpp.o[0m
[7.582s] [ 72%] [32mBuilding C object CMakeFiles/zed_interfaces__rosidl_typesupport_introspection_c.dir/rosidl_typesupport_introspection_c/zed_interfaces/msg/detail/gnss_fusion_status__type_support.c.o[0m
[7.585s] [ 73%] [32mBuilding CXX object CMakeFiles/zed_interfaces__rosidl_typesupport_fastrtps_c.dir/rosidl_typesupport_fastrtps_c/zed_interfaces/msg/detail/skeleton2_d__type_support_c.cpp.o[0m
[7.590s] [ 73%] [32mBuilding CXX object CMakeFiles/zed_interfaces__rosidl_typesupport_fastrtps_c.dir/rosidl_typesupport_fastrtps_c/zed_interfaces/msg/detail/skeleton3_d__type_support_c.cpp.o[0m
[7.598s] [ 74%] [32mBuilding C object CMakeFiles/zed_interfaces__rosidl_typesupport_introspection_c.dir/rosidl_typesupport_introspection_c/zed_interfaces/msg/detail/heartbeat__type_support.c.o[0m
[7.623s] [ 75%] [32mBuilding C object CMakeFiles/zed_interfaces__rosidl_typesupport_introspection_c.dir/rosidl_typesupport_introspection_c/zed_interfaces/msg/detail/mag_heading_status__type_support.c.o[0m
[7.628s] [ 75%] [32mBuilding C object CMakeFiles/zed_interfaces__rosidl_typesupport_introspection_c.dir/rosidl_typesupport_introspection_c/zed_interfaces/srv/detail/set_pose__type_support.c.o[0m
[7.638s] [ 76%] [32mBuilding CXX object CMakeFiles/zed_interfaces__rosidl_typesupport_fastrtps_c.dir/rosidl_typesupport_fastrtps_c/zed_interfaces/msg/detail/depth_info_stamped__type_support_c.cpp.o[0m
[7.663s] [ 76%] [32mBuilding CXX object CMakeFiles/zed_interfaces__rosidl_typesupport_fastrtps_c.dir/rosidl_typesupport_fastrtps_c/zed_interfaces/msg/detail/plane_stamped__type_support_c.cpp.o[0m
[7.667s] [ 77%] [32mBuilding C object CMakeFiles/zed_interfaces__rosidl_typesupport_introspection_c.dir/rosidl_typesupport_introspection_c/zed_interfaces/srv/detail/start_svo_rec__type_support.c.o[0m
[7.684s] [ 77%] [32mBuilding C object CMakeFiles/zed_interfaces__rosidl_typesupport_introspection_c.dir/rosidl_typesupport_introspection_c/zed_interfaces/srv/detail/set_roi__type_support.c.o[0m
[7.697s] [ 78%] [32mBuilding CXX object CMakeFiles/zed_interfaces__rosidl_typesupport_fastrtps_c.dir/rosidl_typesupport_fastrtps_c/zed_interfaces/msg/detail/pos_track_status__type_support_c.cpp.o[0m
[7.698s] [ 78%] [32mBuilding CXX object CMakeFiles/zed_interfaces__rosidl_typesupport_fastrtps_c.dir/rosidl_typesupport_fastrtps_c/zed_interfaces/msg/detail/gnss_fusion_status__type_support_c.cpp.o[0m
[7.733s] [ 79%] [32mBuilding CXX object CMakeFiles/zed_interfaces__rosidl_typesupport_fastrtps_c.dir/rosidl_typesupport_fastrtps_c/zed_interfaces/msg/detail/mag_heading_status__type_support_c.cpp.o[0m
[7.738s] [ 80%] [32mBuilding CXX object CMakeFiles/zed_interfaces__rosidl_typesupport_fastrtps_c.dir/rosidl_typesupport_fastrtps_c/zed_interfaces/msg/detail/heartbeat__type_support_c.cpp.o[0m
[7.748s] [ 81%] [32m[1mLinking C shared library libzed_interfaces__rosidl_typesupport_introspection_c.so[0m
[7.758s] [ 81%] [32mBuilding CXX object CMakeFiles/zed_interfaces__rosidl_typesupport_fastrtps_c.dir/rosidl_typesupport_fastrtps_c/zed_interfaces/srv/detail/set_pose__type_support_c.cpp.o[0m
[7.796s] [ 82%] [32mBuilding CXX object CMakeFiles/zed_interfaces__rosidl_typesupport_fastrtps_c.dir/rosidl_typesupport_fastrtps_c/zed_interfaces/srv/detail/start_svo_rec__type_support_c.cpp.o[0m
[7.812s] [ 82%] Built target zed_interfaces__rosidl_typesupport_introspection_c
[7.815s] [ 82%] [32mBuilding CXX object CMakeFiles/zed_interfaces__rosidl_typesupport_fastrtps_c.dir/rosidl_typesupport_fastrtps_c/zed_interfaces/srv/detail/set_roi__type_support_c.cpp.o[0m
[7.857s] [ 83%] [32m[1mLinking CXX shared library libzed_interfaces__rosidl_typesupport_fastrtps_cpp.so[0m
[7.880s] [ 84%] [32m[1mLinking CXX shared library libzed_interfaces__rosidl_typesupport_introspection_cpp.so[0m
[7.941s] [ 84%] Built target zed_interfaces__rosidl_typesupport_fastrtps_cpp
[7.978s] [ 84%] Built target zed_interfaces__rosidl_typesupport_introspection_cpp
[8.105s] [ 85%] [32m[1mLinking CXX shared library libzed_interfaces__rosidl_typesupport_fastrtps_c.so[0m
[8.164s] [ 85%] Built target zed_interfaces__rosidl_typesupport_fastrtps_c
[8.179s] [ 85%] Built target zed_interfaces
[8.196s] [ 86%] [34m[1mGenerating Python code for ROS interfaces[0m
[10.156s] [ 86%] Built target zed_interfaces__py
[10.170s] [ 87%] [32mBuilding C object CMakeFiles/zed_interfaces__rosidl_generator_py.dir/rosidl_generator_py/zed_interfaces/msg/_keypoint2_df_s.c.o[0m
[10.170s] [ 88%] [32mBuilding C object CMakeFiles/zed_interfaces__rosidl_generator_py.dir/rosidl_generator_py/zed_interfaces/msg/_keypoint2_di_s.c.o[0m
[10.170s] [ 88%] [32mBuilding C object CMakeFiles/zed_interfaces__rosidl_generator_py.dir/rosidl_generator_py/zed_interfaces/msg/_keypoint3_d_s.c.o[0m
[10.171s] [ 88%] [32mBuilding C object CMakeFiles/zed_interfaces__rosidl_generator_py.dir/rosidl_generator_py/zed_interfaces/msg/_objects_stamped_s.c.o[0m
[10.171s] [ 89%] [32mBuilding C object CMakeFiles/zed_interfaces__rosidl_generator_py.dir/rosidl_generator_py/zed_interfaces/msg/_bounding_box2_di_s.c.o[0m
[10.171s] [ 90%] [32mBuilding C object CMakeFiles/zed_interfaces__rosidl_generator_py.dir/rosidl_generator_py/zed_interfaces/msg/_bounding_box2_df_s.c.o[0m
[10.171s] [ 90%] [32mBuilding C object CMakeFiles/zed_interfaces__rosidl_generator_py.dir/rosidl_generator_py/zed_interfaces/msg/_object_s.c.o[0m
[10.171s] [ 91%] [32mBuilding C object CMakeFiles/zed_interfaces__rosidl_generator_py.dir/rosidl_generator_py/zed_interfaces/msg/_depth_info_stamped_s.c.o[0m
[10.171s] [ 92%] [32mBuilding C object CMakeFiles/zed_interfaces__rosidl_generator_py.dir/rosidl_generator_py/zed_interfaces/msg/_skeleton2_d_s.c.o[0m
[10.175s] [ 92%] [32mBuilding C object CMakeFiles/zed_interfaces__rosidl_generator_py.dir/rosidl_generator_py/zed_interfaces/msg/_bounding_box3_d_s.c.o[0m
[10.175s] [ 92%] [32mBuilding C object CMakeFiles/zed_interfaces__rosidl_generator_py.dir/rosidl_generator_py/zed_interfaces/msg/_skeleton3_d_s.c.o[0m
[10.175s] [ 92%] [32mBuilding C object CMakeFiles/zed_interfaces__rosidl_generator_py.dir/rosidl_generator_py/zed_interfaces/msg/_plane_stamped_s.c.o[0m
[10.176s] [ 93%] [32mBuilding C object CMakeFiles/zed_interfaces__rosidl_generator_py.dir/rosidl_generator_py/zed_interfaces/msg/_pos_track_status_s.c.o[0m
[10.183s] [ 94%] [32mBuilding C object CMakeFiles/zed_interfaces__rosidl_generator_py.dir/rosidl_generator_py/zed_interfaces/msg/_gnss_fusion_status_s.c.o[0m
[10.204s] [ 95%] [32mBuilding C object CMakeFiles/zed_interfaces__rosidl_generator_py.dir/rosidl_generator_py/zed_interfaces/msg/_mag_heading_status_s.c.o[0m
[10.214s] [ 95%] [32mBuilding C object CMakeFiles/zed_interfaces__rosidl_generator_py.dir/rosidl_generator_py/zed_interfaces/msg/_heartbeat_s.c.o[0m
[10.217s] [ 96%] [32mBuilding C object CMakeFiles/zed_interfaces__rosidl_generator_py.dir/rosidl_generator_py/zed_interfaces/srv/_start_svo_rec_s.c.o[0m
[10.220s] [ 96%] [32mBuilding C object CMakeFiles/zed_interfaces__rosidl_generator_py.dir/rosidl_generator_py/zed_interfaces/srv/_set_pose_s.c.o[0m
[10.226s] [ 96%] [32mBuilding C object CMakeFiles/zed_interfaces__rosidl_generator_py.dir/rosidl_generator_py/zed_interfaces/srv/_set_roi_s.c.o[0m
[10.370s] [ 97%] [32m[1mLinking C shared library rosidl_generator_py/zed_interfaces/libzed_interfaces__rosidl_generator_py.so[0m
[10.410s] [ 97%] Built target zed_interfaces__rosidl_generator_py
[10.422s] [ 97%] [32mBuilding C object CMakeFiles/zed_interfaces__rosidl_typesupport_c__pyext.dir/rosidl_generator_py/zed_interfaces/_zed_interfaces_s.ep.rosidl_typesupport_c.c.o[0m
[10.425s] [ 97%] [32mBuilding C object CMakeFiles/zed_interfaces__rosidl_typesupport_introspection_c__pyext.dir/rosidl_generator_py/zed_interfaces/_zed_interfaces_s.ep.rosidl_typesupport_introspection_c.c.o[0m
[10.427s] [ 97%] [32mBuilding C object CMakeFiles/zed_interfaces__rosidl_typesupport_fastrtps_c__pyext.dir/rosidl_generator_py/zed_interfaces/_zed_interfaces_s.ep.rosidl_typesupport_fastrtps_c.c.o[0m
[10.559s] [ 98%] [32m[1mLinking C shared library rosidl_generator_py/zed_interfaces/zed_interfaces_s__rosidl_typesupport_c.cpython-310-x86_64-linux-gnu.so[0m
[10.579s] [ 99%] [32m[1mLinking C shared library rosidl_generator_py/zed_interfaces/zed_interfaces_s__rosidl_typesupport_fastrtps_c.cpython-310-x86_64-linux-gnu.so[0m
[10.591s] [100%] [32m[1mLinking C shared library rosidl_generator_py/zed_interfaces/zed_interfaces_s__rosidl_typesupport_introspection_c.cpython-310-x86_64-linux-gnu.so[0m
[10.596s] [100%] Built target zed_interfaces__rosidl_typesupport_c__pyext
[10.641s] [100%] Built target zed_interfaces__rosidl_typesupport_fastrtps_c__pyext
[10.664s] [100%] Built target zed_interfaces__rosidl_typesupport_introspection_c__pyext
[10.689s] Invoked command in '/home/mk/dev_ws/build/zed_interfaces' returned '0': CMAKE_PREFIX_PATH=/opt/ros/humble /usr/bin/cmake --build /home/mk/dev_ws/build/zed_interfaces -- -j20 -l20
[10.690s] Invoking command in '/home/mk/dev_ws/build/zed_interfaces': CMAKE_PREFIX_PATH=/opt/ros/humble /usr/bin/cmake --install /home/mk/dev_ws/build/zed_interfaces
[10.704s] -- Install configuration: ""
[10.707s] -- Execute custom install script
[10.707s] -- Symlinking: /home/mk/dev_ws/install/zed_interfaces/share/ament_index/resource_index/rosidl_interfaces/zed_interfaces
[10.728s] -- Symlinking: /home/mk/dev_ws/install/zed_interfaces/include/zed_interfaces/zed_interfaces/msg/bounding_box2_df.h
[10.744s] -- Symlinking: /home/mk/dev_ws/install/zed_interfaces/include/zed_interfaces/zed_interfaces/msg/bounding_box2_di.h
[10.758s] -- Symlinking: /home/mk/dev_ws/install/zed_interfaces/include/zed_interfaces/zed_interfaces/msg/bounding_box3_d.h
[10.769s] -- Symlinking: /home/mk/dev_ws/install/zed_interfaces/include/zed_interfaces/zed_interfaces/msg/depth_info_stamped.h
[10.789s] -- Symlinking: /home/mk/dev_ws/install/zed_interfaces/include/zed_interfaces/zed_interfaces/msg/detail/bounding_box2_df__functions.h
[10.811s] -- Symlinking: /home/mk/dev_ws/install/zed_interfaces/include/zed_interfaces/zed_interfaces/msg/detail/bounding_box2_df__struct.h
[10.827s] -- Symlinking: /home/mk/dev_ws/install/zed_interfaces/include/zed_interfaces/zed_interfaces/msg/detail/bounding_box2_df__type_support.h
[10.841s] -- Symlinking: /home/mk/dev_ws/install/zed_interfaces/include/zed_interfaces/zed_interfaces/msg/detail/bounding_box2_di__functions.h
[10.858s] -- Symlinking: /home/mk/dev_ws/install/zed_interfaces/include/zed_interfaces/zed_interfaces/msg/detail/bounding_box2_di__struct.h
[10.870s] -- Symlinking: /home/mk/dev_ws/install/zed_interfaces/include/zed_interfaces/zed_interfaces/msg/detail/bounding_box2_di__type_support.h
[10.878s] -- Symlinking: /home/mk/dev_ws/install/zed_interfaces/include/zed_interfaces/zed_interfaces/msg/detail/bounding_box3_d__functions.h
[10.886s] -- Symlinking: /home/mk/dev_ws/install/zed_interfaces/include/zed_interfaces/zed_interfaces/msg/detail/bounding_box3_d__struct.h
[10.898s] -- Symlinking: /home/mk/dev_ws/install/zed_interfaces/include/zed_interfaces/zed_interfaces/msg/detail/bounding_box3_d__type_support.h
[10.909s] -- Symlinking: /home/mk/dev_ws/install/zed_interfaces/include/zed_interfaces/zed_interfaces/msg/detail/depth_info_stamped__functions.h
[10.925s] -- Symlinking: /home/mk/dev_ws/install/zed_interfaces/include/zed_interfaces/zed_interfaces/msg/detail/depth_info_stamped__struct.h
[10.941s] -- Symlinking: /home/mk/dev_ws/install/zed_interfaces/include/zed_interfaces/zed_interfaces/msg/detail/depth_info_stamped__type_support.h
[10.954s] -- Symlinking: /home/mk/dev_ws/install/zed_interfaces/include/zed_interfaces/zed_interfaces/msg/detail/gnss_fusion_status__functions.h
[10.961s] -- Symlinking: /home/mk/dev_ws/install/zed_interfaces/include/zed_interfaces/zed_interfaces/msg/detail/gnss_fusion_status__struct.h
[10.969s] -- Symlinking: /home/mk/dev_ws/install/zed_interfaces/include/zed_interfaces/zed_interfaces/msg/detail/gnss_fusion_status__type_support.h
[10.978s] -- Symlinking: /home/mk/dev_ws/install/zed_interfaces/include/zed_interfaces/zed_interfaces/msg/detail/heartbeat__functions.h
[10.994s] -- Symlinking: /home/mk/dev_ws/install/zed_interfaces/include/zed_interfaces/zed_interfaces/msg/detail/heartbeat__struct.h
[11.022s] -- Symlinking: /home/mk/dev_ws/install/zed_interfaces/include/zed_interfaces/zed_interfaces/msg/detail/heartbeat__type_support.h
[11.029s] -- Symlinking: /home/mk/dev_ws/install/zed_interfaces/include/zed_interfaces/zed_interfaces/msg/detail/keypoint2_df__functions.h
[11.046s] -- Symlinking: /home/mk/dev_ws/install/zed_interfaces/include/zed_interfaces/zed_interfaces/msg/detail/keypoint2_df__struct.h
[11.064s] -- Symlinking: /home/mk/dev_ws/install/zed_interfaces/include/zed_interfaces/zed_interfaces/msg/detail/keypoint2_df__type_support.h
[11.078s] -- Symlinking: /home/mk/dev_ws/install/zed_interfaces/include/zed_interfaces/zed_interfaces/msg/detail/keypoint2_di__functions.h
[11.089s] -- Symlinking: /home/mk/dev_ws/install/zed_interfaces/include/zed_interfaces/zed_interfaces/msg/detail/keypoint2_di__struct.h
[11.101s] -- Symlinking: /home/mk/dev_ws/install/zed_interfaces/include/zed_interfaces/zed_interfaces/msg/detail/keypoint2_di__type_support.h
[11.104s] -- Symlinking: /home/mk/dev_ws/install/zed_interfaces/include/zed_interfaces/zed_interfaces/msg/detail/keypoint3_d__functions.h
[11.111s] -- Symlinking: /home/mk/dev_ws/install/zed_interfaces/include/zed_interfaces/zed_interfaces/msg/detail/keypoint3_d__struct.h
[11.119s] -- Symlinking: /home/mk/dev_ws/install/zed_interfaces/include/zed_interfaces/zed_interfaces/msg/detail/keypoint3_d__type_support.h
[11.127s] -- Symlinking: /home/mk/dev_ws/install/zed_interfaces/include/zed_interfaces/zed_interfaces/msg/detail/mag_heading_status__functions.h
[11.134s] -- Symlinking: /home/mk/dev_ws/install/zed_interfaces/include/zed_interfaces/zed_interfaces/msg/detail/mag_heading_status__struct.h
[11.141s] -- Symlinking: /home/mk/dev_ws/install/zed_interfaces/include/zed_interfaces/zed_interfaces/msg/detail/mag_heading_status__type_support.h
[11.150s] -- Symlinking: /home/mk/dev_ws/install/zed_interfaces/include/zed_interfaces/zed_interfaces/msg/detail/object__functions.h
[11.157s] -- Symlinking: /home/mk/dev_ws/install/zed_interfaces/include/zed_interfaces/zed_interfaces/msg/detail/object__struct.h
[11.165s] -- Symlinking: /home/mk/dev_ws/install/zed_interfaces/include/zed_interfaces/zed_interfaces/msg/detail/object__type_support.h
[11.172s] -- Symlinking: /home/mk/dev_ws/install/zed_interfaces/include/zed_interfaces/zed_interfaces/msg/detail/objects_stamped__functions.h
[11.179s] -- Symlinking: /home/mk/dev_ws/install/zed_interfaces/include/zed_interfaces/zed_interfaces/msg/detail/objects_stamped__struct.h
[11.185s] -- Symlinking: /home/mk/dev_ws/install/zed_interfaces/include/zed_interfaces/zed_interfaces/msg/detail/objects_stamped__type_support.h
[11.195s] -- Symlinking: /home/mk/dev_ws/install/zed_interfaces/include/zed_interfaces/zed_interfaces/msg/detail/plane_stamped__functions.h
[11.199s] -- Symlinking: /home/mk/dev_ws/install/zed_interfaces/include/zed_interfaces/zed_interfaces/msg/detail/plane_stamped__struct.h
[11.206s] -- Symlinking: /home/mk/dev_ws/install/zed_interfaces/include/zed_interfaces/zed_interfaces/msg/detail/plane_stamped__type_support.h
[11.216s] -- Symlinking: /home/mk/dev_ws/install/zed_interfaces/include/zed_interfaces/zed_interfaces/msg/detail/pos_track_status__functions.h
[11.223s] -- Symlinking: /home/mk/dev_ws/install/zed_interfaces/include/zed_interfaces/zed_interfaces/msg/detail/pos_track_status__struct.h
[11.235s] -- Symlinking: /home/mk/dev_ws/install/zed_interfaces/include/zed_interfaces/zed_interfaces/msg/detail/pos_track_status__type_support.h
[11.243s] -- Symlinking: /home/mk/dev_ws/install/zed_interfaces/include/zed_interfaces/zed_interfaces/msg/detail/skeleton2_d__functions.h
[11.252s] -- Symlinking: /home/mk/dev_ws/install/zed_interfaces/include/zed_interfaces/zed_interfaces/msg/detail/skeleton2_d__struct.h
[11.259s] -- Symlinking: /home/mk/dev_ws/install/zed_interfaces/include/zed_interfaces/zed_interfaces/msg/detail/skeleton2_d__type_support.h
[11.273s] -- Symlinking: /home/mk/dev_ws/install/zed_interfaces/include/zed_interfaces/zed_interfaces/msg/detail/skeleton3_d__functions.h
[11.291s] -- Symlinking: /home/mk/dev_ws/install/zed_interfaces/include/zed_interfaces/zed_interfaces/msg/detail/skeleton3_d__struct.h
[11.307s] -- Symlinking: /home/mk/dev_ws/install/zed_interfaces/include/zed_interfaces/zed_interfaces/msg/detail/skeleton3_d__type_support.h
[11.323s] -- Symlinking: /home/mk/dev_ws/install/zed_interfaces/include/zed_interfaces/zed_interfaces/msg/gnss_fusion_status.h
[11.344s] -- Symlinking: /home/mk/dev_ws/install/zed_interfaces/include/zed_interfaces/zed_interfaces/msg/heartbeat.h
[11.357s] -- Symlinking: /home/mk/dev_ws/install/zed_interfaces/include/zed_interfaces/zed_interfaces/msg/keypoint2_df.h
[11.365s] -- Symlinking: /home/mk/dev_ws/install/zed_interfaces/include/zed_interfaces/zed_interfaces/msg/keypoint2_di.h
[11.376s] -- Symlinking: /home/mk/dev_ws/install/zed_interfaces/include/zed_interfaces/zed_interfaces/msg/keypoint3_d.h
[11.386s] -- Symlinking: /home/mk/dev_ws/install/zed_interfaces/include/zed_interfaces/zed_interfaces/msg/mag_heading_status.h
[11.395s] -- Symlinking: /home/mk/dev_ws/install/zed_interfaces/include/zed_interfaces/zed_interfaces/msg/object.h
[11.402s] -- Symlinking: /home/mk/dev_ws/install/zed_interfaces/include/zed_interfaces/zed_interfaces/msg/objects_stamped.h
[11.412s] -- Symlinking: /home/mk/dev_ws/install/zed_interfaces/include/zed_interfaces/zed_interfaces/msg/plane_stamped.h
[11.414s] -- Symlinking: /home/mk/dev_ws/install/zed_interfaces/include/zed_interfaces/zed_interfaces/msg/pos_track_status.h
[11.424s] -- Symlinking: /home/mk/dev_ws/install/zed_interfaces/include/zed_interfaces/zed_interfaces/msg/rosidl_generator_c__visibility_control.h
[11.427s] -- Symlinking: /home/mk/dev_ws/install/zed_interfaces/include/zed_interfaces/zed_interfaces/msg/skeleton2_d.h
[11.434s] -- Symlinking: /home/mk/dev_ws/install/zed_interfaces/include/zed_interfaces/zed_interfaces/msg/skeleton3_d.h
[11.441s] -- Symlinking: /home/mk/dev_ws/install/zed_interfaces/include/zed_interfaces/zed_interfaces/srv/detail/set_pose__functions.h
[11.448s] -- Symlinking: /home/mk/dev_ws/install/zed_interfaces/include/zed_interfaces/zed_interfaces/srv/detail/set_pose__struct.h
[11.455s] -- Symlinking: /home/mk/dev_ws/install/zed_interfaces/include/zed_interfaces/zed_interfaces/srv/detail/set_pose__type_support.h
[11.462s] -- Symlinking: /home/mk/dev_ws/install/zed_interfaces/include/zed_interfaces/zed_interfaces/srv/detail/set_roi__functions.h
[11.468s] -- Symlinking: /home/mk/dev_ws/install/zed_interfaces/include/zed_interfaces/zed_interfaces/srv/detail/set_roi__struct.h
[11.475s] -- Symlinking: /home/mk/dev_ws/install/zed_interfaces/include/zed_interfaces/zed_interfaces/srv/detail/set_roi__type_support.h
[11.482s] -- Symlinking: /home/mk/dev_ws/install/zed_interfaces/include/zed_interfaces/zed_interfaces/srv/detail/start_svo_rec__functions.h
[11.491s] -- Symlinking: /home/mk/dev_ws/install/zed_interfaces/include/zed_interfaces/zed_interfaces/srv/detail/start_svo_rec__struct.h
[11.503s] -- Symlinking: /home/mk/dev_ws/install/zed_interfaces/include/zed_interfaces/zed_interfaces/srv/detail/start_svo_rec__type_support.h
[11.516s] -- Symlinking: /home/mk/dev_ws/install/zed_interfaces/include/zed_interfaces/zed_interfaces/srv/set_pose.h
[11.538s] -- Symlinking: /home/mk/dev_ws/install/zed_interfaces/include/zed_interfaces/zed_interfaces/srv/set_roi.h
[11.555s] -- Symlinking: /home/mk/dev_ws/install/zed_interfaces/include/zed_interfaces/zed_interfaces/srv/start_svo_rec.h
[11.571s] -- Symlinking: /home/mk/dev_ws/install/zed_interfaces/share/zed_interfaces/environment/library_path.sh
[11.591s] -- Symlinking: /home/mk/dev_ws/install/zed_interfaces/share/zed_interfaces/environment/library_path.dsv
[11.606s] -- Symlinking: /home/mk/dev_ws/install/zed_interfaces/include/zed_interfaces/zed_interfaces/msg/detail/bounding_box2_df__rosidl_typesupport_fastrtps_c.h
[11.621s] -- Symlinking: /home/mk/dev_ws/install/zed_interfaces/include/zed_interfaces/zed_interfaces/msg/detail/bounding_box2_di__rosidl_typesupport_fastrtps_c.h
[11.638s] -- Symlinking: /home/mk/dev_ws/install/zed_interfaces/include/zed_interfaces/zed_interfaces/msg/detail/bounding_box3_d__rosidl_typesupport_fastrtps_c.h
[11.652s] -- Symlinking: /home/mk/dev_ws/install/zed_interfaces/include/zed_interfaces/zed_interfaces/msg/detail/depth_info_stamped__rosidl_typesupport_fastrtps_c.h
[11.659s] -- Symlinking: /home/mk/dev_ws/install/zed_interfaces/include/zed_interfaces/zed_interfaces/msg/detail/gnss_fusion_status__rosidl_typesupport_fastrtps_c.h
[11.670s] -- Symlinking: /home/mk/dev_ws/install/zed_interfaces/include/zed_interfaces/zed_interfaces/msg/detail/heartbeat__rosidl_typesupport_fastrtps_c.h
[11.682s] -- Symlinking: /home/mk/dev_ws/install/zed_interfaces/include/zed_interfaces/zed_interfaces/msg/detail/keypoint2_df__rosidl_typesupport_fastrtps_c.h
[11.690s] -- Symlinking: /home/mk/dev_ws/install/zed_interfaces/include/zed_interfaces/zed_interfaces/msg/detail/keypoint2_di__rosidl_typesupport_fastrtps_c.h
[11.704s] -- Symlinking: /home/mk/dev_ws/install/zed_interfaces/include/zed_interfaces/zed_interfaces/msg/detail/keypoint3_d__rosidl_typesupport_fastrtps_c.h
[11.712s] -- Symlinking: /home/mk/dev_ws/install/zed_interfaces/include/zed_interfaces/zed_interfaces/msg/detail/mag_heading_status__rosidl_typesupport_fastrtps_c.h
[11.724s] -- Symlinking: /home/mk/dev_ws/install/zed_interfaces/include/zed_interfaces/zed_interfaces/msg/detail/object__rosidl_typesupport_fastrtps_c.h
[11.735s] -- Symlinking: /home/mk/dev_ws/install/zed_interfaces/include/zed_interfaces/zed_interfaces/msg/detail/objects_stamped__rosidl_typesupport_fastrtps_c.h
[11.743s] -- Symlinking: /home/mk/dev_ws/install/zed_interfaces/include/zed_interfaces/zed_interfaces/msg/detail/plane_stamped__rosidl_typesupport_fastrtps_c.h
[11.751s] -- Symlinking: /home/mk/dev_ws/install/zed_interfaces/include/zed_interfaces/zed_interfaces/msg/detail/pos_track_status__rosidl_typesupport_fastrtps_c.h
[11.759s] -- Symlinking: /home/mk/dev_ws/install/zed_interfaces/include/zed_interfaces/zed_interfaces/msg/detail/skeleton2_d__rosidl_typesupport_fastrtps_c.h
[11.774s] -- Symlinking: /home/mk/dev_ws/install/zed_interfaces/include/zed_interfaces/zed_interfaces/msg/detail/skeleton3_d__rosidl_typesupport_fastrtps_c.h
[11.782s] -- Symlinking: /home/mk/dev_ws/install/zed_interfaces/include/zed_interfaces/zed_interfaces/msg/rosidl_typesupport_fastrtps_c__visibility_control.h
[11.789s] -- Symlinking: /home/mk/dev_ws/install/zed_interfaces/include/zed_interfaces/zed_interfaces/srv/detail/set_pose__rosidl_typesupport_fastrtps_c.h
[11.801s] -- Symlinking: /home/mk/dev_ws/install/zed_interfaces/include/zed_interfaces/zed_interfaces/srv/detail/set_roi__rosidl_typesupport_fastrtps_c.h
[11.809s] -- Symlinking: /home/mk/dev_ws/install/zed_interfaces/include/zed_interfaces/zed_interfaces/srv/detail/start_svo_rec__rosidl_typesupport_fastrtps_c.h
[11.818s] -- Symlinking: /home/mk/dev_ws/install/zed_interfaces/include/zed_interfaces/zed_interfaces/msg/bounding_box2_df.hpp
[11.829s] -- Symlinking: /home/mk/dev_ws/install/zed_interfaces/include/zed_interfaces/zed_interfaces/msg/bounding_box2_di.hpp
[11.844s] -- Symlinking: /home/mk/dev_ws/install/zed_interfaces/include/zed_interfaces/zed_interfaces/msg/bounding_box3_d.hpp
[11.858s] -- Symlinking: /home/mk/dev_ws/install/zed_interfaces/include/zed_interfaces/zed_interfaces/msg/depth_info_stamped.hpp
[11.866s] -- Symlinking: /home/mk/dev_ws/install/zed_interfaces/include/zed_interfaces/zed_interfaces/msg/detail/bounding_box2_df__builder.hpp
[11.873s] -- Symlinking: /home/mk/dev_ws/install/zed_interfaces/include/zed_interfaces/zed_interfaces/msg/detail/bounding_box2_df__struct.hpp
[11.881s] -- Symlinking: /home/mk/dev_ws/install/zed_interfaces/include/zed_interfaces/zed_interfaces/msg/detail/bounding_box2_df__traits.hpp
[11.888s] -- Symlinking: /home/mk/dev_ws/install/zed_interfaces/include/zed_interfaces/zed_interfaces/msg/detail/bounding_box2_df__type_support.hpp
[11.898s] -- Symlinking: /home/mk/dev_ws/install/zed_interfaces/include/zed_interfaces/zed_interfaces/msg/detail/bounding_box2_di__builder.hpp
[11.905s] -- Symlinking: /home/mk/dev_ws/install/zed_interfaces/include/zed_interfaces/zed_interfaces/msg/detail/bounding_box2_di__struct.hpp
[11.918s] -- Symlinking: /home/mk/dev_ws/install/zed_interfaces/include/zed_interfaces/zed_interfaces/msg/detail/bounding_box2_di__traits.hpp
[11.932s] -- Symlinking: /home/mk/dev_ws/install/zed_interfaces/include/zed_interfaces/zed_interfaces/msg/detail/bounding_box2_di__type_support.hpp
[11.940s] -- Symlinking: /home/mk/dev_ws/install/zed_interfaces/include/zed_interfaces/zed_interfaces/msg/detail/bounding_box3_d__builder.hpp
[11.948s] -- Symlinking: /home/mk/dev_ws/install/zed_interfaces/include/zed_interfaces/zed_interfaces/msg/detail/bounding_box3_d__struct.hpp
[11.956s] -- Symlinking: /home/mk/dev_ws/install/zed_interfaces/include/zed_interfaces/zed_interfaces/msg/detail/bounding_box3_d__traits.hpp
[11.971s] -- Symlinking: /home/mk/dev_ws/install/zed_interfaces/include/zed_interfaces/zed_interfaces/msg/detail/bounding_box3_d__type_support.hpp
[11.977s] -- Symlinking: /home/mk/dev_ws/install/zed_interfaces/include/zed_interfaces/zed_interfaces/msg/detail/depth_info_stamped__builder.hpp
[11.985s] -- Symlinking: /home/mk/dev_ws/install/zed_interfaces/include/zed_interfaces/zed_interfaces/msg/detail/depth_info_stamped__struct.hpp
[11.997s] -- Symlinking: /home/mk/dev_ws/install/zed_interfaces/include/zed_interfaces/zed_interfaces/msg/detail/depth_info_stamped__traits.hpp
[12.007s] -- Symlinking: /home/mk/dev_ws/install/zed_interfaces/include/zed_interfaces/zed_interfaces/msg/detail/depth_info_stamped__type_support.hpp
[12.014s] -- Symlinking: /home/mk/dev_ws/install/zed_interfaces/include/zed_interfaces/zed_interfaces/msg/detail/gnss_fusion_status__builder.hpp
[12.024s] -- Symlinking: /home/mk/dev_ws/install/zed_interfaces/include/zed_interfaces/zed_interfaces/msg/detail/gnss_fusion_status__struct.hpp
[12.034s] -- Symlinking: /home/mk/dev_ws/install/zed_interfaces/include/zed_interfaces/zed_interfaces/msg/detail/gnss_fusion_status__traits.hpp
[12.043s] -- Symlinking: /home/mk/dev_ws/install/zed_interfaces/include/zed_interfaces/zed_interfaces/msg/detail/gnss_fusion_status__type_support.hpp
[12.053s] -- Symlinking: /home/mk/dev_ws/install/zed_interfaces/include/zed_interfaces/zed_interfaces/msg/detail/heartbeat__builder.hpp
[12.066s] -- Symlinking: /home/mk/dev_ws/install/zed_interfaces/include/zed_interfaces/zed_interfaces/msg/detail/heartbeat__struct.hpp
[12.071s] -- Symlinking: /home/mk/dev_ws/install/zed_interfaces/include/zed_interfaces/zed_interfaces/msg/detail/heartbeat__traits.hpp
[12.086s] -- Symlinking: /home/mk/dev_ws/install/zed_interfaces/include/zed_interfaces/zed_interfaces/msg/detail/heartbeat__type_support.hpp
[12.104s] -- Symlinking: /home/mk/dev_ws/install/zed_interfaces/include/zed_interfaces/zed_interfaces/msg/detail/keypoint2_df__builder.hpp
[12.119s] -- Symlinking: /home/mk/dev_ws/install/zed_interfaces/include/zed_interfaces/zed_interfaces/msg/detail/keypoint2_df__struct.hpp
[12.136s] -- Symlinking: /home/mk/dev_ws/install/zed_interfaces/include/zed_interfaces/zed_interfaces/msg/detail/keypoint2_df__traits.hpp
[12.150s] -- Symlinking: /home/mk/dev_ws/install/zed_interfaces/include/zed_interfaces/zed_interfaces/msg/detail/keypoint2_df__type_support.hpp
[12.163s] -- Symlinking: /home/mk/dev_ws/install/zed_interfaces/include/zed_interfaces/zed_interfaces/msg/detail/keypoint2_di__builder.hpp
[12.182s] -- Symlinking: /home/mk/dev_ws/install/zed_interfaces/include/zed_interfaces/zed_interfaces/msg/detail/keypoint2_di__struct.hpp
[12.202s] -- Symlinking: /home/mk/dev_ws/install/zed_interfaces/include/zed_interfaces/zed_interfaces/msg/detail/keypoint2_di__traits.hpp
[12.212s] -- Symlinking: /home/mk/dev_ws/install/zed_interfaces/include/zed_interfaces/zed_interfaces/msg/detail/keypoint2_di__type_support.hpp
[12.228s] -- Symlinking: /home/mk/dev_ws/install/zed_interfaces/include/zed_interfaces/zed_interfaces/msg/detail/keypoint3_d__builder.hpp
[12.237s] -- Symlinking: /home/mk/dev_ws/install/zed_interfaces/include/zed_interfaces/zed_interfaces/msg/detail/keypoint3_d__struct.hpp
[12.246s] -- Symlinking: /home/mk/dev_ws/install/zed_interfaces/include/zed_interfaces/zed_interfaces/msg/detail/keypoint3_d__traits.hpp
[12.255s] -- Symlinking: /home/mk/dev_ws/install/zed_interfaces/include/zed_interfaces/zed_interfaces/msg/detail/keypoint3_d__type_support.hpp
[12.264s] -- Symlinking: /home/mk/dev_ws/install/zed_interfaces/include/zed_interfaces/zed_interfaces/msg/detail/mag_heading_status__builder.hpp
[12.272s] -- Symlinking: /home/mk/dev_ws/install/zed_interfaces/include/zed_interfaces/zed_interfaces/msg/detail/mag_heading_status__struct.hpp
[12.280s] -- Symlinking: /home/mk/dev_ws/install/zed_interfaces/include/zed_interfaces/zed_interfaces/msg/detail/mag_heading_status__traits.hpp
[12.294s] -- Symlinking: /home/mk/dev_ws/install/zed_interfaces/include/zed_interfaces/zed_interfaces/msg/detail/mag_heading_status__type_support.hpp
[12.308s] -- Symlinking: /home/mk/dev_ws/install/zed_interfaces/include/zed_interfaces/zed_interfaces/msg/detail/object__builder.hpp
[12.326s] -- Symlinking: /home/mk/dev_ws/install/zed_interfaces/include/zed_interfaces/zed_interfaces/msg/detail/object__struct.hpp
[12.340s] -- Symlinking: /home/mk/dev_ws/install/zed_interfaces/include/zed_interfaces/zed_interfaces/msg/detail/object__traits.hpp
[12.353s] -- Symlinking: /home/mk/dev_ws/install/zed_interfaces/include/zed_interfaces/zed_interfaces/msg/detail/object__type_support.hpp
[12.370s] -- Symlinking: /home/mk/dev_ws/install/zed_interfaces/include/zed_interfaces/zed_interfaces/msg/detail/objects_stamped__builder.hpp
[12.390s] -- Symlinking: /home/mk/dev_ws/install/zed_interfaces/include/zed_interfaces/zed_interfaces/msg/detail/objects_stamped__struct.hpp
[12.410s] -- Symlinking: /home/mk/dev_ws/install/zed_interfaces/include/zed_interfaces/zed_interfaces/msg/detail/objects_stamped__traits.hpp
[12.422s] -- Symlinking: /home/mk/dev_ws/install/zed_interfaces/include/zed_interfaces/zed_interfaces/msg/detail/objects_stamped__type_support.hpp
[12.443s] -- Symlinking: /home/mk/dev_ws/install/zed_interfaces/include/zed_interfaces/zed_interfaces/msg/detail/plane_stamped__builder.hpp
[12.455s] -- Symlinking: /home/mk/dev_ws/install/zed_interfaces/include/zed_interfaces/zed_interfaces/msg/detail/plane_stamped__struct.hpp
[12.477s] -- Symlinking: /home/mk/dev_ws/install/zed_interfaces/include/zed_interfaces/zed_interfaces/msg/detail/plane_stamped__traits.hpp
[12.492s] -- Symlinking: /home/mk/dev_ws/install/zed_interfaces/include/zed_interfaces/zed_interfaces/msg/detail/plane_stamped__type_support.hpp
[12.510s] -- Symlinking: /home/mk/dev_ws/install/zed_interfaces/include/zed_interfaces/zed_interfaces/msg/detail/pos_track_status__builder.hpp
[12.523s] -- Symlinking: /home/mk/dev_ws/install/zed_interfaces/include/zed_interfaces/zed_interfaces/msg/detail/pos_track_status__struct.hpp
[12.537s] -- Symlinking: /home/mk/dev_ws/install/zed_interfaces/include/zed_interfaces/zed_interfaces/msg/detail/pos_track_status__traits.hpp
[12.553s] -- Symlinking: /home/mk/dev_ws/install/zed_interfaces/include/zed_interfaces/zed_interfaces/msg/detail/pos_track_status__type_support.hpp
[12.566s] -- Symlinking: /home/mk/dev_ws/install/zed_interfaces/include/zed_interfaces/zed_interfaces/msg/detail/skeleton2_d__builder.hpp
[12.583s] -- Symlinking: /home/mk/dev_ws/install/zed_interfaces/include/zed_interfaces/zed_interfaces/msg/detail/skeleton2_d__struct.hpp
[12.602s] -- Symlinking: /home/mk/dev_ws/install/zed_interfaces/include/zed_interfaces/zed_interfaces/msg/detail/skeleton2_d__traits.hpp
[12.620s] -- Symlinking: /home/mk/dev_ws/install/zed_interfaces/include/zed_interfaces/zed_interfaces/msg/detail/skeleton2_d__type_support.hpp
[12.644s] -- Symlinking: /home/mk/dev_ws/install/zed_interfaces/include/zed_interfaces/zed_interfaces/msg/detail/skeleton3_d__builder.hpp
[12.658s] -- Symlinking: /home/mk/dev_ws/install/zed_interfaces/include/zed_interfaces/zed_interfaces/msg/detail/skeleton3_d__struct.hpp
[12.671s] -- Symlinking: /home/mk/dev_ws/install/zed_interfaces/include/zed_interfaces/zed_interfaces/msg/detail/skeleton3_d__traits.hpp
[12.684s] -- Symlinking: /home/mk/dev_ws/install/zed_interfaces/include/zed_interfaces/zed_interfaces/msg/detail/skeleton3_d__type_support.hpp
[12.694s] -- Symlinking: /home/mk/dev_ws/install/zed_interfaces/include/zed_interfaces/zed_interfaces/msg/gnss_fusion_status.hpp
[12.709s] -- Symlinking: /home/mk/dev_ws/install/zed_interfaces/include/zed_interfaces/zed_interfaces/msg/heartbeat.hpp
[12.733s] -- Symlinking: /home/mk/dev_ws/install/zed_interfaces/include/zed_interfaces/zed_interfaces/msg/keypoint2_df.hpp
[12.746s] -- Symlinking: /home/mk/dev_ws/install/zed_interfaces/include/zed_interfaces/zed_interfaces/msg/keypoint2_di.hpp
[12.762s] -- Symlinking: /home/mk/dev_ws/install/zed_interfaces/include/zed_interfaces/zed_interfaces/msg/keypoint3_d.hpp
[12.778s] -- Symlinking: /home/mk/dev_ws/install/zed_interfaces/include/zed_interfaces/zed_interfaces/msg/mag_heading_status.hpp
[12.794s] -- Symlinking: /home/mk/dev_ws/install/zed_interfaces/include/zed_interfaces/zed_interfaces/msg/object.hpp
[12.802s] -- Symlinking: /home/mk/dev_ws/install/zed_interfaces/include/zed_interfaces/zed_interfaces/msg/objects_stamped.hpp
[12.823s] -- Symlinking: /home/mk/dev_ws/install/zed_interfaces/include/zed_interfaces/zed_interfaces/msg/plane_stamped.hpp
[12.838s] -- Symlinking: /home/mk/dev_ws/install/zed_interfaces/include/zed_interfaces/zed_interfaces/msg/pos_track_status.hpp
[12.842s] -- Symlinking: /home/mk/dev_ws/install/zed_interfaces/include/zed_interfaces/zed_interfaces/msg/rosidl_generator_cpp__visibility_control.hpp
[12.855s] -- Symlinking: /home/mk/dev_ws/install/zed_interfaces/include/zed_interfaces/zed_interfaces/msg/skeleton2_d.hpp
[12.868s] -- Symlinking: /home/mk/dev_ws/install/zed_interfaces/include/zed_interfaces/zed_interfaces/msg/skeleton3_d.hpp
[12.876s] -- Symlinking: /home/mk/dev_ws/install/zed_interfaces/include/zed_interfaces/zed_interfaces/srv/detail/set_pose__builder.hpp
[12.884s] -- Symlinking: /home/mk/dev_ws/install/zed_interfaces/include/zed_interfaces/zed_interfaces/srv/detail/set_pose__struct.hpp
[12.891s] -- Symlinking: /home/mk/dev_ws/install/zed_interfaces/include/zed_interfaces/zed_interfaces/srv/detail/set_pose__traits.hpp
[12.899s] -- Symlinking: /home/mk/dev_ws/install/zed_interfaces/include/zed_interfaces/zed_interfaces/srv/detail/set_pose__type_support.hpp
[12.906s] -- Symlinking: /home/mk/dev_ws/install/zed_interfaces/include/zed_interfaces/zed_interfaces/srv/detail/set_roi__builder.hpp
[12.914s] -- Symlinking: /home/mk/dev_ws/install/zed_interfaces/include/zed_interfaces/zed_interfaces/srv/detail/set_roi__struct.hpp
[12.930s] -- Symlinking: /home/mk/dev_ws/install/zed_interfaces/include/zed_interfaces/zed_interfaces/srv/detail/set_roi__traits.hpp
[12.940s] -- Symlinking: /home/mk/dev_ws/install/zed_interfaces/include/zed_interfaces/zed_interfaces/srv/detail/set_roi__type_support.hpp
[12.948s] -- Symlinking: /home/mk/dev_ws/install/zed_interfaces/include/zed_interfaces/zed_interfaces/srv/detail/start_svo_rec__builder.hpp
[12.957s] -- Symlinking: /home/mk/dev_ws/install/zed_interfaces/include/zed_interfaces/zed_interfaces/srv/detail/start_svo_rec__struct.hpp
[12.965s] -- Symlinking: /home/mk/dev_ws/install/zed_interfaces/include/zed_interfaces/zed_interfaces/srv/detail/start_svo_rec__traits.hpp
[12.972s] -- Symlinking: /home/mk/dev_ws/install/zed_interfaces/include/zed_interfaces/zed_interfaces/srv/detail/start_svo_rec__type_support.hpp
[12.984s] -- Symlinking: /home/mk/dev_ws/install/zed_interfaces/include/zed_interfaces/zed_interfaces/srv/set_pose.hpp
[12.991s] -- Symlinking: /home/mk/dev_ws/install/zed_interfaces/include/zed_interfaces/zed_interfaces/srv/set_roi.hpp
[13.003s] -- Symlinking: /home/mk/dev_ws/install/zed_interfaces/include/zed_interfaces/zed_interfaces/srv/start_svo_rec.hpp
[13.011s] -- Symlinking: /home/mk/dev_ws/install/zed_interfaces/include/zed_interfaces/zed_interfaces/msg/detail/bounding_box2_df__rosidl_typesupport_fastrtps_cpp.hpp
[13.018s] -- Symlinking: /home/mk/dev_ws/install/zed_interfaces/include/zed_interfaces/zed_interfaces/msg/detail/bounding_box2_di__rosidl_typesupport_fastrtps_cpp.hpp
[13.025s] -- Symlinking: /home/mk/dev_ws/install/zed_interfaces/include/zed_interfaces/zed_interfaces/msg/detail/bounding_box3_d__rosidl_typesupport_fastrtps_cpp.hpp
[13.031s] -- Symlinking: /home/mk/dev_ws/install/zed_interfaces/include/zed_interfaces/zed_interfaces/msg/detail/depth_info_stamped__rosidl_typesupport_fastrtps_cpp.hpp
[13.038s] -- Symlinking: /home/mk/dev_ws/install/zed_interfaces/include/zed_interfaces/zed_interfaces/msg/detail/gnss_fusion_status__rosidl_typesupport_fastrtps_cpp.hpp
[13.044s] -- Symlinking: /home/mk/dev_ws/install/zed_interfaces/include/zed_interfaces/zed_interfaces/msg/detail/heartbeat__rosidl_typesupport_fastrtps_cpp.hpp
[13.050s] -- Symlinking: /home/mk/dev_ws/install/zed_interfaces/include/zed_interfaces/zed_interfaces/msg/detail/keypoint2_df__rosidl_typesupport_fastrtps_cpp.hpp
[13.058s] -- Symlinking: /home/mk/dev_ws/install/zed_interfaces/include/zed_interfaces/zed_interfaces/msg/detail/keypoint2_di__rosidl_typesupport_fastrtps_cpp.hpp
[13.063s] -- Symlinking: /home/mk/dev_ws/install/zed_interfaces/include/zed_interfaces/zed_interfaces/msg/detail/keypoint3_d__rosidl_typesupport_fastrtps_cpp.hpp
[13.070s] -- Symlinking: /home/mk/dev_ws/install/zed_interfaces/include/zed_interfaces/zed_interfaces/msg/detail/mag_heading_status__rosidl_typesupport_fastrtps_cpp.hpp
[13.079s] -- Symlinking: /home/mk/dev_ws/install/zed_interfaces/include/zed_interfaces/zed_interfaces/msg/detail/object__rosidl_typesupport_fastrtps_cpp.hpp
[13.084s] -- Symlinking: /home/mk/dev_ws/install/zed_interfaces/include/zed_interfaces/zed_interfaces/msg/detail/objects_stamped__rosidl_typesupport_fastrtps_cpp.hpp
[13.092s] -- Symlinking: /home/mk/dev_ws/install/zed_interfaces/include/zed_interfaces/zed_interfaces/msg/detail/plane_stamped__rosidl_typesupport_fastrtps_cpp.hpp
[13.099s] -- Symlinking: /home/mk/dev_ws/install/zed_interfaces/include/zed_interfaces/zed_interfaces/msg/detail/pos_track_status__rosidl_typesupport_fastrtps_cpp.hpp
[13.106s] -- Symlinking: /home/mk/dev_ws/install/zed_interfaces/include/zed_interfaces/zed_interfaces/msg/detail/skeleton2_d__rosidl_typesupport_fastrtps_cpp.hpp
[13.113s] -- Symlinking: /home/mk/dev_ws/install/zed_interfaces/include/zed_interfaces/zed_interfaces/msg/detail/skeleton3_d__rosidl_typesupport_fastrtps_cpp.hpp
[13.121s] -- Symlinking: /home/mk/dev_ws/install/zed_interfaces/include/zed_interfaces/zed_interfaces/msg/rosidl_typesupport_fastrtps_cpp__visibility_control.h
[13.129s] -- Symlinking: /home/mk/dev_ws/install/zed_interfaces/include/zed_interfaces/zed_interfaces/srv/detail/set_pose__rosidl_typesupport_fastrtps_cpp.hpp
[13.137s] -- Symlinking: /home/mk/dev_ws/install/zed_interfaces/include/zed_interfaces/zed_interfaces/srv/detail/set_roi__rosidl_typesupport_fastrtps_cpp.hpp
[13.144s] -- Symlinking: /home/mk/dev_ws/install/zed_interfaces/include/zed_interfaces/zed_interfaces/srv/detail/start_svo_rec__rosidl_typesupport_fastrtps_cpp.hpp
[13.152s] -- Symlinking: /home/mk/dev_ws/install/zed_interfaces/include/zed_interfaces/zed_interfaces/msg/detail/bounding_box2_df__rosidl_typesupport_introspection_c.h
[13.160s] -- Symlinking: /home/mk/dev_ws/install/zed_interfaces/include/zed_interfaces/zed_interfaces/msg/detail/bounding_box2_di__rosidl_typesupport_introspection_c.h
[13.168s] -- Symlinking: /home/mk/dev_ws/install/zed_interfaces/include/zed_interfaces/zed_interfaces/msg/detail/bounding_box3_d__rosidl_typesupport_introspection_c.h
[13.176s] -- Symlinking: /home/mk/dev_ws/install/zed_interfaces/include/zed_interfaces/zed_interfaces/msg/detail/depth_info_stamped__rosidl_typesupport_introspection_c.h
[13.184s] -- Symlinking: /home/mk/dev_ws/install/zed_interfaces/include/zed_interfaces/zed_interfaces/msg/detail/gnss_fusion_status__rosidl_typesupport_introspection_c.h
[13.194s] -- Symlinking: /home/mk/dev_ws/install/zed_interfaces/include/zed_interfaces/zed_interfaces/msg/detail/heartbeat__rosidl_typesupport_introspection_c.h
[13.199s] -- Symlinking: /home/mk/dev_ws/install/zed_interfaces/include/zed_interfaces/zed_interfaces/msg/detail/keypoint2_df__rosidl_typesupport_introspection_c.h
[13.206s] -- Symlinking: /home/mk/dev_ws/install/zed_interfaces/include/zed_interfaces/zed_interfaces/msg/detail/keypoint2_di__rosidl_typesupport_introspection_c.h
[13.214s] -- Symlinking: /home/mk/dev_ws/install/zed_interfaces/include/zed_interfaces/zed_interfaces/msg/detail/keypoint3_d__rosidl_typesupport_introspection_c.h
[13.222s] -- Symlinking: /home/mk/dev_ws/install/zed_interfaces/include/zed_interfaces/zed_interfaces/msg/detail/mag_heading_status__rosidl_typesupport_introspection_c.h
[13.230s] -- Symlinking: /home/mk/dev_ws/install/zed_interfaces/include/zed_interfaces/zed_interfaces/msg/detail/object__rosidl_typesupport_introspection_c.h
[13.238s] -- Symlinking: /home/mk/dev_ws/install/zed_interfaces/include/zed_interfaces/zed_interfaces/msg/detail/objects_stamped__rosidl_typesupport_introspection_c.h
[13.247s] -- Symlinking: /home/mk/dev_ws/install/zed_interfaces/include/zed_interfaces/zed_interfaces/msg/detail/plane_stamped__rosidl_typesupport_introspection_c.h
[13.255s] -- Symlinking: /home/mk/dev_ws/install/zed_interfaces/include/zed_interfaces/zed_interfaces/msg/detail/pos_track_status__rosidl_typesupport_introspection_c.h
[13.263s] -- Symlinking: /home/mk/dev_ws/install/zed_interfaces/include/zed_interfaces/zed_interfaces/msg/detail/skeleton2_d__rosidl_typesupport_introspection_c.h
[13.271s] -- Symlinking: /home/mk/dev_ws/install/zed_interfaces/include/zed_interfaces/zed_interfaces/msg/detail/skeleton3_d__rosidl_typesupport_introspection_c.h
[13.279s] -- Symlinking: /home/mk/dev_ws/install/zed_interfaces/include/zed_interfaces/zed_interfaces/msg/rosidl_typesupport_introspection_c__visibility_control.h
[13.287s] -- Symlinking: /home/mk/dev_ws/install/zed_interfaces/include/zed_interfaces/zed_interfaces/srv/detail/set_pose__rosidl_typesupport_introspection_c.h
[13.296s] -- Symlinking: /home/mk/dev_ws/install/zed_interfaces/include/zed_interfaces/zed_interfaces/srv/detail/set_roi__rosidl_typesupport_introspection_c.h
[13.303s] -- Symlinking: /home/mk/dev_ws/install/zed_interfaces/include/zed_interfaces/zed_interfaces/srv/detail/start_svo_rec__rosidl_typesupport_introspection_c.h
[13.313s] -- Symlinking: /home/mk/dev_ws/install/zed_interfaces/include/zed_interfaces/zed_interfaces/msg/detail/bounding_box2_df__rosidl_typesupport_introspection_cpp.hpp
[13.320s] -- Symlinking: /home/mk/dev_ws/install/zed_interfaces/include/zed_interfaces/zed_interfaces/msg/detail/bounding_box2_di__rosidl_typesupport_introspection_cpp.hpp
[13.329s] -- Symlinking: /home/mk/dev_ws/install/zed_interfaces/include/zed_interfaces/zed_interfaces/msg/detail/bounding_box3_d__rosidl_typesupport_introspection_cpp.hpp
[13.337s] -- Symlinking: /home/mk/dev_ws/install/zed_interfaces/include/zed_interfaces/zed_interfaces/msg/detail/depth_info_stamped__rosidl_typesupport_introspection_cpp.hpp
[13.345s] -- Symlinking: /home/mk/dev_ws/install/zed_interfaces/include/zed_interfaces/zed_interfaces/msg/detail/gnss_fusion_status__rosidl_typesupport_introspection_cpp.hpp
[13.353s] -- Symlinking: /home/mk/dev_ws/install/zed_interfaces/include/zed_interfaces/zed_interfaces/msg/detail/heartbeat__rosidl_typesupport_introspection_cpp.hpp
[13.361s] -- Symlinking: /home/mk/dev_ws/install/zed_interfaces/include/zed_interfaces/zed_interfaces/msg/detail/keypoint2_df__rosidl_typesupport_introspection_cpp.hpp
[13.369s] -- Symlinking: /home/mk/dev_ws/install/zed_interfaces/include/zed_interfaces/zed_interfaces/msg/detail/keypoint2_di__rosidl_typesupport_introspection_cpp.hpp
[13.378s] -- Symlinking: /home/mk/dev_ws/install/zed_interfaces/include/zed_interfaces/zed_interfaces/msg/detail/keypoint3_d__rosidl_typesupport_introspection_cpp.hpp
[13.386s] -- Symlinking: /home/mk/dev_ws/install/zed_interfaces/include/zed_interfaces/zed_interfaces/msg/detail/mag_heading_status__rosidl_typesupport_introspection_cpp.hpp
[13.394s] -- Symlinking: /home/mk/dev_ws/install/zed_interfaces/include/zed_interfaces/zed_interfaces/msg/detail/object__rosidl_typesupport_introspection_cpp.hpp
[13.402s] -- Symlinking: /home/mk/dev_ws/install/zed_interfaces/include/zed_interfaces/zed_interfaces/msg/detail/objects_stamped__rosidl_typesupport_introspection_cpp.hpp
[13.409s] -- Symlinking: /home/mk/dev_ws/install/zed_interfaces/include/zed_interfaces/zed_interfaces/msg/detail/plane_stamped__rosidl_typesupport_introspection_cpp.hpp
[13.417s] -- Symlinking: /home/mk/dev_ws/install/zed_interfaces/include/zed_interfaces/zed_interfaces/msg/detail/pos_track_status__rosidl_typesupport_introspection_cpp.hpp
[13.424s] -- Symlinking: /home/mk/dev_ws/install/zed_interfaces/include/zed_interfaces/zed_interfaces/msg/detail/skeleton2_d__rosidl_typesupport_introspection_cpp.hpp
[13.435s] -- Symlinking: /home/mk/dev_ws/install/zed_interfaces/include/zed_interfaces/zed_interfaces/msg/detail/skeleton3_d__rosidl_typesupport_introspection_cpp.hpp
[13.439s] -- Symlinking: /home/mk/dev_ws/install/zed_interfaces/include/zed_interfaces/zed_interfaces/srv/detail/set_pose__rosidl_typesupport_introspection_cpp.hpp
[13.448s] -- Symlinking: /home/mk/dev_ws/install/zed_interfaces/include/zed_interfaces/zed_interfaces/srv/detail/set_roi__rosidl_typesupport_introspection_cpp.hpp
[13.465s] -- Symlinking: /home/mk/dev_ws/install/zed_interfaces/include/zed_interfaces/zed_interfaces/srv/detail/start_svo_rec__rosidl_typesupport_introspection_cpp.hpp
[13.482s] -- Symlinking: /home/mk/dev_ws/install/zed_interfaces/share/zed_interfaces/environment/pythonpath.sh
[13.503s] -- Symlinking: /home/mk/dev_ws/install/zed_interfaces/share/zed_interfaces/environment/pythonpath.dsv
[13.520s] -- Symlinking: /home/mk/dev_ws/install/zed_interfaces/local/lib/python3.10/dist-packages/zed_interfaces-4.1.0-py3.10.egg-info/PKG-INFO
[13.536s] -- Symlinking: /home/mk/dev_ws/install/zed_interfaces/local/lib/python3.10/dist-packages/zed_interfaces-4.1.0-py3.10.egg-info/SOURCES.txt
[13.545s] -- Symlinking: /home/mk/dev_ws/install/zed_interfaces/local/lib/python3.10/dist-packages/zed_interfaces-4.1.0-py3.10.egg-info/dependency_links.txt
[13.553s] -- Symlinking: /home/mk/dev_ws/install/zed_interfaces/local/lib/python3.10/dist-packages/zed_interfaces-4.1.0-py3.10.egg-info/top_level.txt
[13.567s] -- Symlinking: /home/mk/dev_ws/install/zed_interfaces/local/lib/python3.10/dist-packages/zed_interfaces/__init__.py
[13.575s] -- Symlinking: /home/mk/dev_ws/install/zed_interfaces/local/lib/python3.10/dist-packages/zed_interfaces/_zed_interfaces_s.ep.rosidl_typesupport_c.c
[13.592s] -- Symlinking: /home/mk/dev_ws/install/zed_interfaces/local/lib/python3.10/dist-packages/zed_interfaces/_zed_interfaces_s.ep.rosidl_typesupport_fastrtps_c.c
[13.614s] -- Symlinking: /home/mk/dev_ws/install/zed_interfaces/local/lib/python3.10/dist-packages/zed_interfaces/_zed_interfaces_s.ep.rosidl_typesupport_introspection_c.c
[13.627s] -- Symlinking: /home/mk/dev_ws/install/zed_interfaces/local/lib/python3.10/dist-packages/zed_interfaces/libzed_interfaces__rosidl_generator_py.so
[13.648s] -- Symlinking: /home/mk/dev_ws/install/zed_interfaces/local/lib/python3.10/dist-packages/zed_interfaces/msg/__init__.py
[13.663s] -- Symlinking: /home/mk/dev_ws/install/zed_interfaces/local/lib/python3.10/dist-packages/zed_interfaces/msg/_bounding_box2_df.py
[13.680s] -- Symlinking: /home/mk/dev_ws/install/zed_interfaces/local/lib/python3.10/dist-packages/zed_interfaces/msg/_bounding_box2_df_s.c
[13.693s] -- Symlinking: /home/mk/dev_ws/install/zed_interfaces/local/lib/python3.10/dist-packages/zed_interfaces/msg/_bounding_box2_di.py
[13.710s] -- Symlinking: /home/mk/dev_ws/install/zed_interfaces/local/lib/python3.10/dist-packages/zed_interfaces/msg/_bounding_box2_di_s.c
[13.725s] -- Symlinking: /home/mk/dev_ws/install/zed_interfaces/local/lib/python3.10/dist-packages/zed_interfaces/msg/_bounding_box3_d.py
[13.745s] -- Symlinking: /home/mk/dev_ws/install/zed_interfaces/local/lib/python3.10/dist-packages/zed_interfaces/msg/_bounding_box3_d_s.c
[13.758s] -- Symlinking: /home/mk/dev_ws/install/zed_interfaces/local/lib/python3.10/dist-packages/zed_interfaces/msg/_depth_info_stamped.py
[13.772s] -- Symlinking: /home/mk/dev_ws/install/zed_interfaces/local/lib/python3.10/dist-packages/zed_interfaces/msg/_depth_info_stamped_s.c
[13.777s] -- Symlinking: /home/mk/dev_ws/install/zed_interfaces/local/lib/python3.10/dist-packages/zed_interfaces/msg/_gnss_fusion_status.py
[13.783s] -- Symlinking: /home/mk/dev_ws/install/zed_interfaces/local/lib/python3.10/dist-packages/zed_interfaces/msg/_gnss_fusion_status_s.c
[13.800s] -- Symlinking: /home/mk/dev_ws/install/zed_interfaces/local/lib/python3.10/dist-packages/zed_interfaces/msg/_heartbeat.py
[13.811s] -- Symlinking: /home/mk/dev_ws/install/zed_interfaces/local/lib/python3.10/dist-packages/zed_interfaces/msg/_heartbeat_s.c
[13.821s] -- Symlinking: /home/mk/dev_ws/install/zed_interfaces/local/lib/python3.10/dist-packages/zed_interfaces/msg/_keypoint2_df.py
[13.838s] -- Symlinking: /home/mk/dev_ws/install/zed_interfaces/local/lib/python3.10/dist-packages/zed_interfaces/msg/_keypoint2_df_s.c
[13.848s] -- Symlinking: /home/mk/dev_ws/install/zed_interfaces/local/lib/python3.10/dist-packages/zed_interfaces/msg/_keypoint2_di.py
[13.857s] -- Symlinking: /home/mk/dev_ws/install/zed_interfaces/local/lib/python3.10/dist-packages/zed_interfaces/msg/_keypoint2_di_s.c
[13.867s] -- Symlinking: /home/mk/dev_ws/install/zed_interfaces/local/lib/python3.10/dist-packages/zed_interfaces/msg/_keypoint3_d.py
[13.877s] -- Symlinking: /home/mk/dev_ws/install/zed_interfaces/local/lib/python3.10/dist-packages/zed_interfaces/msg/_keypoint3_d_s.c
[13.897s] -- Symlinking: /home/mk/dev_ws/install/zed_interfaces/local/lib/python3.10/dist-packages/zed_interfaces/msg/_mag_heading_status.py
[13.914s] -- Symlinking: /home/mk/dev_ws/install/zed_interfaces/local/lib/python3.10/dist-packages/zed_interfaces/msg/_mag_heading_status_s.c
[13.931s] -- Symlinking: /home/mk/dev_ws/install/zed_interfaces/local/lib/python3.10/dist-packages/zed_interfaces/msg/_object.py
[13.950s] -- Symlinking: /home/mk/dev_ws/install/zed_interfaces/local/lib/python3.10/dist-packages/zed_interfaces/msg/_object_s.c
[13.976s] -- Symlinking: /home/mk/dev_ws/install/zed_interfaces/local/lib/python3.10/dist-packages/zed_interfaces/msg/_objects_stamped.py
[13.988s] -- Symlinking: /home/mk/dev_ws/install/zed_interfaces/local/lib/python3.10/dist-packages/zed_interfaces/msg/_objects_stamped_s.c
[14.010s] -- Symlinking: /home/mk/dev_ws/install/zed_interfaces/local/lib/python3.10/dist-packages/zed_interfaces/msg/_plane_stamped.py
[14.020s] -- Symlinking: /home/mk/dev_ws/install/zed_interfaces/local/lib/python3.10/dist-packages/zed_interfaces/msg/_plane_stamped_s.c
[14.026s] -- Symlinking: /home/mk/dev_ws/install/zed_interfaces/local/lib/python3.10/dist-packages/zed_interfaces/msg/_pos_track_status.py
[14.036s] -- Symlinking: /home/mk/dev_ws/install/zed_interfaces/local/lib/python3.10/dist-packages/zed_interfaces/msg/_pos_track_status_s.c
[14.044s] -- Symlinking: /home/mk/dev_ws/install/zed_interfaces/local/lib/python3.10/dist-packages/zed_interfaces/msg/_skeleton2_d.py
[14.059s] -- Symlinking: /home/mk/dev_ws/install/zed_interfaces/local/lib/python3.10/dist-packages/zed_interfaces/msg/_skeleton2_d_s.c
[14.075s] -- Symlinking: /home/mk/dev_ws/install/zed_interfaces/local/lib/python3.10/dist-packages/zed_interfaces/msg/_skeleton3_d.py
[14.090s] -- Symlinking: /home/mk/dev_ws/install/zed_interfaces/local/lib/python3.10/dist-packages/zed_interfaces/msg/_skeleton3_d_s.c
[14.099s] -- Symlinking: /home/mk/dev_ws/install/zed_interfaces/local/lib/python3.10/dist-packages/zed_interfaces/srv/__init__.py
[14.107s] -- Symlinking: /home/mk/dev_ws/install/zed_interfaces/local/lib/python3.10/dist-packages/zed_interfaces/srv/_set_pose.py
[14.112s] -- Symlinking: /home/mk/dev_ws/install/zed_interfaces/local/lib/python3.10/dist-packages/zed_interfaces/srv/_set_pose_s.c
[14.120s] -- Symlinking: /home/mk/dev_ws/install/zed_interfaces/local/lib/python3.10/dist-packages/zed_interfaces/srv/_set_roi.py
[14.128s] -- Symlinking: /home/mk/dev_ws/install/zed_interfaces/local/lib/python3.10/dist-packages/zed_interfaces/srv/_set_roi_s.c
[14.136s] -- Symlinking: /home/mk/dev_ws/install/zed_interfaces/local/lib/python3.10/dist-packages/zed_interfaces/srv/_start_svo_rec.py
[14.145s] -- Symlinking: /home/mk/dev_ws/install/zed_interfaces/local/lib/python3.10/dist-packages/zed_interfaces/srv/_start_svo_rec_s.c
[14.154s] -- Symlinking: /home/mk/dev_ws/install/zed_interfaces/local/lib/python3.10/dist-packages/zed_interfaces/zed_interfaces_s__rosidl_typesupport_c.cpython-310-x86_64-linux-gnu.so
[14.169s] -- Symlinking: /home/mk/dev_ws/install/zed_interfaces/local/lib/python3.10/dist-packages/zed_interfaces/zed_interfaces_s__rosidl_typesupport_fastrtps_c.cpython-310-x86_64-linux-gnu.so
[14.187s] -- Symlinking: /home/mk/dev_ws/install/zed_interfaces/local/lib/python3.10/dist-packages/zed_interfaces/zed_interfaces_s__rosidl_typesupport_introspection_c.cpython-310-x86_64-linux-gnu.so
[14.205s] -- Up-to-date symlink: /home/mk/dev_ws/install/zed_interfaces/local/lib/python3.10/dist-packages/zed_interfaces/zed_interfaces_s__rosidl_typesupport_fastrtps_c.cpython-310-x86_64-linux-gnu.so
[14.208s] -- Up-to-date symlink: /home/mk/dev_ws/install/zed_interfaces/local/lib/python3.10/dist-packages/zed_interfaces/zed_interfaces_s__rosidl_typesupport_introspection_c.cpython-310-x86_64-linux-gnu.so
[14.208s] -- Up-to-date symlink: /home/mk/dev_ws/install/zed_interfaces/local/lib/python3.10/dist-packages/zed_interfaces/zed_interfaces_s__rosidl_typesupport_c.cpython-310-x86_64-linux-gnu.so
[14.208s] -- Symlinking: /home/mk/dev_ws/install/zed_interfaces/share/ament_index/resource_index/rust_packages/zed_interfaces
[14.216s] -- Symlinking: /home/mk/dev_ws/install/zed_interfaces/share/zed_interfaces/rust/Cargo.toml
[14.223s] -- Symlinking: /home/mk/dev_ws/install/zed_interfaces/share/zed_interfaces/rust/build.rs
[14.232s] -- Symlinking: /home/mk/dev_ws/install/zed_interfaces/share/zed_interfaces/rust/src/lib.rs
[14.246s] -- Symlinking: /home/mk/dev_ws/install/zed_interfaces/share/zed_interfaces/rust/src/msg.rs
[14.257s] -- Symlinking: /home/mk/dev_ws/install/zed_interfaces/share/zed_interfaces/rust/src/msg/rmw.rs
[14.263s] -- Symlinking: /home/mk/dev_ws/install/zed_interfaces/share/zed_interfaces/rust/src/srv.rs
[14.276s] -- Symlinking: /home/mk/dev_ws/install/zed_interfaces/share/zed_interfaces/rust/src/srv/rmw.rs
[14.284s] -- Symlinking: /home/mk/dev_ws/install/zed_interfaces/share/zed_interfaces/msg/Object.idl
[14.292s] -- Symlinking: /home/mk/dev_ws/install/zed_interfaces/share/zed_interfaces/msg/ObjectsStamped.idl
[14.303s] -- Symlinking: /home/mk/dev_ws/install/zed_interfaces/share/zed_interfaces/msg/Keypoint2Di.idl
[14.308s] -- Symlinking: /home/mk/dev_ws/install/zed_interfaces/share/zed_interfaces/msg/Keypoint2Df.idl
[14.315s] -- Symlinking: /home/mk/dev_ws/install/zed_interfaces/share/zed_interfaces/msg/Keypoint3D.idl
[14.324s] -- Symlinking: /home/mk/dev_ws/install/zed_interfaces/share/zed_interfaces/msg/BoundingBox2Di.idl
[14.337s] -- Symlinking: /home/mk/dev_ws/install/zed_interfaces/share/zed_interfaces/msg/BoundingBox2Df.idl
[14.356s] -- Symlinking: /home/mk/dev_ws/install/zed_interfaces/share/zed_interfaces/msg/BoundingBox3D.idl
[14.363s] -- Symlinking: /home/mk/dev_ws/install/zed_interfaces/share/zed_interfaces/msg/Skeleton2D.idl
[14.371s] -- Symlinking: /home/mk/dev_ws/install/zed_interfaces/share/zed_interfaces/msg/Skeleton3D.idl
[14.382s] -- Symlinking: /home/mk/dev_ws/install/zed_interfaces/share/zed_interfaces/msg/DepthInfoStamped.idl
[14.392s] -- Symlinking: /home/mk/dev_ws/install/zed_interfaces/share/zed_interfaces/msg/PlaneStamped.idl
[14.398s] -- Symlinking: /home/mk/dev_ws/install/zed_interfaces/share/zed_interfaces/msg/PosTrackStatus.idl
[14.418s] -- Symlinking: /home/mk/dev_ws/install/zed_interfaces/share/zed_interfaces/msg/GnssFusionStatus.idl
[14.432s] -- Symlinking: /home/mk/dev_ws/install/zed_interfaces/share/zed_interfaces/msg/Heartbeat.idl
[14.449s] -- Symlinking: /home/mk/dev_ws/install/zed_interfaces/share/zed_interfaces/msg/MagHeadingStatus.idl
[14.468s] -- Symlinking: /home/mk/dev_ws/install/zed_interfaces/share/zed_interfaces/srv/SetPose.idl
[14.484s] -- Symlinking: /home/mk/dev_ws/install/zed_interfaces/share/zed_interfaces/srv/StartSvoRec.idl
[14.499s] -- Symlinking: /home/mk/dev_ws/install/zed_interfaces/share/zed_interfaces/srv/SetROI.idl
[14.517s] -- Symlinking: /home/mk/dev_ws/install/zed_interfaces/share/zed_interfaces/msg/Object.msg
[14.534s] -- Symlinking: /home/mk/dev_ws/install/zed_interfaces/share/zed_interfaces/msg/ObjectsStamped.msg
[14.549s] -- Symlinking: /home/mk/dev_ws/install/zed_interfaces/share/zed_interfaces/msg/Keypoint2Di.msg
[14.567s] -- Symlinking: /home/mk/dev_ws/install/zed_interfaces/share/zed_interfaces/msg/Keypoint2Df.msg
[14.581s] -- Symlinking: /home/mk/dev_ws/install/zed_interfaces/share/zed_interfaces/msg/Keypoint3D.msg
[14.596s] -- Symlinking: /home/mk/dev_ws/install/zed_interfaces/share/zed_interfaces/msg/BoundingBox2Di.msg
[14.614s] -- Symlinking: /home/mk/dev_ws/install/zed_interfaces/share/zed_interfaces/msg/BoundingBox2Df.msg
[14.627s] -- Symlinking: /home/mk/dev_ws/install/zed_interfaces/share/zed_interfaces/msg/BoundingBox3D.msg
[14.644s] -- Symlinking: /home/mk/dev_ws/install/zed_interfaces/share/zed_interfaces/msg/Skeleton2D.msg
[14.660s] -- Symlinking: /home/mk/dev_ws/install/zed_interfaces/share/zed_interfaces/msg/Skeleton3D.msg
[14.672s] -- Symlinking: /home/mk/dev_ws/install/zed_interfaces/share/zed_interfaces/msg/DepthInfoStamped.msg
[14.691s] -- Symlinking: /home/mk/dev_ws/install/zed_interfaces/share/zed_interfaces/msg/PlaneStamped.msg
[14.704s] -- Symlinking: /home/mk/dev_ws/install/zed_interfaces/share/zed_interfaces/msg/PosTrackStatus.msg
[14.725s] -- Symlinking: /home/mk/dev_ws/install/zed_interfaces/share/zed_interfaces/msg/GnssFusionStatus.msg
[14.743s] -- Symlinking: /home/mk/dev_ws/install/zed_interfaces/share/zed_interfaces/msg/Heartbeat.msg
[14.763s] -- Symlinking: /home/mk/dev_ws/install/zed_interfaces/share/zed_interfaces/msg/MagHeadingStatus.msg
[14.779s] -- Symlinking: /home/mk/dev_ws/install/zed_interfaces/share/zed_interfaces/srv/SetPose.srv
[14.797s] -- Symlinking: /home/mk/dev_ws/install/zed_interfaces/share/zed_interfaces/srv/SetPose_Request.msg
[14.815s] -- Symlinking: /home/mk/dev_ws/install/zed_interfaces/share/zed_interfaces/srv/SetPose_Response.msg
[14.826s] -- Symlinking: /home/mk/dev_ws/install/zed_interfaces/share/zed_interfaces/srv/StartSvoRec.srv
[14.838s] -- Symlinking: /home/mk/dev_ws/install/zed_interfaces/share/zed_interfaces/srv/StartSvoRec_Request.msg
[14.848s] -- Symlinking: /home/mk/dev_ws/install/zed_interfaces/share/zed_interfaces/srv/StartSvoRec_Response.msg
[14.858s] -- Symlinking: /home/mk/dev_ws/install/zed_interfaces/share/zed_interfaces/srv/SetROI.srv
[14.864s] -- Symlinking: /home/mk/dev_ws/install/zed_interfaces/share/zed_interfaces/srv/SetROI_Request.msg
[14.872s] -- Symlinking: /home/mk/dev_ws/install/zed_interfaces/share/zed_interfaces/srv/SetROI_Response.msg
[14.880s] -- Symlinking: /home/mk/dev_ws/install/zed_interfaces/share/zed_interfaces/meshes/virtual.stl
[14.888s] -- Symlinking: /home/mk/dev_ws/install/zed_interfaces/share/zed_interfaces/meshes/zed.stl
[14.897s] -- Symlinking: /home/mk/dev_ws/install/zed_interfaces/share/zed_interfaces/meshes/zed2.stl
[14.907s] -- Symlinking: /home/mk/dev_ws/install/zed_interfaces/share/zed_interfaces/meshes/zed2i.stl
[14.914s] -- Symlinking: /home/mk/dev_ws/install/zed_interfaces/share/zed_interfaces/meshes/zedm.stl
[14.924s] -- Symlinking: /home/mk/dev_ws/install/zed_interfaces/share/zed_interfaces/meshes/zedx.stl
[14.932s] -- Symlinking: /home/mk/dev_ws/install/zed_interfaces/share/zed_interfaces/meshes/zedxm.stl
[14.939s] -- Symlinking: /home/mk/dev_ws/install/zed_interfaces/share/ament_index/resource_index/package_run_dependencies/zed_interfaces
[14.947s] -- Symlinking: /home/mk/dev_ws/install/zed_interfaces/share/ament_index/resource_index/parent_prefix_path/zed_interfaces
[14.956s] -- Symlinking: /home/mk/dev_ws/install/zed_interfaces/share/zed_interfaces/environment/ament_prefix_path.sh
[14.963s] -- Symlinking: /home/mk/dev_ws/install/zed_interfaces/share/zed_interfaces/environment/ament_prefix_path.dsv
[14.972s] -- Symlinking: /home/mk/dev_ws/install/zed_interfaces/share/zed_interfaces/environment/path.sh
[14.978s] -- Symlinking: /home/mk/dev_ws/install/zed_interfaces/share/zed_interfaces/environment/path.dsv
[14.986s] -- Symlinking: /home/mk/dev_ws/install/zed_interfaces/share/zed_interfaces/local_setup.bash
[14.997s] -- Symlinking: /home/mk/dev_ws/install/zed_interfaces/share/zed_interfaces/local_setup.sh
[15.011s] -- Symlinking: /home/mk/dev_ws/install/zed_interfaces/share/zed_interfaces/local_setup.zsh
[15.027s] -- Symlinking: /home/mk/dev_ws/install/zed_interfaces/share/zed_interfaces/local_setup.dsv
[15.043s] -- Symlinking: /home/mk/dev_ws/install/zed_interfaces/share/zed_interfaces/package.dsv
[15.060s] -- Symlinking: /home/mk/dev_ws/install/zed_interfaces/share/ament_index/resource_index/packages/zed_interfaces
[15.076s] -- Symlinking: /home/mk/dev_ws/install/zed_interfaces/share/zed_interfaces/cmake/rosidl_cmake-extras.cmake
[15.092s] -- Symlinking: /home/mk/dev_ws/install/zed_interfaces/share/zed_interfaces/cmake/ament_cmake_export_dependencies-extras.cmake
[15.110s] -- Symlinking: /home/mk/dev_ws/install/zed_interfaces/share/zed_interfaces/cmake/ament_cmake_export_include_directories-extras.cmake
[15.128s] -- Symlinking: /home/mk/dev_ws/install/zed_interfaces/share/zed_interfaces/cmake/ament_cmake_export_libraries-extras.cmake
[15.143s] -- Symlinking: /home/mk/dev_ws/install/zed_interfaces/share/zed_interfaces/cmake/ament_cmake_export_targets-extras.cmake
[15.160s] -- Symlinking: /home/mk/dev_ws/install/zed_interfaces/share/zed_interfaces/cmake/rosidl_cmake_export_typesupport_targets-extras.cmake
[15.169s] -- Symlinking: /home/mk/dev_ws/install/zed_interfaces/share/zed_interfaces/cmake/rosidl_cmake_export_typesupport_libraries-extras.cmake
[15.178s] -- Symlinking: /home/mk/dev_ws/install/zed_interfaces/share/zed_interfaces/cmake/zed_interfacesConfig.cmake
[15.187s] -- Symlinking: /home/mk/dev_ws/install/zed_interfaces/share/zed_interfaces/cmake/zed_interfacesConfig-version.cmake
[15.194s] -- Symlinking: /home/mk/dev_ws/install/zed_interfaces/share/zed_interfaces/package.xml
[15.201s] -- Installing: /home/mk/dev_ws/install/zed_interfaces/lib/libzed_interfaces__rosidl_generator_c.so
[15.202s] -- Set runtime path of "/home/mk/dev_ws/install/zed_interfaces/lib/libzed_interfaces__rosidl_generator_c.so" to ""
[15.202s] -- Installing: /home/mk/dev_ws/install/zed_interfaces/lib/libzed_interfaces__rosidl_typesupport_fastrtps_c.so
[15.203s] -- Set runtime path of "/home/mk/dev_ws/install/zed_interfaces/lib/libzed_interfaces__rosidl_typesupport_fastrtps_c.so" to ""
[15.203s] -- Installing: /home/mk/dev_ws/install/zed_interfaces/lib/libzed_interfaces__rosidl_typesupport_fastrtps_cpp.so
[15.204s] -- Set runtime path of "/home/mk/dev_ws/install/zed_interfaces/lib/libzed_interfaces__rosidl_typesupport_fastrtps_cpp.so" to ""
[15.204s] -- Installing: /home/mk/dev_ws/install/zed_interfaces/lib/libzed_interfaces__rosidl_typesupport_introspection_c.so
[15.204s] -- Set runtime path of "/home/mk/dev_ws/install/zed_interfaces/lib/libzed_interfaces__rosidl_typesupport_introspection_c.so" to ""
[15.204s] -- Installing: /home/mk/dev_ws/install/zed_interfaces/lib/libzed_interfaces__rosidl_typesupport_c.so
[15.205s] -- Set runtime path of "/home/mk/dev_ws/install/zed_interfaces/lib/libzed_interfaces__rosidl_typesupport_c.so" to ""
[15.206s] -- Installing: /home/mk/dev_ws/install/zed_interfaces/lib/libzed_interfaces__rosidl_typesupport_introspection_cpp.so
[15.206s] -- Set runtime path of "/home/mk/dev_ws/install/zed_interfaces/lib/libzed_interfaces__rosidl_typesupport_introspection_cpp.so" to ""
[15.206s] -- Installing: /home/mk/dev_ws/install/zed_interfaces/lib/libzed_interfaces__rosidl_typesupport_cpp.so
[15.206s] -- Set runtime path of "/home/mk/dev_ws/install/zed_interfaces/lib/libzed_interfaces__rosidl_typesupport_cpp.so" to ""
[15.247s] Listing '/home/mk/dev_ws/install/zed_interfaces/local/lib/python3.10/dist-packages/zed_interfaces'...
[15.247s] Compiling '/home/mk/dev_ws/install/zed_interfaces/local/lib/python3.10/dist-packages/zed_interfaces/__init__.py'...
[15.247s] Listing '/home/mk/dev_ws/install/zed_interfaces/local/lib/python3.10/dist-packages/zed_interfaces/msg'...
[15.247s] Compiling '/home/mk/dev_ws/install/zed_interfaces/local/lib/python3.10/dist-packages/zed_interfaces/msg/__init__.py'...
[15.247s] Compiling '/home/mk/dev_ws/install/zed_interfaces/local/lib/python3.10/dist-packages/zed_interfaces/msg/_bounding_box2_df.py'...
[15.247s] Compiling '/home/mk/dev_ws/install/zed_interfaces/local/lib/python3.10/dist-packages/zed_interfaces/msg/_bounding_box2_di.py'...
[15.247s] Compiling '/home/mk/dev_ws/install/zed_interfaces/local/lib/python3.10/dist-packages/zed_interfaces/msg/_bounding_box3_d.py'...
[15.247s] Compiling '/home/mk/dev_ws/install/zed_interfaces/local/lib/python3.10/dist-packages/zed_interfaces/msg/_depth_info_stamped.py'...
[15.247s] Compiling '/home/mk/dev_ws/install/zed_interfaces/local/lib/python3.10/dist-packages/zed_interfaces/msg/_gnss_fusion_status.py'...
[15.247s] Compiling '/home/mk/dev_ws/install/zed_interfaces/local/lib/python3.10/dist-packages/zed_interfaces/msg/_heartbeat.py'...
[15.247s] Compiling '/home/mk/dev_ws/install/zed_interfaces/local/lib/python3.10/dist-packages/zed_interfaces/msg/_keypoint2_df.py'...
[15.248s] Compiling '/home/mk/dev_ws/install/zed_interfaces/local/lib/python3.10/dist-packages/zed_interfaces/msg/_keypoint2_di.py'...
[15.248s] Compiling '/home/mk/dev_ws/install/zed_interfaces/local/lib/python3.10/dist-packages/zed_interfaces/msg/_keypoint3_d.py'...
[15.248s] Compiling '/home/mk/dev_ws/install/zed_interfaces/local/lib/python3.10/dist-packages/zed_interfaces/msg/_mag_heading_status.py'...
[15.248s] Compiling '/home/mk/dev_ws/install/zed_interfaces/local/lib/python3.10/dist-packages/zed_interfaces/msg/_object.py'...
[15.248s] Compiling '/home/mk/dev_ws/install/zed_interfaces/local/lib/python3.10/dist-packages/zed_interfaces/msg/_objects_stamped.py'...
[15.248s] Compiling '/home/mk/dev_ws/install/zed_interfaces/local/lib/python3.10/dist-packages/zed_interfaces/msg/_plane_stamped.py'...
[15.248s] Compiling '/home/mk/dev_ws/install/zed_interfaces/local/lib/python3.10/dist-packages/zed_interfaces/msg/_pos_track_status.py'...
[15.248s] Compiling '/home/mk/dev_ws/install/zed_interfaces/local/lib/python3.10/dist-packages/zed_interfaces/msg/_skeleton2_d.py'...
[15.248s] Compiling '/home/mk/dev_ws/install/zed_interfaces/local/lib/python3.10/dist-packages/zed_interfaces/msg/_skeleton3_d.py'...
[15.248s] Listing '/home/mk/dev_ws/install/zed_interfaces/local/lib/python3.10/dist-packages/zed_interfaces/srv'...
[15.248s] Compiling '/home/mk/dev_ws/install/zed_interfaces/local/lib/python3.10/dist-packages/zed_interfaces/srv/__init__.py'...
[15.248s] Compiling '/home/mk/dev_ws/install/zed_interfaces/local/lib/python3.10/dist-packages/zed_interfaces/srv/_set_pose.py'...
[15.248s] Compiling '/home/mk/dev_ws/install/zed_interfaces/local/lib/python3.10/dist-packages/zed_interfaces/srv/_set_roi.py'...
[15.248s] Compiling '/home/mk/dev_ws/install/zed_interfaces/local/lib/python3.10/dist-packages/zed_interfaces/srv/_start_svo_rec.py'...
[15.252s] -- Installing: /home/mk/dev_ws/install/zed_interfaces/lib/libzed_interfaces__rosidl_generator_py.so
[15.252s] -- Set runtime path of "/home/mk/dev_ws/install/zed_interfaces/lib/libzed_interfaces__rosidl_generator_py.so" to ""
[15.252s] -- Installing: /home/mk/dev_ws/install/zed_interfaces/share/zed_interfaces/cmake/export_zed_interfaces__rosidl_generator_cExport.cmake
[15.252s] -- Installing: /home/mk/dev_ws/install/zed_interfaces/share/zed_interfaces/cmake/export_zed_interfaces__rosidl_generator_cExport-noconfig.cmake
[15.252s] -- Installing: /home/mk/dev_ws/install/zed_interfaces/share/zed_interfaces/cmake/export_zed_interfaces__rosidl_typesupport_fastrtps_cExport.cmake
[15.252s] -- Installing: /home/mk/dev_ws/install/zed_interfaces/share/zed_interfaces/cmake/export_zed_interfaces__rosidl_typesupport_fastrtps_cExport-noconfig.cmake
[15.253s] -- Installing: /home/mk/dev_ws/install/zed_interfaces/share/zed_interfaces/cmake/export_zed_interfaces__rosidl_generator_cppExport.cmake
[15.253s] -- Installing: /home/mk/dev_ws/install/zed_interfaces/share/zed_interfaces/cmake/export_zed_interfaces__rosidl_typesupport_fastrtps_cppExport.cmake
[15.253s] -- Installing: /home/mk/dev_ws/install/zed_interfaces/share/zed_interfaces/cmake/export_zed_interfaces__rosidl_typesupport_fastrtps_cppExport-noconfig.cmake
[15.253s] -- Installing: /home/mk/dev_ws/install/zed_interfaces/share/zed_interfaces/cmake/zed_interfaces__rosidl_typesupport_introspection_cExport.cmake
[15.253s] -- Installing: /home/mk/dev_ws/install/zed_interfaces/share/zed_interfaces/cmake/zed_interfaces__rosidl_typesupport_introspection_cExport-noconfig.cmake
[15.253s] -- Installing: /home/mk/dev_ws/install/zed_interfaces/share/zed_interfaces/cmake/zed_interfaces__rosidl_typesupport_cExport.cmake
[15.253s] -- Installing: /home/mk/dev_ws/install/zed_interfaces/share/zed_interfaces/cmake/zed_interfaces__rosidl_typesupport_cExport-noconfig.cmake
[15.253s] -- Installing: /home/mk/dev_ws/install/zed_interfaces/share/zed_interfaces/cmake/zed_interfaces__rosidl_typesupport_introspection_cppExport.cmake
[15.253s] -- Installing: /home/mk/dev_ws/install/zed_interfaces/share/zed_interfaces/cmake/zed_interfaces__rosidl_typesupport_introspection_cppExport-noconfig.cmake
[15.253s] -- Installing: /home/mk/dev_ws/install/zed_interfaces/share/zed_interfaces/cmake/zed_interfaces__rosidl_typesupport_cppExport.cmake
[15.253s] -- Installing: /home/mk/dev_ws/install/zed_interfaces/share/zed_interfaces/cmake/zed_interfaces__rosidl_typesupport_cppExport-noconfig.cmake
[15.253s] -- Installing: /home/mk/dev_ws/install/zed_interfaces/share/zed_interfaces/cmake/export_zed_interfaces__rosidl_generator_pyExport.cmake
[15.253s] -- Installing: /home/mk/dev_ws/install/zed_interfaces/share/zed_interfaces/cmake/export_zed_interfaces__rosidl_generator_pyExport-noconfig.cmake
[15.256s] Invoked command in '/home/mk/dev_ws/build/zed_interfaces' returned '0': CMAKE_PREFIX_PATH=/opt/ros/humble /usr/bin/cmake --install /home/mk/dev_ws/build/zed_interfaces
