[0.302s] Invoking command in '/home/mk/dev_ws/build/rviz_robot_control_panel': AMENT_PREFIX_PATH=/home/mk/dev_ws/install/xarm_msgs:${AMENT_PREFIX_PATH} CMAKE_PREFIX_PATH=/home/mk/dev_ws/install/xarm_msgs:/opt/ros/humble LD_LIBRARY_PATH=/home/mk/dev_ws/install/xarm_msgs/lib:${LD_LIBRARY_PATH} PYTHONPATH=/home/mk/dev_ws/install/xarm_msgs/local/lib/python3.10/dist-packages:${PYTHONPATH} /usr/bin/cmake /home/mk/dev_ws/src/rviz_robot_control_panel -DAMENT_CMAKE_SYMLINK_INSTALL=1 -DCMAKE_INSTALL_PREFIX=/home/mk/dev_ws/install/rviz_robot_control_panel
[0.334s] -- The C compiler identification is GNU 11.4.0
[0.372s] -- The CXX compiler identification is GNU 11.4.0
[0.378s] -- Detecting C compiler ABI info
[0.430s] -- Detecting C compiler ABI info - done
[0.434s] -- Check for working C compiler: /usr/bin/cc - skipped
[0.434s] -- Detecting C compile features
[0.434s] -- Detecting C compile features - done
[0.436s] -- Detecting CXX compiler ABI info
[0.491s] -- Detecting CXX compiler ABI info - done
[0.497s] -- Check for working CXX compiler: /usr/bin/c++ - skipped
[0.497s] -- Detecting CXX compile features
[0.497s] -- Detecting CXX compile features - done
[0.499s] -- Found ament_cmake: 1.3.14 (/opt/ros/humble/share/ament_cmake/cmake)
[0.603s] -- Found Python3: /usr/bin/python3 (found version "3.10.12") found components: Interpreter 
[0.640s] -- Override CMake install command with custom implementation using symlinks instead of copying resources
[0.656s] -- Found rclcpp: 16.0.19 (/opt/ros/humble/share/rclcpp/cmake)
[0.681s] -- Found rosidl_generator_c: 3.1.8 (/opt/ros/humble/share/rosidl_generator_c/cmake)
[0.683s] -- Found rosidl_adapter: 3.1.8 (/opt/ros/humble/share/rosidl_adapter/cmake)
[0.688s] -- Found rosidl_generator_cpp: 3.1.8 (/opt/ros/humble/share/rosidl_generator_cpp/cmake)
[0.695s] -- Using all available rosidl_typesupport_c: rosidl_typesupport_fastrtps_c;rosidl_typesupport_introspection_c
[0.704s] -- Using all available rosidl_typesupport_cpp: rosidl_typesupport_fastrtps_cpp;rosidl_typesupport_introspection_cpp
[0.727s] -- Found rmw_implementation_cmake: 6.1.2 (/opt/ros/humble/share/rmw_implementation_cmake/cmake)
[0.729s] -- Found rmw_cyclonedds_cpp: 1.3.4 (/opt/ros/humble/share/rmw_cyclonedds_cpp/cmake)
[0.740s] -- Using RMW implementation 'rmw_cyclonedds_cpp' as default
[0.745s] -- Looking for pthread.h
[0.794s] -- Looking for pthread.h - found
[0.794s] -- Performing Test CMAKE_HAVE_LIBC_PTHREAD
[0.844s] -- Performing Test CMAKE_HAVE_LIBC_PTHREAD - Success
[0.844s] -- Found Threads: TRUE  
[0.877s] -- Found rviz_common: 11.2.26 (/opt/ros/humble/share/rviz_common/cmake)
[0.889s] -- Setting assimp_DIR to: '/opt/ros/humble/share/rviz_assimp_vendor/cmake/../../../opt/rviz_assimp_vendor/lib/cmake/assimp-4.1'
[0.893s] -- Setting OGRE_DIR to: '/opt/ros/humble/share/rviz_ogre_vendor/cmake/../../../opt/rviz_ogre_vendor/lib/OGRE/cmake'
[0.894s] -- Found OGRE
[0.894s] --   static     : OFF
[0.894s] --   components : HLMS;MeshLodGenerator;Overlay;Paging;Property;RTShaderSystem;Terrain;Volume
[0.894s] --   plugins    : Plugin_BSPSceneManager;Plugin_OctreeSceneManager;Plugin_PCZSceneManager;Plugin_ParticleFX;RenderSystem_GL;RenderSystem_GL3Plus;Codec_STBI
[0.895s] --   media      : /opt/ros/humble/opt/rviz_ogre_vendor/share/OGRE/Media
[0.895s] -- OGRE_LIBRARIES: OgreHLMS;OgreMeshLodGenerator;OgreOverlay;OgrePaging;OgreProperty;OgreRTShaderSystem;OgreTerrain;OgreVolume;OgreMain
[0.895s] -- OGRE_LIBRARY_DIRS: /opt/ros/humble/opt/rviz_ogre_vendor/lib
[0.895s] -- OGRE_PLUGINS: Plugin_BSPSceneManager;Plugin_OctreeSceneManager;Plugin_PCZSceneManager;Plugin_ParticleFX;RenderSystem_GL;RenderSystem_GL3Plus;Codec_STBI
[0.895s] -- OGRE_PLUGIN_DIR: /opt/ros/humble/opt/rviz_ogre_vendor/lib/OGRE
[0.895s] -- rviz_ogre_vendor::OgreOverlay for IMPORTED_LOCATION_RELEASE: /opt/ros/humble/opt/rviz_ogre_vendor/lib/libOgreOverlay.so
[0.895s] -- rviz_ogre_vendor::OgreOverlay for IMPORTED_LOCATION_DEBUG: /opt/ros/humble/opt/rviz_ogre_vendor/lib/libOgreOverlay.so
[0.895s] -- rviz_ogre_vendor::OgreMain for IMPORTED_LOCATION_RELEASE: /opt/ros/humble/opt/rviz_ogre_vendor/lib/libOgreMain.so
[0.895s] -- rviz_ogre_vendor::OgreMain for IMPORTED_LOCATION_DEBUG: /opt/ros/humble/opt/rviz_ogre_vendor/lib/libOgreMain.so
[0.914s] -- Found ZLIB: /usr/lib/x86_64-linux-gnu/libz.so (found version "1.2.11") 
[0.918s] -- Found OpenGL: /usr/lib/x86_64-linux-gnu/libOpenGL.so   
[0.976s] -- Found X11: /usr/include   
[0.976s] -- Looking for XOpenDisplay in /usr/lib/x86_64-linux-gnu/libX11.so;/usr/lib/x86_64-linux-gnu/libXext.so
[1.037s] -- Looking for XOpenDisplay in /usr/lib/x86_64-linux-gnu/libX11.so;/usr/lib/x86_64-linux-gnu/libXext.so - found
[1.037s] -- Looking for gethostbyname
[1.095s] -- Looking for gethostbyname - found
[1.095s] -- Looking for connect
[1.148s] -- Looking for connect - found
[1.148s] -- Looking for remove
[1.202s] -- Looking for remove - found
[1.202s] -- Looking for shmat
[1.252s] -- Looking for shmat - found
[1.252s] -- Looking for IceConnectionNumber in ICE
[1.304s] -- Looking for IceConnectionNumber in ICE - found
[1.362s] -- library: /usr/lib/x86_64-linux-gnu/libcurl.so
[1.410s] -- Found Eigen3: TRUE (found version "3.4.0") 
[1.410s] -- Ensuring Eigen3 include directory is part of orocos-kdl CMake target
[1.473s] -- Found std_srvs: 4.9.1 (/opt/ros/humble/share/std_srvs/cmake)
[1.478s] -- Found moveit_ros_planning_interface: 2.5.9 (/opt/ros/humble/share/moveit_ros_planning_interface/cmake)
[1.491s] -- Found Boost: /usr/lib/x86_64-linux-gnu/cmake/Boost-1.74.0/BoostConfig.cmake (found version "1.74.0") found components: date_time filesystem program_options system thread 
[1.567s] -- Found Boost: /usr/lib/x86_64-linux-gnu/cmake/Boost-1.74.0/BoostConfig.cmake (found version "1.74.0") found components: chrono date_time filesystem iostreams program_options regex serialization system thread 
[1.589s] -- Found parameter_traits: 0.7.1 (/opt/ros/humble/share/parameter_traits/cmake)
[1.599s] -- Found rclcpp_lifecycle: 16.0.19 (/opt/ros/humble/share/rclcpp_lifecycle/cmake)
[1.616s] -- Found Boost: /usr/lib/x86_64-linux-gnu/cmake/Boost-1.74.0/BoostConfig.cmake (found version "1.74.0") found components: filesystem 
[1.659s] -- Found Boost: /usr/lib/x86_64-linux-gnu/cmake/Boost-1.74.0/BoostConfig.cmake (found version "1.74.0") found components: system filesystem date_time program_options thread chrono 
[1.679s] -- Found Boost: /usr/lib/x86_64-linux-gnu/cmake/Boost-1.74.0/BoostConfig.cmake (found version "1.74.0") found components: thread system filesystem regex date_time program_options 
[1.741s] -- Found Boost: /usr/lib/x86_64-linux-gnu/cmake/Boost-1.74.0/BoostConfig.cmake (found version "1.74.0") found components: system filesystem date_time program_options thread 
[1.761s] -- Found xarm_msgs: 0.0.0 (/home/mk/dev_ws/install/xarm_msgs/share/xarm_msgs/cmake)
[1.847s] -- Configuring done
[1.891s] -- Generating done
[1.896s] -- Build files have been written to: /home/mk/dev_ws/build/rviz_robot_control_panel
[1.906s] Invoked command in '/home/mk/dev_ws/build/rviz_robot_control_panel' returned '0': AMENT_PREFIX_PATH=/home/mk/dev_ws/install/xarm_msgs:${AMENT_PREFIX_PATH} CMAKE_PREFIX_PATH=/home/mk/dev_ws/install/xarm_msgs:/opt/ros/humble LD_LIBRARY_PATH=/home/mk/dev_ws/install/xarm_msgs/lib:${LD_LIBRARY_PATH} PYTHONPATH=/home/mk/dev_ws/install/xarm_msgs/local/lib/python3.10/dist-packages:${PYTHONPATH} /usr/bin/cmake /home/mk/dev_ws/src/rviz_robot_control_panel -DAMENT_CMAKE_SYMLINK_INSTALL=1 -DCMAKE_INSTALL_PREFIX=/home/mk/dev_ws/install/rviz_robot_control_panel
[1.907s] Invoking command in '/home/mk/dev_ws/build/rviz_robot_control_panel': AMENT_PREFIX_PATH=/home/mk/dev_ws/install/xarm_msgs:${AMENT_PREFIX_PATH} CMAKE_PREFIX_PATH=/home/mk/dev_ws/install/xarm_msgs:/opt/ros/humble LD_LIBRARY_PATH=/home/mk/dev_ws/install/xarm_msgs/lib:${LD_LIBRARY_PATH} PYTHONPATH=/home/mk/dev_ws/install/xarm_msgs/local/lib/python3.10/dist-packages:${PYTHONPATH} /usr/bin/cmake --build /home/mk/dev_ws/build/rviz_robot_control_panel -- -j20 -l20
[1.948s] [ 25%] [34m[1mAutomatic MOC and UIC for target rviz_robot_control_panel[0m
[2.608s] [ 25%] Built target rviz_robot_control_panel_autogen
[2.624s] [ 75%] [32mBuilding CXX object CMakeFiles/rviz_robot_control_panel.dir/rviz_robot_control_panel_autogen/mocs_compilation.cpp.o[0m
[2.624s] [ 75%] [32mBuilding CXX object CMakeFiles/rviz_robot_control_panel.dir/src/rviz_robot_control_panel.cpp.o[0m
[15.611s] [100%] [32m[1mLinking CXX shared library librviz_robot_control_panel.so[0m
[17.557s] [100%] Built target rviz_robot_control_panel
[17.567s] Invoked command in '/home/mk/dev_ws/build/rviz_robot_control_panel' returned '0': AMENT_PREFIX_PATH=/home/mk/dev_ws/install/xarm_msgs:${AMENT_PREFIX_PATH} CMAKE_PREFIX_PATH=/home/mk/dev_ws/install/xarm_msgs:/opt/ros/humble LD_LIBRARY_PATH=/home/mk/dev_ws/install/xarm_msgs/lib:${LD_LIBRARY_PATH} PYTHONPATH=/home/mk/dev_ws/install/xarm_msgs/local/lib/python3.10/dist-packages:${PYTHONPATH} /usr/bin/cmake --build /home/mk/dev_ws/build/rviz_robot_control_panel -- -j20 -l20
[17.567s] Invoking command in '/home/mk/dev_ws/build/rviz_robot_control_panel': AMENT_PREFIX_PATH=/home/mk/dev_ws/install/xarm_msgs:${AMENT_PREFIX_PATH} CMAKE_PREFIX_PATH=/home/mk/dev_ws/install/xarm_msgs:/opt/ros/humble LD_LIBRARY_PATH=/home/mk/dev_ws/install/xarm_msgs/lib:${LD_LIBRARY_PATH} PYTHONPATH=/home/mk/dev_ws/install/xarm_msgs/local/lib/python3.10/dist-packages:${PYTHONPATH} /usr/bin/cmake --install /home/mk/dev_ws/build/rviz_robot_control_panel
[17.574s] -- Install configuration: ""
[17.574s] -- Execute custom install script
[17.575s] -- Symlinking: /home/mk/dev_ws/install/rviz_robot_control_panel/share/rviz_robot_control_panel//plugin_description.xml
[17.581s] -- Symlinking: /home/mk/dev_ws/install/rviz_robot_control_panel/lib/librviz_robot_control_panel.so
[17.586s] -- Symlinking: /home/mk/dev_ws/install/rviz_robot_control_panel/include/rviz_robot_control_panel/rviz_robot_control_panel.hpp
[17.592s] -- Up-to-date symlink: /home/mk/dev_ws/install/rviz_robot_control_panel/share/rviz_robot_control_panel/plugin_description.xml
[17.592s] -- Symlinking: /home/mk/dev_ws/install/rviz_robot_control_panel/share/rviz_robot_control_panel/environment/library_path.sh
[17.599s] -- Symlinking: /home/mk/dev_ws/install/rviz_robot_control_panel/share/rviz_robot_control_panel/environment/library_path.dsv
[17.604s] -- Symlinking: /home/mk/dev_ws/install/rviz_robot_control_panel/share/ament_index/resource_index/package_run_dependencies/rviz_robot_control_panel
[17.610s] -- Symlinking: /home/mk/dev_ws/install/rviz_robot_control_panel/share/ament_index/resource_index/parent_prefix_path/rviz_robot_control_panel
[17.616s] -- Symlinking: /home/mk/dev_ws/install/rviz_robot_control_panel/share/rviz_robot_control_panel/environment/ament_prefix_path.sh
[17.622s] -- Symlinking: /home/mk/dev_ws/install/rviz_robot_control_panel/share/rviz_robot_control_panel/environment/ament_prefix_path.dsv
[17.629s] -- Symlinking: /home/mk/dev_ws/install/rviz_robot_control_panel/share/rviz_robot_control_panel/environment/path.sh
[17.636s] -- Symlinking: /home/mk/dev_ws/install/rviz_robot_control_panel/share/rviz_robot_control_panel/environment/path.dsv
[17.641s] -- Symlinking: /home/mk/dev_ws/install/rviz_robot_control_panel/share/rviz_robot_control_panel/local_setup.bash
[17.648s] -- Symlinking: /home/mk/dev_ws/install/rviz_robot_control_panel/share/rviz_robot_control_panel/local_setup.sh
[17.655s] -- Symlinking: /home/mk/dev_ws/install/rviz_robot_control_panel/share/rviz_robot_control_panel/local_setup.zsh
[17.661s] -- Symlinking: /home/mk/dev_ws/install/rviz_robot_control_panel/share/rviz_robot_control_panel/local_setup.dsv
[17.666s] -- Symlinking: /home/mk/dev_ws/install/rviz_robot_control_panel/share/rviz_robot_control_panel/package.dsv
[17.671s] -- Symlinking: /home/mk/dev_ws/install/rviz_robot_control_panel/share/ament_index/resource_index/packages/rviz_robot_control_panel
[17.677s] -- Symlinking: /home/mk/dev_ws/install/rviz_robot_control_panel/share/ament_index/resource_index/rviz_common__pluginlib__plugin/rviz_robot_control_panel
[17.683s] -- Symlinking: /home/mk/dev_ws/install/rviz_robot_control_panel/share/rviz_robot_control_panel/cmake/ament_cmake_export_include_directories-extras.cmake
[17.689s] -- Symlinking: /home/mk/dev_ws/install/rviz_robot_control_panel/share/rviz_robot_control_panel/cmake/ament_cmake_export_libraries-extras.cmake
[17.696s] -- Symlinking: /home/mk/dev_ws/install/rviz_robot_control_panel/share/rviz_robot_control_panel/cmake/ament_cmake_export_dependencies-extras.cmake
[17.701s] -- Symlinking: /home/mk/dev_ws/install/rviz_robot_control_panel/share/rviz_robot_control_panel/cmake/rviz_robot_control_panelConfig.cmake
[17.706s] -- Symlinking: /home/mk/dev_ws/install/rviz_robot_control_panel/share/rviz_robot_control_panel/cmake/rviz_robot_control_panelConfig-version.cmake
[17.712s] -- Symlinking: /home/mk/dev_ws/install/rviz_robot_control_panel/share/rviz_robot_control_panel/package.xml
[17.720s] Invoked command in '/home/mk/dev_ws/build/rviz_robot_control_panel' returned '0': AMENT_PREFIX_PATH=/home/mk/dev_ws/install/xarm_msgs:${AMENT_PREFIX_PATH} CMAKE_PREFIX_PATH=/home/mk/dev_ws/install/xarm_msgs:/opt/ros/humble LD_LIBRARY_PATH=/home/mk/dev_ws/install/xarm_msgs/lib:${LD_LIBRARY_PATH} PYTHONPATH=/home/mk/dev_ws/install/xarm_msgs/local/lib/python3.10/dist-packages:${PYTHONPATH} /usr/bin/cmake --install /home/mk/dev_ws/build/rviz_robot_control_panel
