[0.879s] Invoking command in '/home/mk/dev_ws/build/my_3d_vision_bringup': CMAKE_PREFIX_PATH=${CMAKE_PREFIX_PATH}:/home/mk/dev_ws/install/yolo_object_detector:/home/mk/dev_ws/install/move_to_coordinator:/home/mk/dev_ws/install/motion_sequence:/home/mk/dev_ws/install/whisper_demos:/home/mk/dev_ws/install/voice_command_listener:/home/mk/dev_ws/install/uf_ros_lib:/home/mk/dev_ws/install/rviz_servo_status_overlay:/home/mk/dev_ws/install/rviz_marker_static_scene_objects:/home/mk/dev_ws/install/robot_motion_handler_movegroup:/home/mk/dev_ws/install/gaze_control:/home/mk/dev_ws/install/collision_check:/home/mk/dev_ws/install/audio_listener:/opt/ros/humble /usr/bin/cmake /home/mk/dev_ws/src/my_3d_vision_bringup -DCMAKE_INSTALL_PREFIX=/home/mk/dev_ws/install/my_3d_vision_bringup
[1.565s] -- Found ament_cmake: 1.3.14 (/opt/ros/humble/share/ament_cmake/cmake)
[1.565s] -- Override CMake install command with custom implementation using symlinks instead of copying resources
[1.565s] -- Found rosidl_default_generators: 1.2.1 (/opt/ros/humble/share/rosidl_default_generators/cmake)
[1.565s] -- Using all available rosidl_typesupport_c: rosidl_typesupport_fastrtps_c;rosidl_typesupport_introspection_c
[1.565s] -- Found rosidl_adapter: 3.1.8 (/opt/ros/humble/share/rosidl_adapter/cmake)
[1.565s] -- Using all available rosidl_typesupport_cpp: rosidl_typesupport_fastrtps_cpp;rosidl_typesupport_introspection_cpp
[1.565s] -- Found ament_cmake_ros: 0.10.0 (/opt/ros/humble/share/ament_cmake_ros/cmake)
[1.565s] -- Using all available rosidl_typesupport_c: rosidl_typesupport_fastrtps_c;rosidl_typesupport_introspection_c
[1.794s] -- Using all available rosidl_typesupport_cpp: rosidl_typesupport_fastrtps_cpp;rosidl_typesupport_introspection_cpp
[1.829s] -- Found python_cmake_module: 0.10.0 (/opt/ros/humble/share/python_cmake_module/cmake)
[1.890s] -- Using PYTHON_EXECUTABLE: /usr/bin/python3
[1.890s] -- Using PYTHON_INCLUDE_DIRS: /usr/include/python3.10
[1.890s] -- Using PYTHON_LIBRARIES: /usr/lib/x86_64-linux-gnu/libpython3.10.so
[2.054s] -- Found ament_lint_auto: 0.12.15 (/opt/ros/humble/share/ament_lint_auto/cmake)
[2.075s] -- Added test 'flake8' to check Python code syntax and style conventions
[2.076s] -- Added test 'lint_cmake' to check CMake code style
[2.077s] -- Added test 'pep257' to check Python code against some of the docstring style conventions in PEP 257
[2.078s] -- Added test 'xmllint' to check XML markup files
[2.083s] -- Configuring done
[2.141s] -- Generating done
[2.155s] -- Build files have been written to: /home/mk/dev_ws/build/my_3d_vision_bringup
[2.261s] Invoked command in '/home/mk/dev_ws/build/my_3d_vision_bringup' returned '0': CMAKE_PREFIX_PATH=${CMAKE_PREFIX_PATH}:/home/mk/dev_ws/install/yolo_object_detector:/home/mk/dev_ws/install/move_to_coordinator:/home/mk/dev_ws/install/motion_sequence:/home/mk/dev_ws/install/whisper_demos:/home/mk/dev_ws/install/voice_command_listener:/home/mk/dev_ws/install/uf_ros_lib:/home/mk/dev_ws/install/rviz_servo_status_overlay:/home/mk/dev_ws/install/rviz_marker_static_scene_objects:/home/mk/dev_ws/install/robot_motion_handler_movegroup:/home/mk/dev_ws/install/gaze_control:/home/mk/dev_ws/install/collision_check:/home/mk/dev_ws/install/audio_listener:/opt/ros/humble /usr/bin/cmake /home/mk/dev_ws/src/my_3d_vision_bringup -DCMAKE_INSTALL_PREFIX=/home/mk/dev_ws/install/my_3d_vision_bringup
[2.262s] Invoking command in '/home/mk/dev_ws/build/my_3d_vision_bringup': CMAKE_PREFIX_PATH=${CMAKE_PREFIX_PATH}:/home/mk/dev_ws/install/yolo_object_detector:/home/mk/dev_ws/install/move_to_coordinator:/home/mk/dev_ws/install/motion_sequence:/home/mk/dev_ws/install/whisper_demos:/home/mk/dev_ws/install/voice_command_listener:/home/mk/dev_ws/install/uf_ros_lib:/home/mk/dev_ws/install/rviz_servo_status_overlay:/home/mk/dev_ws/install/rviz_marker_static_scene_objects:/home/mk/dev_ws/install/robot_motion_handler_movegroup:/home/mk/dev_ws/install/gaze_control:/home/mk/dev_ws/install/collision_check:/home/mk/dev_ws/install/audio_listener:/opt/ros/humble /usr/bin/cmake --build /home/mk/dev_ws/build/my_3d_vision_bringup -- -j16 -l16
[2.325s] [35m[1mConsolidate compiler generated dependencies of target my_3d_vision_bringup__rosidl_generator_c[0m
[2.325s] [  3%] Built target my_3d_vision_bringup__rs
[2.340s] [ 12%] Built target my_3d_vision_bringup__rosidl_generator_c
[2.350s] [ 15%] Built target my_3d_vision_bringup__cpp
[2.350s] [35m[1mConsolidate compiler generated dependencies of target my_3d_vision_bringup__rosidl_typesupport_c[0m
[2.350s] [35m[1mConsolidate compiler generated dependencies of target my_3d_vision_bringup__rosidl_typesupport_introspection_c[0m
[2.350s] [35m[1mConsolidate compiler generated dependencies of target my_3d_vision_bringup__rosidl_typesupport_fastrtps_c[0m
[2.350s] [35m[1mConsolidate compiler generated dependencies of target my_3d_vision_bringup__rosidl_typesupport_fastrtps_cpp[0m
[2.351s] [35m[1mConsolidate compiler generated dependencies of target my_3d_vision_bringup__rosidl_typesupport_introspection_cpp[0m
[2.352s] [ 25%] Built target my_3d_vision_bringup__rosidl_typesupport_c
[2.352s] [ 25%] Built target ament_cmake_python_symlink_my_3d_vision_bringup
[2.352s] [35m[1mConsolidate compiler generated dependencies of target my_3d_vision_bringup__rosidl_typesupport_cpp[0m
[2.352s] [ 34%] Built target my_3d_vision_bringup__rosidl_typesupport_introspection_cpp
[2.352s] [ 43%] Built target my_3d_vision_bringup__rosidl_typesupport_fastrtps_cpp
[2.359s] [ 53%] Built target my_3d_vision_bringup__rosidl_typesupport_introspection_c
[2.365s] [ 62%] Built target my_3d_vision_bringup__rosidl_typesupport_fastrtps_c
[2.370s] [ 71%] Built target my_3d_vision_bringup__rosidl_typesupport_cpp
[2.381s] [ 71%] Built target my_3d_vision_bringup
[2.410s] [ 75%] Built target my_3d_vision_bringup__py
[2.430s] [35m[1mConsolidate compiler generated dependencies of target my_3d_vision_bringup__rosidl_generator_py[0m
[2.445s] [ 81%] Built target my_3d_vision_bringup__rosidl_generator_py
[2.462s] [35m[1mConsolidate compiler generated dependencies of target my_3d_vision_bringup__rosidl_typesupport_c__pyext[0m
[2.462s] [35m[1mConsolidate compiler generated dependencies of target my_3d_vision_bringup__rosidl_typesupport_introspection_c__pyext[0m
[2.464s] [35m[1mConsolidate compiler generated dependencies of target my_3d_vision_bringup__rosidl_typesupport_fastrtps_c__pyext[0m
[2.476s] [ 87%] Built target my_3d_vision_bringup__rosidl_typesupport_c__pyext
[2.484s] [ 93%] Built target my_3d_vision_bringup__rosidl_typesupport_introspection_c__pyext
[2.493s] [100%] Built target my_3d_vision_bringup__rosidl_typesupport_fastrtps_c__pyext
[2.609s] running egg_info
[2.609s] writing my_3d_vision_bringup.egg-info/PKG-INFO
[2.610s] writing dependency_links to my_3d_vision_bringup.egg-info/dependency_links.txt
[2.610s] writing top-level names to my_3d_vision_bringup.egg-info/top_level.txt
[2.613s] reading manifest file 'my_3d_vision_bringup.egg-info/SOURCES.txt'
[2.614s] writing manifest file 'my_3d_vision_bringup.egg-info/SOURCES.txt'
[2.646s] [100%] Built target ament_cmake_python_build_my_3d_vision_bringup_egg
[2.795s] Invoked command in '/home/mk/dev_ws/build/my_3d_vision_bringup' returned '0': CMAKE_PREFIX_PATH=${CMAKE_PREFIX_PATH}:/home/mk/dev_ws/install/yolo_object_detector:/home/mk/dev_ws/install/move_to_coordinator:/home/mk/dev_ws/install/motion_sequence:/home/mk/dev_ws/install/whisper_demos:/home/mk/dev_ws/install/voice_command_listener:/home/mk/dev_ws/install/uf_ros_lib:/home/mk/dev_ws/install/rviz_servo_status_overlay:/home/mk/dev_ws/install/rviz_marker_static_scene_objects:/home/mk/dev_ws/install/robot_motion_handler_movegroup:/home/mk/dev_ws/install/gaze_control:/home/mk/dev_ws/install/collision_check:/home/mk/dev_ws/install/audio_listener:/opt/ros/humble /usr/bin/cmake --build /home/mk/dev_ws/build/my_3d_vision_bringup -- -j16 -l16
[2.796s] Invoking command in '/home/mk/dev_ws/build/my_3d_vision_bringup': CMAKE_PREFIX_PATH=${CMAKE_PREFIX_PATH}:/home/mk/dev_ws/install/yolo_object_detector:/home/mk/dev_ws/install/move_to_coordinator:/home/mk/dev_ws/install/motion_sequence:/home/mk/dev_ws/install/whisper_demos:/home/mk/dev_ws/install/voice_command_listener:/home/mk/dev_ws/install/uf_ros_lib:/home/mk/dev_ws/install/rviz_servo_status_overlay:/home/mk/dev_ws/install/rviz_marker_static_scene_objects:/home/mk/dev_ws/install/robot_motion_handler_movegroup:/home/mk/dev_ws/install/gaze_control:/home/mk/dev_ws/install/collision_check:/home/mk/dev_ws/install/audio_listener:/opt/ros/humble /usr/bin/cmake --install /home/mk/dev_ws/build/my_3d_vision_bringup
[2.834s] -- Install configuration: ""
[2.835s] -- Execute custom install script
[2.835s] -- Up-to-date symlink: /home/mk/dev_ws/install/my_3d_vision_bringup/share/ament_index/resource_index/rosidl_interfaces/my_3d_vision_bringup
[2.835s] -- Up-to-date symlink: /home/mk/dev_ws/install/my_3d_vision_bringup/include/my_3d_vision_bringup/my_3d_vision_bringup/action/detail/grasp_object__functions.h
[2.835s] -- Up-to-date symlink: /home/mk/dev_ws/install/my_3d_vision_bringup/include/my_3d_vision_bringup/my_3d_vision_bringup/action/detail/grasp_object__struct.h
[2.835s] -- Up-to-date symlink: /home/mk/dev_ws/install/my_3d_vision_bringup/include/my_3d_vision_bringup/my_3d_vision_bringup/action/detail/grasp_object__type_support.h
[2.835s] -- Up-to-date symlink: /home/mk/dev_ws/install/my_3d_vision_bringup/include/my_3d_vision_bringup/my_3d_vision_bringup/action/grasp_object.h
[2.835s] -- Up-to-date symlink: /home/mk/dev_ws/install/my_3d_vision_bringup/include/my_3d_vision_bringup/my_3d_vision_bringup/msg/rosidl_generator_c__visibility_control.h
[2.835s] -- Up-to-date symlink: /home/mk/dev_ws/install/my_3d_vision_bringup/share/my_3d_vision_bringup/environment/library_path.sh
[2.835s] -- Up-to-date symlink: /home/mk/dev_ws/install/my_3d_vision_bringup/share/my_3d_vision_bringup/environment/library_path.dsv
[2.835s] -- Up-to-date symlink: /home/mk/dev_ws/install/my_3d_vision_bringup/include/my_3d_vision_bringup/my_3d_vision_bringup/action/detail/grasp_object__rosidl_typesupport_fastrtps_c.h
[2.835s] -- Up-to-date symlink: /home/mk/dev_ws/install/my_3d_vision_bringup/include/my_3d_vision_bringup/my_3d_vision_bringup/msg/rosidl_typesupport_fastrtps_c__visibility_control.h
[2.835s] -- Up-to-date symlink: /home/mk/dev_ws/install/my_3d_vision_bringup/include/my_3d_vision_bringup/my_3d_vision_bringup/action/detail/grasp_object__rosidl_typesupport_introspection_c.h
[2.835s] -- Up-to-date symlink: /home/mk/dev_ws/install/my_3d_vision_bringup/include/my_3d_vision_bringup/my_3d_vision_bringup/msg/rosidl_typesupport_introspection_c__visibility_control.h
[2.835s] -- Up-to-date symlink: /home/mk/dev_ws/install/my_3d_vision_bringup/include/my_3d_vision_bringup/my_3d_vision_bringup/action/detail/grasp_object__builder.hpp
[2.835s] -- Up-to-date symlink: /home/mk/dev_ws/install/my_3d_vision_bringup/include/my_3d_vision_bringup/my_3d_vision_bringup/action/detail/grasp_object__struct.hpp
[2.835s] -- Up-to-date symlink: /home/mk/dev_ws/install/my_3d_vision_bringup/include/my_3d_vision_bringup/my_3d_vision_bringup/action/detail/grasp_object__traits.hpp
[2.835s] -- Up-to-date symlink: /home/mk/dev_ws/install/my_3d_vision_bringup/include/my_3d_vision_bringup/my_3d_vision_bringup/action/detail/grasp_object__type_support.hpp
[2.835s] -- Up-to-date symlink: /home/mk/dev_ws/install/my_3d_vision_bringup/include/my_3d_vision_bringup/my_3d_vision_bringup/action/grasp_object.hpp
[2.835s] -- Up-to-date symlink: /home/mk/dev_ws/install/my_3d_vision_bringup/include/my_3d_vision_bringup/my_3d_vision_bringup/msg/rosidl_generator_cpp__visibility_control.hpp
[2.835s] -- Up-to-date symlink: /home/mk/dev_ws/install/my_3d_vision_bringup/include/my_3d_vision_bringup/my_3d_vision_bringup/action/detail/grasp_object__rosidl_typesupport_fastrtps_cpp.hpp
[2.835s] -- Up-to-date symlink: /home/mk/dev_ws/install/my_3d_vision_bringup/include/my_3d_vision_bringup/my_3d_vision_bringup/msg/rosidl_typesupport_fastrtps_cpp__visibility_control.h
[2.835s] -- Up-to-date symlink: /home/mk/dev_ws/install/my_3d_vision_bringup/include/my_3d_vision_bringup/my_3d_vision_bringup/action/detail/grasp_object__rosidl_typesupport_introspection_cpp.hpp
[2.835s] -- Up-to-date symlink: /home/mk/dev_ws/install/my_3d_vision_bringup/share/my_3d_vision_bringup/environment/pythonpath.sh
[2.835s] -- Up-to-date symlink: /home/mk/dev_ws/install/my_3d_vision_bringup/share/my_3d_vision_bringup/environment/pythonpath.dsv
[2.835s] -- Up-to-date symlink: /home/mk/dev_ws/install/my_3d_vision_bringup/local/lib/python3.10/dist-packages/my_3d_vision_bringup-0.1.0-py3.10.egg-info/PKG-INFO
[2.835s] -- Up-to-date symlink: /home/mk/dev_ws/install/my_3d_vision_bringup/local/lib/python3.10/dist-packages/my_3d_vision_bringup-0.1.0-py3.10.egg-info/SOURCES.txt
[2.835s] -- Up-to-date symlink: /home/mk/dev_ws/install/my_3d_vision_bringup/local/lib/python3.10/dist-packages/my_3d_vision_bringup-0.1.0-py3.10.egg-info/dependency_links.txt
[2.835s] -- Up-to-date symlink: /home/mk/dev_ws/install/my_3d_vision_bringup/local/lib/python3.10/dist-packages/my_3d_vision_bringup-0.1.0-py3.10.egg-info/top_level.txt
[2.836s] -- Up-to-date symlink: /home/mk/dev_ws/install/my_3d_vision_bringup/local/lib/python3.10/dist-packages/my_3d_vision_bringup/__init__.py
[2.836s] -- Up-to-date symlink: /home/mk/dev_ws/install/my_3d_vision_bringup/local/lib/python3.10/dist-packages/my_3d_vision_bringup/_my_3d_vision_bringup_s.ep.rosidl_typesupport_c.c
[2.836s] -- Up-to-date symlink: /home/mk/dev_ws/install/my_3d_vision_bringup/local/lib/python3.10/dist-packages/my_3d_vision_bringup/_my_3d_vision_bringup_s.ep.rosidl_typesupport_fastrtps_c.c
[2.836s] -- Up-to-date symlink: /home/mk/dev_ws/install/my_3d_vision_bringup/local/lib/python3.10/dist-packages/my_3d_vision_bringup/_my_3d_vision_bringup_s.ep.rosidl_typesupport_introspection_c.c
[2.836s] -- Up-to-date symlink: /home/mk/dev_ws/install/my_3d_vision_bringup/local/lib/python3.10/dist-packages/my_3d_vision_bringup/action/__init__.py
[2.836s] -- Up-to-date symlink: /home/mk/dev_ws/install/my_3d_vision_bringup/local/lib/python3.10/dist-packages/my_3d_vision_bringup/action/_grasp_object.py
[2.836s] -- Up-to-date symlink: /home/mk/dev_ws/install/my_3d_vision_bringup/local/lib/python3.10/dist-packages/my_3d_vision_bringup/action/_grasp_object_s.c
[2.836s] -- Up-to-date symlink: /home/mk/dev_ws/install/my_3d_vision_bringup/local/lib/python3.10/dist-packages/my_3d_vision_bringup/libmy_3d_vision_bringup__rosidl_generator_py.so
[2.836s] -- Up-to-date symlink: /home/mk/dev_ws/install/my_3d_vision_bringup/local/lib/python3.10/dist-packages/my_3d_vision_bringup/my_3d_vision_bringup_s__rosidl_typesupport_c.cpython-310-x86_64-linux-gnu.so
[2.836s] -- Up-to-date symlink: /home/mk/dev_ws/install/my_3d_vision_bringup/local/lib/python3.10/dist-packages/my_3d_vision_bringup/my_3d_vision_bringup_s__rosidl_typesupport_fastrtps_c.cpython-310-x86_64-linux-gnu.so
[2.836s] -- Up-to-date symlink: /home/mk/dev_ws/install/my_3d_vision_bringup/local/lib/python3.10/dist-packages/my_3d_vision_bringup/my_3d_vision_bringup_s__rosidl_typesupport_introspection_c.cpython-310-x86_64-linux-gnu.so
[2.836s] -- Up-to-date symlink: /home/mk/dev_ws/install/my_3d_vision_bringup/local/lib/python3.10/dist-packages/my_3d_vision_bringup/my_3d_vision_bringup_s__rosidl_typesupport_fastrtps_c.cpython-310-x86_64-linux-gnu.so
[2.836s] -- Up-to-date symlink: /home/mk/dev_ws/install/my_3d_vision_bringup/local/lib/python3.10/dist-packages/my_3d_vision_bringup/my_3d_vision_bringup_s__rosidl_typesupport_introspection_c.cpython-310-x86_64-linux-gnu.so
[2.836s] -- Up-to-date symlink: /home/mk/dev_ws/install/my_3d_vision_bringup/local/lib/python3.10/dist-packages/my_3d_vision_bringup/my_3d_vision_bringup_s__rosidl_typesupport_c.cpython-310-x86_64-linux-gnu.so
[2.836s] -- Up-to-date symlink: /home/mk/dev_ws/install/my_3d_vision_bringup/share/ament_index/resource_index/rust_packages/my_3d_vision_bringup
[2.836s] -- Up-to-date symlink: /home/mk/dev_ws/install/my_3d_vision_bringup/share/my_3d_vision_bringup/rust/Cargo.toml
[2.836s] -- Up-to-date symlink: /home/mk/dev_ws/install/my_3d_vision_bringup/share/my_3d_vision_bringup/rust/build.rs
[2.836s] -- Up-to-date symlink: /home/mk/dev_ws/install/my_3d_vision_bringup/share/my_3d_vision_bringup/rust/src/action.rs
[2.836s] -- Up-to-date symlink: /home/mk/dev_ws/install/my_3d_vision_bringup/share/my_3d_vision_bringup/rust/src/action/rmw.rs
[2.836s] -- Up-to-date symlink: /home/mk/dev_ws/install/my_3d_vision_bringup/share/my_3d_vision_bringup/rust/src/lib.rs
[2.836s] -- Up-to-date symlink: /home/mk/dev_ws/install/my_3d_vision_bringup/share/my_3d_vision_bringup/action/GraspObject.idl
[2.836s] -- Up-to-date symlink: /home/mk/dev_ws/install/my_3d_vision_bringup/share/my_3d_vision_bringup/action/GraspObject.action
[2.836s] -- Up-to-date symlink: /home/mk/dev_ws/install/my_3d_vision_bringup/share/my_3d_vision_bringup/launch/standalone_move_group.launch.py
[2.836s] -- Up-to-date symlink: /home/mk/dev_ws/install/my_3d_vision_bringup/share/my_3d_vision_bringup/launch/zed_cam_rviz_pointcloud_tf_yolo_planned_grasp.launch.py
[2.836s] -- Up-to-date symlink: /home/mk/dev_ws/install/my_3d_vision_bringup/share/my_3d_vision_bringup/meshes/ZEDM.stl
[2.836s] -- Up-to-date symlink: /home/mk/dev_ws/install/my_3d_vision_bringup/share/my_3d_vision_bringup/config/grasping_params.yaml
[2.836s] -- Up-to-date symlink: /home/mk/dev_ws/install/my_3d_vision_bringup/share/my_3d_vision_bringup/config/perception_params.yaml
[2.836s] -- Up-to-date symlink: /home/mk/dev_ws/install/my_3d_vision_bringup/share/my_3d_vision_bringup/config/zed_override.yaml
[2.836s] -- Up-to-date symlink: /home/mk/dev_ws/install/my_3d_vision_bringup/lib/my_3d_vision_bringup/zed_stand_publisher.py
[2.837s] -- Up-to-date symlink: /home/mk/dev_ws/install/my_3d_vision_bringup/lib/my_3d_vision_bringup/zed_yolo_3d_bbox.py
[2.837s] -- Up-to-date symlink: /home/mk/dev_ws/install/my_3d_vision_bringup/lib/my_3d_vision_bringup/pointcloud_optimizer.py
[2.837s] -- Up-to-date symlink: /home/mk/dev_ws/install/my_3d_vision_bringup/lib/my_3d_vision_bringup/yolo_moveit_collision.py
[2.837s] -- Up-to-date symlink: /home/mk/dev_ws/install/my_3d_vision_bringup/lib/my_3d_vision_bringup/yolo_grasp_executor.py
[2.837s] -- Up-to-date symlink: /home/mk/dev_ws/install/my_3d_vision_bringup/lib/my_3d_vision_bringup/yolo_planned_grasp_executor.py
[2.837s] -- Up-to-date symlink: /home/mk/dev_ws/install/my_3d_vision_bringup/lib/my_3d_vision_bringup/grasp_action_bridge.py
[2.837s] -- Up-to-date symlink: /home/mk/dev_ws/install/my_3d_vision_bringup/lib/my_3d_vision_bringup/pointcloud_tf_tuner.py
[2.837s] -- Up-to-date symlink: /home/mk/dev_ws/install/my_3d_vision_bringup/share/ament_index/resource_index/package_run_dependencies/my_3d_vision_bringup
[2.837s] -- Up-to-date symlink: /home/mk/dev_ws/install/my_3d_vision_bringup/share/ament_index/resource_index/parent_prefix_path/my_3d_vision_bringup
[2.837s] -- Up-to-date symlink: /home/mk/dev_ws/install/my_3d_vision_bringup/share/my_3d_vision_bringup/environment/ament_prefix_path.sh
[2.837s] -- Up-to-date symlink: /home/mk/dev_ws/install/my_3d_vision_bringup/share/my_3d_vision_bringup/environment/ament_prefix_path.dsv
[2.837s] -- Up-to-date symlink: /home/mk/dev_ws/install/my_3d_vision_bringup/share/my_3d_vision_bringup/environment/path.sh
[2.837s] -- Up-to-date symlink: /home/mk/dev_ws/install/my_3d_vision_bringup/share/my_3d_vision_bringup/environment/path.dsv
[2.837s] -- Up-to-date symlink: /home/mk/dev_ws/install/my_3d_vision_bringup/share/my_3d_vision_bringup/local_setup.bash
[2.837s] -- Up-to-date symlink: /home/mk/dev_ws/install/my_3d_vision_bringup/share/my_3d_vision_bringup/local_setup.sh
[2.837s] -- Up-to-date symlink: /home/mk/dev_ws/install/my_3d_vision_bringup/share/my_3d_vision_bringup/local_setup.zsh
[2.837s] -- Up-to-date symlink: /home/mk/dev_ws/install/my_3d_vision_bringup/share/my_3d_vision_bringup/local_setup.dsv
[2.837s] -- Symlinking: /home/mk/dev_ws/install/my_3d_vision_bringup/share/my_3d_vision_bringup/package.dsv
[2.837s] -- Up-to-date symlink: /home/mk/dev_ws/install/my_3d_vision_bringup/share/ament_index/resource_index/packages/my_3d_vision_bringup
[2.838s] -- Up-to-date symlink: /home/mk/dev_ws/install/my_3d_vision_bringup/share/my_3d_vision_bringup/cmake/rosidl_cmake-extras.cmake
[2.838s] -- Up-to-date symlink: /home/mk/dev_ws/install/my_3d_vision_bringup/share/my_3d_vision_bringup/cmake/ament_cmake_export_dependencies-extras.cmake
[2.838s] -- Up-to-date symlink: /home/mk/dev_ws/install/my_3d_vision_bringup/share/my_3d_vision_bringup/cmake/ament_cmake_export_include_directories-extras.cmake
[2.838s] -- Up-to-date symlink: /home/mk/dev_ws/install/my_3d_vision_bringup/share/my_3d_vision_bringup/cmake/ament_cmake_export_libraries-extras.cmake
[2.839s] -- Up-to-date symlink: /home/mk/dev_ws/install/my_3d_vision_bringup/share/my_3d_vision_bringup/cmake/ament_cmake_export_targets-extras.cmake
[2.839s] -- Up-to-date symlink: /home/mk/dev_ws/install/my_3d_vision_bringup/share/my_3d_vision_bringup/cmake/rosidl_cmake_export_typesupport_targets-extras.cmake
[2.839s] -- Up-to-date symlink: /home/mk/dev_ws/install/my_3d_vision_bringup/share/my_3d_vision_bringup/cmake/rosidl_cmake_export_typesupport_libraries-extras.cmake
[2.839s] -- Up-to-date symlink: /home/mk/dev_ws/install/my_3d_vision_bringup/share/my_3d_vision_bringup/cmake/my_3d_vision_bringupConfig.cmake
[2.840s] -- Up-to-date symlink: /home/mk/dev_ws/install/my_3d_vision_bringup/share/my_3d_vision_bringup/cmake/my_3d_vision_bringupConfig-version.cmake
[2.840s] -- Up-to-date symlink: /home/mk/dev_ws/install/my_3d_vision_bringup/share/my_3d_vision_bringup/package.xml
[2.840s] -- Up-to-date: /home/mk/dev_ws/install/my_3d_vision_bringup/lib/libmy_3d_vision_bringup__rosidl_generator_c.so
[2.840s] -- Up-to-date: /home/mk/dev_ws/install/my_3d_vision_bringup/lib/libmy_3d_vision_bringup__rosidl_typesupport_fastrtps_c.so
[2.840s] -- Up-to-date: /home/mk/dev_ws/install/my_3d_vision_bringup/lib/libmy_3d_vision_bringup__rosidl_typesupport_introspection_c.so
[2.840s] -- Up-to-date: /home/mk/dev_ws/install/my_3d_vision_bringup/lib/libmy_3d_vision_bringup__rosidl_typesupport_c.so
[2.840s] -- Up-to-date: /home/mk/dev_ws/install/my_3d_vision_bringup/lib/libmy_3d_vision_bringup__rosidl_typesupport_fastrtps_cpp.so
[2.840s] -- Up-to-date: /home/mk/dev_ws/install/my_3d_vision_bringup/lib/libmy_3d_vision_bringup__rosidl_typesupport_introspection_cpp.so
[2.840s] -- Up-to-date: /home/mk/dev_ws/install/my_3d_vision_bringup/lib/libmy_3d_vision_bringup__rosidl_typesupport_cpp.so
[2.874s] Listing '/home/mk/dev_ws/install/my_3d_vision_bringup/local/lib/python3.10/dist-packages/my_3d_vision_bringup'...
[2.875s] Compiling '/home/mk/dev_ws/install/my_3d_vision_bringup/local/lib/python3.10/dist-packages/my_3d_vision_bringup/__init__.py'...
[2.875s] Listing '/home/mk/dev_ws/install/my_3d_vision_bringup/local/lib/python3.10/dist-packages/my_3d_vision_bringup/action'...
[2.881s] -- Up-to-date: /home/mk/dev_ws/install/my_3d_vision_bringup/lib/libmy_3d_vision_bringup__rosidl_generator_py.so
[2.881s] -- Up-to-date: /home/mk/dev_ws/install/my_3d_vision_bringup/share/my_3d_vision_bringup/cmake/export_my_3d_vision_bringup__rosidl_generator_cExport.cmake
[2.881s] -- Up-to-date: /home/mk/dev_ws/install/my_3d_vision_bringup/share/my_3d_vision_bringup/cmake/export_my_3d_vision_bringup__rosidl_generator_cExport-noconfig.cmake
[2.882s] -- Up-to-date: /home/mk/dev_ws/install/my_3d_vision_bringup/share/my_3d_vision_bringup/cmake/export_my_3d_vision_bringup__rosidl_typesupport_fastrtps_cExport.cmake
[2.882s] -- Up-to-date: /home/mk/dev_ws/install/my_3d_vision_bringup/share/my_3d_vision_bringup/cmake/export_my_3d_vision_bringup__rosidl_typesupport_fastrtps_cExport-noconfig.cmake
[2.882s] -- Up-to-date: /home/mk/dev_ws/install/my_3d_vision_bringup/share/my_3d_vision_bringup/cmake/my_3d_vision_bringup__rosidl_typesupport_introspection_cExport.cmake
[2.882s] -- Up-to-date: /home/mk/dev_ws/install/my_3d_vision_bringup/share/my_3d_vision_bringup/cmake/my_3d_vision_bringup__rosidl_typesupport_introspection_cExport-noconfig.cmake
[2.882s] -- Up-to-date: /home/mk/dev_ws/install/my_3d_vision_bringup/share/my_3d_vision_bringup/cmake/my_3d_vision_bringup__rosidl_typesupport_cExport.cmake
[2.882s] -- Up-to-date: /home/mk/dev_ws/install/my_3d_vision_bringup/share/my_3d_vision_bringup/cmake/my_3d_vision_bringup__rosidl_typesupport_cExport-noconfig.cmake
[2.882s] -- Up-to-date: /home/mk/dev_ws/install/my_3d_vision_bringup/share/my_3d_vision_bringup/cmake/export_my_3d_vision_bringup__rosidl_generator_cppExport.cmake
[2.882s] -- Up-to-date: /home/mk/dev_ws/install/my_3d_vision_bringup/share/my_3d_vision_bringup/cmake/export_my_3d_vision_bringup__rosidl_typesupport_fastrtps_cppExport.cmake
[2.882s] -- Up-to-date: /home/mk/dev_ws/install/my_3d_vision_bringup/share/my_3d_vision_bringup/cmake/export_my_3d_vision_bringup__rosidl_typesupport_fastrtps_cppExport-noconfig.cmake
[2.882s] -- Up-to-date: /home/mk/dev_ws/install/my_3d_vision_bringup/share/my_3d_vision_bringup/cmake/my_3d_vision_bringup__rosidl_typesupport_introspection_cppExport.cmake
[2.882s] -- Up-to-date: /home/mk/dev_ws/install/my_3d_vision_bringup/share/my_3d_vision_bringup/cmake/my_3d_vision_bringup__rosidl_typesupport_introspection_cppExport-noconfig.cmake
[2.882s] -- Up-to-date: /home/mk/dev_ws/install/my_3d_vision_bringup/share/my_3d_vision_bringup/cmake/my_3d_vision_bringup__rosidl_typesupport_cppExport.cmake
[2.883s] -- Up-to-date: /home/mk/dev_ws/install/my_3d_vision_bringup/share/my_3d_vision_bringup/cmake/my_3d_vision_bringup__rosidl_typesupport_cppExport-noconfig.cmake
[2.883s] -- Up-to-date: /home/mk/dev_ws/install/my_3d_vision_bringup/share/my_3d_vision_bringup/cmake/export_my_3d_vision_bringup__rosidl_generator_pyExport.cmake
[2.883s] -- Up-to-date: /home/mk/dev_ws/install/my_3d_vision_bringup/share/my_3d_vision_bringup/cmake/export_my_3d_vision_bringup__rosidl_generator_pyExport-noconfig.cmake
[3.384s] Invoked command in '/home/mk/dev_ws/build/my_3d_vision_bringup' returned '0': CMAKE_PREFIX_PATH=${CMAKE_PREFIX_PATH}:/home/mk/dev_ws/install/yolo_object_detector:/home/mk/dev_ws/install/move_to_coordinator:/home/mk/dev_ws/install/motion_sequence:/home/mk/dev_ws/install/whisper_demos:/home/mk/dev_ws/install/voice_command_listener:/home/mk/dev_ws/install/uf_ros_lib:/home/mk/dev_ws/install/rviz_servo_status_overlay:/home/mk/dev_ws/install/rviz_marker_static_scene_objects:/home/mk/dev_ws/install/robot_motion_handler_movegroup:/home/mk/dev_ws/install/gaze_control:/home/mk/dev_ws/install/collision_check:/home/mk/dev_ws/install/audio_listener:/opt/ros/humble /usr/bin/cmake --install /home/mk/dev_ws/build/my_3d_vision_bringup
