[0.007s] Invoking command in '/home/mk/dev_ws/build/zed_ros2': AMENT_PREFIX_PATH=/home/mk/dev_ws/install/zed_wrapper:/home/mk/dev_ws/install/zed_components:/home/mk/dev_ws/install/zed_interfaces:${AMENT_PREFIX_PATH} CMAKE_PREFIX_PATH=/home/mk/dev_ws/install/zed_wrapper:/home/mk/dev_ws/install/zed_components:/home/mk/dev_ws/install/zed_interfaces:/opt/ros/humble LD_LIBRARY_PATH=/home/mk/dev_ws/install/zed_components/lib:/home/mk/dev_ws/install/zed_interfaces/lib:${LD_LIBRARY_PATH} PYTHONPATH=/home/mk/dev_ws/install/zed_interfaces/local/lib/python3.10/dist-packages:${PYTHONPATH} /usr/bin/cmake /home/mk/dev_ws/src/zed-ros2-wrapper/zed_ros2 -DAMENT_CMAKE_SYMLINK_INSTALL=1 -DCMAKE_INSTALL_PREFIX=/home/mk/dev_ws/install/zed_ros2
[0.016s] -- Found ament_cmake_auto: 1.3.14 (/opt/ros/humble/share/ament_cmake_auto/cmake)
[0.126s] -- Found Python3: /usr/bin/python3 (found version "3.10.12") found components: Interpreter 
[0.160s] -- Override CMake install command with custom implementation using symlinks instead of copying resources
[0.226s] -- Found ament_lint_auto: 0.12.15 (/opt/ros/humble/share/ament_lint_auto/cmake)
[0.233s] -- Added test 'copyright' to check source files copyright and LICENSE
[0.234s] -- Added test 'lint_cmake' to check CMake code style
[0.234s] -- Added test 'xmllint' to check XML markup files
[0.234s] -- Configuring done
[0.236s] -- Generating done
[0.236s] -- Build files have been written to: /home/mk/dev_ws/build/zed_ros2
[0.238s] Invoked command in '/home/mk/dev_ws/build/zed_ros2' returned '0': AMENT_PREFIX_PATH=/home/mk/dev_ws/install/zed_wrapper:/home/mk/dev_ws/install/zed_components:/home/mk/dev_ws/install/zed_interfaces:${AMENT_PREFIX_PATH} CMAKE_PREFIX_PATH=/home/mk/dev_ws/install/zed_wrapper:/home/mk/dev_ws/install/zed_components:/home/mk/dev_ws/install/zed_interfaces:/opt/ros/humble LD_LIBRARY_PATH=/home/mk/dev_ws/install/zed_components/lib:/home/mk/dev_ws/install/zed_interfaces/lib:${LD_LIBRARY_PATH} PYTHONPATH=/home/mk/dev_ws/install/zed_interfaces/local/lib/python3.10/dist-packages:${PYTHONPATH} /usr/bin/cmake /home/mk/dev_ws/src/zed-ros2-wrapper/zed_ros2 -DAMENT_CMAKE_SYMLINK_INSTALL=1 -DCMAKE_INSTALL_PREFIX=/home/mk/dev_ws/install/zed_ros2
[0.239s] Invoking command in '/home/mk/dev_ws/build/zed_ros2': AMENT_PREFIX_PATH=/home/mk/dev_ws/install/zed_wrapper:/home/mk/dev_ws/install/zed_components:/home/mk/dev_ws/install/zed_interfaces:${AMENT_PREFIX_PATH} CMAKE_PREFIX_PATH=/home/mk/dev_ws/install/zed_wrapper:/home/mk/dev_ws/install/zed_components:/home/mk/dev_ws/install/zed_interfaces:/opt/ros/humble LD_LIBRARY_PATH=/home/mk/dev_ws/install/zed_components/lib:/home/mk/dev_ws/install/zed_interfaces/lib:${LD_LIBRARY_PATH} PYTHONPATH=/home/mk/dev_ws/install/zed_interfaces/local/lib/python3.10/dist-packages:${PYTHONPATH} /usr/bin/cmake --build /home/mk/dev_ws/build/zed_ros2 -- -j20 -l20
[0.266s] Invoked command in '/home/mk/dev_ws/build/zed_ros2' returned '0': AMENT_PREFIX_PATH=/home/mk/dev_ws/install/zed_wrapper:/home/mk/dev_ws/install/zed_components:/home/mk/dev_ws/install/zed_interfaces:${AMENT_PREFIX_PATH} CMAKE_PREFIX_PATH=/home/mk/dev_ws/install/zed_wrapper:/home/mk/dev_ws/install/zed_components:/home/mk/dev_ws/install/zed_interfaces:/opt/ros/humble LD_LIBRARY_PATH=/home/mk/dev_ws/install/zed_components/lib:/home/mk/dev_ws/install/zed_interfaces/lib:${LD_LIBRARY_PATH} PYTHONPATH=/home/mk/dev_ws/install/zed_interfaces/local/lib/python3.10/dist-packages:${PYTHONPATH} /usr/bin/cmake --build /home/mk/dev_ws/build/zed_ros2 -- -j20 -l20
[0.266s] Invoking command in '/home/mk/dev_ws/build/zed_ros2': AMENT_PREFIX_PATH=/home/mk/dev_ws/install/zed_wrapper:/home/mk/dev_ws/install/zed_components:/home/mk/dev_ws/install/zed_interfaces:${AMENT_PREFIX_PATH} CMAKE_PREFIX_PATH=/home/mk/dev_ws/install/zed_wrapper:/home/mk/dev_ws/install/zed_components:/home/mk/dev_ws/install/zed_interfaces:/opt/ros/humble LD_LIBRARY_PATH=/home/mk/dev_ws/install/zed_components/lib:/home/mk/dev_ws/install/zed_interfaces/lib:${LD_LIBRARY_PATH} PYTHONPATH=/home/mk/dev_ws/install/zed_interfaces/local/lib/python3.10/dist-packages:${PYTHONPATH} /usr/bin/cmake --install /home/mk/dev_ws/build/zed_ros2
[0.270s] -- Install configuration: ""
[0.270s] -- Execute custom install script
[0.270s] -- Symlinking: /home/mk/dev_ws/install/zed_ros2/share/ament_index/resource_index/package_run_dependencies/zed_ros2
[0.276s] -- Symlinking: /home/mk/dev_ws/install/zed_ros2/share/ament_index/resource_index/parent_prefix_path/zed_ros2
[0.282s] -- Symlinking: /home/mk/dev_ws/install/zed_ros2/share/zed_ros2/environment/ament_prefix_path.sh
[0.288s] -- Symlinking: /home/mk/dev_ws/install/zed_ros2/share/zed_ros2/environment/ament_prefix_path.dsv
[0.292s] -- Symlinking: /home/mk/dev_ws/install/zed_ros2/share/zed_ros2/environment/path.sh
[0.297s] -- Symlinking: /home/mk/dev_ws/install/zed_ros2/share/zed_ros2/environment/path.dsv
[0.303s] -- Symlinking: /home/mk/dev_ws/install/zed_ros2/share/zed_ros2/local_setup.bash
[0.308s] -- Symlinking: /home/mk/dev_ws/install/zed_ros2/share/zed_ros2/local_setup.sh
[0.314s] -- Symlinking: /home/mk/dev_ws/install/zed_ros2/share/zed_ros2/local_setup.zsh
[0.318s] -- Symlinking: /home/mk/dev_ws/install/zed_ros2/share/zed_ros2/local_setup.dsv
[0.324s] -- Symlinking: /home/mk/dev_ws/install/zed_ros2/share/zed_ros2/package.dsv
[0.328s] -- Symlinking: /home/mk/dev_ws/install/zed_ros2/share/ament_index/resource_index/packages/zed_ros2
[0.333s] -- Symlinking: /home/mk/dev_ws/install/zed_ros2/share/zed_ros2/cmake/zed_ros2Config.cmake
[0.337s] -- Symlinking: /home/mk/dev_ws/install/zed_ros2/share/zed_ros2/cmake/zed_ros2Config-version.cmake
[0.343s] -- Symlinking: /home/mk/dev_ws/install/zed_ros2/share/zed_ros2/package.xml
[0.350s] Invoked command in '/home/mk/dev_ws/build/zed_ros2' returned '0': AMENT_PREFIX_PATH=/home/mk/dev_ws/install/zed_wrapper:/home/mk/dev_ws/install/zed_components:/home/mk/dev_ws/install/zed_interfaces:${AMENT_PREFIX_PATH} CMAKE_PREFIX_PATH=/home/mk/dev_ws/install/zed_wrapper:/home/mk/dev_ws/install/zed_components:/home/mk/dev_ws/install/zed_interfaces:/opt/ros/humble LD_LIBRARY_PATH=/home/mk/dev_ws/install/zed_components/lib:/home/mk/dev_ws/install/zed_interfaces/lib:${LD_LIBRARY_PATH} PYTHONPATH=/home/mk/dev_ws/install/zed_interfaces/local/lib/python3.10/dist-packages:${PYTHONPATH} /usr/bin/cmake --install /home/mk/dev_ws/build/zed_ros2
