[0.010s] Invoking command in '/home/mk/dev_ws/build/xarm_api': AMENT_PREFIX_PATH=/home/mk/dev_ws/install/xarm_sdk:/home/mk/dev_ws/install/xarm_msgs:/home/mk/dev_ws/install/xarm_description:${AMENT_PREFIX_PATH} CMAKE_PREFIX_PATH=/home/mk/dev_ws/install/xarm_sdk:/home/mk/dev_ws/install/xarm_msgs:/home/mk/dev_ws/install/xarm_description:/opt/ros/humble LD_LIBRARY_PATH=/home/mk/dev_ws/install/xarm_sdk/lib:/home/mk/dev_ws/install/xarm_msgs/lib:${LD_LIBRARY_PATH} PYTHONPATH=/home/mk/dev_ws/install/xarm_msgs/local/lib/python3.10/dist-packages:${PYTHONPATH} /usr/bin/cmake /home/mk/dev_ws/src/xarm_ros2/xarm_api -DAMENT_CMAKE_SYMLINK_INSTALL=1 -DCMAKE_INSTALL_PREFIX=/home/mk/dev_ws/install/xarm_api
[0.306s] -- The C compiler identification is GNU 11.4.0
[0.306s] -- The CXX compiler identification is GNU 11.4.0
[0.306s] -- Detecting C compiler ABI info
[0.306s] -- Detecting C compiler ABI info - done
[0.306s] -- Check for working C compiler: /usr/bin/cc - skipped
[0.307s] -- Detecting C compile features
[0.307s] -- Detecting C compile features - done
[0.307s] -- Detecting CXX compiler ABI info
[0.307s] -- Detecting CXX compiler ABI info - done
[0.307s] -- Check for working CXX compiler: /usr/bin/c++ - skipped
[0.307s] -- Detecting CXX compile features
[0.307s] -- Detecting CXX compile features - done
[0.307s] -- Found ament_cmake: 1.3.14 (/opt/ros/humble/share/ament_cmake/cmake)
[0.307s] -- Found Python3: /usr/bin/python3 (found version "3.10.12") found components: Interpreter 
[0.331s] -- Override CMake install command with custom implementation using symlinks instead of copying resources
[0.348s] -- Found ament_lint_auto: 0.12.15 (/opt/ros/humble/share/ament_lint_auto/cmake)
[0.408s] -- Found rclcpp: 16.0.19 (/opt/ros/humble/share/rclcpp/cmake)
[0.432s] -- Found rosidl_generator_c: 3.1.8 (/opt/ros/humble/share/rosidl_generator_c/cmake)
[0.434s] -- Found rosidl_adapter: 3.1.8 (/opt/ros/humble/share/rosidl_adapter/cmake)
[0.439s] -- Found rosidl_generator_cpp: 3.1.8 (/opt/ros/humble/share/rosidl_generator_cpp/cmake)
[0.446s] -- Using all available rosidl_typesupport_c: rosidl_typesupport_fastrtps_c;rosidl_typesupport_introspection_c
[0.455s] -- Using all available rosidl_typesupport_cpp: rosidl_typesupport_fastrtps_cpp;rosidl_typesupport_introspection_cpp
[0.479s] -- Found rmw_implementation_cmake: 6.1.2 (/opt/ros/humble/share/rmw_implementation_cmake/cmake)
[0.481s] -- Found rmw_cyclonedds_cpp: 1.3.4 (/opt/ros/humble/share/rmw_cyclonedds_cpp/cmake)
[0.493s] -- Using RMW implementation 'rmw_cyclonedds_cpp' as default
[0.497s] -- Looking for pthread.h
[0.548s] -- Looking for pthread.h - found
[0.548s] -- Performing Test CMAKE_HAVE_LIBC_PTHREAD
[0.604s] -- Performing Test CMAKE_HAVE_LIBC_PTHREAD - Success
[0.605s] -- Found Threads: TRUE  
[0.634s] -- Found rclcpp_action: 16.0.19 (/opt/ros/humble/share/rclcpp_action/cmake)
[0.655s] -- Found sensor_msgs: 4.9.1 (/opt/ros/humble/share/sensor_msgs/cmake)
[0.673s] -- Found control_msgs: 4.9.0 (/opt/ros/humble/share/control_msgs/cmake)
[0.700s] -- Found xarm_msgs: 0.0.0 (/home/mk/dev_ws/install/xarm_msgs/share/xarm_msgs/cmake)
[0.707s] -- Found xarm_sdk: 0.0.0 (/home/mk/dev_ws/install/xarm_sdk/share/xarm_sdk/cmake)
[0.720s] -- Added test 'copyright' to check source files copyright and LICENSE
[0.721s] -- Added test 'cppcheck' to perform static code analysis on C / C++ code
[0.721s] -- Configured cppcheck include dirs: /home/mk/dev_ws/src/xarm_ros2/xarm_api/include
[0.721s] -- Configured cppcheck exclude dirs and/or files: 
[0.722s] -- Added test 'cpplint' to check C / C++ code against the Google style
[0.722s] -- Configured cpplint exclude dirs and/or files: 
[0.722s] -- Added test 'flake8' to check Python code syntax and style conventions
[0.723s] -- Added test 'lint_cmake' to check CMake code style
[0.723s] -- Added test 'pep257' to check Python code against some of the docstring style conventions in PEP 257
[0.724s] -- Added test 'uncrustify' to check C / C++ code style
[0.724s] -- Configured uncrustify additional arguments: 
[0.724s] -- Added test 'xmllint' to check XML markup files
[0.725s] -- Configuring done
[0.743s] -- Generating done
[0.750s] -- Build files have been written to: /home/mk/dev_ws/build/xarm_api
[0.756s] Invoked command in '/home/mk/dev_ws/build/xarm_api' returned '0': AMENT_PREFIX_PATH=/home/mk/dev_ws/install/xarm_sdk:/home/mk/dev_ws/install/xarm_msgs:/home/mk/dev_ws/install/xarm_description:${AMENT_PREFIX_PATH} CMAKE_PREFIX_PATH=/home/mk/dev_ws/install/xarm_sdk:/home/mk/dev_ws/install/xarm_msgs:/home/mk/dev_ws/install/xarm_description:/opt/ros/humble LD_LIBRARY_PATH=/home/mk/dev_ws/install/xarm_sdk/lib:/home/mk/dev_ws/install/xarm_msgs/lib:${LD_LIBRARY_PATH} PYTHONPATH=/home/mk/dev_ws/install/xarm_msgs/local/lib/python3.10/dist-packages:${PYTHONPATH} /usr/bin/cmake /home/mk/dev_ws/src/xarm_ros2/xarm_api -DAMENT_CMAKE_SYMLINK_INSTALL=1 -DCMAKE_INSTALL_PREFIX=/home/mk/dev_ws/install/xarm_api
[0.757s] Invoking command in '/home/mk/dev_ws/build/xarm_api': AMENT_PREFIX_PATH=/home/mk/dev_ws/install/xarm_sdk:/home/mk/dev_ws/install/xarm_msgs:/home/mk/dev_ws/install/xarm_description:${AMENT_PREFIX_PATH} CMAKE_PREFIX_PATH=/home/mk/dev_ws/install/xarm_sdk:/home/mk/dev_ws/install/xarm_msgs:/home/mk/dev_ws/install/xarm_description:/opt/ros/humble LD_LIBRARY_PATH=/home/mk/dev_ws/install/xarm_sdk/lib:/home/mk/dev_ws/install/xarm_msgs/lib:${LD_LIBRARY_PATH} PYTHONPATH=/home/mk/dev_ws/install/xarm_msgs/local/lib/python3.10/dist-packages:${PYTHONPATH} /usr/bin/cmake --build /home/mk/dev_ws/build/xarm_api -- -j20 -l20
[0.790s] [  7%] [32mBuilding CXX object CMakeFiles/xarm_ros_client.dir/src/xarm_ros_client.cpp.o[0m
[0.790s] [ 15%] [32mBuilding CXX object CMakeFiles/test_robot_states.dir/test/test_robot_states.cpp.o[0m
[0.796s] [ 30%] [32mBuilding CXX object CMakeFiles/xarm_ros_driver.dir/src/xarm_driver.cpp.o[0m
[0.796s] [ 30%] [32mBuilding CXX object CMakeFiles/xarm_ros_driver.dir/src/xarm_driver_service.cpp.o[0m
[8.686s] [ 38%] [32m[1mLinking CXX executable test_robot_states[0m
[9.117s] [ 38%] Built target test_robot_states
[14.543s] [ 46%] [32m[1mLinking CXX shared library libxarm_ros_client.so[0m
[15.461s] [ 46%] Built target xarm_ros_client
[15.478s] [ 53%] [32mBuilding CXX object CMakeFiles/test_xarm_velo_move.dir/test/test_xarm_velo_move.cpp.o[0m
[15.478s] [ 61%] [32mBuilding CXX object CMakeFiles/test_xarm_ros_client.dir/test/test_xarm_ros_client.cpp.o[0m
[17.799s] [ 69%] [32m[1mLinking CXX shared library libxarm_ros_driver.so[0m
[19.081s] [ 76%] [32m[1mLinking CXX executable test_xarm_velo_move[0m
[19.098s] [ 84%] [32m[1mLinking CXX executable test_xarm_ros_client[0m
[19.199s] [ 84%] Built target xarm_ros_driver
[19.215s] [ 92%] [32mBuilding CXX object CMakeFiles/xarm_driver_node.dir/src/xarm_driver_node.cpp.o[0m
[19.456s] [ 92%] Built target test_xarm_velo_move
[19.474s] [ 92%] Built target test_xarm_ros_client
[21.886s] [100%] [32m[1mLinking CXX executable xarm_driver_node[0m
[22.308s] [100%] Built target xarm_driver_node
[22.317s] Invoked command in '/home/mk/dev_ws/build/xarm_api' returned '0': AMENT_PREFIX_PATH=/home/mk/dev_ws/install/xarm_sdk:/home/mk/dev_ws/install/xarm_msgs:/home/mk/dev_ws/install/xarm_description:${AMENT_PREFIX_PATH} CMAKE_PREFIX_PATH=/home/mk/dev_ws/install/xarm_sdk:/home/mk/dev_ws/install/xarm_msgs:/home/mk/dev_ws/install/xarm_description:/opt/ros/humble LD_LIBRARY_PATH=/home/mk/dev_ws/install/xarm_sdk/lib:/home/mk/dev_ws/install/xarm_msgs/lib:${LD_LIBRARY_PATH} PYTHONPATH=/home/mk/dev_ws/install/xarm_msgs/local/lib/python3.10/dist-packages:${PYTHONPATH} /usr/bin/cmake --build /home/mk/dev_ws/build/xarm_api -- -j20 -l20
[22.318s] Invoking command in '/home/mk/dev_ws/build/xarm_api': AMENT_PREFIX_PATH=/home/mk/dev_ws/install/xarm_sdk:/home/mk/dev_ws/install/xarm_msgs:/home/mk/dev_ws/install/xarm_description:${AMENT_PREFIX_PATH} CMAKE_PREFIX_PATH=/home/mk/dev_ws/install/xarm_sdk:/home/mk/dev_ws/install/xarm_msgs:/home/mk/dev_ws/install/xarm_description:/opt/ros/humble LD_LIBRARY_PATH=/home/mk/dev_ws/install/xarm_sdk/lib:/home/mk/dev_ws/install/xarm_msgs/lib:${LD_LIBRARY_PATH} PYTHONPATH=/home/mk/dev_ws/install/xarm_msgs/local/lib/python3.10/dist-packages:${PYTHONPATH} /usr/bin/cmake --install /home/mk/dev_ws/build/xarm_api
[22.322s] -- Install configuration: ""
[22.323s] -- Execute custom install script
[22.323s] -- Symlinking: /home/mk/dev_ws/install/xarm_api/share/xarm_api/environment/library_path.sh
[22.329s] -- Symlinking: /home/mk/dev_ws/install/xarm_api/share/xarm_api/environment/library_path.dsv
[22.333s] -- Symlinking: /home/mk/dev_ws/install/xarm_api/include/xarm_api/visibility_control.h
[22.338s] -- Symlinking: /home/mk/dev_ws/install/xarm_api/include/xarm_api/xarm_driver.h
[22.343s] -- Symlinking: /home/mk/dev_ws/install/xarm_api/include/xarm_api/xarm_msgs.h
[22.347s] -- Symlinking: /home/mk/dev_ws/install/xarm_api/include/xarm_api/xarm_ros_client.h
[22.352s] -- Symlinking: /home/mk/dev_ws/install/xarm_api/lib/libxarm_ros_driver.so
[22.356s] -- Symlinking: /home/mk/dev_ws/install/xarm_api/lib/libxarm_ros_client.so
[22.362s] -- Symlinking: /home/mk/dev_ws/install/xarm_api/lib/xarm_api/xarm_driver_node
[22.369s] -- Symlinking: /home/mk/dev_ws/install/xarm_api/lib/xarm_api/test_xarm_ros_client
[22.374s] -- Symlinking: /home/mk/dev_ws/install/xarm_api/lib/xarm_api/test_xarm_velo_move
[22.379s] -- Symlinking: /home/mk/dev_ws/install/xarm_api/lib/xarm_api/test_robot_states
[22.384s] -- Symlinking: /home/mk/dev_ws/install/xarm_api/share/xarm_api//launch/_robot_driver.launch.py
[22.390s] -- Symlinking: /home/mk/dev_ws/install/xarm_api/share/xarm_api//launch/lib/robot_api_lib.py
[22.394s] -- Symlinking: /home/mk/dev_ws/install/xarm_api/share/xarm_api//launch/lite6_driver.launch.py
[22.399s] -- Symlinking: /home/mk/dev_ws/install/xarm_api/share/xarm_api//launch/uf850_driver.launch.py
[22.404s] -- Symlinking: /home/mk/dev_ws/install/xarm_api/share/xarm_api//launch/xarm5_driver.launch.py
[22.409s] -- Symlinking: /home/mk/dev_ws/install/xarm_api/share/xarm_api//launch/xarm6_driver.launch.py
[22.414s] -- Symlinking: /home/mk/dev_ws/install/xarm_api/share/xarm_api//launch/xarm7_driver.launch.py
[22.419s] -- Symlinking: /home/mk/dev_ws/install/xarm_api/share/xarm_api//config/xarm_params.yaml
[22.423s] -- Symlinking: /home/mk/dev_ws/install/xarm_api/share/ament_index/resource_index/package_run_dependencies/xarm_api
[22.429s] -- Symlinking: /home/mk/dev_ws/install/xarm_api/share/ament_index/resource_index/parent_prefix_path/xarm_api
[22.434s] -- Symlinking: /home/mk/dev_ws/install/xarm_api/share/xarm_api/environment/ament_prefix_path.sh
[22.439s] -- Symlinking: /home/mk/dev_ws/install/xarm_api/share/xarm_api/environment/ament_prefix_path.dsv
[22.444s] -- Symlinking: /home/mk/dev_ws/install/xarm_api/share/xarm_api/environment/path.sh
[22.450s] -- Symlinking: /home/mk/dev_ws/install/xarm_api/share/xarm_api/environment/path.dsv
[22.454s] -- Symlinking: /home/mk/dev_ws/install/xarm_api/share/xarm_api/local_setup.bash
[22.459s] -- Symlinking: /home/mk/dev_ws/install/xarm_api/share/xarm_api/local_setup.sh
[22.464s] -- Symlinking: /home/mk/dev_ws/install/xarm_api/share/xarm_api/local_setup.zsh
[22.469s] -- Symlinking: /home/mk/dev_ws/install/xarm_api/share/xarm_api/local_setup.dsv
[22.474s] -- Symlinking: /home/mk/dev_ws/install/xarm_api/share/xarm_api/package.dsv
[22.479s] -- Symlinking: /home/mk/dev_ws/install/xarm_api/share/ament_index/resource_index/packages/xarm_api
[22.484s] -- Symlinking: /home/mk/dev_ws/install/xarm_api/share/xarm_api/cmake/ament_cmake_export_libraries-extras.cmake
[22.490s] -- Symlinking: /home/mk/dev_ws/install/xarm_api/share/xarm_api/cmake/ament_cmake_export_include_directories-extras.cmake
[22.496s] -- Symlinking: /home/mk/dev_ws/install/xarm_api/share/xarm_api/cmake/xarm_apiConfig.cmake
[22.502s] -- Symlinking: /home/mk/dev_ws/install/xarm_api/share/xarm_api/cmake/xarm_apiConfig-version.cmake
[22.507s] -- Symlinking: /home/mk/dev_ws/install/xarm_api/share/xarm_api/package.xml
[22.513s] Invoked command in '/home/mk/dev_ws/build/xarm_api' returned '0': AMENT_PREFIX_PATH=/home/mk/dev_ws/install/xarm_sdk:/home/mk/dev_ws/install/xarm_msgs:/home/mk/dev_ws/install/xarm_description:${AMENT_PREFIX_PATH} CMAKE_PREFIX_PATH=/home/mk/dev_ws/install/xarm_sdk:/home/mk/dev_ws/install/xarm_msgs:/home/mk/dev_ws/install/xarm_description:/opt/ros/humble LD_LIBRARY_PATH=/home/mk/dev_ws/install/xarm_sdk/lib:/home/mk/dev_ws/install/xarm_msgs/lib:${LD_LIBRARY_PATH} PYTHONPATH=/home/mk/dev_ws/install/xarm_msgs/local/lib/python3.10/dist-packages:${PYTHONPATH} /usr/bin/cmake --install /home/mk/dev_ws/build/xarm_api
