running develop
Removing /home/mk/dev_ws/install/voice_command_listener/lib/python3.10/site-packages/voice-command-listener.egg-link (link to .)
running egg_info
writing ../../build/voice_command_listener/voice_command_listener.egg-info/PKG-INFO
writing dependency_links to ../../build/voice_command_listener/voice_command_listener.egg-info/dependency_links.txt
writing entry points to ../../build/voice_command_listener/voice_command_listener.egg-info/entry_points.txt
writing requirements to ../../build/voice_command_listener/voice_command_listener.egg-info/requires.txt
writing top-level names to ../../build/voice_command_listener/voice_command_listener.egg-info/top_level.txt
reading manifest file '../../build/voice_command_listener/voice_command_listener.egg-info/SOURCES.txt'
writing manifest file '../../build/voice_command_listener/voice_command_listener.egg-info/SOURCES.txt'
running build
running build_py
creating /home/mk/dev_ws/build/voice_command_listener/build
creating /home/mk/dev_ws/build/voice_command_listener/build/lib
creating /home/mk/dev_ws/build/voice_command_listener/build/lib/voice_command_listener
copying voice_command_listener/voice_command_listener.py -> /home/mk/dev_ws/build/voice_command_listener/build/lib/voice_command_listener
copying voice_command_listener/__init__.py -> /home/mk/dev_ws/build/voice_command_listener/build/lib/voice_command_listener
copying voice_command_listener/BACKUP___voice_command_listener.py -> /home/mk/dev_ws/build/voice_command_listener/build/lib/voice_command_listener
running install
running install_lib
creating /home/mk/dev_ws/install/voice_command_listener/lib/python3.10/site-packages/voice_command_listener
copying /home/mk/dev_ws/build/voice_command_listener/build/lib/voice_command_listener/voice_command_listener.py -> /home/mk/dev_ws/install/voice_command_listener/lib/python3.10/site-packages/voice_command_listener
copying /home/mk/dev_ws/build/voice_command_listener/build/lib/voice_command_listener/__init__.py -> /home/mk/dev_ws/install/voice_command_listener/lib/python3.10/site-packages/voice_command_listener
copying /home/mk/dev_ws/build/voice_command_listener/build/lib/voice_command_listener/BACKUP___voice_command_listener.py -> /home/mk/dev_ws/install/voice_command_listener/lib/python3.10/site-packages/voice_command_listener
byte-compiling /home/mk/dev_ws/install/voice_command_listener/lib/python3.10/site-packages/voice_command_listener/voice_command_listener.py to voice_command_listener.cpython-310.pyc
byte-compiling /home/mk/dev_ws/install/voice_command_listener/lib/python3.10/site-packages/voice_command_listener/__init__.py to __init__.cpython-310.pyc
byte-compiling /home/mk/dev_ws/install/voice_command_listener/lib/python3.10/site-packages/voice_command_listener/BACKUP___voice_command_listener.py to BACKUP___voice_command_listener.cpython-310.pyc
running install_data
copying resource/voice_command_listener -> /home/mk/dev_ws/install/voice_command_listener/share/ament_index/resource_index/packages
copying package.xml -> /home/mk/dev_ws/install/voice_command_listener/share/voice_command_listener
running install_egg_info
Copying ../../build/voice_command_listener/voice_command_listener.egg-info to /home/mk/dev_ws/install/voice_command_listener/lib/python3.10/site-packages/voice_command_listener-0.1.0-py3.10.egg-info
running install_scripts
Installing listener script to /home/mk/dev_ws/install/voice_command_listener/lib/voice_command_listener
Installing voice_command_listener script to /home/mk/dev_ws/install/voice_command_listener/lib/voice_command_listener
writing list of installed files to '/home/mk/dev_ws/build/voice_command_listener/install.log'
