running develop
Removing /home/mk/dev_ws/install/gaze_control/lib/python3.10/site-packages/gaze-control.egg-link (link to .)
running egg_info
writing ../../build/gaze_control/gaze_control.egg-info/PKG-INFO
writing dependency_links to ../../build/gaze_control/gaze_control.egg-info/dependency_links.txt
writing entry points to ../../build/gaze_control/gaze_control.egg-info/entry_points.txt
writing requirements to ../../build/gaze_control/gaze_control.egg-info/requires.txt
writing top-level names to ../../build/gaze_control/gaze_control.egg-info/top_level.txt
reading manifest file '../../build/gaze_control/gaze_control.egg-info/SOURCES.txt'
writing manifest file '../../build/gaze_control/gaze_control.egg-info/SOURCES.txt'
running build
running build_py
creating /home/mk/dev_ws/build/gaze_control/build
creating /home/mk/dev_ws/build/gaze_control/build/lib
creating /home/mk/dev_ws/build/gaze_control/build/lib/gaze_control
copying gaze_control/gaze_ui_node.py -> /home/mk/dev_ws/build/gaze_control/build/lib/gaze_control
copying gaze_control/__init__.py -> /home/mk/dev_ws/build/gaze_control/build/lib/gaze_control
running install
running install_lib
creating /home/mk/dev_ws/install/gaze_control/lib/python3.10/site-packages/gaze_control
copying /home/mk/dev_ws/build/gaze_control/build/lib/gaze_control/gaze_ui_node.py -> /home/mk/dev_ws/install/gaze_control/lib/python3.10/site-packages/gaze_control
copying /home/mk/dev_ws/build/gaze_control/build/lib/gaze_control/__init__.py -> /home/mk/dev_ws/install/gaze_control/lib/python3.10/site-packages/gaze_control
byte-compiling /home/mk/dev_ws/install/gaze_control/lib/python3.10/site-packages/gaze_control/gaze_ui_node.py to gaze_ui_node.cpython-310.pyc
byte-compiling /home/mk/dev_ws/install/gaze_control/lib/python3.10/site-packages/gaze_control/__init__.py to __init__.cpython-310.pyc
running install_data
copying resource/gaze_control -> /home/mk/dev_ws/install/gaze_control/share/ament_index/resource_index/packages
copying package.xml -> /home/mk/dev_ws/install/gaze_control/share/gaze_control
running install_egg_info
Copying ../../build/gaze_control/gaze_control.egg-info to /home/mk/dev_ws/install/gaze_control/lib/python3.10/site-packages/gaze_control-0.0.0-py3.10.egg-info
running install_scripts
Installing gaze_ui script to /home/mk/dev_ws/install/gaze_control/lib/gaze_control
writing list of installed files to '/home/mk/dev_ws/build/gaze_control/install.log'
