[2.233s] Invoking command in '/home/mk/dev_ws/build/gaze_control': PYTHONPATH=/home/mk/dev_ws/build/gaze_control/prefix_override:/usr/lib/python3/dist-packages/colcon_core/task/python/colcon_distutils_commands:/home/mk/dev_ws/install/gaze_control/lib/python3.10/site-packages:${PYTHONPATH} /usr/bin/python3 -W ignore:setup.py install is deprecated -W ignore:easy_install command is deprecated setup.py develop --uninstall --editable --build-directory /home/mk/dev_ws/build/gaze_control/build
[2.542s] running develop
[2.724s] Removing /home/mk/dev_ws/install/gaze_control/lib/python3.10/site-packages/gaze-control.egg-link (link to .)
[2.813s] Invoked command in '/home/mk/dev_ws/build/gaze_control' returned '0': PYTHONPATH=/home/mk/dev_ws/build/gaze_control/prefix_override:/usr/lib/python3/dist-packages/colcon_core/task/python/colcon_distutils_commands:/home/mk/dev_ws/install/gaze_control/lib/python3.10/site-packages:${PYTHONPATH} /usr/bin/python3 -W ignore:setup.py install is deprecated -W ignore:easy_install command is deprecated setup.py develop --uninstall --editable --build-directory /home/mk/dev_ws/build/gaze_control/build
[2.815s] Invoking command in '/home/mk/dev_ws/src/gaze_control': PYTHONPATH=/home/mk/dev_ws/build/gaze_control/prefix_override:/usr/lib/python3/dist-packages/colcon_core/task/python/colcon_distutils_commands:/home/mk/dev_ws/install/gaze_control/lib/python3.10/site-packages:${PYTHONPATH} /usr/bin/python3 -W ignore:setup.py install is deprecated -W ignore:easy_install command is deprecated setup.py egg_info --egg-base ../../build/gaze_control build --build-base /home/mk/dev_ws/build/gaze_control/build install --record /home/mk/dev_ws/build/gaze_control/install.log --single-version-externally-managed install_data --force
[3.073s] running egg_info
[3.074s] writing ../../build/gaze_control/gaze_control.egg-info/PKG-INFO
[3.074s] writing dependency_links to ../../build/gaze_control/gaze_control.egg-info/dependency_links.txt
[3.074s] writing entry points to ../../build/gaze_control/gaze_control.egg-info/entry_points.txt
[3.074s] writing requirements to ../../build/gaze_control/gaze_control.egg-info/requires.txt
[3.074s] writing top-level names to ../../build/gaze_control/gaze_control.egg-info/top_level.txt
[3.077s] reading manifest file '../../build/gaze_control/gaze_control.egg-info/SOURCES.txt'
[3.078s] writing manifest file '../../build/gaze_control/gaze_control.egg-info/SOURCES.txt'
[3.078s] running build
[3.078s] running build_py
[3.078s] creating /home/mk/dev_ws/build/gaze_control/build
[3.078s] creating /home/mk/dev_ws/build/gaze_control/build/lib
[3.078s] creating /home/mk/dev_ws/build/gaze_control/build/lib/gaze_control
[3.078s] copying gaze_control/gaze_ui_node.py -> /home/mk/dev_ws/build/gaze_control/build/lib/gaze_control
[3.078s] copying gaze_control/__init__.py -> /home/mk/dev_ws/build/gaze_control/build/lib/gaze_control
[3.078s] running install
[3.078s] running install_lib
[3.079s] creating /home/mk/dev_ws/install/gaze_control/lib/python3.10/site-packages/gaze_control
[3.079s] copying /home/mk/dev_ws/build/gaze_control/build/lib/gaze_control/gaze_ui_node.py -> /home/mk/dev_ws/install/gaze_control/lib/python3.10/site-packages/gaze_control
[3.079s] copying /home/mk/dev_ws/build/gaze_control/build/lib/gaze_control/__init__.py -> /home/mk/dev_ws/install/gaze_control/lib/python3.10/site-packages/gaze_control
[3.080s] byte-compiling /home/mk/dev_ws/install/gaze_control/lib/python3.10/site-packages/gaze_control/gaze_ui_node.py to gaze_ui_node.cpython-310.pyc
[3.085s] byte-compiling /home/mk/dev_ws/install/gaze_control/lib/python3.10/site-packages/gaze_control/__init__.py to __init__.cpython-310.pyc
[3.085s] running install_data
[3.085s] copying resource/gaze_control -> /home/mk/dev_ws/install/gaze_control/share/ament_index/resource_index/packages
[3.085s] copying package.xml -> /home/mk/dev_ws/install/gaze_control/share/gaze_control
[3.088s] running install_egg_info
[3.088s] Copying ../../build/gaze_control/gaze_control.egg-info to /home/mk/dev_ws/install/gaze_control/lib/python3.10/site-packages/gaze_control-0.0.0-py3.10.egg-info
[3.088s] running install_scripts
[3.112s] Installing gaze_ui script to /home/mk/dev_ws/install/gaze_control/lib/gaze_control
[3.112s] writing list of installed files to '/home/mk/dev_ws/build/gaze_control/install.log'
[3.415s] Invoked command in '/home/mk/dev_ws/src/gaze_control' returned '0': PYTHONPATH=/home/mk/dev_ws/build/gaze_control/prefix_override:/usr/lib/python3/dist-packages/colcon_core/task/python/colcon_distutils_commands:/home/mk/dev_ws/install/gaze_control/lib/python3.10/site-packages:${PYTHONPATH} /usr/bin/python3 -W ignore:setup.py install is deprecated -W ignore:easy_install command is deprecated setup.py egg_info --egg-base ../../build/gaze_control build --build-base /home/mk/dev_ws/build/gaze_control/build install --record /home/mk/dev_ws/build/gaze_control/install.log --single-version-externally-managed install_data --force
