[  3%] Built target my_3d_vision_bringup__cpp
[  6%] Built target my_3d_vision_bringup__rs
[ 15%] Built target my_3d_vision_bringup__rosidl_generator_c
[ 15%] Built target ament_cmake_python_symlink_my_3d_vision_bringup
[ 34%] Built target my_3d_vision_bringup__rosidl_typesupport_cpp
[ 34%] Built target my_3d_vision_bringup__rosidl_typesupport_c
[ 43%] Built target my_3d_vision_bringup__rosidl_typesupport_fastrtps_c
[ 53%] Built target my_3d_vision_bringup__rosidl_typesupport_introspection_c
[ 62%] Built target my_3d_vision_bringup__rosidl_typesupport_fastrtps_cpp
[ 71%] Built target my_3d_vision_bringup__rosidl_typesupport_introspection_cpp
[ 71%] Built target my_3d_vision_bringup
[ 75%] Built target my_3d_vision_bringup__py
[ 81%] Built target my_3d_vision_bringup__rosidl_generator_py
[ 93%] Built target my_3d_vision_bringup__rosidl_typesupport_introspection_c__pyext
[ 93%] Built target my_3d_vision_bringup__rosidl_typesupport_c__pyext
[100%] Built target my_3d_vision_bringup__rosidl_typesupport_fastrtps_c__pyext
running egg_info
writing my_3d_vision_bringup.egg-info/PKG-INFO
writing dependency_links to my_3d_vision_bringup.egg-info/dependency_links.txt
writing top-level names to my_3d_vision_bringup.egg-info/top_level.txt
reading manifest file 'my_3d_vision_bringup.egg-info/SOURCES.txt'
writing manifest file 'my_3d_vision_bringup.egg-info/SOURCES.txt'
[100%] Built target ament_cmake_python_build_my_3d_vision_bringup_egg
-- Install configuration: ""
-- Execute custom install script
-- Up-to-date symlink: /home/mk/dev_ws/install/my_3d_vision_bringup/share/ament_index/resource_index/rosidl_interfaces/my_3d_vision_bringup
-- Up-to-date symlink: /home/mk/dev_ws/install/my_3d_vision_bringup/include/my_3d_vision_bringup/my_3d_vision_bringup/action/detail/grasp_object__functions.h
-- Up-to-date symlink: /home/mk/dev_ws/install/my_3d_vision_bringup/include/my_3d_vision_bringup/my_3d_vision_bringup/action/detail/grasp_object__struct.h
-- Up-to-date symlink: /home/mk/dev_ws/install/my_3d_vision_bringup/include/my_3d_vision_bringup/my_3d_vision_bringup/action/detail/grasp_object__type_support.h
-- Up-to-date symlink: /home/mk/dev_ws/install/my_3d_vision_bringup/include/my_3d_vision_bringup/my_3d_vision_bringup/action/grasp_object.h
-- Up-to-date symlink: /home/mk/dev_ws/install/my_3d_vision_bringup/include/my_3d_vision_bringup/my_3d_vision_bringup/msg/rosidl_generator_c__visibility_control.h
-- Up-to-date symlink: /home/mk/dev_ws/install/my_3d_vision_bringup/share/my_3d_vision_bringup/environment/library_path.sh
-- Up-to-date symlink: /home/mk/dev_ws/install/my_3d_vision_bringup/share/my_3d_vision_bringup/environment/library_path.dsv
-- Up-to-date symlink: /home/mk/dev_ws/install/my_3d_vision_bringup/include/my_3d_vision_bringup/my_3d_vision_bringup/action/detail/grasp_object__rosidl_typesupport_fastrtps_c.h
-- Up-to-date symlink: /home/mk/dev_ws/install/my_3d_vision_bringup/include/my_3d_vision_bringup/my_3d_vision_bringup/msg/rosidl_typesupport_fastrtps_c__visibility_control.h
-- Up-to-date symlink: /home/mk/dev_ws/install/my_3d_vision_bringup/include/my_3d_vision_bringup/my_3d_vision_bringup/action/detail/grasp_object__rosidl_typesupport_introspection_c.h
-- Up-to-date symlink: /home/mk/dev_ws/install/my_3d_vision_bringup/include/my_3d_vision_bringup/my_3d_vision_bringup/msg/rosidl_typesupport_introspection_c__visibility_control.h
-- Up-to-date symlink: /home/mk/dev_ws/install/my_3d_vision_bringup/include/my_3d_vision_bringup/my_3d_vision_bringup/action/detail/grasp_object__builder.hpp
-- Up-to-date symlink: /home/mk/dev_ws/install/my_3d_vision_bringup/include/my_3d_vision_bringup/my_3d_vision_bringup/action/detail/grasp_object__struct.hpp
-- Up-to-date symlink: /home/mk/dev_ws/install/my_3d_vision_bringup/include/my_3d_vision_bringup/my_3d_vision_bringup/action/detail/grasp_object__traits.hpp
-- Up-to-date symlink: /home/mk/dev_ws/install/my_3d_vision_bringup/include/my_3d_vision_bringup/my_3d_vision_bringup/action/detail/grasp_object__type_support.hpp
-- Up-to-date symlink: /home/mk/dev_ws/install/my_3d_vision_bringup/include/my_3d_vision_bringup/my_3d_vision_bringup/action/grasp_object.hpp
-- Up-to-date symlink: /home/mk/dev_ws/install/my_3d_vision_bringup/include/my_3d_vision_bringup/my_3d_vision_bringup/msg/rosidl_generator_cpp__visibility_control.hpp
-- Up-to-date symlink: /home/mk/dev_ws/install/my_3d_vision_bringup/include/my_3d_vision_bringup/my_3d_vision_bringup/action/detail/grasp_object__rosidl_typesupport_fastrtps_cpp.hpp
-- Up-to-date symlink: /home/mk/dev_ws/install/my_3d_vision_bringup/include/my_3d_vision_bringup/my_3d_vision_bringup/msg/rosidl_typesupport_fastrtps_cpp__visibility_control.h
-- Up-to-date symlink: /home/mk/dev_ws/install/my_3d_vision_bringup/include/my_3d_vision_bringup/my_3d_vision_bringup/action/detail/grasp_object__rosidl_typesupport_introspection_cpp.hpp
-- Up-to-date symlink: /home/mk/dev_ws/install/my_3d_vision_bringup/share/my_3d_vision_bringup/environment/pythonpath.sh
-- Up-to-date symlink: /home/mk/dev_ws/install/my_3d_vision_bringup/share/my_3d_vision_bringup/environment/pythonpath.dsv
-- Up-to-date symlink: /home/mk/dev_ws/install/my_3d_vision_bringup/local/lib/python3.10/dist-packages/my_3d_vision_bringup-0.1.0-py3.10.egg-info/PKG-INFO
-- Up-to-date symlink: /home/mk/dev_ws/install/my_3d_vision_bringup/local/lib/python3.10/dist-packages/my_3d_vision_bringup-0.1.0-py3.10.egg-info/SOURCES.txt
-- Up-to-date symlink: /home/mk/dev_ws/install/my_3d_vision_bringup/local/lib/python3.10/dist-packages/my_3d_vision_bringup-0.1.0-py3.10.egg-info/dependency_links.txt
-- Up-to-date symlink: /home/mk/dev_ws/install/my_3d_vision_bringup/local/lib/python3.10/dist-packages/my_3d_vision_bringup-0.1.0-py3.10.egg-info/top_level.txt
-- Up-to-date symlink: /home/mk/dev_ws/install/my_3d_vision_bringup/local/lib/python3.10/dist-packages/my_3d_vision_bringup/__init__.py
-- Up-to-date symlink: /home/mk/dev_ws/install/my_3d_vision_bringup/local/lib/python3.10/dist-packages/my_3d_vision_bringup/_my_3d_vision_bringup_s.ep.rosidl_typesupport_c.c
-- Up-to-date symlink: /home/mk/dev_ws/install/my_3d_vision_bringup/local/lib/python3.10/dist-packages/my_3d_vision_bringup/_my_3d_vision_bringup_s.ep.rosidl_typesupport_fastrtps_c.c
-- Up-to-date symlink: /home/mk/dev_ws/install/my_3d_vision_bringup/local/lib/python3.10/dist-packages/my_3d_vision_bringup/_my_3d_vision_bringup_s.ep.rosidl_typesupport_introspection_c.c
-- Up-to-date symlink: /home/mk/dev_ws/install/my_3d_vision_bringup/local/lib/python3.10/dist-packages/my_3d_vision_bringup/action/__init__.py
-- Up-to-date symlink: /home/mk/dev_ws/install/my_3d_vision_bringup/local/lib/python3.10/dist-packages/my_3d_vision_bringup/action/_grasp_object.py
-- Up-to-date symlink: /home/mk/dev_ws/install/my_3d_vision_bringup/local/lib/python3.10/dist-packages/my_3d_vision_bringup/action/_grasp_object_s.c
-- Up-to-date symlink: /home/mk/dev_ws/install/my_3d_vision_bringup/local/lib/python3.10/dist-packages/my_3d_vision_bringup/libmy_3d_vision_bringup__rosidl_generator_py.so
-- Up-to-date symlink: /home/mk/dev_ws/install/my_3d_vision_bringup/local/lib/python3.10/dist-packages/my_3d_vision_bringup/my_3d_vision_bringup_s__rosidl_typesupport_c.cpython-310-x86_64-linux-gnu.so
-- Up-to-date symlink: /home/mk/dev_ws/install/my_3d_vision_bringup/local/lib/python3.10/dist-packages/my_3d_vision_bringup/my_3d_vision_bringup_s__rosidl_typesupport_fastrtps_c.cpython-310-x86_64-linux-gnu.so
-- Up-to-date symlink: /home/mk/dev_ws/install/my_3d_vision_bringup/local/lib/python3.10/dist-packages/my_3d_vision_bringup/my_3d_vision_bringup_s__rosidl_typesupport_introspection_c.cpython-310-x86_64-linux-gnu.so
-- Up-to-date symlink: /home/mk/dev_ws/install/my_3d_vision_bringup/local/lib/python3.10/dist-packages/my_3d_vision_bringup/my_3d_vision_bringup_s__rosidl_typesupport_fastrtps_c.cpython-310-x86_64-linux-gnu.so
-- Up-to-date symlink: /home/mk/dev_ws/install/my_3d_vision_bringup/local/lib/python3.10/dist-packages/my_3d_vision_bringup/my_3d_vision_bringup_s__rosidl_typesupport_introspection_c.cpython-310-x86_64-linux-gnu.so
-- Up-to-date symlink: /home/mk/dev_ws/install/my_3d_vision_bringup/local/lib/python3.10/dist-packages/my_3d_vision_bringup/my_3d_vision_bringup_s__rosidl_typesupport_c.cpython-310-x86_64-linux-gnu.so
-- Up-to-date symlink: /home/mk/dev_ws/install/my_3d_vision_bringup/share/ament_index/resource_index/rust_packages/my_3d_vision_bringup
-- Up-to-date symlink: /home/mk/dev_ws/install/my_3d_vision_bringup/share/my_3d_vision_bringup/rust/Cargo.toml
-- Up-to-date symlink: /home/mk/dev_ws/install/my_3d_vision_bringup/share/my_3d_vision_bringup/rust/build.rs
-- Up-to-date symlink: /home/mk/dev_ws/install/my_3d_vision_bringup/share/my_3d_vision_bringup/rust/src/action.rs
-- Up-to-date symlink: /home/mk/dev_ws/install/my_3d_vision_bringup/share/my_3d_vision_bringup/rust/src/action/rmw.rs
-- Up-to-date symlink: /home/mk/dev_ws/install/my_3d_vision_bringup/share/my_3d_vision_bringup/rust/src/lib.rs
-- Up-to-date symlink: /home/mk/dev_ws/install/my_3d_vision_bringup/share/my_3d_vision_bringup/action/GraspObject.idl
-- Up-to-date symlink: /home/mk/dev_ws/install/my_3d_vision_bringup/share/my_3d_vision_bringup/action/GraspObject.action
-- Up-to-date symlink: /home/mk/dev_ws/install/my_3d_vision_bringup/share/my_3d_vision_bringup/launch/standalone_move_group.launch.py
-- Up-to-date symlink: /home/mk/dev_ws/install/my_3d_vision_bringup/share/my_3d_vision_bringup/launch/zed_cam_rviz_pointcloud_tf_yolo_planned_grasp.launch.py
-- Up-to-date symlink: /home/mk/dev_ws/install/my_3d_vision_bringup/share/my_3d_vision_bringup/meshes/ZEDM.stl
-- Up-to-date symlink: /home/mk/dev_ws/install/my_3d_vision_bringup/share/my_3d_vision_bringup/config/grasping_params.yaml
-- Up-to-date symlink: /home/mk/dev_ws/install/my_3d_vision_bringup/share/my_3d_vision_bringup/config/perception_params.yaml
-- Up-to-date symlink: /home/mk/dev_ws/install/my_3d_vision_bringup/share/my_3d_vision_bringup/config/zed_override.yaml
-- Up-to-date symlink: /home/mk/dev_ws/install/my_3d_vision_bringup/lib/my_3d_vision_bringup/zed_stand_publisher.py
-- Up-to-date symlink: /home/mk/dev_ws/install/my_3d_vision_bringup/lib/my_3d_vision_bringup/zed_yolo_3d_bbox.py
-- Up-to-date symlink: /home/mk/dev_ws/install/my_3d_vision_bringup/lib/my_3d_vision_bringup/pointcloud_optimizer.py
-- Up-to-date symlink: /home/mk/dev_ws/install/my_3d_vision_bringup/lib/my_3d_vision_bringup/yolo_moveit_collision.py
-- Up-to-date symlink: /home/mk/dev_ws/install/my_3d_vision_bringup/lib/my_3d_vision_bringup/yolo_grasp_executor.py
-- Up-to-date symlink: /home/mk/dev_ws/install/my_3d_vision_bringup/lib/my_3d_vision_bringup/yolo_planned_grasp_executor.py
-- Up-to-date symlink: /home/mk/dev_ws/install/my_3d_vision_bringup/lib/my_3d_vision_bringup/grasp_action_bridge.py
-- Up-to-date symlink: /home/mk/dev_ws/install/my_3d_vision_bringup/lib/my_3d_vision_bringup/pointcloud_tf_tuner.py
-- Up-to-date symlink: /home/mk/dev_ws/install/my_3d_vision_bringup/share/ament_index/resource_index/package_run_dependencies/my_3d_vision_bringup
-- Up-to-date symlink: /home/mk/dev_ws/install/my_3d_vision_bringup/share/ament_index/resource_index/parent_prefix_path/my_3d_vision_bringup
-- Up-to-date symlink: /home/mk/dev_ws/install/my_3d_vision_bringup/share/my_3d_vision_bringup/environment/ament_prefix_path.sh
-- Up-to-date symlink: /home/mk/dev_ws/install/my_3d_vision_bringup/share/my_3d_vision_bringup/environment/ament_prefix_path.dsv
-- Up-to-date symlink: /home/mk/dev_ws/install/my_3d_vision_bringup/share/my_3d_vision_bringup/environment/path.sh
-- Up-to-date symlink: /home/mk/dev_ws/install/my_3d_vision_bringup/share/my_3d_vision_bringup/environment/path.dsv
-- Up-to-date symlink: /home/mk/dev_ws/install/my_3d_vision_bringup/share/my_3d_vision_bringup/local_setup.bash
-- Up-to-date symlink: /home/mk/dev_ws/install/my_3d_vision_bringup/share/my_3d_vision_bringup/local_setup.sh
-- Up-to-date symlink: /home/mk/dev_ws/install/my_3d_vision_bringup/share/my_3d_vision_bringup/local_setup.zsh
-- Up-to-date symlink: /home/mk/dev_ws/install/my_3d_vision_bringup/share/my_3d_vision_bringup/local_setup.dsv
-- Symlinking: /home/mk/dev_ws/install/my_3d_vision_bringup/share/my_3d_vision_bringup/package.dsv
-- Up-to-date symlink: /home/mk/dev_ws/install/my_3d_vision_bringup/share/ament_index/resource_index/packages/my_3d_vision_bringup
-- Up-to-date symlink: /home/mk/dev_ws/install/my_3d_vision_bringup/share/my_3d_vision_bringup/cmake/rosidl_cmake-extras.cmake
-- Up-to-date symlink: /home/mk/dev_ws/install/my_3d_vision_bringup/share/my_3d_vision_bringup/cmake/ament_cmake_export_dependencies-extras.cmake
-- Up-to-date symlink: /home/mk/dev_ws/install/my_3d_vision_bringup/share/my_3d_vision_bringup/cmake/ament_cmake_export_include_directories-extras.cmake
-- Up-to-date symlink: /home/mk/dev_ws/install/my_3d_vision_bringup/share/my_3d_vision_bringup/cmake/ament_cmake_export_libraries-extras.cmake
-- Up-to-date symlink: /home/mk/dev_ws/install/my_3d_vision_bringup/share/my_3d_vision_bringup/cmake/ament_cmake_export_targets-extras.cmake
-- Up-to-date symlink: /home/mk/dev_ws/install/my_3d_vision_bringup/share/my_3d_vision_bringup/cmake/rosidl_cmake_export_typesupport_targets-extras.cmake
-- Up-to-date symlink: /home/mk/dev_ws/install/my_3d_vision_bringup/share/my_3d_vision_bringup/cmake/rosidl_cmake_export_typesupport_libraries-extras.cmake
-- Up-to-date symlink: /home/mk/dev_ws/install/my_3d_vision_bringup/share/my_3d_vision_bringup/cmake/my_3d_vision_bringupConfig.cmake
-- Up-to-date symlink: /home/mk/dev_ws/install/my_3d_vision_bringup/share/my_3d_vision_bringup/cmake/my_3d_vision_bringupConfig-version.cmake
-- Up-to-date symlink: /home/mk/dev_ws/install/my_3d_vision_bringup/share/my_3d_vision_bringup/package.xml
-- Up-to-date: /home/mk/dev_ws/install/my_3d_vision_bringup/lib/libmy_3d_vision_bringup__rosidl_generator_c.so
-- Up-to-date: /home/mk/dev_ws/install/my_3d_vision_bringup/lib/libmy_3d_vision_bringup__rosidl_typesupport_fastrtps_c.so
-- Up-to-date: /home/mk/dev_ws/install/my_3d_vision_bringup/lib/libmy_3d_vision_bringup__rosidl_typesupport_introspection_c.so
-- Up-to-date: /home/mk/dev_ws/install/my_3d_vision_bringup/lib/libmy_3d_vision_bringup__rosidl_typesupport_c.so
-- Up-to-date: /home/mk/dev_ws/install/my_3d_vision_bringup/lib/libmy_3d_vision_bringup__rosidl_typesupport_fastrtps_cpp.so
-- Up-to-date: /home/mk/dev_ws/install/my_3d_vision_bringup/lib/libmy_3d_vision_bringup__rosidl_typesupport_introspection_cpp.so
-- Up-to-date: /home/mk/dev_ws/install/my_3d_vision_bringup/lib/libmy_3d_vision_bringup__rosidl_typesupport_cpp.so
Listing '/home/mk/dev_ws/install/my_3d_vision_bringup/local/lib/python3.10/dist-packages/my_3d_vision_bringup'...
Listing '/home/mk/dev_ws/install/my_3d_vision_bringup/local/lib/python3.10/dist-packages/my_3d_vision_bringup/action'...
-- Up-to-date: /home/mk/dev_ws/install/my_3d_vision_bringup/lib/libmy_3d_vision_bringup__rosidl_generator_py.so
-- Up-to-date: /home/mk/dev_ws/install/my_3d_vision_bringup/share/my_3d_vision_bringup/cmake/export_my_3d_vision_bringup__rosidl_generator_cExport.cmake
-- Up-to-date: /home/mk/dev_ws/install/my_3d_vision_bringup/share/my_3d_vision_bringup/cmake/export_my_3d_vision_bringup__rosidl_generator_cExport-noconfig.cmake
-- Up-to-date: /home/mk/dev_ws/install/my_3d_vision_bringup/share/my_3d_vision_bringup/cmake/export_my_3d_vision_bringup__rosidl_typesupport_fastrtps_cExport.cmake
-- Up-to-date: /home/mk/dev_ws/install/my_3d_vision_bringup/share/my_3d_vision_bringup/cmake/export_my_3d_vision_bringup__rosidl_typesupport_fastrtps_cExport-noconfig.cmake
-- Up-to-date: /home/mk/dev_ws/install/my_3d_vision_bringup/share/my_3d_vision_bringup/cmake/my_3d_vision_bringup__rosidl_typesupport_introspection_cExport.cmake
-- Up-to-date: /home/mk/dev_ws/install/my_3d_vision_bringup/share/my_3d_vision_bringup/cmake/my_3d_vision_bringup__rosidl_typesupport_introspection_cExport-noconfig.cmake
-- Up-to-date: /home/mk/dev_ws/install/my_3d_vision_bringup/share/my_3d_vision_bringup/cmake/my_3d_vision_bringup__rosidl_typesupport_cExport.cmake
-- Up-to-date: /home/mk/dev_ws/install/my_3d_vision_bringup/share/my_3d_vision_bringup/cmake/my_3d_vision_bringup__rosidl_typesupport_cExport-noconfig.cmake
-- Up-to-date: /home/mk/dev_ws/install/my_3d_vision_bringup/share/my_3d_vision_bringup/cmake/export_my_3d_vision_bringup__rosidl_generator_cppExport.cmake
-- Up-to-date: /home/mk/dev_ws/install/my_3d_vision_bringup/share/my_3d_vision_bringup/cmake/export_my_3d_vision_bringup__rosidl_typesupport_fastrtps_cppExport.cmake
-- Up-to-date: /home/mk/dev_ws/install/my_3d_vision_bringup/share/my_3d_vision_bringup/cmake/export_my_3d_vision_bringup__rosidl_typesupport_fastrtps_cppExport-noconfig.cmake
-- Up-to-date: /home/mk/dev_ws/install/my_3d_vision_bringup/share/my_3d_vision_bringup/cmake/my_3d_vision_bringup__rosidl_typesupport_introspection_cppExport.cmake
-- Up-to-date: /home/mk/dev_ws/install/my_3d_vision_bringup/share/my_3d_vision_bringup/cmake/my_3d_vision_bringup__rosidl_typesupport_introspection_cppExport-noconfig.cmake
-- Up-to-date: /home/mk/dev_ws/install/my_3d_vision_bringup/share/my_3d_vision_bringup/cmake/my_3d_vision_bringup__rosidl_typesupport_cppExport.cmake
-- Up-to-date: /home/mk/dev_ws/install/my_3d_vision_bringup/share/my_3d_vision_bringup/cmake/my_3d_vision_bringup__rosidl_typesupport_cppExport-noconfig.cmake
-- Up-to-date: /home/mk/dev_ws/install/my_3d_vision_bringup/share/my_3d_vision_bringup/cmake/export_my_3d_vision_bringup__rosidl_generator_pyExport.cmake
-- Up-to-date: /home/mk/dev_ws/install/my_3d_vision_bringup/share/my_3d_vision_bringup/cmake/export_my_3d_vision_bringup__rosidl_generator_pyExport-noconfig.cmake
