[0.694s] Invoking command in '/home/mk/dev_ws/build/my_3d_vision_bringup': CMAKE_PREFIX_PATH=${CMAKE_PREFIX_PATH}:/home/mk/dev_ws/install/yolo_object_detector:/home/mk/dev_ws/install/move_to_coordinator:/home/mk/dev_ws/install/motion_sequence:/home/mk/dev_ws/install/whisper_demos:/home/mk/dev_ws/install/voice_command_listener:/home/mk/dev_ws/install/uf_ros_lib:/home/mk/dev_ws/install/rviz_servo_status_overlay:/home/mk/dev_ws/install/rviz_marker_static_scene_objects:/home/mk/dev_ws/install/robot_motion_handler_movegroup:/home/mk/dev_ws/install/gaze_control:/home/mk/dev_ws/install/collision_check:/home/mk/dev_ws/install/audio_listener:/opt/ros/humble /usr/bin/cmake --build /home/mk/dev_ws/build/my_3d_vision_bringup -- -j20 -l20
[1.197s] [  3%] Built target my_3d_vision_bringup__cpp
[1.197s] [  6%] Built target my_3d_vision_bringup__rs
[1.198s] [ 15%] Built target my_3d_vision_bringup__rosidl_generator_c
[1.198s] [ 15%] Built target ament_cmake_python_symlink_my_3d_vision_bringup
[1.198s] [ 34%] Built target my_3d_vision_bringup__rosidl_typesupport_cpp
[1.198s] [ 34%] Built target my_3d_vision_bringup__rosidl_typesupport_c
[1.198s] [ 43%] Built target my_3d_vision_bringup__rosidl_typesupport_fastrtps_c
[1.198s] [ 53%] Built target my_3d_vision_bringup__rosidl_typesupport_introspection_c
[1.198s] [ 62%] Built target my_3d_vision_bringup__rosidl_typesupport_fastrtps_cpp
[1.198s] [ 71%] Built target my_3d_vision_bringup__rosidl_typesupport_introspection_cpp
[1.198s] [ 71%] Built target my_3d_vision_bringup
[1.198s] [ 75%] Built target my_3d_vision_bringup__py
[1.198s] [ 81%] Built target my_3d_vision_bringup__rosidl_generator_py
[1.198s] [ 93%] Built target my_3d_vision_bringup__rosidl_typesupport_introspection_c__pyext
[1.198s] [ 93%] Built target my_3d_vision_bringup__rosidl_typesupport_c__pyext
[1.198s] [100%] Built target my_3d_vision_bringup__rosidl_typesupport_fastrtps_c__pyext
[1.198s] running egg_info
[1.198s] writing my_3d_vision_bringup.egg-info/PKG-INFO
[1.198s] writing dependency_links to my_3d_vision_bringup.egg-info/dependency_links.txt
[1.198s] writing top-level names to my_3d_vision_bringup.egg-info/top_level.txt
[1.198s] reading manifest file 'my_3d_vision_bringup.egg-info/SOURCES.txt'
[1.198s] writing manifest file 'my_3d_vision_bringup.egg-info/SOURCES.txt'
[1.198s] [100%] Built target ament_cmake_python_build_my_3d_vision_bringup_egg
[1.363s] Invoked command in '/home/mk/dev_ws/build/my_3d_vision_bringup' returned '0': CMAKE_PREFIX_PATH=${CMAKE_PREFIX_PATH}:/home/mk/dev_ws/install/yolo_object_detector:/home/mk/dev_ws/install/move_to_coordinator:/home/mk/dev_ws/install/motion_sequence:/home/mk/dev_ws/install/whisper_demos:/home/mk/dev_ws/install/voice_command_listener:/home/mk/dev_ws/install/uf_ros_lib:/home/mk/dev_ws/install/rviz_servo_status_overlay:/home/mk/dev_ws/install/rviz_marker_static_scene_objects:/home/mk/dev_ws/install/robot_motion_handler_movegroup:/home/mk/dev_ws/install/gaze_control:/home/mk/dev_ws/install/collision_check:/home/mk/dev_ws/install/audio_listener:/opt/ros/humble /usr/bin/cmake --build /home/mk/dev_ws/build/my_3d_vision_bringup -- -j20 -l20
[1.364s] Invoking command in '/home/mk/dev_ws/build/my_3d_vision_bringup': CMAKE_PREFIX_PATH=${CMAKE_PREFIX_PATH}:/home/mk/dev_ws/install/yolo_object_detector:/home/mk/dev_ws/install/move_to_coordinator:/home/mk/dev_ws/install/motion_sequence:/home/mk/dev_ws/install/whisper_demos:/home/mk/dev_ws/install/voice_command_listener:/home/mk/dev_ws/install/uf_ros_lib:/home/mk/dev_ws/install/rviz_servo_status_overlay:/home/mk/dev_ws/install/rviz_marker_static_scene_objects:/home/mk/dev_ws/install/robot_motion_handler_movegroup:/home/mk/dev_ws/install/gaze_control:/home/mk/dev_ws/install/collision_check:/home/mk/dev_ws/install/audio_listener:/opt/ros/humble /usr/bin/cmake --install /home/mk/dev_ws/build/my_3d_vision_bringup
[1.409s] -- Install configuration: ""
[1.409s] -- Execute custom install script
[1.409s] -- Up-to-date symlink: /home/mk/dev_ws/install/my_3d_vision_bringup/share/ament_index/resource_index/rosidl_interfaces/my_3d_vision_bringup
[1.409s] -- Up-to-date symlink: /home/mk/dev_ws/install/my_3d_vision_bringup/include/my_3d_vision_bringup/my_3d_vision_bringup/action/detail/grasp_object__functions.h
[1.413s] -- Up-to-date symlink: /home/mk/dev_ws/install/my_3d_vision_bringup/include/my_3d_vision_bringup/my_3d_vision_bringup/action/detail/grasp_object__struct.h
[1.413s] -- Up-to-date symlink: /home/mk/dev_ws/install/my_3d_vision_bringup/include/my_3d_vision_bringup/my_3d_vision_bringup/action/detail/grasp_object__type_support.h
[1.414s] -- Up-to-date symlink: /home/mk/dev_ws/install/my_3d_vision_bringup/include/my_3d_vision_bringup/my_3d_vision_bringup/action/grasp_object.h
[1.418s] -- Up-to-date symlink: /home/mk/dev_ws/install/my_3d_vision_bringup/include/my_3d_vision_bringup/my_3d_vision_bringup/msg/rosidl_generator_c__visibility_control.h
[1.420s] -- Up-to-date symlink: /home/mk/dev_ws/install/my_3d_vision_bringup/share/my_3d_vision_bringup/environment/library_path.sh
[1.420s] -- Up-to-date symlink: /home/mk/dev_ws/install/my_3d_vision_bringup/share/my_3d_vision_bringup/environment/library_path.dsv
[1.421s] -- Up-to-date symlink: /home/mk/dev_ws/install/my_3d_vision_bringup/include/my_3d_vision_bringup/my_3d_vision_bringup/action/detail/grasp_object__rosidl_typesupport_fastrtps_c.h
[1.422s] -- Up-to-date symlink: /home/mk/dev_ws/install/my_3d_vision_bringup/include/my_3d_vision_bringup/my_3d_vision_bringup/msg/rosidl_typesupport_fastrtps_c__visibility_control.h
[1.423s] -- Up-to-date symlink: /home/mk/dev_ws/install/my_3d_vision_bringup/include/my_3d_vision_bringup/my_3d_vision_bringup/action/detail/grasp_object__rosidl_typesupport_introspection_c.h
[1.423s] -- Up-to-date symlink: /home/mk/dev_ws/install/my_3d_vision_bringup/include/my_3d_vision_bringup/my_3d_vision_bringup/msg/rosidl_typesupport_introspection_c__visibility_control.h
[1.424s] -- Up-to-date symlink: /home/mk/dev_ws/install/my_3d_vision_bringup/include/my_3d_vision_bringup/my_3d_vision_bringup/action/detail/grasp_object__builder.hpp
[1.426s] -- Up-to-date symlink: /home/mk/dev_ws/install/my_3d_vision_bringup/include/my_3d_vision_bringup/my_3d_vision_bringup/action/detail/grasp_object__struct.hpp
[1.427s] -- Up-to-date symlink: /home/mk/dev_ws/install/my_3d_vision_bringup/include/my_3d_vision_bringup/my_3d_vision_bringup/action/detail/grasp_object__traits.hpp
[1.427s] -- Up-to-date symlink: /home/mk/dev_ws/install/my_3d_vision_bringup/include/my_3d_vision_bringup/my_3d_vision_bringup/action/detail/grasp_object__type_support.hpp
[1.429s] -- Up-to-date symlink: /home/mk/dev_ws/install/my_3d_vision_bringup/include/my_3d_vision_bringup/my_3d_vision_bringup/action/grasp_object.hpp
[1.429s] -- Up-to-date symlink: /home/mk/dev_ws/install/my_3d_vision_bringup/include/my_3d_vision_bringup/my_3d_vision_bringup/msg/rosidl_generator_cpp__visibility_control.hpp
[1.433s] -- Up-to-date symlink: /home/mk/dev_ws/install/my_3d_vision_bringup/include/my_3d_vision_bringup/my_3d_vision_bringup/action/detail/grasp_object__rosidl_typesupport_fastrtps_cpp.hpp
[1.433s] -- Up-to-date symlink: /home/mk/dev_ws/install/my_3d_vision_bringup/include/my_3d_vision_bringup/my_3d_vision_bringup/msg/rosidl_typesupport_fastrtps_cpp__visibility_control.h
[1.433s] -- Up-to-date symlink: /home/mk/dev_ws/install/my_3d_vision_bringup/include/my_3d_vision_bringup/my_3d_vision_bringup/action/detail/grasp_object__rosidl_typesupport_introspection_cpp.hpp
[1.434s] -- Up-to-date symlink: /home/mk/dev_ws/install/my_3d_vision_bringup/share/my_3d_vision_bringup/environment/pythonpath.sh
[1.434s] -- Up-to-date symlink: /home/mk/dev_ws/install/my_3d_vision_bringup/share/my_3d_vision_bringup/environment/pythonpath.dsv
[1.434s] -- Up-to-date symlink: /home/mk/dev_ws/install/my_3d_vision_bringup/local/lib/python3.10/dist-packages/my_3d_vision_bringup-0.1.0-py3.10.egg-info/PKG-INFO
[1.434s] -- Up-to-date symlink: /home/mk/dev_ws/install/my_3d_vision_bringup/local/lib/python3.10/dist-packages/my_3d_vision_bringup-0.1.0-py3.10.egg-info/SOURCES.txt
[1.436s] -- Up-to-date symlink: /home/mk/dev_ws/install/my_3d_vision_bringup/local/lib/python3.10/dist-packages/my_3d_vision_bringup-0.1.0-py3.10.egg-info/dependency_links.txt
[1.436s] -- Up-to-date symlink: /home/mk/dev_ws/install/my_3d_vision_bringup/local/lib/python3.10/dist-packages/my_3d_vision_bringup-0.1.0-py3.10.egg-info/top_level.txt
[1.438s] -- Up-to-date symlink: /home/mk/dev_ws/install/my_3d_vision_bringup/local/lib/python3.10/dist-packages/my_3d_vision_bringup/__init__.py
[1.438s] -- Up-to-date symlink: /home/mk/dev_ws/install/my_3d_vision_bringup/local/lib/python3.10/dist-packages/my_3d_vision_bringup/_my_3d_vision_bringup_s.ep.rosidl_typesupport_c.c
[1.438s] -- Up-to-date symlink: /home/mk/dev_ws/install/my_3d_vision_bringup/local/lib/python3.10/dist-packages/my_3d_vision_bringup/_my_3d_vision_bringup_s.ep.rosidl_typesupport_fastrtps_c.c
[1.438s] -- Up-to-date symlink: /home/mk/dev_ws/install/my_3d_vision_bringup/local/lib/python3.10/dist-packages/my_3d_vision_bringup/_my_3d_vision_bringup_s.ep.rosidl_typesupport_introspection_c.c
[1.439s] -- Up-to-date symlink: /home/mk/dev_ws/install/my_3d_vision_bringup/local/lib/python3.10/dist-packages/my_3d_vision_bringup/action/__init__.py
[1.439s] -- Up-to-date symlink: /home/mk/dev_ws/install/my_3d_vision_bringup/local/lib/python3.10/dist-packages/my_3d_vision_bringup/action/_grasp_object.py
[1.439s] -- Up-to-date symlink: /home/mk/dev_ws/install/my_3d_vision_bringup/local/lib/python3.10/dist-packages/my_3d_vision_bringup/action/_grasp_object_s.c
[1.439s] -- Up-to-date symlink: /home/mk/dev_ws/install/my_3d_vision_bringup/local/lib/python3.10/dist-packages/my_3d_vision_bringup/libmy_3d_vision_bringup__rosidl_generator_py.so
[1.440s] -- Up-to-date symlink: /home/mk/dev_ws/install/my_3d_vision_bringup/local/lib/python3.10/dist-packages/my_3d_vision_bringup/my_3d_vision_bringup_s__rosidl_typesupport_c.cpython-310-x86_64-linux-gnu.so
[1.441s] -- Up-to-date symlink: /home/mk/dev_ws/install/my_3d_vision_bringup/local/lib/python3.10/dist-packages/my_3d_vision_bringup/my_3d_vision_bringup_s__rosidl_typesupport_fastrtps_c.cpython-310-x86_64-linux-gnu.so
[1.441s] -- Up-to-date symlink: /home/mk/dev_ws/install/my_3d_vision_bringup/local/lib/python3.10/dist-packages/my_3d_vision_bringup/my_3d_vision_bringup_s__rosidl_typesupport_introspection_c.cpython-310-x86_64-linux-gnu.so
[1.441s] -- Up-to-date symlink: /home/mk/dev_ws/install/my_3d_vision_bringup/local/lib/python3.10/dist-packages/my_3d_vision_bringup/my_3d_vision_bringup_s__rosidl_typesupport_fastrtps_c.cpython-310-x86_64-linux-gnu.so
[1.442s] -- Up-to-date symlink: /home/mk/dev_ws/install/my_3d_vision_bringup/local/lib/python3.10/dist-packages/my_3d_vision_bringup/my_3d_vision_bringup_s__rosidl_typesupport_introspection_c.cpython-310-x86_64-linux-gnu.so
[1.442s] -- Up-to-date symlink: /home/mk/dev_ws/install/my_3d_vision_bringup/local/lib/python3.10/dist-packages/my_3d_vision_bringup/my_3d_vision_bringup_s__rosidl_typesupport_c.cpython-310-x86_64-linux-gnu.so
[1.442s] -- Up-to-date symlink: /home/mk/dev_ws/install/my_3d_vision_bringup/share/ament_index/resource_index/rust_packages/my_3d_vision_bringup
[1.444s] -- Up-to-date symlink: /home/mk/dev_ws/install/my_3d_vision_bringup/share/my_3d_vision_bringup/rust/Cargo.toml
[1.444s] -- Up-to-date symlink: /home/mk/dev_ws/install/my_3d_vision_bringup/share/my_3d_vision_bringup/rust/build.rs
[1.444s] -- Up-to-date symlink: /home/mk/dev_ws/install/my_3d_vision_bringup/share/my_3d_vision_bringup/rust/src/action.rs
[1.444s] -- Up-to-date symlink: /home/mk/dev_ws/install/my_3d_vision_bringup/share/my_3d_vision_bringup/rust/src/action/rmw.rs
[1.444s] -- Up-to-date symlink: /home/mk/dev_ws/install/my_3d_vision_bringup/share/my_3d_vision_bringup/rust/src/lib.rs
[1.444s] -- Up-to-date symlink: /home/mk/dev_ws/install/my_3d_vision_bringup/share/my_3d_vision_bringup/action/GraspObject.idl
[1.445s] -- Up-to-date symlink: /home/mk/dev_ws/install/my_3d_vision_bringup/share/my_3d_vision_bringup/action/GraspObject.action
[1.445s] -- Up-to-date symlink: /home/mk/dev_ws/install/my_3d_vision_bringup/share/my_3d_vision_bringup/launch/standalone_move_group.launch.py
[1.447s] -- Up-to-date symlink: /home/mk/dev_ws/install/my_3d_vision_bringup/share/my_3d_vision_bringup/launch/zed_cam_rviz_pointcloud_tf_yolo_planned_grasp.launch.py
[1.447s] -- Up-to-date symlink: /home/mk/dev_ws/install/my_3d_vision_bringup/share/my_3d_vision_bringup/meshes/ZEDM.stl
[1.447s] -- Up-to-date symlink: /home/mk/dev_ws/install/my_3d_vision_bringup/share/my_3d_vision_bringup/config/grasping_params.yaml
[1.447s] -- Up-to-date symlink: /home/mk/dev_ws/install/my_3d_vision_bringup/share/my_3d_vision_bringup/config/perception_params.yaml
[1.447s] -- Up-to-date symlink: /home/mk/dev_ws/install/my_3d_vision_bringup/share/my_3d_vision_bringup/config/zed_override.yaml
[1.447s] -- Up-to-date symlink: /home/mk/dev_ws/install/my_3d_vision_bringup/lib/my_3d_vision_bringup/zed_stand_publisher.py
[1.447s] -- Up-to-date symlink: /home/mk/dev_ws/install/my_3d_vision_bringup/lib/my_3d_vision_bringup/zed_yolo_3d_bbox.py
[1.447s] -- Up-to-date symlink: /home/mk/dev_ws/install/my_3d_vision_bringup/lib/my_3d_vision_bringup/pointcloud_optimizer.py
[1.448s] -- Up-to-date symlink: /home/mk/dev_ws/install/my_3d_vision_bringup/lib/my_3d_vision_bringup/yolo_moveit_collision.py
[1.448s] -- Up-to-date symlink: /home/mk/dev_ws/install/my_3d_vision_bringup/lib/my_3d_vision_bringup/yolo_grasp_executor.py
[1.448s] -- Up-to-date symlink: /home/mk/dev_ws/install/my_3d_vision_bringup/lib/my_3d_vision_bringup/yolo_planned_grasp_executor.py
[1.448s] -- Up-to-date symlink: /home/mk/dev_ws/install/my_3d_vision_bringup/lib/my_3d_vision_bringup/grasp_action_bridge.py
[1.450s] -- Up-to-date symlink: /home/mk/dev_ws/install/my_3d_vision_bringup/lib/my_3d_vision_bringup/pointcloud_tf_tuner.py
[1.450s] -- Up-to-date symlink: /home/mk/dev_ws/install/my_3d_vision_bringup/share/ament_index/resource_index/package_run_dependencies/my_3d_vision_bringup
[1.450s] -- Up-to-date symlink: /home/mk/dev_ws/install/my_3d_vision_bringup/share/ament_index/resource_index/parent_prefix_path/my_3d_vision_bringup
[1.450s] -- Up-to-date symlink: /home/mk/dev_ws/install/my_3d_vision_bringup/share/my_3d_vision_bringup/environment/ament_prefix_path.sh
[1.450s] -- Up-to-date symlink: /home/mk/dev_ws/install/my_3d_vision_bringup/share/my_3d_vision_bringup/environment/ament_prefix_path.dsv
[1.450s] -- Up-to-date symlink: /home/mk/dev_ws/install/my_3d_vision_bringup/share/my_3d_vision_bringup/environment/path.sh
[1.450s] -- Up-to-date symlink: /home/mk/dev_ws/install/my_3d_vision_bringup/share/my_3d_vision_bringup/environment/path.dsv
[1.450s] -- Up-to-date symlink: /home/mk/dev_ws/install/my_3d_vision_bringup/share/my_3d_vision_bringup/local_setup.bash
[1.450s] -- Up-to-date symlink: /home/mk/dev_ws/install/my_3d_vision_bringup/share/my_3d_vision_bringup/local_setup.sh
[1.450s] -- Up-to-date symlink: /home/mk/dev_ws/install/my_3d_vision_bringup/share/my_3d_vision_bringup/local_setup.zsh
[1.451s] -- Up-to-date symlink: /home/mk/dev_ws/install/my_3d_vision_bringup/share/my_3d_vision_bringup/local_setup.dsv
[1.451s] -- Symlinking: /home/mk/dev_ws/install/my_3d_vision_bringup/share/my_3d_vision_bringup/package.dsv
[1.477s] -- Up-to-date symlink: /home/mk/dev_ws/install/my_3d_vision_bringup/share/ament_index/resource_index/packages/my_3d_vision_bringup
[1.477s] -- Up-to-date symlink: /home/mk/dev_ws/install/my_3d_vision_bringup/share/my_3d_vision_bringup/cmake/rosidl_cmake-extras.cmake
[1.477s] -- Up-to-date symlink: /home/mk/dev_ws/install/my_3d_vision_bringup/share/my_3d_vision_bringup/cmake/ament_cmake_export_dependencies-extras.cmake
[1.477s] -- Up-to-date symlink: /home/mk/dev_ws/install/my_3d_vision_bringup/share/my_3d_vision_bringup/cmake/ament_cmake_export_include_directories-extras.cmake
[1.482s] -- Up-to-date symlink: /home/mk/dev_ws/install/my_3d_vision_bringup/share/my_3d_vision_bringup/cmake/ament_cmake_export_libraries-extras.cmake
[1.482s] -- Up-to-date symlink: /home/mk/dev_ws/install/my_3d_vision_bringup/share/my_3d_vision_bringup/cmake/ament_cmake_export_targets-extras.cmake
[1.482s] -- Up-to-date symlink: /home/mk/dev_ws/install/my_3d_vision_bringup/share/my_3d_vision_bringup/cmake/rosidl_cmake_export_typesupport_targets-extras.cmake
[1.483s] -- Up-to-date symlink: /home/mk/dev_ws/install/my_3d_vision_bringup/share/my_3d_vision_bringup/cmake/rosidl_cmake_export_typesupport_libraries-extras.cmake
[1.483s] -- Up-to-date symlink: /home/mk/dev_ws/install/my_3d_vision_bringup/share/my_3d_vision_bringup/cmake/my_3d_vision_bringupConfig.cmake
[1.483s] -- Up-to-date symlink: /home/mk/dev_ws/install/my_3d_vision_bringup/share/my_3d_vision_bringup/cmake/my_3d_vision_bringupConfig-version.cmake
[1.483s] -- Up-to-date symlink: /home/mk/dev_ws/install/my_3d_vision_bringup/share/my_3d_vision_bringup/package.xml
[1.483s] -- Up-to-date: /home/mk/dev_ws/install/my_3d_vision_bringup/lib/libmy_3d_vision_bringup__rosidl_generator_c.so
[1.484s] -- Up-to-date: /home/mk/dev_ws/install/my_3d_vision_bringup/lib/libmy_3d_vision_bringup__rosidl_typesupport_fastrtps_c.so
[1.484s] -- Up-to-date: /home/mk/dev_ws/install/my_3d_vision_bringup/lib/libmy_3d_vision_bringup__rosidl_typesupport_introspection_c.so
[1.484s] -- Up-to-date: /home/mk/dev_ws/install/my_3d_vision_bringup/lib/libmy_3d_vision_bringup__rosidl_typesupport_c.so
[1.485s] -- Up-to-date: /home/mk/dev_ws/install/my_3d_vision_bringup/lib/libmy_3d_vision_bringup__rosidl_typesupport_fastrtps_cpp.so
[1.485s] -- Up-to-date: /home/mk/dev_ws/install/my_3d_vision_bringup/lib/libmy_3d_vision_bringup__rosidl_typesupport_introspection_cpp.so
[1.485s] -- Up-to-date: /home/mk/dev_ws/install/my_3d_vision_bringup/lib/libmy_3d_vision_bringup__rosidl_typesupport_cpp.so
[1.524s] Listing '/home/mk/dev_ws/install/my_3d_vision_bringup/local/lib/python3.10/dist-packages/my_3d_vision_bringup'...
[1.524s] Listing '/home/mk/dev_ws/install/my_3d_vision_bringup/local/lib/python3.10/dist-packages/my_3d_vision_bringup/action'...
[1.525s] -- Up-to-date: /home/mk/dev_ws/install/my_3d_vision_bringup/lib/libmy_3d_vision_bringup__rosidl_generator_py.so
[1.525s] -- Up-to-date: /home/mk/dev_ws/install/my_3d_vision_bringup/share/my_3d_vision_bringup/cmake/export_my_3d_vision_bringup__rosidl_generator_cExport.cmake
[1.525s] -- Up-to-date: /home/mk/dev_ws/install/my_3d_vision_bringup/share/my_3d_vision_bringup/cmake/export_my_3d_vision_bringup__rosidl_generator_cExport-noconfig.cmake
[1.525s] -- Up-to-date: /home/mk/dev_ws/install/my_3d_vision_bringup/share/my_3d_vision_bringup/cmake/export_my_3d_vision_bringup__rosidl_typesupport_fastrtps_cExport.cmake
[1.525s] -- Up-to-date: /home/mk/dev_ws/install/my_3d_vision_bringup/share/my_3d_vision_bringup/cmake/export_my_3d_vision_bringup__rosidl_typesupport_fastrtps_cExport-noconfig.cmake
[1.525s] -- Up-to-date: /home/mk/dev_ws/install/my_3d_vision_bringup/share/my_3d_vision_bringup/cmake/my_3d_vision_bringup__rosidl_typesupport_introspection_cExport.cmake
[1.525s] -- Up-to-date: /home/mk/dev_ws/install/my_3d_vision_bringup/share/my_3d_vision_bringup/cmake/my_3d_vision_bringup__rosidl_typesupport_introspection_cExport-noconfig.cmake
[1.525s] -- Up-to-date: /home/mk/dev_ws/install/my_3d_vision_bringup/share/my_3d_vision_bringup/cmake/my_3d_vision_bringup__rosidl_typesupport_cExport.cmake
[1.525s] -- Up-to-date: /home/mk/dev_ws/install/my_3d_vision_bringup/share/my_3d_vision_bringup/cmake/my_3d_vision_bringup__rosidl_typesupport_cExport-noconfig.cmake
[1.525s] -- Up-to-date: /home/mk/dev_ws/install/my_3d_vision_bringup/share/my_3d_vision_bringup/cmake/export_my_3d_vision_bringup__rosidl_generator_cppExport.cmake
[1.525s] -- Up-to-date: /home/mk/dev_ws/install/my_3d_vision_bringup/share/my_3d_vision_bringup/cmake/export_my_3d_vision_bringup__rosidl_typesupport_fastrtps_cppExport.cmake
[1.525s] -- Up-to-date: /home/mk/dev_ws/install/my_3d_vision_bringup/share/my_3d_vision_bringup/cmake/export_my_3d_vision_bringup__rosidl_typesupport_fastrtps_cppExport-noconfig.cmake
[1.526s] -- Up-to-date: /home/mk/dev_ws/install/my_3d_vision_bringup/share/my_3d_vision_bringup/cmake/my_3d_vision_bringup__rosidl_typesupport_introspection_cppExport.cmake
[1.526s] -- Up-to-date: /home/mk/dev_ws/install/my_3d_vision_bringup/share/my_3d_vision_bringup/cmake/my_3d_vision_bringup__rosidl_typesupport_introspection_cppExport-noconfig.cmake
[1.526s] -- Up-to-date: /home/mk/dev_ws/install/my_3d_vision_bringup/share/my_3d_vision_bringup/cmake/my_3d_vision_bringup__rosidl_typesupport_cppExport.cmake
[1.526s] -- Up-to-date: /home/mk/dev_ws/install/my_3d_vision_bringup/share/my_3d_vision_bringup/cmake/my_3d_vision_bringup__rosidl_typesupport_cppExport-noconfig.cmake
[1.526s] -- Up-to-date: /home/mk/dev_ws/install/my_3d_vision_bringup/share/my_3d_vision_bringup/cmake/export_my_3d_vision_bringup__rosidl_generator_pyExport.cmake
[1.526s] -- Up-to-date: /home/mk/dev_ws/install/my_3d_vision_bringup/share/my_3d_vision_bringup/cmake/export_my_3d_vision_bringup__rosidl_generator_pyExport-noconfig.cmake
[1.578s] Invoked command in '/home/mk/dev_ws/build/my_3d_vision_bringup' returned '0': CMAKE_PREFIX_PATH=${CMAKE_PREFIX_PATH}:/home/mk/dev_ws/install/yolo_object_detector:/home/mk/dev_ws/install/move_to_coordinator:/home/mk/dev_ws/install/motion_sequence:/home/mk/dev_ws/install/whisper_demos:/home/mk/dev_ws/install/voice_command_listener:/home/mk/dev_ws/install/uf_ros_lib:/home/mk/dev_ws/install/rviz_servo_status_overlay:/home/mk/dev_ws/install/rviz_marker_static_scene_objects:/home/mk/dev_ws/install/robot_motion_handler_movegroup:/home/mk/dev_ws/install/gaze_control:/home/mk/dev_ws/install/collision_check:/home/mk/dev_ws/install/audio_listener:/opt/ros/humble /usr/bin/cmake --install /home/mk/dev_ws/build/my_3d_vision_bringup
