[0.039s] Invoking command in '/home/mk/dev_ws/build/zed_wrapper': AMENT_PREFIX_PATH=/home/mk/dev_ws/install/zed_components:/home/mk/dev_ws/install/zed_interfaces:${AMENT_PREFIX_PATH} CMAKE_PREFIX_PATH=/home/mk/dev_ws/install/zed_components:/home/mk/dev_ws/install/zed_interfaces:/opt/ros/humble LD_LIBRARY_PATH=/home/mk/dev_ws/install/zed_components/lib:/home/mk/dev_ws/install/zed_interfaces/lib:${LD_LIBRARY_PATH} PYTHONPATH=/home/mk/dev_ws/install/zed_interfaces/local/lib/python3.10/dist-packages:${PYTHONPATH} /usr/bin/cmake --build /home/mk/dev_ws/build/zed_wrapper -- -j20 -l20
[0.067s] [35m[1mConsolidate compiler generated dependencies of target zed_wrapper[0m
[0.078s] [100%] Built target zed_wrapper
[0.083s] Invoked command in '/home/mk/dev_ws/build/zed_wrapper' returned '0': AMENT_PREFIX_PATH=/home/mk/dev_ws/install/zed_components:/home/mk/dev_ws/install/zed_interfaces:${AMENT_PREFIX_PATH} CMAKE_PREFIX_PATH=/home/mk/dev_ws/install/zed_components:/home/mk/dev_ws/install/zed_interfaces:/opt/ros/humble LD_LIBRARY_PATH=/home/mk/dev_ws/install/zed_components/lib:/home/mk/dev_ws/install/zed_interfaces/lib:${LD_LIBRARY_PATH} PYTHONPATH=/home/mk/dev_ws/install/zed_interfaces/local/lib/python3.10/dist-packages:${PYTHONPATH} /usr/bin/cmake --build /home/mk/dev_ws/build/zed_wrapper -- -j20 -l20
[0.084s] Invoking command in '/home/mk/dev_ws/build/zed_wrapper': AMENT_PREFIX_PATH=/home/mk/dev_ws/install/zed_components:/home/mk/dev_ws/install/zed_interfaces:${AMENT_PREFIX_PATH} CMAKE_PREFIX_PATH=/home/mk/dev_ws/install/zed_components:/home/mk/dev_ws/install/zed_interfaces:/opt/ros/humble LD_LIBRARY_PATH=/home/mk/dev_ws/install/zed_components/lib:/home/mk/dev_ws/install/zed_interfaces/lib:${LD_LIBRARY_PATH} PYTHONPATH=/home/mk/dev_ws/install/zed_interfaces/local/lib/python3.10/dist-packages:${PYTHONPATH} /usr/bin/cmake --install /home/mk/dev_ws/build/zed_wrapper
[0.090s] -- Install configuration: "Release"
[0.091s] -- Execute custom install script
[0.091s] -- Up-to-date symlink: /home/mk/dev_ws/install/zed_wrapper/lib/zed_wrapper/zed_wrapper
[0.091s] -- Up-to-date symlink: /home/mk/dev_ws/install/zed_wrapper/share/zed_wrapper/config/common.yaml
[0.091s] -- Up-to-date symlink: /home/mk/dev_ws/install/zed_wrapper/share/zed_wrapper/config/ffmpeg.yaml
[0.091s] -- Up-to-date symlink: /home/mk/dev_ws/install/zed_wrapper/share/zed_wrapper/config/virtual.yaml
[0.092s] -- Up-to-date symlink: /home/mk/dev_ws/install/zed_wrapper/share/zed_wrapper/config/zed.yaml
[0.092s] -- Up-to-date symlink: /home/mk/dev_ws/install/zed_wrapper/share/zed_wrapper/config/zed2.yaml
[0.092s] -- Up-to-date symlink: /home/mk/dev_ws/install/zed_wrapper/share/zed_wrapper/config/zed2i.yaml
[0.092s] -- Up-to-date symlink: /home/mk/dev_ws/install/zed_wrapper/share/zed_wrapper/config/zedm.yaml
[0.092s] -- Up-to-date symlink: /home/mk/dev_ws/install/zed_wrapper/share/zed_wrapper/config/zedx.yaml
[0.092s] -- Up-to-date symlink: /home/mk/dev_ws/install/zed_wrapper/share/zed_wrapper/config/zedxm.yaml
[0.092s] -- Up-to-date symlink: /home/mk/dev_ws/install/zed_wrapper/share/zed_wrapper/urdf/include/materials.urdf.xacro
[0.092s] -- Up-to-date symlink: /home/mk/dev_ws/install/zed_wrapper/share/zed_wrapper/urdf/zed_descr.urdf.xacro
[0.092s] -- Up-to-date symlink: /home/mk/dev_ws/install/zed_wrapper/share/zed_wrapper/urdf/zed_macro.urdf.xacro
[0.092s] -- Up-to-date symlink: /home/mk/dev_ws/install/zed_wrapper/share/zed_wrapper/launch/zed_camera.launch.py
[0.093s] -- Up-to-date symlink: /home/mk/dev_ws/install/zed_wrapper/share/ament_index/resource_index/package_run_dependencies/zed_wrapper
[0.093s] -- Up-to-date symlink: /home/mk/dev_ws/install/zed_wrapper/share/ament_index/resource_index/parent_prefix_path/zed_wrapper
[0.093s] -- Up-to-date symlink: /home/mk/dev_ws/install/zed_wrapper/share/zed_wrapper/environment/ament_prefix_path.sh
[0.093s] -- Up-to-date symlink: /home/mk/dev_ws/install/zed_wrapper/share/zed_wrapper/environment/ament_prefix_path.dsv
[0.093s] -- Up-to-date symlink: /home/mk/dev_ws/install/zed_wrapper/share/zed_wrapper/environment/path.sh
[0.093s] -- Up-to-date symlink: /home/mk/dev_ws/install/zed_wrapper/share/zed_wrapper/environment/path.dsv
[0.093s] -- Up-to-date symlink: /home/mk/dev_ws/install/zed_wrapper/share/zed_wrapper/local_setup.bash
[0.093s] -- Up-to-date symlink: /home/mk/dev_ws/install/zed_wrapper/share/zed_wrapper/local_setup.sh
[0.094s] -- Up-to-date symlink: /home/mk/dev_ws/install/zed_wrapper/share/zed_wrapper/local_setup.zsh
[0.094s] -- Up-to-date symlink: /home/mk/dev_ws/install/zed_wrapper/share/zed_wrapper/local_setup.dsv
[0.094s] -- Symlinking: /home/mk/dev_ws/install/zed_wrapper/share/zed_wrapper/package.dsv
[0.100s] -- Up-to-date symlink: /home/mk/dev_ws/install/zed_wrapper/share/ament_index/resource_index/packages/zed_wrapper
[0.100s] -- Up-to-date symlink: /home/mk/dev_ws/install/zed_wrapper/share/zed_wrapper/cmake/zed_wrapperConfig.cmake
[0.100s] -- Up-to-date symlink: /home/mk/dev_ws/install/zed_wrapper/share/zed_wrapper/cmake/zed_wrapperConfig-version.cmake
[0.100s] -- Up-to-date symlink: /home/mk/dev_ws/install/zed_wrapper/share/zed_wrapper/package.xml
[0.125s] Invoked command in '/home/mk/dev_ws/build/zed_wrapper' returned '0': AMENT_PREFIX_PATH=/home/mk/dev_ws/install/zed_components:/home/mk/dev_ws/install/zed_interfaces:${AMENT_PREFIX_PATH} CMAKE_PREFIX_PATH=/home/mk/dev_ws/install/zed_components:/home/mk/dev_ws/install/zed_interfaces:/opt/ros/humble LD_LIBRARY_PATH=/home/mk/dev_ws/install/zed_components/lib:/home/mk/dev_ws/install/zed_interfaces/lib:${LD_LIBRARY_PATH} PYTHONPATH=/home/mk/dev_ws/install/zed_interfaces/local/lib/python3.10/dist-packages:${PYTHONPATH} /usr/bin/cmake --install /home/mk/dev_ws/build/zed_wrapper
