[0.544s] Invoking command in '/home/mk/dev_ws/build/motion_sequence': AMENT_PREFIX_PATH=/home/mk/dev_ws/install/xarm_msgs:${AMENT_PREFIX_PATH} CMAKE_PREFIX_PATH=/home/mk/dev_ws/install/xarm_msgs LD_LIBRARY_PATH=/home/mk/dev_ws/install/xarm_msgs/lib:${LD_LIBRARY_PATH} PYTHONPATH=/home/mk/dev_ws/build/motion_sequence/prefix_override:/usr/lib/python3/dist-packages/colcon_core/task/python/colcon_distutils_commands:/home/mk/dev_ws/install/motion_sequence/lib/python3.10/site-packages:/home/mk/dev_ws/install/xarm_msgs/local/lib/python3.10/dist-packages:${PYTHONPATH} /usr/bin/python3 -W ignore:setup.py install is deprecated -W ignore:easy_install command is deprecated setup.py develop --editable --build-directory /home/mk/dev_ws/build/motion_sequence/build --no-deps symlink_data
[0.692s] running develop
[0.782s] running egg_info
[0.782s] creating motion_sequence.egg-info
[0.782s] writing motion_sequence.egg-info/PKG-INFO
[0.783s] writing dependency_links to motion_sequence.egg-info/dependency_links.txt
[0.783s] writing entry points to motion_sequence.egg-info/entry_points.txt
[0.783s] writing requirements to motion_sequence.egg-info/requires.txt
[0.783s] writing top-level names to motion_sequence.egg-info/top_level.txt
[0.783s] writing manifest file 'motion_sequence.egg-info/SOURCES.txt'
[0.784s] reading manifest file 'motion_sequence.egg-info/SOURCES.txt'
[0.784s] writing manifest file 'motion_sequence.egg-info/SOURCES.txt'
[0.816s] running build_ext
[0.816s] Creating /home/mk/dev_ws/install/motion_sequence/lib/python3.10/site-packages/motion-sequence.egg-link (link to .)
[0.817s] Installing motion_sequence script to /home/mk/dev_ws/install/motion_sequence/lib/motion_sequence
[0.817s] 
[0.817s] Installed /home/mk/dev_ws/build/motion_sequence
[0.817s] running symlink_data
[0.817s] symbolically linking /home/mk/dev_ws/build/motion_sequence/package.xml -> /home/mk/dev_ws/install/motion_sequence/share/motion_sequence
[0.817s] creating /home/mk/dev_ws/install/motion_sequence/share/motion_sequence/launch
[0.817s] symbolically linking /home/mk/dev_ws/build/motion_sequence/launch/motion_sequence_launch.py -> /home/mk/dev_ws/install/motion_sequence/share/motion_sequence/launch
[0.817s] creating /home/mk/dev_ws/install/motion_sequence/share/ament_index
[0.817s] creating /home/mk/dev_ws/install/motion_sequence/share/ament_index/resource_index
[0.818s] creating /home/mk/dev_ws/install/motion_sequence/share/ament_index/resource_index/packages
[0.818s] symbolically linking /home/mk/dev_ws/build/motion_sequence/resource/motion_sequence -> /home/mk/dev_ws/install/motion_sequence/share/ament_index/resource_index/packages
[0.844s] Invoked command in '/home/mk/dev_ws/build/motion_sequence' returned '0': AMENT_PREFIX_PATH=/home/mk/dev_ws/install/xarm_msgs:${AMENT_PREFIX_PATH} CMAKE_PREFIX_PATH=/home/mk/dev_ws/install/xarm_msgs LD_LIBRARY_PATH=/home/mk/dev_ws/install/xarm_msgs/lib:${LD_LIBRARY_PATH} PYTHONPATH=/home/mk/dev_ws/build/motion_sequence/prefix_override:/usr/lib/python3/dist-packages/colcon_core/task/python/colcon_distutils_commands:/home/mk/dev_ws/install/motion_sequence/lib/python3.10/site-packages:/home/mk/dev_ws/install/xarm_msgs/local/lib/python3.10/dist-packages:${PYTHONPATH} /usr/bin/python3 -W ignore:setup.py install is deprecated -W ignore:easy_install command is deprecated setup.py develop --editable --build-directory /home/mk/dev_ws/build/motion_sequence/build --no-deps symlink_data
