[0.012s] Invoking command in '/home/mk/dev_ws/build/xarm_gazebo': AMENT_PREFIX_PATH=/home/mk/dev_ws/install/xarm_controller:/home/mk/dev_ws/install/xarm_api:/home/mk/dev_ws/install/xarm_sdk:/home/mk/dev_ws/install/xarm_msgs:/home/mk/dev_ws/install/xarm_description:/home/mk/dev_ws/install/uf_ros_lib:${AMENT_PREFIX_PATH} CMAKE_PREFIX_PATH=/home/mk/dev_ws/install/xarm_controller:/home/mk/dev_ws/install/xarm_api:/home/mk/dev_ws/install/xarm_sdk:/home/mk/dev_ws/install/xarm_msgs:/home/mk/dev_ws/install/xarm_description:/opt/ros/humble LD_LIBRARY_PATH=/home/mk/dev_ws/install/xarm_controller/lib:/home/mk/dev_ws/install/xarm_api/lib:/home/mk/dev_ws/install/xarm_sdk/lib:/home/mk/dev_ws/install/xarm_msgs/lib:${LD_LIBRARY_PATH} PYTHONPATH=/home/mk/dev_ws/install/xarm_msgs/local/lib/python3.10/dist-packages:/home/mk/dev_ws/build/uf_ros_lib:/home/mk/dev_ws/install/uf_ros_lib/lib/python3.10/site-packages:${PYTHONPATH} /usr/bin/cmake --build /home/mk/dev_ws/build/xarm_gazebo -- -j20 -l20
[0.052s] [35m[1mConsolidate compiler generated dependencies of target gazebo_mimic_joint_plugin[0m
[0.079s] [100%] Built target gazebo_mimic_joint_plugin
[0.086s] Invoked command in '/home/mk/dev_ws/build/xarm_gazebo' returned '0': AMENT_PREFIX_PATH=/home/mk/dev_ws/install/xarm_controller:/home/mk/dev_ws/install/xarm_api:/home/mk/dev_ws/install/xarm_sdk:/home/mk/dev_ws/install/xarm_msgs:/home/mk/dev_ws/install/xarm_description:/home/mk/dev_ws/install/uf_ros_lib:${AMENT_PREFIX_PATH} CMAKE_PREFIX_PATH=/home/mk/dev_ws/install/xarm_controller:/home/mk/dev_ws/install/xarm_api:/home/mk/dev_ws/install/xarm_sdk:/home/mk/dev_ws/install/xarm_msgs:/home/mk/dev_ws/install/xarm_description:/opt/ros/humble LD_LIBRARY_PATH=/home/mk/dev_ws/install/xarm_controller/lib:/home/mk/dev_ws/install/xarm_api/lib:/home/mk/dev_ws/install/xarm_sdk/lib:/home/mk/dev_ws/install/xarm_msgs/lib:${LD_LIBRARY_PATH} PYTHONPATH=/home/mk/dev_ws/install/xarm_msgs/local/lib/python3.10/dist-packages:/home/mk/dev_ws/build/uf_ros_lib:/home/mk/dev_ws/install/uf_ros_lib/lib/python3.10/site-packages:${PYTHONPATH} /usr/bin/cmake --build /home/mk/dev_ws/build/xarm_gazebo -- -j20 -l20
[0.088s] Invoking command in '/home/mk/dev_ws/build/xarm_gazebo': AMENT_PREFIX_PATH=/home/mk/dev_ws/install/xarm_controller:/home/mk/dev_ws/install/xarm_api:/home/mk/dev_ws/install/xarm_sdk:/home/mk/dev_ws/install/xarm_msgs:/home/mk/dev_ws/install/xarm_description:/home/mk/dev_ws/install/uf_ros_lib:${AMENT_PREFIX_PATH} CMAKE_PREFIX_PATH=/home/mk/dev_ws/install/xarm_controller:/home/mk/dev_ws/install/xarm_api:/home/mk/dev_ws/install/xarm_sdk:/home/mk/dev_ws/install/xarm_msgs:/home/mk/dev_ws/install/xarm_description:/opt/ros/humble LD_LIBRARY_PATH=/home/mk/dev_ws/install/xarm_controller/lib:/home/mk/dev_ws/install/xarm_api/lib:/home/mk/dev_ws/install/xarm_sdk/lib:/home/mk/dev_ws/install/xarm_msgs/lib:${LD_LIBRARY_PATH} PYTHONPATH=/home/mk/dev_ws/install/xarm_msgs/local/lib/python3.10/dist-packages:/home/mk/dev_ws/build/uf_ros_lib:/home/mk/dev_ws/install/uf_ros_lib/lib/python3.10/site-packages:${PYTHONPATH} /usr/bin/cmake --install /home/mk/dev_ws/build/xarm_gazebo
[0.095s] -- Install configuration: ""
[0.095s] -- Execute custom install script
[0.096s] -- Up-to-date symlink: /home/mk/dev_ws/install/xarm_gazebo/include/xarm_gazebo/mimic_joint_plugin.h
[0.096s] -- Up-to-date symlink: /home/mk/dev_ws/install/xarm_gazebo/lib/libgazebo_mimic_joint_plugin.so
[0.096s] -- Up-to-date symlink: /home/mk/dev_ws/install/xarm_gazebo/share/xarm_gazebo//worlds/table.world
[0.097s] -- Up-to-date symlink: /home/mk/dev_ws/install/xarm_gazebo/share/xarm_gazebo//launch/_dual_robot_beside_table_gazebo.launch.py
[0.097s] -- Up-to-date symlink: /home/mk/dev_ws/install/xarm_gazebo/share/xarm_gazebo//launch/_robot_beside_table_gazebo.launch.py
[0.097s] -- Up-to-date symlink: /home/mk/dev_ws/install/xarm_gazebo/share/xarm_gazebo//launch/_robot_beside_table_ignition.launch.py
[0.097s] -- Up-to-date symlink: /home/mk/dev_ws/install/xarm_gazebo/share/xarm_gazebo//launch/lite6_beside_table_gazebo.launch.py
[0.097s] -- Up-to-date symlink: /home/mk/dev_ws/install/xarm_gazebo/share/xarm_gazebo//launch/uf850_beside_table_gazebo.launch.py
[0.097s] -- Up-to-date symlink: /home/mk/dev_ws/install/xarm_gazebo/share/xarm_gazebo//launch/xarm5_beside_table_gazebo.launch.py
[0.098s] -- Up-to-date symlink: /home/mk/dev_ws/install/xarm_gazebo/share/xarm_gazebo//launch/xarm6_beside_table_gazebo.launch.py
[0.098s] -- Up-to-date symlink: /home/mk/dev_ws/install/xarm_gazebo/share/xarm_gazebo//launch/xarm7_beside_table_gazebo.launch.py
[0.098s] -- Up-to-date symlink: /home/mk/dev_ws/install/xarm_gazebo/share/xarm_gazebo//launch/xarm7_mirror_beside_table_gazebo.launch.py
[0.098s] -- Up-to-date symlink: /home/mk/dev_ws/install/xarm_gazebo/share/ament_index/resource_index/package_run_dependencies/xarm_gazebo
[0.098s] -- Up-to-date symlink: /home/mk/dev_ws/install/xarm_gazebo/share/ament_index/resource_index/parent_prefix_path/xarm_gazebo
[0.098s] -- Up-to-date symlink: /home/mk/dev_ws/install/xarm_gazebo/share/xarm_gazebo/environment/ament_prefix_path.sh
[0.098s] -- Up-to-date symlink: /home/mk/dev_ws/install/xarm_gazebo/share/xarm_gazebo/environment/ament_prefix_path.dsv
[0.098s] -- Up-to-date symlink: /home/mk/dev_ws/install/xarm_gazebo/share/xarm_gazebo/environment/path.sh
[0.098s] -- Up-to-date symlink: /home/mk/dev_ws/install/xarm_gazebo/share/xarm_gazebo/environment/path.dsv
[0.098s] -- Up-to-date symlink: /home/mk/dev_ws/install/xarm_gazebo/share/xarm_gazebo/local_setup.bash
[0.098s] -- Up-to-date symlink: /home/mk/dev_ws/install/xarm_gazebo/share/xarm_gazebo/local_setup.sh
[0.098s] -- Up-to-date symlink: /home/mk/dev_ws/install/xarm_gazebo/share/xarm_gazebo/local_setup.zsh
[0.098s] -- Up-to-date symlink: /home/mk/dev_ws/install/xarm_gazebo/share/xarm_gazebo/local_setup.dsv
[0.098s] -- Symlinking: /home/mk/dev_ws/install/xarm_gazebo/share/xarm_gazebo/package.dsv
[0.107s] -- Up-to-date symlink: /home/mk/dev_ws/install/xarm_gazebo/share/ament_index/resource_index/packages/xarm_gazebo
[0.107s] -- Up-to-date symlink: /home/mk/dev_ws/install/xarm_gazebo/share/xarm_gazebo/cmake/xarm_gazeboConfig.cmake
[0.107s] -- Up-to-date symlink: /home/mk/dev_ws/install/xarm_gazebo/share/xarm_gazebo/cmake/xarm_gazeboConfig-version.cmake
[0.107s] -- Up-to-date symlink: /home/mk/dev_ws/install/xarm_gazebo/share/xarm_gazebo/package.xml
[0.108s] Invoked command in '/home/mk/dev_ws/build/xarm_gazebo' returned '0': AMENT_PREFIX_PATH=/home/mk/dev_ws/install/xarm_controller:/home/mk/dev_ws/install/xarm_api:/home/mk/dev_ws/install/xarm_sdk:/home/mk/dev_ws/install/xarm_msgs:/home/mk/dev_ws/install/xarm_description:/home/mk/dev_ws/install/uf_ros_lib:${AMENT_PREFIX_PATH} CMAKE_PREFIX_PATH=/home/mk/dev_ws/install/xarm_controller:/home/mk/dev_ws/install/xarm_api:/home/mk/dev_ws/install/xarm_sdk:/home/mk/dev_ws/install/xarm_msgs:/home/mk/dev_ws/install/xarm_description:/opt/ros/humble LD_LIBRARY_PATH=/home/mk/dev_ws/install/xarm_controller/lib:/home/mk/dev_ws/install/xarm_api/lib:/home/mk/dev_ws/install/xarm_sdk/lib:/home/mk/dev_ws/install/xarm_msgs/lib:${LD_LIBRARY_PATH} PYTHONPATH=/home/mk/dev_ws/install/xarm_msgs/local/lib/python3.10/dist-packages:/home/mk/dev_ws/build/uf_ros_lib:/home/mk/dev_ws/install/uf_ros_lib/lib/python3.10/site-packages:${PYTHONPATH} /usr/bin/cmake --install /home/mk/dev_ws/build/xarm_gazebo
