[0.035s] Invoking command in '/home/mk/dev_ws/build/xarm_sdk': CMAKE_PREFIX_PATH=/opt/ros/humble /usr/bin/cmake --build /home/mk/dev_ws/build/xarm_sdk -- -j20 -l20
[1.187s] [35m[1mConsolidate compiler generated dependencies of target xarm_cxx_sdk[0m
[1.187s] [100%] Built target xarm_cxx_sdk
[1.198s] Invoked command in '/home/mk/dev_ws/build/xarm_sdk' returned '0': CMAKE_PREFIX_PATH=/opt/ros/humble /usr/bin/cmake --build /home/mk/dev_ws/build/xarm_sdk -- -j20 -l20
[1.199s] Invoking command in '/home/mk/dev_ws/build/xarm_sdk': CMAKE_PREFIX_PATH=/opt/ros/humble /usr/bin/cmake --install /home/mk/dev_ws/build/xarm_sdk
[1.217s] -- Install configuration: ""
[1.217s] -- Execute custom install script
[1.217s] -- Up-to-date symlink: /home/mk/dev_ws/install/xarm_sdk/share/xarm_sdk/environment/library_path.sh
[1.217s] -- Up-to-date symlink: /home/mk/dev_ws/install/xarm_sdk/share/xarm_sdk/environment/library_path.dsv
[1.217s] -- Up-to-date symlink: /home/mk/dev_ws/install/xarm_sdk/cxx/include/serial/impl/unix.h
[1.217s] -- Up-to-date symlink: /home/mk/dev_ws/install/xarm_sdk/cxx/include/serial/impl/win.h
[1.217s] -- Up-to-date symlink: /home/mk/dev_ws/install/xarm_sdk/cxx/include/serial/serial.h
[1.217s] -- Up-to-date symlink: /home/mk/dev_ws/install/xarm_sdk/cxx/include/serial/v8stdint.h
[1.217s] -- Up-to-date symlink: /home/mk/dev_ws/install/xarm_sdk/cxx/include/xarm/core/common/crc16.h
[1.217s] -- Up-to-date symlink: /home/mk/dev_ws/install/xarm_sdk/cxx/include/xarm/core/common/data_type.h
[1.217s] -- Up-to-date symlink: /home/mk/dev_ws/install/xarm_sdk/cxx/include/xarm/core/common/queue_memcpy.h
[1.217s] -- Up-to-date symlink: /home/mk/dev_ws/install/xarm_sdk/cxx/include/xarm/core/connect.h
[1.217s] -- Up-to-date symlink: /home/mk/dev_ws/install/xarm_sdk/cxx/include/xarm/core/debug/debug_print.h
[1.217s] -- Up-to-date symlink: /home/mk/dev_ws/install/xarm_sdk/cxx/include/xarm/core/instruction/servo3_config.h
[1.217s] -- Up-to-date symlink: /home/mk/dev_ws/install/xarm_sdk/cxx/include/xarm/core/instruction/uxbus_cmd.h
[1.217s] -- Up-to-date symlink: /home/mk/dev_ws/install/xarm_sdk/cxx/include/xarm/core/instruction/uxbus_cmd_config.h
[1.217s] -- Up-to-date symlink: /home/mk/dev_ws/install/xarm_sdk/cxx/include/xarm/core/instruction/uxbus_cmd_ser.h
[1.217s] -- Up-to-date symlink: /home/mk/dev_ws/install/xarm_sdk/cxx/include/xarm/core/instruction/uxbus_cmd_tcp.h
[1.217s] -- Up-to-date symlink: /home/mk/dev_ws/install/xarm_sdk/cxx/include/xarm/core/os/bak/thread.h
[1.217s] -- Up-to-date symlink: /home/mk/dev_ws/install/xarm_sdk/cxx/include/xarm/core/os/network.h
[1.217s] -- Up-to-date symlink: /home/mk/dev_ws/install/xarm_sdk/cxx/include/xarm/core/port/ser.h
[1.217s] -- Up-to-date symlink: /home/mk/dev_ws/install/xarm_sdk/cxx/include/xarm/core/port/socket.h
[1.217s] -- Up-to-date symlink: /home/mk/dev_ws/install/xarm_sdk/cxx/include/xarm/core/report_data.h
[1.217s] -- Up-to-date symlink: /home/mk/dev_ws/install/xarm_sdk/cxx/include/xarm/core/utils/log.h
[1.217s] -- Up-to-date symlink: /home/mk/dev_ws/install/xarm_sdk/cxx/include/xarm/core/utils/thread_pool.h
[1.217s] -- Up-to-date symlink: /home/mk/dev_ws/install/xarm_sdk/cxx/include/xarm/core/utils/timer.h
[1.218s] -- Up-to-date symlink: /home/mk/dev_ws/install/xarm_sdk/cxx/include/xarm/core/utils/utils.h
[1.218s] -- Up-to-date symlink: /home/mk/dev_ws/install/xarm_sdk/cxx/include/xarm/core/xarm_config.h
[1.218s] -- Up-to-date symlink: /home/mk/dev_ws/install/xarm_sdk/cxx/include/xarm/wrapper/xarm_api.h
[1.218s] -- Up-to-date symlink: /home/mk/dev_ws/install/xarm_sdk/lib/libxarm_cxx_sdk.so
[1.218s] -- Up-to-date symlink: /home/mk/dev_ws/install/xarm_sdk/share/ament_index/resource_index/package_run_dependencies/xarm_sdk
[1.218s] -- Up-to-date symlink: /home/mk/dev_ws/install/xarm_sdk/share/ament_index/resource_index/parent_prefix_path/xarm_sdk
[1.218s] -- Up-to-date symlink: /home/mk/dev_ws/install/xarm_sdk/share/xarm_sdk/environment/ament_prefix_path.sh
[1.218s] -- Up-to-date symlink: /home/mk/dev_ws/install/xarm_sdk/share/xarm_sdk/environment/ament_prefix_path.dsv
[1.218s] -- Up-to-date symlink: /home/mk/dev_ws/install/xarm_sdk/share/xarm_sdk/environment/path.sh
[1.218s] -- Up-to-date symlink: /home/mk/dev_ws/install/xarm_sdk/share/xarm_sdk/environment/path.dsv
[1.218s] -- Up-to-date symlink: /home/mk/dev_ws/install/xarm_sdk/share/xarm_sdk/local_setup.bash
[1.218s] -- Up-to-date symlink: /home/mk/dev_ws/install/xarm_sdk/share/xarm_sdk/local_setup.sh
[1.218s] -- Up-to-date symlink: /home/mk/dev_ws/install/xarm_sdk/share/xarm_sdk/local_setup.zsh
[1.218s] -- Up-to-date symlink: /home/mk/dev_ws/install/xarm_sdk/share/xarm_sdk/local_setup.dsv
[1.218s] -- Symlinking: /home/mk/dev_ws/install/xarm_sdk/share/xarm_sdk/package.dsv
[1.270s] -- Up-to-date symlink: /home/mk/dev_ws/install/xarm_sdk/share/ament_index/resource_index/packages/xarm_sdk
[1.278s] -- Up-to-date symlink: /home/mk/dev_ws/install/xarm_sdk/share/xarm_sdk/cmake/ament_cmake_export_libraries-extras.cmake
[1.279s] -- Up-to-date symlink: /home/mk/dev_ws/install/xarm_sdk/share/xarm_sdk/cmake/ament_cmake_export_include_directories-extras.cmake
[1.280s] -- Up-to-date symlink: /home/mk/dev_ws/install/xarm_sdk/share/xarm_sdk/cmake/xarm_sdkConfig.cmake
[1.283s] -- Up-to-date symlink: /home/mk/dev_ws/install/xarm_sdk/share/xarm_sdk/cmake/xarm_sdkConfig-version.cmake
[1.285s] -- Up-to-date symlink: /home/mk/dev_ws/install/xarm_sdk/share/xarm_sdk/package.xml
[1.415s] Invoked command in '/home/mk/dev_ws/build/xarm_sdk' returned '0': CMAKE_PREFIX_PATH=/opt/ros/humble /usr/bin/cmake --install /home/mk/dev_ws/build/xarm_sdk
