-- Found ament_cmake: 1.3.14 (/opt/ros/humble/share/ament_cmake/cmake)
-- Override CMake install command with custom implementation using symlinks instead of copying resources
-- Found builtin_interfaces: 1.2.2 (/opt/ros/humble/share/builtin_interfaces/cmake)
-- Found rosidl_generator_c: 3.1.8 (/opt/ros/humble/share/rosidl_generator_c/cmake)
-- Found rosidl_adapter: 3.1.8 (/opt/ros/humble/share/rosidl_adapter/cmake)
-- Found rosidl_generator_cpp: 3.1.8 (/opt/ros/humble/share/rosidl_generator_cpp/cmake)
-- Using all available rosidl_typesupport_c: rosidl_typesupport_fastrtps_c;rosidl_typesupport_introspection_c
-- Using all available rosidl_typesupport_cpp: rosidl_typesupport_fastrtps_cpp;rosidl_typesupport_introspection_cpp
-- Found rosidl_default_generators: 1.2.1 (/opt/ros/humble/share/rosidl_default_generators/cmake)
-- Found ament_cmake_ros: 0.10.0 (/opt/ros/humble/share/ament_cmake_ros/cmake)
-- Using all available rosidl_typesupport_c: rosidl_typesupport_fastrtps_c;rosidl_typesupport_introspection_c
-- Using all available rosidl_typesupport_cpp: rosidl_typesupport_fastrtps_cpp;rosidl_typesupport_introspection_cpp
-- Found python_cmake_module: 0.10.0 (/opt/ros/humble/share/python_cmake_module/cmake)
-- Using PYTHON_EXECUTABLE: /usr/bin/python3
-- Using PYTHON_INCLUDE_DIRS: /usr/include/python3.10
-- Using PYTHON_LIBRARIES: /usr/lib/x86_64-linux-gnu/libpython3.10.so
-- Configuring done
-- Generating done
-- Build files have been written to: /home/mk/dev_ws/build/whisper_idl
[35m[1mConsolidate compiler generated dependencies of target whisper_idl__rosidl_generator_c[0m
[  4%] Built target whisper_idl__rs
[  4%] Built target whisper_idl__cpp
[ 14%] Built target whisper_idl__rosidl_generator_c
[35m[1mConsolidate compiler generated dependencies of target whisper_idl__rosidl_typesupport_fastrtps_cpp[0m
[35m[1mConsolidate compiler generated dependencies of target whisper_idl__rosidl_typesupport_introspection_cpp[0m
[ 14%] Built target ament_cmake_python_symlink_whisper_idl
[35m[1mConsolidate compiler generated dependencies of target whisper_idl__rosidl_typesupport_cpp[0m
[35m[1mConsolidate compiler generated dependencies of target whisper_idl__rosidl_typesupport_fastrtps_c[0m
[35m[1mConsolidate compiler generated dependencies of target whisper_idl__rosidl_typesupport_introspection_c[0m
[35m[1mConsolidate compiler generated dependencies of target whisper_idl__rosidl_typesupport_c[0m
[ 25%] Built target whisper_idl__rosidl_typesupport_cpp
[ 35%] Built target whisper_idl__rosidl_typesupport_introspection_cpp
[ 45%] Built target whisper_idl__rosidl_typesupport_fastrtps_c
[ 56%] Built target whisper_idl__rosidl_typesupport_introspection_c
[ 77%] Built target whisper_idl__rosidl_typesupport_fastrtps_cpp
[ 75%] Built target whisper_idl__rosidl_typesupport_c
[ 77%] Built target whisper_idl
[ 79%] Built target whisper_idl__py
[35m[1mConsolidate compiler generated dependencies of target whisper_idl__rosidl_generator_py[0m
[ 87%] Built target whisper_idl__rosidl_generator_py
[35m[1mConsolidate compiler generated dependencies of target whisper_idl__rosidl_typesupport_fastrtps_c__pyext[0m
[35m[1mConsolidate compiler generated dependencies of target whisper_idl__rosidl_typesupport_introspection_c__pyext[0m
[35m[1mConsolidate compiler generated dependencies of target whisper_idl__rosidl_typesupport_c__pyext[0m
[ 91%] Built target whisper_idl__rosidl_typesupport_fastrtps_c__pyext
[ 95%] Built target whisper_idl__rosidl_typesupport_introspection_c__pyext
[100%] Built target whisper_idl__rosidl_typesupport_c__pyext
running egg_info
writing whisper_idl.egg-info/PKG-INFO
writing dependency_links to whisper_idl.egg-info/dependency_links.txt
writing top-level names to whisper_idl.egg-info/top_level.txt
reading manifest file 'whisper_idl.egg-info/SOURCES.txt'
writing manifest file 'whisper_idl.egg-info/SOURCES.txt'
[100%] Built target ament_cmake_python_build_whisper_idl_egg
-- Install configuration: ""
-- Execute custom install script
-- Up-to-date symlink: /home/mk/dev_ws/install/whisper_idl/share/ament_index/resource_index/rosidl_interfaces/whisper_idl
-- Up-to-date symlink: /home/mk/dev_ws/install/whisper_idl/include/whisper_idl/whisper_idl/action/detail/inference__functions.h
-- Up-to-date symlink: /home/mk/dev_ws/install/whisper_idl/include/whisper_idl/whisper_idl/action/detail/inference__struct.h
-- Up-to-date symlink: /home/mk/dev_ws/install/whisper_idl/include/whisper_idl/whisper_idl/action/detail/inference__type_support.h
-- Up-to-date symlink: /home/mk/dev_ws/install/whisper_idl/include/whisper_idl/whisper_idl/action/inference.h
-- Up-to-date symlink: /home/mk/dev_ws/install/whisper_idl/include/whisper_idl/whisper_idl/msg/audio_transcript.h
-- Up-to-date symlink: /home/mk/dev_ws/install/whisper_idl/include/whisper_idl/whisper_idl/msg/detail/audio_transcript__functions.h
-- Up-to-date symlink: /home/mk/dev_ws/install/whisper_idl/include/whisper_idl/whisper_idl/msg/detail/audio_transcript__struct.h
-- Up-to-date symlink: /home/mk/dev_ws/install/whisper_idl/include/whisper_idl/whisper_idl/msg/detail/audio_transcript__type_support.h
-- Up-to-date symlink: /home/mk/dev_ws/install/whisper_idl/include/whisper_idl/whisper_idl/msg/detail/whisper_tokens__functions.h
-- Up-to-date symlink: /home/mk/dev_ws/install/whisper_idl/include/whisper_idl/whisper_idl/msg/detail/whisper_tokens__struct.h
-- Up-to-date symlink: /home/mk/dev_ws/install/whisper_idl/include/whisper_idl/whisper_idl/msg/detail/whisper_tokens__type_support.h
-- Up-to-date symlink: /home/mk/dev_ws/install/whisper_idl/include/whisper_idl/whisper_idl/msg/rosidl_generator_c__visibility_control.h
-- Up-to-date symlink: /home/mk/dev_ws/install/whisper_idl/include/whisper_idl/whisper_idl/msg/whisper_tokens.h
-- Up-to-date symlink: /home/mk/dev_ws/install/whisper_idl/share/whisper_idl/environment/library_path.sh
-- Up-to-date symlink: /home/mk/dev_ws/install/whisper_idl/share/whisper_idl/environment/library_path.dsv
-- Up-to-date symlink: /home/mk/dev_ws/install/whisper_idl/include/whisper_idl/whisper_idl/action/detail/inference__rosidl_typesupport_fastrtps_c.h
-- Up-to-date symlink: /home/mk/dev_ws/install/whisper_idl/include/whisper_idl/whisper_idl/msg/detail/audio_transcript__rosidl_typesupport_fastrtps_c.h
-- Up-to-date symlink: /home/mk/dev_ws/install/whisper_idl/include/whisper_idl/whisper_idl/msg/detail/whisper_tokens__rosidl_typesupport_fastrtps_c.h
-- Up-to-date symlink: /home/mk/dev_ws/install/whisper_idl/include/whisper_idl/whisper_idl/msg/rosidl_typesupport_fastrtps_c__visibility_control.h
-- Up-to-date symlink: /home/mk/dev_ws/install/whisper_idl/include/whisper_idl/whisper_idl/action/detail/inference__builder.hpp
-- Up-to-date symlink: /home/mk/dev_ws/install/whisper_idl/include/whisper_idl/whisper_idl/action/detail/inference__struct.hpp
-- Up-to-date symlink: /home/mk/dev_ws/install/whisper_idl/include/whisper_idl/whisper_idl/action/detail/inference__traits.hpp
-- Up-to-date symlink: /home/mk/dev_ws/install/whisper_idl/include/whisper_idl/whisper_idl/action/detail/inference__type_support.hpp
-- Up-to-date symlink: /home/mk/dev_ws/install/whisper_idl/include/whisper_idl/whisper_idl/action/inference.hpp
-- Up-to-date symlink: /home/mk/dev_ws/install/whisper_idl/include/whisper_idl/whisper_idl/msg/audio_transcript.hpp
-- Up-to-date symlink: /home/mk/dev_ws/install/whisper_idl/include/whisper_idl/whisper_idl/msg/detail/audio_transcript__builder.hpp
-- Up-to-date symlink: /home/mk/dev_ws/install/whisper_idl/include/whisper_idl/whisper_idl/msg/detail/audio_transcript__struct.hpp
-- Up-to-date symlink: /home/mk/dev_ws/install/whisper_idl/include/whisper_idl/whisper_idl/msg/detail/audio_transcript__traits.hpp
-- Up-to-date symlink: /home/mk/dev_ws/install/whisper_idl/include/whisper_idl/whisper_idl/msg/detail/audio_transcript__type_support.hpp
-- Up-to-date symlink: /home/mk/dev_ws/install/whisper_idl/include/whisper_idl/whisper_idl/msg/detail/whisper_tokens__builder.hpp
-- Up-to-date symlink: /home/mk/dev_ws/install/whisper_idl/include/whisper_idl/whisper_idl/msg/detail/whisper_tokens__struct.hpp
-- Up-to-date symlink: /home/mk/dev_ws/install/whisper_idl/include/whisper_idl/whisper_idl/msg/detail/whisper_tokens__traits.hpp
-- Up-to-date symlink: /home/mk/dev_ws/install/whisper_idl/include/whisper_idl/whisper_idl/msg/detail/whisper_tokens__type_support.hpp
-- Up-to-date symlink: /home/mk/dev_ws/install/whisper_idl/include/whisper_idl/whisper_idl/msg/rosidl_generator_cpp__visibility_control.hpp
-- Up-to-date symlink: /home/mk/dev_ws/install/whisper_idl/include/whisper_idl/whisper_idl/msg/whisper_tokens.hpp
-- Up-to-date symlink: /home/mk/dev_ws/install/whisper_idl/include/whisper_idl/whisper_idl/action/detail/inference__rosidl_typesupport_fastrtps_cpp.hpp
-- Up-to-date symlink: /home/mk/dev_ws/install/whisper_idl/include/whisper_idl/whisper_idl/msg/detail/audio_transcript__rosidl_typesupport_fastrtps_cpp.hpp
-- Up-to-date symlink: /home/mk/dev_ws/install/whisper_idl/include/whisper_idl/whisper_idl/msg/detail/whisper_tokens__rosidl_typesupport_fastrtps_cpp.hpp
-- Up-to-date symlink: /home/mk/dev_ws/install/whisper_idl/include/whisper_idl/whisper_idl/msg/rosidl_typesupport_fastrtps_cpp__visibility_control.h
-- Up-to-date symlink: /home/mk/dev_ws/install/whisper_idl/include/whisper_idl/whisper_idl/action/detail/inference__rosidl_typesupport_introspection_c.h
-- Up-to-date symlink: /home/mk/dev_ws/install/whisper_idl/include/whisper_idl/whisper_idl/msg/detail/audio_transcript__rosidl_typesupport_introspection_c.h
-- Up-to-date symlink: /home/mk/dev_ws/install/whisper_idl/include/whisper_idl/whisper_idl/msg/detail/whisper_tokens__rosidl_typesupport_introspection_c.h
-- Up-to-date symlink: /home/mk/dev_ws/install/whisper_idl/include/whisper_idl/whisper_idl/msg/rosidl_typesupport_introspection_c__visibility_control.h
-- Up-to-date symlink: /home/mk/dev_ws/install/whisper_idl/include/whisper_idl/whisper_idl/action/detail/inference__rosidl_typesupport_introspection_cpp.hpp
-- Up-to-date symlink: /home/mk/dev_ws/install/whisper_idl/include/whisper_idl/whisper_idl/msg/detail/audio_transcript__rosidl_typesupport_introspection_cpp.hpp
-- Up-to-date symlink: /home/mk/dev_ws/install/whisper_idl/include/whisper_idl/whisper_idl/msg/detail/whisper_tokens__rosidl_typesupport_introspection_cpp.hpp
-- Up-to-date symlink: /home/mk/dev_ws/install/whisper_idl/share/whisper_idl/environment/pythonpath.sh
-- Up-to-date symlink: /home/mk/dev_ws/install/whisper_idl/share/whisper_idl/environment/pythonpath.dsv
-- Up-to-date symlink: /home/mk/dev_ws/install/whisper_idl/local/lib/python3.10/dist-packages/whisper_idl-1.4.0-py3.10.egg-info/PKG-INFO
-- Up-to-date symlink: /home/mk/dev_ws/install/whisper_idl/local/lib/python3.10/dist-packages/whisper_idl-1.4.0-py3.10.egg-info/SOURCES.txt
-- Up-to-date symlink: /home/mk/dev_ws/install/whisper_idl/local/lib/python3.10/dist-packages/whisper_idl-1.4.0-py3.10.egg-info/dependency_links.txt
-- Up-to-date symlink: /home/mk/dev_ws/install/whisper_idl/local/lib/python3.10/dist-packages/whisper_idl-1.4.0-py3.10.egg-info/top_level.txt
-- Up-to-date symlink: /home/mk/dev_ws/install/whisper_idl/local/lib/python3.10/dist-packages/whisper_idl/__init__.py
-- Up-to-date symlink: /home/mk/dev_ws/install/whisper_idl/local/lib/python3.10/dist-packages/whisper_idl/_whisper_idl_s.ep.rosidl_typesupport_c.c
-- Up-to-date symlink: /home/mk/dev_ws/install/whisper_idl/local/lib/python3.10/dist-packages/whisper_idl/_whisper_idl_s.ep.rosidl_typesupport_fastrtps_c.c
-- Up-to-date symlink: /home/mk/dev_ws/install/whisper_idl/local/lib/python3.10/dist-packages/whisper_idl/_whisper_idl_s.ep.rosidl_typesupport_introspection_c.c
-- Up-to-date symlink: /home/mk/dev_ws/install/whisper_idl/local/lib/python3.10/dist-packages/whisper_idl/action/__init__.py
-- Up-to-date symlink: /home/mk/dev_ws/install/whisper_idl/local/lib/python3.10/dist-packages/whisper_idl/action/_inference.py
-- Up-to-date symlink: /home/mk/dev_ws/install/whisper_idl/local/lib/python3.10/dist-packages/whisper_idl/action/_inference_s.c
-- Up-to-date symlink: /home/mk/dev_ws/install/whisper_idl/local/lib/python3.10/dist-packages/whisper_idl/libwhisper_idl__rosidl_generator_py.so
-- Up-to-date symlink: /home/mk/dev_ws/install/whisper_idl/local/lib/python3.10/dist-packages/whisper_idl/msg/__init__.py
-- Up-to-date symlink: /home/mk/dev_ws/install/whisper_idl/local/lib/python3.10/dist-packages/whisper_idl/msg/_audio_transcript.py
-- Up-to-date symlink: /home/mk/dev_ws/install/whisper_idl/local/lib/python3.10/dist-packages/whisper_idl/msg/_audio_transcript_s.c
-- Up-to-date symlink: /home/mk/dev_ws/install/whisper_idl/local/lib/python3.10/dist-packages/whisper_idl/msg/_whisper_tokens.py
-- Up-to-date symlink: /home/mk/dev_ws/install/whisper_idl/local/lib/python3.10/dist-packages/whisper_idl/msg/_whisper_tokens_s.c
-- Up-to-date symlink: /home/mk/dev_ws/install/whisper_idl/local/lib/python3.10/dist-packages/whisper_idl/whisper_idl_s__rosidl_typesupport_c.cpython-310-x86_64-linux-gnu.so
-- Up-to-date symlink: /home/mk/dev_ws/install/whisper_idl/local/lib/python3.10/dist-packages/whisper_idl/whisper_idl_s__rosidl_typesupport_fastrtps_c.cpython-310-x86_64-linux-gnu.so
-- Up-to-date symlink: /home/mk/dev_ws/install/whisper_idl/local/lib/python3.10/dist-packages/whisper_idl/whisper_idl_s__rosidl_typesupport_introspection_c.cpython-310-x86_64-linux-gnu.so
-- Up-to-date symlink: /home/mk/dev_ws/install/whisper_idl/local/lib/python3.10/dist-packages/whisper_idl/whisper_idl_s__rosidl_typesupport_fastrtps_c.cpython-310-x86_64-linux-gnu.so
-- Up-to-date symlink: /home/mk/dev_ws/install/whisper_idl/local/lib/python3.10/dist-packages/whisper_idl/whisper_idl_s__rosidl_typesupport_introspection_c.cpython-310-x86_64-linux-gnu.so
-- Up-to-date symlink: /home/mk/dev_ws/install/whisper_idl/local/lib/python3.10/dist-packages/whisper_idl/whisper_idl_s__rosidl_typesupport_c.cpython-310-x86_64-linux-gnu.so
-- Up-to-date symlink: /home/mk/dev_ws/install/whisper_idl/share/ament_index/resource_index/rust_packages/whisper_idl
-- Up-to-date symlink: /home/mk/dev_ws/install/whisper_idl/share/whisper_idl/rust/Cargo.toml
-- Up-to-date symlink: /home/mk/dev_ws/install/whisper_idl/share/whisper_idl/rust/build.rs
-- Up-to-date symlink: /home/mk/dev_ws/install/whisper_idl/share/whisper_idl/rust/src/action.rs
-- Up-to-date symlink: /home/mk/dev_ws/install/whisper_idl/share/whisper_idl/rust/src/action/rmw.rs
-- Up-to-date symlink: /home/mk/dev_ws/install/whisper_idl/share/whisper_idl/rust/src/lib.rs
-- Up-to-date symlink: /home/mk/dev_ws/install/whisper_idl/share/whisper_idl/rust/src/msg.rs
-- Up-to-date symlink: /home/mk/dev_ws/install/whisper_idl/share/whisper_idl/rust/src/msg/rmw.rs
-- Up-to-date symlink: /home/mk/dev_ws/install/whisper_idl/share/whisper_idl/action/Inference.idl
-- Up-to-date symlink: /home/mk/dev_ws/install/whisper_idl/share/whisper_idl/msg/WhisperTokens.idl
-- Up-to-date symlink: /home/mk/dev_ws/install/whisper_idl/share/whisper_idl/msg/AudioTranscript.idl
-- Up-to-date symlink: /home/mk/dev_ws/install/whisper_idl/share/whisper_idl/action/Inference.action
-- Up-to-date symlink: /home/mk/dev_ws/install/whisper_idl/share/whisper_idl/msg/WhisperTokens.msg
-- Up-to-date symlink: /home/mk/dev_ws/install/whisper_idl/share/whisper_idl/msg/AudioTranscript.msg
-- Up-to-date symlink: /home/mk/dev_ws/install/whisper_idl/share/ament_index/resource_index/package_run_dependencies/whisper_idl
-- Up-to-date symlink: /home/mk/dev_ws/install/whisper_idl/share/ament_index/resource_index/parent_prefix_path/whisper_idl
-- Up-to-date symlink: /home/mk/dev_ws/install/whisper_idl/share/whisper_idl/environment/ament_prefix_path.sh
-- Up-to-date symlink: /home/mk/dev_ws/install/whisper_idl/share/whisper_idl/environment/ament_prefix_path.dsv
-- Up-to-date symlink: /home/mk/dev_ws/install/whisper_idl/share/whisper_idl/environment/path.sh
-- Up-to-date symlink: /home/mk/dev_ws/install/whisper_idl/share/whisper_idl/environment/path.dsv
-- Up-to-date symlink: /home/mk/dev_ws/install/whisper_idl/share/whisper_idl/local_setup.bash
-- Up-to-date symlink: /home/mk/dev_ws/install/whisper_idl/share/whisper_idl/local_setup.sh
-- Up-to-date symlink: /home/mk/dev_ws/install/whisper_idl/share/whisper_idl/local_setup.zsh
-- Up-to-date symlink: /home/mk/dev_ws/install/whisper_idl/share/whisper_idl/local_setup.dsv
-- Symlinking: /home/mk/dev_ws/install/whisper_idl/share/whisper_idl/package.dsv
-- Up-to-date symlink: /home/mk/dev_ws/install/whisper_idl/share/ament_index/resource_index/packages/whisper_idl
-- Up-to-date symlink: /home/mk/dev_ws/install/whisper_idl/share/whisper_idl/cmake/rosidl_cmake-extras.cmake
-- Up-to-date symlink: /home/mk/dev_ws/install/whisper_idl/share/whisper_idl/cmake/ament_cmake_export_dependencies-extras.cmake
-- Up-to-date symlink: /home/mk/dev_ws/install/whisper_idl/share/whisper_idl/cmake/ament_cmake_export_include_directories-extras.cmake
-- Up-to-date symlink: /home/mk/dev_ws/install/whisper_idl/share/whisper_idl/cmake/ament_cmake_export_libraries-extras.cmake
-- Up-to-date symlink: /home/mk/dev_ws/install/whisper_idl/share/whisper_idl/cmake/ament_cmake_export_targets-extras.cmake
-- Up-to-date symlink: /home/mk/dev_ws/install/whisper_idl/share/whisper_idl/cmake/rosidl_cmake_export_typesupport_targets-extras.cmake
-- Up-to-date symlink: /home/mk/dev_ws/install/whisper_idl/share/whisper_idl/cmake/rosidl_cmake_export_typesupport_libraries-extras.cmake
-- Up-to-date symlink: /home/mk/dev_ws/install/whisper_idl/share/whisper_idl/cmake/whisper_idlConfig.cmake
-- Up-to-date symlink: /home/mk/dev_ws/install/whisper_idl/share/whisper_idl/cmake/whisper_idlConfig-version.cmake
-- Up-to-date symlink: /home/mk/dev_ws/install/whisper_idl/share/whisper_idl/package.xml
-- Up-to-date: /home/mk/dev_ws/install/whisper_idl/lib/libwhisper_idl__rosidl_generator_c.so
-- Up-to-date: /home/mk/dev_ws/install/whisper_idl/lib/libwhisper_idl__rosidl_typesupport_fastrtps_c.so
-- Up-to-date: /home/mk/dev_ws/install/whisper_idl/lib/libwhisper_idl__rosidl_typesupport_fastrtps_cpp.so
-- Up-to-date: /home/mk/dev_ws/install/whisper_idl/lib/libwhisper_idl__rosidl_typesupport_introspection_c.so
-- Up-to-date: /home/mk/dev_ws/install/whisper_idl/lib/libwhisper_idl__rosidl_typesupport_c.so
-- Up-to-date: /home/mk/dev_ws/install/whisper_idl/lib/libwhisper_idl__rosidl_typesupport_introspection_cpp.so
-- Up-to-date: /home/mk/dev_ws/install/whisper_idl/lib/libwhisper_idl__rosidl_typesupport_cpp.so
Listing '/home/mk/dev_ws/install/whisper_idl/local/lib/python3.10/dist-packages/whisper_idl'...
Compiling '/home/mk/dev_ws/install/whisper_idl/local/lib/python3.10/dist-packages/whisper_idl/__init__.py'...
Listing '/home/mk/dev_ws/install/whisper_idl/local/lib/python3.10/dist-packages/whisper_idl/action'...
Listing '/home/mk/dev_ws/install/whisper_idl/local/lib/python3.10/dist-packages/whisper_idl/msg'...
-- Up-to-date: /home/mk/dev_ws/install/whisper_idl/lib/libwhisper_idl__rosidl_generator_py.so
-- Up-to-date: /home/mk/dev_ws/install/whisper_idl/share/whisper_idl/cmake/export_whisper_idl__rosidl_generator_cExport.cmake
-- Up-to-date: /home/mk/dev_ws/install/whisper_idl/share/whisper_idl/cmake/export_whisper_idl__rosidl_generator_cExport-noconfig.cmake
-- Up-to-date: /home/mk/dev_ws/install/whisper_idl/share/whisper_idl/cmake/export_whisper_idl__rosidl_typesupport_fastrtps_cExport.cmake
-- Up-to-date: /home/mk/dev_ws/install/whisper_idl/share/whisper_idl/cmake/export_whisper_idl__rosidl_typesupport_fastrtps_cExport-noconfig.cmake
-- Up-to-date: /home/mk/dev_ws/install/whisper_idl/share/whisper_idl/cmake/export_whisper_idl__rosidl_generator_cppExport.cmake
-- Up-to-date: /home/mk/dev_ws/install/whisper_idl/share/whisper_idl/cmake/export_whisper_idl__rosidl_typesupport_fastrtps_cppExport.cmake
-- Up-to-date: /home/mk/dev_ws/install/whisper_idl/share/whisper_idl/cmake/export_whisper_idl__rosidl_typesupport_fastrtps_cppExport-noconfig.cmake
-- Up-to-date: /home/mk/dev_ws/install/whisper_idl/share/whisper_idl/cmake/whisper_idl__rosidl_typesupport_introspection_cExport.cmake
-- Up-to-date: /home/mk/dev_ws/install/whisper_idl/share/whisper_idl/cmake/whisper_idl__rosidl_typesupport_introspection_cExport-noconfig.cmake
-- Up-to-date: /home/mk/dev_ws/install/whisper_idl/share/whisper_idl/cmake/whisper_idl__rosidl_typesupport_cExport.cmake
-- Up-to-date: /home/mk/dev_ws/install/whisper_idl/share/whisper_idl/cmake/whisper_idl__rosidl_typesupport_cExport-noconfig.cmake
-- Up-to-date: /home/mk/dev_ws/install/whisper_idl/share/whisper_idl/cmake/whisper_idl__rosidl_typesupport_introspection_cppExport.cmake
-- Up-to-date: /home/mk/dev_ws/install/whisper_idl/share/whisper_idl/cmake/whisper_idl__rosidl_typesupport_introspection_cppExport-noconfig.cmake
-- Up-to-date: /home/mk/dev_ws/install/whisper_idl/share/whisper_idl/cmake/whisper_idl__rosidl_typesupport_cppExport.cmake
-- Up-to-date: /home/mk/dev_ws/install/whisper_idl/share/whisper_idl/cmake/whisper_idl__rosidl_typesupport_cppExport-noconfig.cmake
-- Up-to-date: /home/mk/dev_ws/install/whisper_idl/share/whisper_idl/cmake/export_whisper_idl__rosidl_generator_pyExport.cmake
-- Up-to-date: /home/mk/dev_ws/install/whisper_idl/share/whisper_idl/cmake/export_whisper_idl__rosidl_generator_pyExport-noconfig.cmake
