[0.218s] Invoking command in '/home/mk/dev_ws/build/zed_interfaces': CMAKE_PREFIX_PATH=${CMAKE_PREFIX_PATH}:/home/mk/dev_ws/install/yolo_object_detector:/home/mk/dev_ws/install/move_to_coordinator:/home/mk/dev_ws/install/motion_sequence:/home/mk/dev_ws/install/whisper_demos:/home/mk/dev_ws/install/voice_command_listener:/home/mk/dev_ws/install/uf_ros_lib:/home/mk/dev_ws/install/rviz_servo_status_overlay:/home/mk/dev_ws/install/rviz_marker_static_scene_objects:/home/mk/dev_ws/install/robot_motion_handler_movegroup:/home/mk/dev_ws/install/gaze_control:/home/mk/dev_ws/install/collision_check:/home/mk/dev_ws/install/audio_listener:/opt/ros/humble /usr/bin/cmake --build /home/mk/dev_ws/build/zed_interfaces -- -j20 -l20
[1.210s] [  0%] Built target zed_interfaces__cpp
[1.210s] [  1%] Built target zed_interfaces__rs
[1.210s] [  1%] Built target ament_cmake_python_symlink_zed_interfaces
[1.210s] [ 13%] Built target zed_interfaces__rosidl_generator_c
[1.210s] [ 25%] Built target zed_interfaces__rosidl_typesupport_introspection_cpp
[1.211s] [ 37%] Built target zed_interfaces__rosidl_typesupport_cpp
[1.211s] [ 60%] Built target zed_interfaces__rosidl_typesupport_fastrtps_cpp
[1.211s] [ 61%] Built target zed_interfaces__rosidl_typesupport_c
[1.211s] [ 73%] Built target zed_interfaces__rosidl_typesupport_introspection_c
[1.211s] [ 85%] Built target zed_interfaces__rosidl_typesupport_fastrtps_c
[1.211s] [ 85%] Built target zed_interfaces
[1.211s] [ 86%] Built target zed_interfaces__py
[1.211s] [ 97%] Built target zed_interfaces__rosidl_generator_py
[1.211s] [ 98%] Built target zed_interfaces__rosidl_typesupport_fastrtps_c__pyext
[1.211s] [ 99%] Built target zed_interfaces__rosidl_typesupport_c__pyext
[1.211s] [100%] Built target zed_interfaces__rosidl_typesupport_introspection_c__pyext
[1.211s] running egg_info
[1.211s] writing zed_interfaces.egg-info/PKG-INFO
[1.211s] writing dependency_links to zed_interfaces.egg-info/dependency_links.txt
[1.211s] writing top-level names to zed_interfaces.egg-info/top_level.txt
[1.211s] reading manifest file 'zed_interfaces.egg-info/SOURCES.txt'
[1.211s] writing manifest file 'zed_interfaces.egg-info/SOURCES.txt'
[1.212s] [100%] Built target ament_cmake_python_build_zed_interfaces_egg
[1.372s] Invoked command in '/home/mk/dev_ws/build/zed_interfaces' returned '0': CMAKE_PREFIX_PATH=${CMAKE_PREFIX_PATH}:/home/mk/dev_ws/install/yolo_object_detector:/home/mk/dev_ws/install/move_to_coordinator:/home/mk/dev_ws/install/motion_sequence:/home/mk/dev_ws/install/whisper_demos:/home/mk/dev_ws/install/voice_command_listener:/home/mk/dev_ws/install/uf_ros_lib:/home/mk/dev_ws/install/rviz_servo_status_overlay:/home/mk/dev_ws/install/rviz_marker_static_scene_objects:/home/mk/dev_ws/install/robot_motion_handler_movegroup:/home/mk/dev_ws/install/gaze_control:/home/mk/dev_ws/install/collision_check:/home/mk/dev_ws/install/audio_listener:/opt/ros/humble /usr/bin/cmake --build /home/mk/dev_ws/build/zed_interfaces -- -j20 -l20
[1.373s] Invoking command in '/home/mk/dev_ws/build/zed_interfaces': CMAKE_PREFIX_PATH=${CMAKE_PREFIX_PATH}:/home/mk/dev_ws/install/yolo_object_detector:/home/mk/dev_ws/install/move_to_coordinator:/home/mk/dev_ws/install/motion_sequence:/home/mk/dev_ws/install/whisper_demos:/home/mk/dev_ws/install/voice_command_listener:/home/mk/dev_ws/install/uf_ros_lib:/home/mk/dev_ws/install/rviz_servo_status_overlay:/home/mk/dev_ws/install/rviz_marker_static_scene_objects:/home/mk/dev_ws/install/robot_motion_handler_movegroup:/home/mk/dev_ws/install/gaze_control:/home/mk/dev_ws/install/collision_check:/home/mk/dev_ws/install/audio_listener:/opt/ros/humble /usr/bin/cmake --install /home/mk/dev_ws/build/zed_interfaces
[1.399s] -- Install configuration: ""
[1.399s] -- Execute custom install script
[1.399s] -- Up-to-date symlink: /home/mk/dev_ws/install/zed_interfaces/share/ament_index/resource_index/rosidl_interfaces/zed_interfaces
[1.399s] -- Up-to-date symlink: /home/mk/dev_ws/install/zed_interfaces/include/zed_interfaces/zed_interfaces/msg/bounding_box2_df.h
[1.399s] -- Up-to-date symlink: /home/mk/dev_ws/install/zed_interfaces/include/zed_interfaces/zed_interfaces/msg/bounding_box2_di.h
[1.400s] -- Up-to-date symlink: /home/mk/dev_ws/install/zed_interfaces/include/zed_interfaces/zed_interfaces/msg/bounding_box3_d.h
[1.400s] -- Up-to-date symlink: /home/mk/dev_ws/install/zed_interfaces/include/zed_interfaces/zed_interfaces/msg/depth_info_stamped.h
[1.400s] -- Up-to-date symlink: /home/mk/dev_ws/install/zed_interfaces/include/zed_interfaces/zed_interfaces/msg/detail/bounding_box2_df__functions.h
[1.400s] -- Up-to-date symlink: /home/mk/dev_ws/install/zed_interfaces/include/zed_interfaces/zed_interfaces/msg/detail/bounding_box2_df__struct.h
[1.400s] -- Up-to-date symlink: /home/mk/dev_ws/install/zed_interfaces/include/zed_interfaces/zed_interfaces/msg/detail/bounding_box2_df__type_support.h
[1.400s] -- Up-to-date symlink: /home/mk/dev_ws/install/zed_interfaces/include/zed_interfaces/zed_interfaces/msg/detail/bounding_box2_di__functions.h
[1.400s] -- Up-to-date symlink: /home/mk/dev_ws/install/zed_interfaces/include/zed_interfaces/zed_interfaces/msg/detail/bounding_box2_di__struct.h
[1.400s] -- Up-to-date symlink: /home/mk/dev_ws/install/zed_interfaces/include/zed_interfaces/zed_interfaces/msg/detail/bounding_box2_di__type_support.h
[1.400s] -- Up-to-date symlink: /home/mk/dev_ws/install/zed_interfaces/include/zed_interfaces/zed_interfaces/msg/detail/bounding_box3_d__functions.h
[1.400s] -- Up-to-date symlink: /home/mk/dev_ws/install/zed_interfaces/include/zed_interfaces/zed_interfaces/msg/detail/bounding_box3_d__struct.h
[1.400s] -- Up-to-date symlink: /home/mk/dev_ws/install/zed_interfaces/include/zed_interfaces/zed_interfaces/msg/detail/bounding_box3_d__type_support.h
[1.400s] -- Up-to-date symlink: /home/mk/dev_ws/install/zed_interfaces/include/zed_interfaces/zed_interfaces/msg/detail/depth_info_stamped__functions.h
[1.401s] -- Up-to-date symlink: /home/mk/dev_ws/install/zed_interfaces/include/zed_interfaces/zed_interfaces/msg/detail/depth_info_stamped__struct.h
[1.401s] -- Up-to-date symlink: /home/mk/dev_ws/install/zed_interfaces/include/zed_interfaces/zed_interfaces/msg/detail/depth_info_stamped__type_support.h
[1.401s] -- Up-to-date symlink: /home/mk/dev_ws/install/zed_interfaces/include/zed_interfaces/zed_interfaces/msg/detail/gnss_fusion_status__functions.h
[1.401s] -- Up-to-date symlink: /home/mk/dev_ws/install/zed_interfaces/include/zed_interfaces/zed_interfaces/msg/detail/gnss_fusion_status__struct.h
[1.401s] -- Up-to-date symlink: /home/mk/dev_ws/install/zed_interfaces/include/zed_interfaces/zed_interfaces/msg/detail/gnss_fusion_status__type_support.h
[1.401s] -- Up-to-date symlink: /home/mk/dev_ws/install/zed_interfaces/include/zed_interfaces/zed_interfaces/msg/detail/heartbeat__functions.h
[1.402s] -- Up-to-date symlink: /home/mk/dev_ws/install/zed_interfaces/include/zed_interfaces/zed_interfaces/msg/detail/heartbeat__struct.h
[1.402s] -- Up-to-date symlink: /home/mk/dev_ws/install/zed_interfaces/include/zed_interfaces/zed_interfaces/msg/detail/heartbeat__type_support.h
[1.402s] -- Up-to-date symlink: /home/mk/dev_ws/install/zed_interfaces/include/zed_interfaces/zed_interfaces/msg/detail/keypoint2_df__functions.h
[1.402s] -- Up-to-date symlink: /home/mk/dev_ws/install/zed_interfaces/include/zed_interfaces/zed_interfaces/msg/detail/keypoint2_df__struct.h
[1.402s] -- Up-to-date symlink: /home/mk/dev_ws/install/zed_interfaces/include/zed_interfaces/zed_interfaces/msg/detail/keypoint2_df__type_support.h
[1.402s] -- Up-to-date symlink: /home/mk/dev_ws/install/zed_interfaces/include/zed_interfaces/zed_interfaces/msg/detail/keypoint2_di__functions.h
[1.402s] -- Up-to-date symlink: /home/mk/dev_ws/install/zed_interfaces/include/zed_interfaces/zed_interfaces/msg/detail/keypoint2_di__struct.h
[1.402s] -- Up-to-date symlink: /home/mk/dev_ws/install/zed_interfaces/include/zed_interfaces/zed_interfaces/msg/detail/keypoint2_di__type_support.h
[1.407s] -- Up-to-date symlink: /home/mk/dev_ws/install/zed_interfaces/include/zed_interfaces/zed_interfaces/msg/detail/keypoint3_d__functions.h
[1.407s] -- Up-to-date symlink: /home/mk/dev_ws/install/zed_interfaces/include/zed_interfaces/zed_interfaces/msg/detail/keypoint3_d__struct.h
[1.407s] -- Up-to-date symlink: /home/mk/dev_ws/install/zed_interfaces/include/zed_interfaces/zed_interfaces/msg/detail/keypoint3_d__type_support.h
[1.408s] -- Up-to-date symlink: /home/mk/dev_ws/install/zed_interfaces/include/zed_interfaces/zed_interfaces/msg/detail/mag_heading_status__functions.h
[1.408s] -- Up-to-date symlink: /home/mk/dev_ws/install/zed_interfaces/include/zed_interfaces/zed_interfaces/msg/detail/mag_heading_status__struct.h
[1.408s] -- Up-to-date symlink: /home/mk/dev_ws/install/zed_interfaces/include/zed_interfaces/zed_interfaces/msg/detail/mag_heading_status__type_support.h
[1.408s] -- Up-to-date symlink: /home/mk/dev_ws/install/zed_interfaces/include/zed_interfaces/zed_interfaces/msg/detail/object__functions.h
[1.408s] -- Up-to-date symlink: /home/mk/dev_ws/install/zed_interfaces/include/zed_interfaces/zed_interfaces/msg/detail/object__struct.h
[1.408s] -- Up-to-date symlink: /home/mk/dev_ws/install/zed_interfaces/include/zed_interfaces/zed_interfaces/msg/detail/object__type_support.h
[1.408s] -- Up-to-date symlink: /home/mk/dev_ws/install/zed_interfaces/include/zed_interfaces/zed_interfaces/msg/detail/objects_stamped__functions.h
[1.408s] -- Up-to-date symlink: /home/mk/dev_ws/install/zed_interfaces/include/zed_interfaces/zed_interfaces/msg/detail/objects_stamped__struct.h
[1.408s] -- Up-to-date symlink: /home/mk/dev_ws/install/zed_interfaces/include/zed_interfaces/zed_interfaces/msg/detail/objects_stamped__type_support.h
[1.408s] -- Up-to-date symlink: /home/mk/dev_ws/install/zed_interfaces/include/zed_interfaces/zed_interfaces/msg/detail/plane_stamped__functions.h
[1.408s] -- Up-to-date symlink: /home/mk/dev_ws/install/zed_interfaces/include/zed_interfaces/zed_interfaces/msg/detail/plane_stamped__struct.h
[1.408s] -- Up-to-date symlink: /home/mk/dev_ws/install/zed_interfaces/include/zed_interfaces/zed_interfaces/msg/detail/plane_stamped__type_support.h
[1.408s] -- Up-to-date symlink: /home/mk/dev_ws/install/zed_interfaces/include/zed_interfaces/zed_interfaces/msg/detail/pos_track_status__functions.h
[1.408s] -- Up-to-date symlink: /home/mk/dev_ws/install/zed_interfaces/include/zed_interfaces/zed_interfaces/msg/detail/pos_track_status__struct.h
[1.409s] -- Up-to-date symlink: /home/mk/dev_ws/install/zed_interfaces/include/zed_interfaces/zed_interfaces/msg/detail/pos_track_status__type_support.h
[1.409s] -- Up-to-date symlink: /home/mk/dev_ws/install/zed_interfaces/include/zed_interfaces/zed_interfaces/msg/detail/skeleton2_d__functions.h
[1.409s] -- Up-to-date symlink: /home/mk/dev_ws/install/zed_interfaces/include/zed_interfaces/zed_interfaces/msg/detail/skeleton2_d__struct.h
[1.409s] -- Up-to-date symlink: /home/mk/dev_ws/install/zed_interfaces/include/zed_interfaces/zed_interfaces/msg/detail/skeleton2_d__type_support.h
[1.409s] -- Up-to-date symlink: /home/mk/dev_ws/install/zed_interfaces/include/zed_interfaces/zed_interfaces/msg/detail/skeleton3_d__functions.h
[1.409s] -- Up-to-date symlink: /home/mk/dev_ws/install/zed_interfaces/include/zed_interfaces/zed_interfaces/msg/detail/skeleton3_d__struct.h
[1.409s] -- Up-to-date symlink: /home/mk/dev_ws/install/zed_interfaces/include/zed_interfaces/zed_interfaces/msg/detail/skeleton3_d__type_support.h
[1.409s] -- Up-to-date symlink: /home/mk/dev_ws/install/zed_interfaces/include/zed_interfaces/zed_interfaces/msg/gnss_fusion_status.h
[1.409s] -- Up-to-date symlink: /home/mk/dev_ws/install/zed_interfaces/include/zed_interfaces/zed_interfaces/msg/heartbeat.h
[1.409s] -- Up-to-date symlink: /home/mk/dev_ws/install/zed_interfaces/include/zed_interfaces/zed_interfaces/msg/keypoint2_df.h
[1.409s] -- Up-to-date symlink: /home/mk/dev_ws/install/zed_interfaces/include/zed_interfaces/zed_interfaces/msg/keypoint2_di.h
[1.409s] -- Up-to-date symlink: /home/mk/dev_ws/install/zed_interfaces/include/zed_interfaces/zed_interfaces/msg/keypoint3_d.h
[1.409s] -- Up-to-date symlink: /home/mk/dev_ws/install/zed_interfaces/include/zed_interfaces/zed_interfaces/msg/mag_heading_status.h
[1.415s] -- Up-to-date symlink: /home/mk/dev_ws/install/zed_interfaces/include/zed_interfaces/zed_interfaces/msg/object.h
[1.415s] -- Up-to-date symlink: /home/mk/dev_ws/install/zed_interfaces/include/zed_interfaces/zed_interfaces/msg/objects_stamped.h
[1.415s] -- Up-to-date symlink: /home/mk/dev_ws/install/zed_interfaces/include/zed_interfaces/zed_interfaces/msg/plane_stamped.h
[1.415s] -- Up-to-date symlink: /home/mk/dev_ws/install/zed_interfaces/include/zed_interfaces/zed_interfaces/msg/pos_track_status.h
[1.415s] -- Up-to-date symlink: /home/mk/dev_ws/install/zed_interfaces/include/zed_interfaces/zed_interfaces/msg/rosidl_generator_c__visibility_control.h
[1.415s] -- Up-to-date symlink: /home/mk/dev_ws/install/zed_interfaces/include/zed_interfaces/zed_interfaces/msg/skeleton2_d.h
[1.415s] -- Up-to-date symlink: /home/mk/dev_ws/install/zed_interfaces/include/zed_interfaces/zed_interfaces/msg/skeleton3_d.h
[1.415s] -- Up-to-date symlink: /home/mk/dev_ws/install/zed_interfaces/include/zed_interfaces/zed_interfaces/srv/detail/set_pose__functions.h
[1.415s] -- Up-to-date symlink: /home/mk/dev_ws/install/zed_interfaces/include/zed_interfaces/zed_interfaces/srv/detail/set_pose__struct.h
[1.415s] -- Up-to-date symlink: /home/mk/dev_ws/install/zed_interfaces/include/zed_interfaces/zed_interfaces/srv/detail/set_pose__type_support.h
[1.415s] -- Up-to-date symlink: /home/mk/dev_ws/install/zed_interfaces/include/zed_interfaces/zed_interfaces/srv/detail/set_roi__functions.h
[1.415s] -- Up-to-date symlink: /home/mk/dev_ws/install/zed_interfaces/include/zed_interfaces/zed_interfaces/srv/detail/set_roi__struct.h
[1.415s] -- Up-to-date symlink: /home/mk/dev_ws/install/zed_interfaces/include/zed_interfaces/zed_interfaces/srv/detail/set_roi__type_support.h
[1.415s] -- Up-to-date symlink: /home/mk/dev_ws/install/zed_interfaces/include/zed_interfaces/zed_interfaces/srv/detail/start_svo_rec__functions.h
[1.415s] -- Up-to-date symlink: /home/mk/dev_ws/install/zed_interfaces/include/zed_interfaces/zed_interfaces/srv/detail/start_svo_rec__struct.h
[1.415s] -- Up-to-date symlink: /home/mk/dev_ws/install/zed_interfaces/include/zed_interfaces/zed_interfaces/srv/detail/start_svo_rec__type_support.h
[1.415s] -- Up-to-date symlink: /home/mk/dev_ws/install/zed_interfaces/include/zed_interfaces/zed_interfaces/srv/set_pose.h
[1.415s] -- Up-to-date symlink: /home/mk/dev_ws/install/zed_interfaces/include/zed_interfaces/zed_interfaces/srv/set_roi.h
[1.415s] -- Up-to-date symlink: /home/mk/dev_ws/install/zed_interfaces/include/zed_interfaces/zed_interfaces/srv/start_svo_rec.h
[1.415s] -- Up-to-date symlink: /home/mk/dev_ws/install/zed_interfaces/share/zed_interfaces/environment/library_path.sh
[1.415s] -- Up-to-date symlink: /home/mk/dev_ws/install/zed_interfaces/share/zed_interfaces/environment/library_path.dsv
[1.426s] -- Up-to-date symlink: /home/mk/dev_ws/install/zed_interfaces/include/zed_interfaces/zed_interfaces/msg/detail/bounding_box2_df__rosidl_typesupport_fastrtps_c.h
[1.427s] -- Up-to-date symlink: /home/mk/dev_ws/install/zed_interfaces/include/zed_interfaces/zed_interfaces/msg/detail/bounding_box2_di__rosidl_typesupport_fastrtps_c.h
[1.427s] -- Up-to-date symlink: /home/mk/dev_ws/install/zed_interfaces/include/zed_interfaces/zed_interfaces/msg/detail/bounding_box3_d__rosidl_typesupport_fastrtps_c.h
[1.427s] -- Up-to-date symlink: /home/mk/dev_ws/install/zed_interfaces/include/zed_interfaces/zed_interfaces/msg/detail/depth_info_stamped__rosidl_typesupport_fastrtps_c.h
[1.427s] -- Up-to-date symlink: /home/mk/dev_ws/install/zed_interfaces/include/zed_interfaces/zed_interfaces/msg/detail/gnss_fusion_status__rosidl_typesupport_fastrtps_c.h
[1.427s] -- Up-to-date symlink: /home/mk/dev_ws/install/zed_interfaces/include/zed_interfaces/zed_interfaces/msg/detail/heartbeat__rosidl_typesupport_fastrtps_c.h
[1.427s] -- Up-to-date symlink: /home/mk/dev_ws/install/zed_interfaces/include/zed_interfaces/zed_interfaces/msg/detail/keypoint2_df__rosidl_typesupport_fastrtps_c.h
[1.427s] -- Up-to-date symlink: /home/mk/dev_ws/install/zed_interfaces/include/zed_interfaces/zed_interfaces/msg/detail/keypoint2_di__rosidl_typesupport_fastrtps_c.h
[1.427s] -- Up-to-date symlink: /home/mk/dev_ws/install/zed_interfaces/include/zed_interfaces/zed_interfaces/msg/detail/keypoint3_d__rosidl_typesupport_fastrtps_c.h
[1.427s] -- Up-to-date symlink: /home/mk/dev_ws/install/zed_interfaces/include/zed_interfaces/zed_interfaces/msg/detail/mag_heading_status__rosidl_typesupport_fastrtps_c.h
[1.427s] -- Up-to-date symlink: /home/mk/dev_ws/install/zed_interfaces/include/zed_interfaces/zed_interfaces/msg/detail/object__rosidl_typesupport_fastrtps_c.h
[1.427s] -- Up-to-date symlink: /home/mk/dev_ws/install/zed_interfaces/include/zed_interfaces/zed_interfaces/msg/detail/objects_stamped__rosidl_typesupport_fastrtps_c.h
[1.427s] -- Up-to-date symlink: /home/mk/dev_ws/install/zed_interfaces/include/zed_interfaces/zed_interfaces/msg/detail/plane_stamped__rosidl_typesupport_fastrtps_c.h
[1.427s] -- Up-to-date symlink: /home/mk/dev_ws/install/zed_interfaces/include/zed_interfaces/zed_interfaces/msg/detail/pos_track_status__rosidl_typesupport_fastrtps_c.h
[1.428s] -- Up-to-date symlink: /home/mk/dev_ws/install/zed_interfaces/include/zed_interfaces/zed_interfaces/msg/detail/skeleton2_d__rosidl_typesupport_fastrtps_c.h
[1.428s] -- Up-to-date symlink: /home/mk/dev_ws/install/zed_interfaces/include/zed_interfaces/zed_interfaces/msg/detail/skeleton3_d__rosidl_typesupport_fastrtps_c.h
[1.428s] -- Up-to-date symlink: /home/mk/dev_ws/install/zed_interfaces/include/zed_interfaces/zed_interfaces/msg/rosidl_typesupport_fastrtps_c__visibility_control.h
[1.428s] -- Up-to-date symlink: /home/mk/dev_ws/install/zed_interfaces/include/zed_interfaces/zed_interfaces/srv/detail/set_pose__rosidl_typesupport_fastrtps_c.h
[1.428s] -- Up-to-date symlink: /home/mk/dev_ws/install/zed_interfaces/include/zed_interfaces/zed_interfaces/srv/detail/set_roi__rosidl_typesupport_fastrtps_c.h
[1.428s] -- Up-to-date symlink: /home/mk/dev_ws/install/zed_interfaces/include/zed_interfaces/zed_interfaces/srv/detail/start_svo_rec__rosidl_typesupport_fastrtps_c.h
[1.436s] -- Up-to-date symlink: /home/mk/dev_ws/install/zed_interfaces/include/zed_interfaces/zed_interfaces/msg/bounding_box2_df.hpp
[1.436s] -- Up-to-date symlink: /home/mk/dev_ws/install/zed_interfaces/include/zed_interfaces/zed_interfaces/msg/bounding_box2_di.hpp
[1.436s] -- Up-to-date symlink: /home/mk/dev_ws/install/zed_interfaces/include/zed_interfaces/zed_interfaces/msg/bounding_box3_d.hpp
[1.436s] -- Up-to-date symlink: /home/mk/dev_ws/install/zed_interfaces/include/zed_interfaces/zed_interfaces/msg/depth_info_stamped.hpp
[1.436s] -- Up-to-date symlink: /home/mk/dev_ws/install/zed_interfaces/include/zed_interfaces/zed_interfaces/msg/detail/bounding_box2_df__builder.hpp
[1.437s] -- Up-to-date symlink: /home/mk/dev_ws/install/zed_interfaces/include/zed_interfaces/zed_interfaces/msg/detail/bounding_box2_df__struct.hpp
[1.437s] -- Up-to-date symlink: /home/mk/dev_ws/install/zed_interfaces/include/zed_interfaces/zed_interfaces/msg/detail/bounding_box2_df__traits.hpp
[1.437s] -- Up-to-date symlink: /home/mk/dev_ws/install/zed_interfaces/include/zed_interfaces/zed_interfaces/msg/detail/bounding_box2_df__type_support.hpp
[1.437s] -- Up-to-date symlink: /home/mk/dev_ws/install/zed_interfaces/include/zed_interfaces/zed_interfaces/msg/detail/bounding_box2_di__builder.hpp
[1.437s] -- Up-to-date symlink: /home/mk/dev_ws/install/zed_interfaces/include/zed_interfaces/zed_interfaces/msg/detail/bounding_box2_di__struct.hpp
[1.437s] -- Up-to-date symlink: /home/mk/dev_ws/install/zed_interfaces/include/zed_interfaces/zed_interfaces/msg/detail/bounding_box2_di__traits.hpp
[1.437s] -- Up-to-date symlink: /home/mk/dev_ws/install/zed_interfaces/include/zed_interfaces/zed_interfaces/msg/detail/bounding_box2_di__type_support.hpp
[1.439s] -- Up-to-date symlink: /home/mk/dev_ws/install/zed_interfaces/include/zed_interfaces/zed_interfaces/msg/detail/bounding_box3_d__builder.hpp
[1.439s] -- Up-to-date symlink: /home/mk/dev_ws/install/zed_interfaces/include/zed_interfaces/zed_interfaces/msg/detail/bounding_box3_d__struct.hpp
[1.439s] -- Up-to-date symlink: /home/mk/dev_ws/install/zed_interfaces/include/zed_interfaces/zed_interfaces/msg/detail/bounding_box3_d__traits.hpp
[1.439s] -- Up-to-date symlink: /home/mk/dev_ws/install/zed_interfaces/include/zed_interfaces/zed_interfaces/msg/detail/bounding_box3_d__type_support.hpp
[1.439s] -- Up-to-date symlink: /home/mk/dev_ws/install/zed_interfaces/include/zed_interfaces/zed_interfaces/msg/detail/depth_info_stamped__builder.hpp
[1.439s] -- Up-to-date symlink: /home/mk/dev_ws/install/zed_interfaces/include/zed_interfaces/zed_interfaces/msg/detail/depth_info_stamped__struct.hpp
[1.440s] -- Up-to-date symlink: /home/mk/dev_ws/install/zed_interfaces/include/zed_interfaces/zed_interfaces/msg/detail/depth_info_stamped__traits.hpp
[1.440s] -- Up-to-date symlink: /home/mk/dev_ws/install/zed_interfaces/include/zed_interfaces/zed_interfaces/msg/detail/depth_info_stamped__type_support.hpp
[1.440s] -- Up-to-date symlink: /home/mk/dev_ws/install/zed_interfaces/include/zed_interfaces/zed_interfaces/msg/detail/gnss_fusion_status__builder.hpp
[1.446s] -- Up-to-date symlink: /home/mk/dev_ws/install/zed_interfaces/include/zed_interfaces/zed_interfaces/msg/detail/gnss_fusion_status__struct.hpp
[1.446s] -- Up-to-date symlink: /home/mk/dev_ws/install/zed_interfaces/include/zed_interfaces/zed_interfaces/msg/detail/gnss_fusion_status__traits.hpp
[1.446s] -- Up-to-date symlink: /home/mk/dev_ws/install/zed_interfaces/include/zed_interfaces/zed_interfaces/msg/detail/gnss_fusion_status__type_support.hpp
[1.446s] -- Up-to-date symlink: /home/mk/dev_ws/install/zed_interfaces/include/zed_interfaces/zed_interfaces/msg/detail/heartbeat__builder.hpp
[1.446s] -- Up-to-date symlink: /home/mk/dev_ws/install/zed_interfaces/include/zed_interfaces/zed_interfaces/msg/detail/heartbeat__struct.hpp
[1.447s] -- Up-to-date symlink: /home/mk/dev_ws/install/zed_interfaces/include/zed_interfaces/zed_interfaces/msg/detail/heartbeat__traits.hpp
[1.447s] -- Up-to-date symlink: /home/mk/dev_ws/install/zed_interfaces/include/zed_interfaces/zed_interfaces/msg/detail/heartbeat__type_support.hpp
[1.447s] -- Up-to-date symlink: /home/mk/dev_ws/install/zed_interfaces/include/zed_interfaces/zed_interfaces/msg/detail/keypoint2_df__builder.hpp
[1.447s] -- Up-to-date symlink: /home/mk/dev_ws/install/zed_interfaces/include/zed_interfaces/zed_interfaces/msg/detail/keypoint2_df__struct.hpp
[1.447s] -- Up-to-date symlink: /home/mk/dev_ws/install/zed_interfaces/include/zed_interfaces/zed_interfaces/msg/detail/keypoint2_df__traits.hpp
[1.447s] -- Up-to-date symlink: /home/mk/dev_ws/install/zed_interfaces/include/zed_interfaces/zed_interfaces/msg/detail/keypoint2_df__type_support.hpp
[1.448s] -- Up-to-date symlink: /home/mk/dev_ws/install/zed_interfaces/include/zed_interfaces/zed_interfaces/msg/detail/keypoint2_di__builder.hpp
[1.448s] -- Up-to-date symlink: /home/mk/dev_ws/install/zed_interfaces/include/zed_interfaces/zed_interfaces/msg/detail/keypoint2_di__struct.hpp
[1.448s] -- Up-to-date symlink: /home/mk/dev_ws/install/zed_interfaces/include/zed_interfaces/zed_interfaces/msg/detail/keypoint2_di__traits.hpp
[1.448s] -- Up-to-date symlink: /home/mk/dev_ws/install/zed_interfaces/include/zed_interfaces/zed_interfaces/msg/detail/keypoint2_di__type_support.hpp
[1.448s] -- Up-to-date symlink: /home/mk/dev_ws/install/zed_interfaces/include/zed_interfaces/zed_interfaces/msg/detail/keypoint3_d__builder.hpp
[1.448s] -- Up-to-date symlink: /home/mk/dev_ws/install/zed_interfaces/include/zed_interfaces/zed_interfaces/msg/detail/keypoint3_d__struct.hpp
[1.448s] -- Up-to-date symlink: /home/mk/dev_ws/install/zed_interfaces/include/zed_interfaces/zed_interfaces/msg/detail/keypoint3_d__traits.hpp
[1.449s] -- Up-to-date symlink: /home/mk/dev_ws/install/zed_interfaces/include/zed_interfaces/zed_interfaces/msg/detail/keypoint3_d__type_support.hpp
[1.449s] -- Up-to-date symlink: /home/mk/dev_ws/install/zed_interfaces/include/zed_interfaces/zed_interfaces/msg/detail/mag_heading_status__builder.hpp
[1.449s] -- Up-to-date symlink: /home/mk/dev_ws/install/zed_interfaces/include/zed_interfaces/zed_interfaces/msg/detail/mag_heading_status__struct.hpp
[1.449s] -- Up-to-date symlink: /home/mk/dev_ws/install/zed_interfaces/include/zed_interfaces/zed_interfaces/msg/detail/mag_heading_status__traits.hpp
[1.450s] -- Up-to-date symlink: /home/mk/dev_ws/install/zed_interfaces/include/zed_interfaces/zed_interfaces/msg/detail/mag_heading_status__type_support.hpp
[1.450s] -- Up-to-date symlink: /home/mk/dev_ws/install/zed_interfaces/include/zed_interfaces/zed_interfaces/msg/detail/object__builder.hpp
[1.451s] -- Up-to-date symlink: /home/mk/dev_ws/install/zed_interfaces/include/zed_interfaces/zed_interfaces/msg/detail/object__struct.hpp
[1.451s] -- Up-to-date symlink: /home/mk/dev_ws/install/zed_interfaces/include/zed_interfaces/zed_interfaces/msg/detail/object__traits.hpp
[1.451s] -- Up-to-date symlink: /home/mk/dev_ws/install/zed_interfaces/include/zed_interfaces/zed_interfaces/msg/detail/object__type_support.hpp
[1.452s] -- Up-to-date symlink: /home/mk/dev_ws/install/zed_interfaces/include/zed_interfaces/zed_interfaces/msg/detail/objects_stamped__builder.hpp
[1.452s] -- Up-to-date symlink: /home/mk/dev_ws/install/zed_interfaces/include/zed_interfaces/zed_interfaces/msg/detail/objects_stamped__struct.hpp
[1.452s] -- Up-to-date symlink: /home/mk/dev_ws/install/zed_interfaces/include/zed_interfaces/zed_interfaces/msg/detail/objects_stamped__traits.hpp
[1.452s] -- Up-to-date symlink: /home/mk/dev_ws/install/zed_interfaces/include/zed_interfaces/zed_interfaces/msg/detail/objects_stamped__type_support.hpp
[1.452s] -- Up-to-date symlink: /home/mk/dev_ws/install/zed_interfaces/include/zed_interfaces/zed_interfaces/msg/detail/plane_stamped__builder.hpp
[1.452s] -- Up-to-date symlink: /home/mk/dev_ws/install/zed_interfaces/include/zed_interfaces/zed_interfaces/msg/detail/plane_stamped__struct.hpp
[1.452s] -- Up-to-date symlink: /home/mk/dev_ws/install/zed_interfaces/include/zed_interfaces/zed_interfaces/msg/detail/plane_stamped__traits.hpp
[1.453s] -- Up-to-date symlink: /home/mk/dev_ws/install/zed_interfaces/include/zed_interfaces/zed_interfaces/msg/detail/plane_stamped__type_support.hpp
[1.453s] -- Up-to-date symlink: /home/mk/dev_ws/install/zed_interfaces/include/zed_interfaces/zed_interfaces/msg/detail/pos_track_status__builder.hpp
[1.453s] -- Up-to-date symlink: /home/mk/dev_ws/install/zed_interfaces/include/zed_interfaces/zed_interfaces/msg/detail/pos_track_status__struct.hpp
[1.453s] -- Up-to-date symlink: /home/mk/dev_ws/install/zed_interfaces/include/zed_interfaces/zed_interfaces/msg/detail/pos_track_status__traits.hpp
[1.456s] -- Up-to-date symlink: /home/mk/dev_ws/install/zed_interfaces/include/zed_interfaces/zed_interfaces/msg/detail/pos_track_status__type_support.hpp
[1.456s] -- Up-to-date symlink: /home/mk/dev_ws/install/zed_interfaces/include/zed_interfaces/zed_interfaces/msg/detail/skeleton2_d__builder.hpp
[1.456s] -- Up-to-date symlink: /home/mk/dev_ws/install/zed_interfaces/include/zed_interfaces/zed_interfaces/msg/detail/skeleton2_d__struct.hpp
[1.456s] -- Up-to-date symlink: /home/mk/dev_ws/install/zed_interfaces/include/zed_interfaces/zed_interfaces/msg/detail/skeleton2_d__traits.hpp
[1.456s] -- Up-to-date symlink: /home/mk/dev_ws/install/zed_interfaces/include/zed_interfaces/zed_interfaces/msg/detail/skeleton2_d__type_support.hpp
[1.457s] -- Up-to-date symlink: /home/mk/dev_ws/install/zed_interfaces/include/zed_interfaces/zed_interfaces/msg/detail/skeleton3_d__builder.hpp
[1.457s] -- Up-to-date symlink: /home/mk/dev_ws/install/zed_interfaces/include/zed_interfaces/zed_interfaces/msg/detail/skeleton3_d__struct.hpp
[1.457s] -- Up-to-date symlink: /home/mk/dev_ws/install/zed_interfaces/include/zed_interfaces/zed_interfaces/msg/detail/skeleton3_d__traits.hpp
[1.457s] -- Up-to-date symlink: /home/mk/dev_ws/install/zed_interfaces/include/zed_interfaces/zed_interfaces/msg/detail/skeleton3_d__type_support.hpp
[1.457s] -- Up-to-date symlink: /home/mk/dev_ws/install/zed_interfaces/include/zed_interfaces/zed_interfaces/msg/gnss_fusion_status.hpp
[1.457s] -- Up-to-date symlink: /home/mk/dev_ws/install/zed_interfaces/include/zed_interfaces/zed_interfaces/msg/heartbeat.hpp
[1.457s] -- Up-to-date symlink: /home/mk/dev_ws/install/zed_interfaces/include/zed_interfaces/zed_interfaces/msg/keypoint2_df.hpp
[1.457s] -- Up-to-date symlink: /home/mk/dev_ws/install/zed_interfaces/include/zed_interfaces/zed_interfaces/msg/keypoint2_di.hpp
[1.457s] -- Up-to-date symlink: /home/mk/dev_ws/install/zed_interfaces/include/zed_interfaces/zed_interfaces/msg/keypoint3_d.hpp
[1.457s] -- Up-to-date symlink: /home/mk/dev_ws/install/zed_interfaces/include/zed_interfaces/zed_interfaces/msg/mag_heading_status.hpp
[1.457s] -- Up-to-date symlink: /home/mk/dev_ws/install/zed_interfaces/include/zed_interfaces/zed_interfaces/msg/object.hpp
[1.457s] -- Up-to-date symlink: /home/mk/dev_ws/install/zed_interfaces/include/zed_interfaces/zed_interfaces/msg/objects_stamped.hpp
[1.457s] -- Up-to-date symlink: /home/mk/dev_ws/install/zed_interfaces/include/zed_interfaces/zed_interfaces/msg/plane_stamped.hpp
[1.457s] -- Up-to-date symlink: /home/mk/dev_ws/install/zed_interfaces/include/zed_interfaces/zed_interfaces/msg/pos_track_status.hpp
[1.457s] -- Up-to-date symlink: /home/mk/dev_ws/install/zed_interfaces/include/zed_interfaces/zed_interfaces/msg/rosidl_generator_cpp__visibility_control.hpp
[1.457s] -- Up-to-date symlink: /home/mk/dev_ws/install/zed_interfaces/include/zed_interfaces/zed_interfaces/msg/skeleton2_d.hpp
[1.457s] -- Up-to-date symlink: /home/mk/dev_ws/install/zed_interfaces/include/zed_interfaces/zed_interfaces/msg/skeleton3_d.hpp
[1.457s] -- Up-to-date symlink: /home/mk/dev_ws/install/zed_interfaces/include/zed_interfaces/zed_interfaces/srv/detail/set_pose__builder.hpp
[1.457s] -- Up-to-date symlink: /home/mk/dev_ws/install/zed_interfaces/include/zed_interfaces/zed_interfaces/srv/detail/set_pose__struct.hpp
[1.458s] -- Up-to-date symlink: /home/mk/dev_ws/install/zed_interfaces/include/zed_interfaces/zed_interfaces/srv/detail/set_pose__traits.hpp
[1.458s] -- Up-to-date symlink: /home/mk/dev_ws/install/zed_interfaces/include/zed_interfaces/zed_interfaces/srv/detail/set_pose__type_support.hpp
[1.458s] -- Up-to-date symlink: /home/mk/dev_ws/install/zed_interfaces/include/zed_interfaces/zed_interfaces/srv/detail/set_roi__builder.hpp
[1.458s] -- Up-to-date symlink: /home/mk/dev_ws/install/zed_interfaces/include/zed_interfaces/zed_interfaces/srv/detail/set_roi__struct.hpp
[1.458s] -- Up-to-date symlink: /home/mk/dev_ws/install/zed_interfaces/include/zed_interfaces/zed_interfaces/srv/detail/set_roi__traits.hpp
[1.458s] -- Up-to-date symlink: /home/mk/dev_ws/install/zed_interfaces/include/zed_interfaces/zed_interfaces/srv/detail/set_roi__type_support.hpp
[1.458s] -- Up-to-date symlink: /home/mk/dev_ws/install/zed_interfaces/include/zed_interfaces/zed_interfaces/srv/detail/start_svo_rec__builder.hpp
[1.458s] -- Up-to-date symlink: /home/mk/dev_ws/install/zed_interfaces/include/zed_interfaces/zed_interfaces/srv/detail/start_svo_rec__struct.hpp
[1.458s] -- Up-to-date symlink: /home/mk/dev_ws/install/zed_interfaces/include/zed_interfaces/zed_interfaces/srv/detail/start_svo_rec__traits.hpp
[1.458s] -- Up-to-date symlink: /home/mk/dev_ws/install/zed_interfaces/include/zed_interfaces/zed_interfaces/srv/detail/start_svo_rec__type_support.hpp
[1.458s] -- Up-to-date symlink: /home/mk/dev_ws/install/zed_interfaces/include/zed_interfaces/zed_interfaces/srv/set_pose.hpp
[1.458s] -- Up-to-date symlink: /home/mk/dev_ws/install/zed_interfaces/include/zed_interfaces/zed_interfaces/srv/set_roi.hpp
[1.458s] -- Up-to-date symlink: /home/mk/dev_ws/install/zed_interfaces/include/zed_interfaces/zed_interfaces/srv/start_svo_rec.hpp
[1.459s] -- Up-to-date symlink: /home/mk/dev_ws/install/zed_interfaces/include/zed_interfaces/zed_interfaces/msg/detail/bounding_box2_df__rosidl_typesupport_fastrtps_cpp.hpp
[1.459s] -- Up-to-date symlink: /home/mk/dev_ws/install/zed_interfaces/include/zed_interfaces/zed_interfaces/msg/detail/bounding_box2_di__rosidl_typesupport_fastrtps_cpp.hpp
[1.459s] -- Up-to-date symlink: /home/mk/dev_ws/install/zed_interfaces/include/zed_interfaces/zed_interfaces/msg/detail/bounding_box3_d__rosidl_typesupport_fastrtps_cpp.hpp
[1.459s] -- Up-to-date symlink: /home/mk/dev_ws/install/zed_interfaces/include/zed_interfaces/zed_interfaces/msg/detail/depth_info_stamped__rosidl_typesupport_fastrtps_cpp.hpp
[1.459s] -- Up-to-date symlink: /home/mk/dev_ws/install/zed_interfaces/include/zed_interfaces/zed_interfaces/msg/detail/gnss_fusion_status__rosidl_typesupport_fastrtps_cpp.hpp
[1.459s] -- Up-to-date symlink: /home/mk/dev_ws/install/zed_interfaces/include/zed_interfaces/zed_interfaces/msg/detail/heartbeat__rosidl_typesupport_fastrtps_cpp.hpp
[1.459s] -- Up-to-date symlink: /home/mk/dev_ws/install/zed_interfaces/include/zed_interfaces/zed_interfaces/msg/detail/keypoint2_df__rosidl_typesupport_fastrtps_cpp.hpp
[1.460s] -- Up-to-date symlink: /home/mk/dev_ws/install/zed_interfaces/include/zed_interfaces/zed_interfaces/msg/detail/keypoint2_di__rosidl_typesupport_fastrtps_cpp.hpp
[1.460s] -- Up-to-date symlink: /home/mk/dev_ws/install/zed_interfaces/include/zed_interfaces/zed_interfaces/msg/detail/keypoint3_d__rosidl_typesupport_fastrtps_cpp.hpp
[1.460s] -- Up-to-date symlink: /home/mk/dev_ws/install/zed_interfaces/include/zed_interfaces/zed_interfaces/msg/detail/mag_heading_status__rosidl_typesupport_fastrtps_cpp.hpp
[1.460s] -- Up-to-date symlink: /home/mk/dev_ws/install/zed_interfaces/include/zed_interfaces/zed_interfaces/msg/detail/object__rosidl_typesupport_fastrtps_cpp.hpp
[1.460s] -- Up-to-date symlink: /home/mk/dev_ws/install/zed_interfaces/include/zed_interfaces/zed_interfaces/msg/detail/objects_stamped__rosidl_typesupport_fastrtps_cpp.hpp
[1.461s] -- Up-to-date symlink: /home/mk/dev_ws/install/zed_interfaces/include/zed_interfaces/zed_interfaces/msg/detail/plane_stamped__rosidl_typesupport_fastrtps_cpp.hpp
[1.461s] -- Up-to-date symlink: /home/mk/dev_ws/install/zed_interfaces/include/zed_interfaces/zed_interfaces/msg/detail/pos_track_status__rosidl_typesupport_fastrtps_cpp.hpp
[1.461s] -- Up-to-date symlink: /home/mk/dev_ws/install/zed_interfaces/include/zed_interfaces/zed_interfaces/msg/detail/skeleton2_d__rosidl_typesupport_fastrtps_cpp.hpp
[1.461s] -- Up-to-date symlink: /home/mk/dev_ws/install/zed_interfaces/include/zed_interfaces/zed_interfaces/msg/detail/skeleton3_d__rosidl_typesupport_fastrtps_cpp.hpp
[1.461s] -- Up-to-date symlink: /home/mk/dev_ws/install/zed_interfaces/include/zed_interfaces/zed_interfaces/msg/rosidl_typesupport_fastrtps_cpp__visibility_control.h
[1.461s] -- Up-to-date symlink: /home/mk/dev_ws/install/zed_interfaces/include/zed_interfaces/zed_interfaces/srv/detail/set_pose__rosidl_typesupport_fastrtps_cpp.hpp
[1.461s] -- Up-to-date symlink: /home/mk/dev_ws/install/zed_interfaces/include/zed_interfaces/zed_interfaces/srv/detail/set_roi__rosidl_typesupport_fastrtps_cpp.hpp
[1.461s] -- Up-to-date symlink: /home/mk/dev_ws/install/zed_interfaces/include/zed_interfaces/zed_interfaces/srv/detail/start_svo_rec__rosidl_typesupport_fastrtps_cpp.hpp
[1.463s] -- Up-to-date symlink: /home/mk/dev_ws/install/zed_interfaces/include/zed_interfaces/zed_interfaces/msg/detail/bounding_box2_df__rosidl_typesupport_introspection_c.h
[1.463s] -- Up-to-date symlink: /home/mk/dev_ws/install/zed_interfaces/include/zed_interfaces/zed_interfaces/msg/detail/bounding_box2_di__rosidl_typesupport_introspection_c.h
[1.463s] -- Up-to-date symlink: /home/mk/dev_ws/install/zed_interfaces/include/zed_interfaces/zed_interfaces/msg/detail/bounding_box3_d__rosidl_typesupport_introspection_c.h
[1.463s] -- Up-to-date symlink: /home/mk/dev_ws/install/zed_interfaces/include/zed_interfaces/zed_interfaces/msg/detail/depth_info_stamped__rosidl_typesupport_introspection_c.h
[1.463s] -- Up-to-date symlink: /home/mk/dev_ws/install/zed_interfaces/include/zed_interfaces/zed_interfaces/msg/detail/gnss_fusion_status__rosidl_typesupport_introspection_c.h
[1.463s] -- Up-to-date symlink: /home/mk/dev_ws/install/zed_interfaces/include/zed_interfaces/zed_interfaces/msg/detail/heartbeat__rosidl_typesupport_introspection_c.h
[1.463s] -- Up-to-date symlink: /home/mk/dev_ws/install/zed_interfaces/include/zed_interfaces/zed_interfaces/msg/detail/keypoint2_df__rosidl_typesupport_introspection_c.h
[1.463s] -- Up-to-date symlink: /home/mk/dev_ws/install/zed_interfaces/include/zed_interfaces/zed_interfaces/msg/detail/keypoint2_di__rosidl_typesupport_introspection_c.h
[1.463s] -- Up-to-date symlink: /home/mk/dev_ws/install/zed_interfaces/include/zed_interfaces/zed_interfaces/msg/detail/keypoint3_d__rosidl_typesupport_introspection_c.h
[1.463s] -- Up-to-date symlink: /home/mk/dev_ws/install/zed_interfaces/include/zed_interfaces/zed_interfaces/msg/detail/mag_heading_status__rosidl_typesupport_introspection_c.h
[1.464s] -- Up-to-date symlink: /home/mk/dev_ws/install/zed_interfaces/include/zed_interfaces/zed_interfaces/msg/detail/object__rosidl_typesupport_introspection_c.h
[1.464s] -- Up-to-date symlink: /home/mk/dev_ws/install/zed_interfaces/include/zed_interfaces/zed_interfaces/msg/detail/objects_stamped__rosidl_typesupport_introspection_c.h
[1.464s] -- Up-to-date symlink: /home/mk/dev_ws/install/zed_interfaces/include/zed_interfaces/zed_interfaces/msg/detail/plane_stamped__rosidl_typesupport_introspection_c.h
[1.465s] -- Up-to-date symlink: /home/mk/dev_ws/install/zed_interfaces/include/zed_interfaces/zed_interfaces/msg/detail/pos_track_status__rosidl_typesupport_introspection_c.h
[1.465s] -- Up-to-date symlink: /home/mk/dev_ws/install/zed_interfaces/include/zed_interfaces/zed_interfaces/msg/detail/skeleton2_d__rosidl_typesupport_introspection_c.h
[1.465s] -- Up-to-date symlink: /home/mk/dev_ws/install/zed_interfaces/include/zed_interfaces/zed_interfaces/msg/detail/skeleton3_d__rosidl_typesupport_introspection_c.h
[1.465s] -- Up-to-date symlink: /home/mk/dev_ws/install/zed_interfaces/include/zed_interfaces/zed_interfaces/msg/rosidl_typesupport_introspection_c__visibility_control.h
[1.465s] -- Up-to-date symlink: /home/mk/dev_ws/install/zed_interfaces/include/zed_interfaces/zed_interfaces/srv/detail/set_pose__rosidl_typesupport_introspection_c.h
[1.465s] -- Up-to-date symlink: /home/mk/dev_ws/install/zed_interfaces/include/zed_interfaces/zed_interfaces/srv/detail/set_roi__rosidl_typesupport_introspection_c.h
[1.465s] -- Up-to-date symlink: /home/mk/dev_ws/install/zed_interfaces/include/zed_interfaces/zed_interfaces/srv/detail/start_svo_rec__rosidl_typesupport_introspection_c.h
[1.465s] -- Up-to-date symlink: /home/mk/dev_ws/install/zed_interfaces/include/zed_interfaces/zed_interfaces/msg/detail/bounding_box2_df__rosidl_typesupport_introspection_cpp.hpp
[1.467s] -- Up-to-date symlink: /home/mk/dev_ws/install/zed_interfaces/include/zed_interfaces/zed_interfaces/msg/detail/bounding_box2_di__rosidl_typesupport_introspection_cpp.hpp
[1.467s] -- Up-to-date symlink: /home/mk/dev_ws/install/zed_interfaces/include/zed_interfaces/zed_interfaces/msg/detail/bounding_box3_d__rosidl_typesupport_introspection_cpp.hpp
[1.467s] -- Up-to-date symlink: /home/mk/dev_ws/install/zed_interfaces/include/zed_interfaces/zed_interfaces/msg/detail/depth_info_stamped__rosidl_typesupport_introspection_cpp.hpp
[1.467s] -- Up-to-date symlink: /home/mk/dev_ws/install/zed_interfaces/include/zed_interfaces/zed_interfaces/msg/detail/gnss_fusion_status__rosidl_typesupport_introspection_cpp.hpp
[1.467s] -- Up-to-date symlink: /home/mk/dev_ws/install/zed_interfaces/include/zed_interfaces/zed_interfaces/msg/detail/heartbeat__rosidl_typesupport_introspection_cpp.hpp
[1.467s] -- Up-to-date symlink: /home/mk/dev_ws/install/zed_interfaces/include/zed_interfaces/zed_interfaces/msg/detail/keypoint2_df__rosidl_typesupport_introspection_cpp.hpp
[1.467s] -- Up-to-date symlink: /home/mk/dev_ws/install/zed_interfaces/include/zed_interfaces/zed_interfaces/msg/detail/keypoint2_di__rosidl_typesupport_introspection_cpp.hpp
[1.467s] -- Up-to-date symlink: /home/mk/dev_ws/install/zed_interfaces/include/zed_interfaces/zed_interfaces/msg/detail/keypoint3_d__rosidl_typesupport_introspection_cpp.hpp
[1.467s] -- Up-to-date symlink: /home/mk/dev_ws/install/zed_interfaces/include/zed_interfaces/zed_interfaces/msg/detail/mag_heading_status__rosidl_typesupport_introspection_cpp.hpp
[1.468s] -- Up-to-date symlink: /home/mk/dev_ws/install/zed_interfaces/include/zed_interfaces/zed_interfaces/msg/detail/object__rosidl_typesupport_introspection_cpp.hpp
[1.468s] -- Up-to-date symlink: /home/mk/dev_ws/install/zed_interfaces/include/zed_interfaces/zed_interfaces/msg/detail/objects_stamped__rosidl_typesupport_introspection_cpp.hpp
[1.468s] -- Up-to-date symlink: /home/mk/dev_ws/install/zed_interfaces/include/zed_interfaces/zed_interfaces/msg/detail/plane_stamped__rosidl_typesupport_introspection_cpp.hpp
[1.468s] -- Up-to-date symlink: /home/mk/dev_ws/install/zed_interfaces/include/zed_interfaces/zed_interfaces/msg/detail/pos_track_status__rosidl_typesupport_introspection_cpp.hpp
[1.468s] -- Up-to-date symlink: /home/mk/dev_ws/install/zed_interfaces/include/zed_interfaces/zed_interfaces/msg/detail/skeleton2_d__rosidl_typesupport_introspection_cpp.hpp
[1.468s] -- Up-to-date symlink: /home/mk/dev_ws/install/zed_interfaces/include/zed_interfaces/zed_interfaces/msg/detail/skeleton3_d__rosidl_typesupport_introspection_cpp.hpp
[1.468s] -- Up-to-date symlink: /home/mk/dev_ws/install/zed_interfaces/include/zed_interfaces/zed_interfaces/srv/detail/set_pose__rosidl_typesupport_introspection_cpp.hpp
[1.468s] -- Up-to-date symlink: /home/mk/dev_ws/install/zed_interfaces/include/zed_interfaces/zed_interfaces/srv/detail/set_roi__rosidl_typesupport_introspection_cpp.hpp
[1.468s] -- Up-to-date symlink: /home/mk/dev_ws/install/zed_interfaces/include/zed_interfaces/zed_interfaces/srv/detail/start_svo_rec__rosidl_typesupport_introspection_cpp.hpp
[1.468s] -- Up-to-date symlink: /home/mk/dev_ws/install/zed_interfaces/share/zed_interfaces/environment/pythonpath.sh
[1.468s] -- Up-to-date symlink: /home/mk/dev_ws/install/zed_interfaces/share/zed_interfaces/environment/pythonpath.dsv
[1.468s] -- Up-to-date symlink: /home/mk/dev_ws/install/zed_interfaces/local/lib/python3.10/dist-packages/zed_interfaces-4.1.0-py3.10.egg-info/PKG-INFO
[1.468s] -- Up-to-date symlink: /home/mk/dev_ws/install/zed_interfaces/local/lib/python3.10/dist-packages/zed_interfaces-4.1.0-py3.10.egg-info/SOURCES.txt
[1.469s] -- Up-to-date symlink: /home/mk/dev_ws/install/zed_interfaces/local/lib/python3.10/dist-packages/zed_interfaces-4.1.0-py3.10.egg-info/dependency_links.txt
[1.469s] -- Up-to-date symlink: /home/mk/dev_ws/install/zed_interfaces/local/lib/python3.10/dist-packages/zed_interfaces-4.1.0-py3.10.egg-info/top_level.txt
[1.472s] -- Up-to-date symlink: /home/mk/dev_ws/install/zed_interfaces/local/lib/python3.10/dist-packages/zed_interfaces/__init__.py
[1.472s] -- Up-to-date symlink: /home/mk/dev_ws/install/zed_interfaces/local/lib/python3.10/dist-packages/zed_interfaces/_zed_interfaces_s.ep.rosidl_typesupport_c.c
[1.472s] -- Up-to-date symlink: /home/mk/dev_ws/install/zed_interfaces/local/lib/python3.10/dist-packages/zed_interfaces/_zed_interfaces_s.ep.rosidl_typesupport_fastrtps_c.c
[1.472s] -- Up-to-date symlink: /home/mk/dev_ws/install/zed_interfaces/local/lib/python3.10/dist-packages/zed_interfaces/_zed_interfaces_s.ep.rosidl_typesupport_introspection_c.c
[1.472s] -- Up-to-date symlink: /home/mk/dev_ws/install/zed_interfaces/local/lib/python3.10/dist-packages/zed_interfaces/libzed_interfaces__rosidl_generator_py.so
[1.472s] -- Up-to-date symlink: /home/mk/dev_ws/install/zed_interfaces/local/lib/python3.10/dist-packages/zed_interfaces/msg/__init__.py
[1.472s] -- Up-to-date symlink: /home/mk/dev_ws/install/zed_interfaces/local/lib/python3.10/dist-packages/zed_interfaces/msg/_bounding_box2_df.py
[1.473s] -- Up-to-date symlink: /home/mk/dev_ws/install/zed_interfaces/local/lib/python3.10/dist-packages/zed_interfaces/msg/_bounding_box2_df_s.c
[1.473s] -- Up-to-date symlink: /home/mk/dev_ws/install/zed_interfaces/local/lib/python3.10/dist-packages/zed_interfaces/msg/_bounding_box2_di.py
[1.473s] -- Up-to-date symlink: /home/mk/dev_ws/install/zed_interfaces/local/lib/python3.10/dist-packages/zed_interfaces/msg/_bounding_box2_di_s.c
[1.473s] -- Up-to-date symlink: /home/mk/dev_ws/install/zed_interfaces/local/lib/python3.10/dist-packages/zed_interfaces/msg/_bounding_box3_d.py
[1.474s] -- Up-to-date symlink: /home/mk/dev_ws/install/zed_interfaces/local/lib/python3.10/dist-packages/zed_interfaces/msg/_bounding_box3_d_s.c
[1.474s] -- Up-to-date symlink: /home/mk/dev_ws/install/zed_interfaces/local/lib/python3.10/dist-packages/zed_interfaces/msg/_depth_info_stamped.py
[1.474s] -- Up-to-date symlink: /home/mk/dev_ws/install/zed_interfaces/local/lib/python3.10/dist-packages/zed_interfaces/msg/_depth_info_stamped_s.c
[1.474s] -- Up-to-date symlink: /home/mk/dev_ws/install/zed_interfaces/local/lib/python3.10/dist-packages/zed_interfaces/msg/_gnss_fusion_status.py
[1.474s] -- Up-to-date symlink: /home/mk/dev_ws/install/zed_interfaces/local/lib/python3.10/dist-packages/zed_interfaces/msg/_gnss_fusion_status_s.c
[1.474s] -- Up-to-date symlink: /home/mk/dev_ws/install/zed_interfaces/local/lib/python3.10/dist-packages/zed_interfaces/msg/_heartbeat.py
[1.475s] -- Up-to-date symlink: /home/mk/dev_ws/install/zed_interfaces/local/lib/python3.10/dist-packages/zed_interfaces/msg/_heartbeat_s.c
[1.475s] -- Up-to-date symlink: /home/mk/dev_ws/install/zed_interfaces/local/lib/python3.10/dist-packages/zed_interfaces/msg/_keypoint2_df.py
[1.475s] -- Up-to-date symlink: /home/mk/dev_ws/install/zed_interfaces/local/lib/python3.10/dist-packages/zed_interfaces/msg/_keypoint2_df_s.c
[1.475s] -- Up-to-date symlink: /home/mk/dev_ws/install/zed_interfaces/local/lib/python3.10/dist-packages/zed_interfaces/msg/_keypoint2_di.py
[1.476s] -- Up-to-date symlink: /home/mk/dev_ws/install/zed_interfaces/local/lib/python3.10/dist-packages/zed_interfaces/msg/_keypoint2_di_s.c
[1.476s] -- Up-to-date symlink: /home/mk/dev_ws/install/zed_interfaces/local/lib/python3.10/dist-packages/zed_interfaces/msg/_keypoint3_d.py
[1.476s] -- Up-to-date symlink: /home/mk/dev_ws/install/zed_interfaces/local/lib/python3.10/dist-packages/zed_interfaces/msg/_keypoint3_d_s.c
[1.476s] -- Up-to-date symlink: /home/mk/dev_ws/install/zed_interfaces/local/lib/python3.10/dist-packages/zed_interfaces/msg/_mag_heading_status.py
[1.476s] -- Up-to-date symlink: /home/mk/dev_ws/install/zed_interfaces/local/lib/python3.10/dist-packages/zed_interfaces/msg/_mag_heading_status_s.c
[1.476s] -- Up-to-date symlink: /home/mk/dev_ws/install/zed_interfaces/local/lib/python3.10/dist-packages/zed_interfaces/msg/_object.py
[1.477s] -- Up-to-date symlink: /home/mk/dev_ws/install/zed_interfaces/local/lib/python3.10/dist-packages/zed_interfaces/msg/_object_s.c
[1.479s] -- Up-to-date symlink: /home/mk/dev_ws/install/zed_interfaces/local/lib/python3.10/dist-packages/zed_interfaces/msg/_objects_stamped.py
[1.479s] -- Up-to-date symlink: /home/mk/dev_ws/install/zed_interfaces/local/lib/python3.10/dist-packages/zed_interfaces/msg/_objects_stamped_s.c
[1.479s] -- Up-to-date symlink: /home/mk/dev_ws/install/zed_interfaces/local/lib/python3.10/dist-packages/zed_interfaces/msg/_plane_stamped.py
[1.479s] -- Up-to-date symlink: /home/mk/dev_ws/install/zed_interfaces/local/lib/python3.10/dist-packages/zed_interfaces/msg/_plane_stamped_s.c
[1.479s] -- Up-to-date symlink: /home/mk/dev_ws/install/zed_interfaces/local/lib/python3.10/dist-packages/zed_interfaces/msg/_pos_track_status.py
[1.479s] -- Up-to-date symlink: /home/mk/dev_ws/install/zed_interfaces/local/lib/python3.10/dist-packages/zed_interfaces/msg/_pos_track_status_s.c
[1.480s] -- Up-to-date symlink: /home/mk/dev_ws/install/zed_interfaces/local/lib/python3.10/dist-packages/zed_interfaces/msg/_skeleton2_d.py
[1.480s] -- Up-to-date symlink: /home/mk/dev_ws/install/zed_interfaces/local/lib/python3.10/dist-packages/zed_interfaces/msg/_skeleton2_d_s.c
[1.480s] -- Up-to-date symlink: /home/mk/dev_ws/install/zed_interfaces/local/lib/python3.10/dist-packages/zed_interfaces/msg/_skeleton3_d.py
[1.480s] -- Up-to-date symlink: /home/mk/dev_ws/install/zed_interfaces/local/lib/python3.10/dist-packages/zed_interfaces/msg/_skeleton3_d_s.c
[1.480s] -- Up-to-date symlink: /home/mk/dev_ws/install/zed_interfaces/local/lib/python3.10/dist-packages/zed_interfaces/srv/__init__.py
[1.480s] -- Up-to-date symlink: /home/mk/dev_ws/install/zed_interfaces/local/lib/python3.10/dist-packages/zed_interfaces/srv/_set_pose.py
[1.480s] -- Up-to-date symlink: /home/mk/dev_ws/install/zed_interfaces/local/lib/python3.10/dist-packages/zed_interfaces/srv/_set_pose_s.c
[1.480s] -- Up-to-date symlink: /home/mk/dev_ws/install/zed_interfaces/local/lib/python3.10/dist-packages/zed_interfaces/srv/_set_roi.py
[1.480s] -- Up-to-date symlink: /home/mk/dev_ws/install/zed_interfaces/local/lib/python3.10/dist-packages/zed_interfaces/srv/_set_roi_s.c
[1.480s] -- Up-to-date symlink: /home/mk/dev_ws/install/zed_interfaces/local/lib/python3.10/dist-packages/zed_interfaces/srv/_start_svo_rec.py
[1.483s] -- Up-to-date symlink: /home/mk/dev_ws/install/zed_interfaces/local/lib/python3.10/dist-packages/zed_interfaces/srv/_start_svo_rec_s.c
[1.483s] -- Up-to-date symlink: /home/mk/dev_ws/install/zed_interfaces/local/lib/python3.10/dist-packages/zed_interfaces/zed_interfaces_s__rosidl_typesupport_c.cpython-310-x86_64-linux-gnu.so
[1.484s] -- Up-to-date symlink: /home/mk/dev_ws/install/zed_interfaces/local/lib/python3.10/dist-packages/zed_interfaces/zed_interfaces_s__rosidl_typesupport_fastrtps_c.cpython-310-x86_64-linux-gnu.so
[1.484s] -- Up-to-date symlink: /home/mk/dev_ws/install/zed_interfaces/local/lib/python3.10/dist-packages/zed_interfaces/zed_interfaces_s__rosidl_typesupport_introspection_c.cpython-310-x86_64-linux-gnu.so
[1.484s] -- Up-to-date symlink: /home/mk/dev_ws/install/zed_interfaces/local/lib/python3.10/dist-packages/zed_interfaces/zed_interfaces_s__rosidl_typesupport_fastrtps_c.cpython-310-x86_64-linux-gnu.so
[1.484s] -- Up-to-date symlink: /home/mk/dev_ws/install/zed_interfaces/local/lib/python3.10/dist-packages/zed_interfaces/zed_interfaces_s__rosidl_typesupport_introspection_c.cpython-310-x86_64-linux-gnu.so
[1.484s] -- Up-to-date symlink: /home/mk/dev_ws/install/zed_interfaces/local/lib/python3.10/dist-packages/zed_interfaces/zed_interfaces_s__rosidl_typesupport_c.cpython-310-x86_64-linux-gnu.so
[1.485s] -- Up-to-date symlink: /home/mk/dev_ws/install/zed_interfaces/share/ament_index/resource_index/rust_packages/zed_interfaces
[1.485s] -- Up-to-date symlink: /home/mk/dev_ws/install/zed_interfaces/share/zed_interfaces/rust/Cargo.toml
[1.486s] -- Up-to-date symlink: /home/mk/dev_ws/install/zed_interfaces/share/zed_interfaces/rust/build.rs
[1.486s] -- Up-to-date symlink: /home/mk/dev_ws/install/zed_interfaces/share/zed_interfaces/rust/src/lib.rs
[1.486s] -- Up-to-date symlink: /home/mk/dev_ws/install/zed_interfaces/share/zed_interfaces/rust/src/msg.rs
[1.486s] -- Up-to-date symlink: /home/mk/dev_ws/install/zed_interfaces/share/zed_interfaces/rust/src/msg/rmw.rs
[1.486s] -- Up-to-date symlink: /home/mk/dev_ws/install/zed_interfaces/share/zed_interfaces/rust/src/srv.rs
[1.487s] -- Up-to-date symlink: /home/mk/dev_ws/install/zed_interfaces/share/zed_interfaces/rust/src/srv/rmw.rs
[1.487s] -- Up-to-date symlink: /home/mk/dev_ws/install/zed_interfaces/share/zed_interfaces/msg/Object.idl
[1.487s] -- Up-to-date symlink: /home/mk/dev_ws/install/zed_interfaces/share/zed_interfaces/msg/ObjectsStamped.idl
[1.487s] -- Up-to-date symlink: /home/mk/dev_ws/install/zed_interfaces/share/zed_interfaces/msg/Keypoint2Di.idl
[1.487s] -- Up-to-date symlink: /home/mk/dev_ws/install/zed_interfaces/share/zed_interfaces/msg/Keypoint2Df.idl
[1.487s] -- Up-to-date symlink: /home/mk/dev_ws/install/zed_interfaces/share/zed_interfaces/msg/Keypoint3D.idl
[1.487s] -- Up-to-date symlink: /home/mk/dev_ws/install/zed_interfaces/share/zed_interfaces/msg/BoundingBox2Di.idl
[1.488s] -- Up-to-date symlink: /home/mk/dev_ws/install/zed_interfaces/share/zed_interfaces/msg/BoundingBox2Df.idl
[1.488s] -- Up-to-date symlink: /home/mk/dev_ws/install/zed_interfaces/share/zed_interfaces/msg/BoundingBox3D.idl
[1.488s] -- Up-to-date symlink: /home/mk/dev_ws/install/zed_interfaces/share/zed_interfaces/msg/Skeleton2D.idl
[1.488s] -- Up-to-date symlink: /home/mk/dev_ws/install/zed_interfaces/share/zed_interfaces/msg/Skeleton3D.idl
[1.488s] -- Up-to-date symlink: /home/mk/dev_ws/install/zed_interfaces/share/zed_interfaces/msg/DepthInfoStamped.idl
[1.488s] -- Up-to-date symlink: /home/mk/dev_ws/install/zed_interfaces/share/zed_interfaces/msg/PlaneStamped.idl
[1.488s] -- Up-to-date symlink: /home/mk/dev_ws/install/zed_interfaces/share/zed_interfaces/msg/PosTrackStatus.idl
[1.488s] -- Up-to-date symlink: /home/mk/dev_ws/install/zed_interfaces/share/zed_interfaces/msg/GnssFusionStatus.idl
[1.488s] -- Up-to-date symlink: /home/mk/dev_ws/install/zed_interfaces/share/zed_interfaces/msg/Heartbeat.idl
[1.489s] -- Up-to-date symlink: /home/mk/dev_ws/install/zed_interfaces/share/zed_interfaces/msg/MagHeadingStatus.idl
[1.490s] -- Up-to-date symlink: /home/mk/dev_ws/install/zed_interfaces/share/zed_interfaces/srv/SetPose.idl
[1.490s] -- Up-to-date symlink: /home/mk/dev_ws/install/zed_interfaces/share/zed_interfaces/srv/StartSvoRec.idl
[1.490s] -- Up-to-date symlink: /home/mk/dev_ws/install/zed_interfaces/share/zed_interfaces/srv/SetROI.idl
[1.490s] -- Up-to-date symlink: /home/mk/dev_ws/install/zed_interfaces/share/zed_interfaces/msg/Object.msg
[1.490s] -- Up-to-date symlink: /home/mk/dev_ws/install/zed_interfaces/share/zed_interfaces/msg/ObjectsStamped.msg
[1.490s] -- Up-to-date symlink: /home/mk/dev_ws/install/zed_interfaces/share/zed_interfaces/msg/Keypoint2Di.msg
[1.490s] -- Up-to-date symlink: /home/mk/dev_ws/install/zed_interfaces/share/zed_interfaces/msg/Keypoint2Df.msg
[1.490s] -- Up-to-date symlink: /home/mk/dev_ws/install/zed_interfaces/share/zed_interfaces/msg/Keypoint3D.msg
[1.490s] -- Up-to-date symlink: /home/mk/dev_ws/install/zed_interfaces/share/zed_interfaces/msg/BoundingBox2Di.msg
[1.490s] -- Up-to-date symlink: /home/mk/dev_ws/install/zed_interfaces/share/zed_interfaces/msg/BoundingBox2Df.msg
[1.490s] -- Up-to-date symlink: /home/mk/dev_ws/install/zed_interfaces/share/zed_interfaces/msg/BoundingBox3D.msg
[1.490s] -- Up-to-date symlink: /home/mk/dev_ws/install/zed_interfaces/share/zed_interfaces/msg/Skeleton2D.msg
[1.490s] -- Up-to-date symlink: /home/mk/dev_ws/install/zed_interfaces/share/zed_interfaces/msg/Skeleton3D.msg
[1.490s] -- Up-to-date symlink: /home/mk/dev_ws/install/zed_interfaces/share/zed_interfaces/msg/DepthInfoStamped.msg
[1.491s] -- Up-to-date symlink: /home/mk/dev_ws/install/zed_interfaces/share/zed_interfaces/msg/PlaneStamped.msg
[1.491s] -- Up-to-date symlink: /home/mk/dev_ws/install/zed_interfaces/share/zed_interfaces/msg/PosTrackStatus.msg
[1.491s] -- Up-to-date symlink: /home/mk/dev_ws/install/zed_interfaces/share/zed_interfaces/msg/GnssFusionStatus.msg
[1.491s] -- Up-to-date symlink: /home/mk/dev_ws/install/zed_interfaces/share/zed_interfaces/msg/Heartbeat.msg
[1.491s] -- Up-to-date symlink: /home/mk/dev_ws/install/zed_interfaces/share/zed_interfaces/msg/MagHeadingStatus.msg
[1.491s] -- Up-to-date symlink: /home/mk/dev_ws/install/zed_interfaces/share/zed_interfaces/srv/SetPose.srv
[1.491s] -- Up-to-date symlink: /home/mk/dev_ws/install/zed_interfaces/share/zed_interfaces/srv/SetPose_Request.msg
[1.491s] -- Up-to-date symlink: /home/mk/dev_ws/install/zed_interfaces/share/zed_interfaces/srv/SetPose_Response.msg
[1.491s] -- Up-to-date symlink: /home/mk/dev_ws/install/zed_interfaces/share/zed_interfaces/srv/StartSvoRec.srv
[1.491s] -- Up-to-date symlink: /home/mk/dev_ws/install/zed_interfaces/share/zed_interfaces/srv/StartSvoRec_Request.msg
[1.491s] -- Up-to-date symlink: /home/mk/dev_ws/install/zed_interfaces/share/zed_interfaces/srv/StartSvoRec_Response.msg
[1.491s] -- Up-to-date symlink: /home/mk/dev_ws/install/zed_interfaces/share/zed_interfaces/srv/SetROI.srv
[1.497s] -- Up-to-date symlink: /home/mk/dev_ws/install/zed_interfaces/share/zed_interfaces/srv/SetROI_Request.msg
[1.497s] -- Up-to-date symlink: /home/mk/dev_ws/install/zed_interfaces/share/zed_interfaces/srv/SetROI_Response.msg
[1.497s] -- Up-to-date symlink: /home/mk/dev_ws/install/zed_interfaces/share/zed_interfaces/meshes/virtual.stl
[1.497s] -- Up-to-date symlink: /home/mk/dev_ws/install/zed_interfaces/share/zed_interfaces/meshes/zed.stl
[1.497s] -- Up-to-date symlink: /home/mk/dev_ws/install/zed_interfaces/share/zed_interfaces/meshes/zed2.stl
[1.497s] -- Up-to-date symlink: /home/mk/dev_ws/install/zed_interfaces/share/zed_interfaces/meshes/zed2i.stl
[1.497s] -- Up-to-date symlink: /home/mk/dev_ws/install/zed_interfaces/share/zed_interfaces/meshes/zedm.stl
[1.497s] -- Up-to-date symlink: /home/mk/dev_ws/install/zed_interfaces/share/zed_interfaces/meshes/zedx.stl
[1.497s] -- Up-to-date symlink: /home/mk/dev_ws/install/zed_interfaces/share/zed_interfaces/meshes/zedxm.stl
[1.498s] -- Up-to-date symlink: /home/mk/dev_ws/install/zed_interfaces/share/ament_index/resource_index/package_run_dependencies/zed_interfaces
[1.498s] -- Up-to-date symlink: /home/mk/dev_ws/install/zed_interfaces/share/ament_index/resource_index/parent_prefix_path/zed_interfaces
[1.498s] -- Up-to-date symlink: /home/mk/dev_ws/install/zed_interfaces/share/zed_interfaces/environment/ament_prefix_path.sh
[1.498s] -- Up-to-date symlink: /home/mk/dev_ws/install/zed_interfaces/share/zed_interfaces/environment/ament_prefix_path.dsv
[1.498s] -- Up-to-date symlink: /home/mk/dev_ws/install/zed_interfaces/share/zed_interfaces/environment/path.sh
[1.498s] -- Up-to-date symlink: /home/mk/dev_ws/install/zed_interfaces/share/zed_interfaces/environment/path.dsv
[1.498s] -- Up-to-date symlink: /home/mk/dev_ws/install/zed_interfaces/share/zed_interfaces/local_setup.bash
[1.498s] -- Up-to-date symlink: /home/mk/dev_ws/install/zed_interfaces/share/zed_interfaces/local_setup.sh
[1.498s] -- Up-to-date symlink: /home/mk/dev_ws/install/zed_interfaces/share/zed_interfaces/local_setup.zsh
[1.498s] -- Up-to-date symlink: /home/mk/dev_ws/install/zed_interfaces/share/zed_interfaces/local_setup.dsv
[1.498s] -- Symlinking: /home/mk/dev_ws/install/zed_interfaces/share/zed_interfaces/package.dsv
[1.516s] -- Up-to-date symlink: /home/mk/dev_ws/install/zed_interfaces/share/ament_index/resource_index/packages/zed_interfaces
[1.516s] -- Up-to-date symlink: /home/mk/dev_ws/install/zed_interfaces/share/zed_interfaces/cmake/rosidl_cmake-extras.cmake
[1.516s] -- Up-to-date symlink: /home/mk/dev_ws/install/zed_interfaces/share/zed_interfaces/cmake/ament_cmake_export_dependencies-extras.cmake
[1.516s] -- Up-to-date symlink: /home/mk/dev_ws/install/zed_interfaces/share/zed_interfaces/cmake/ament_cmake_export_include_directories-extras.cmake
[1.516s] -- Up-to-date symlink: /home/mk/dev_ws/install/zed_interfaces/share/zed_interfaces/cmake/ament_cmake_export_libraries-extras.cmake
[1.516s] -- Up-to-date symlink: /home/mk/dev_ws/install/zed_interfaces/share/zed_interfaces/cmake/ament_cmake_export_targets-extras.cmake
[1.516s] -- Up-to-date symlink: /home/mk/dev_ws/install/zed_interfaces/share/zed_interfaces/cmake/rosidl_cmake_export_typesupport_targets-extras.cmake
[1.516s] -- Up-to-date symlink: /home/mk/dev_ws/install/zed_interfaces/share/zed_interfaces/cmake/rosidl_cmake_export_typesupport_libraries-extras.cmake
[1.517s] -- Up-to-date symlink: /home/mk/dev_ws/install/zed_interfaces/share/zed_interfaces/cmake/zed_interfacesConfig.cmake
[1.517s] -- Up-to-date symlink: /home/mk/dev_ws/install/zed_interfaces/share/zed_interfaces/cmake/zed_interfacesConfig-version.cmake
[1.517s] -- Up-to-date symlink: /home/mk/dev_ws/install/zed_interfaces/share/zed_interfaces/package.xml
[1.517s] -- Up-to-date: /home/mk/dev_ws/install/zed_interfaces/lib/libzed_interfaces__rosidl_generator_c.so
[1.517s] -- Up-to-date: /home/mk/dev_ws/install/zed_interfaces/lib/libzed_interfaces__rosidl_typesupport_fastrtps_c.so
[1.517s] -- Up-to-date: /home/mk/dev_ws/install/zed_interfaces/lib/libzed_interfaces__rosidl_typesupport_fastrtps_cpp.so
[1.517s] -- Up-to-date: /home/mk/dev_ws/install/zed_interfaces/lib/libzed_interfaces__rosidl_typesupport_introspection_c.so
[1.517s] -- Up-to-date: /home/mk/dev_ws/install/zed_interfaces/lib/libzed_interfaces__rosidl_typesupport_c.so
[1.518s] -- Up-to-date: /home/mk/dev_ws/install/zed_interfaces/lib/libzed_interfaces__rosidl_typesupport_introspection_cpp.so
[1.518s] -- Up-to-date: /home/mk/dev_ws/install/zed_interfaces/lib/libzed_interfaces__rosidl_typesupport_cpp.so
[1.541s] Listing '/home/mk/dev_ws/install/zed_interfaces/local/lib/python3.10/dist-packages/zed_interfaces'...
[1.541s] Listing '/home/mk/dev_ws/install/zed_interfaces/local/lib/python3.10/dist-packages/zed_interfaces/msg'...
[1.541s] Listing '/home/mk/dev_ws/install/zed_interfaces/local/lib/python3.10/dist-packages/zed_interfaces/srv'...
[1.542s] -- Up-to-date: /home/mk/dev_ws/install/zed_interfaces/lib/libzed_interfaces__rosidl_generator_py.so
[1.542s] -- Up-to-date: /home/mk/dev_ws/install/zed_interfaces/share/zed_interfaces/cmake/export_zed_interfaces__rosidl_generator_cExport.cmake
[1.543s] -- Up-to-date: /home/mk/dev_ws/install/zed_interfaces/share/zed_interfaces/cmake/export_zed_interfaces__rosidl_generator_cExport-noconfig.cmake
[1.543s] -- Up-to-date: /home/mk/dev_ws/install/zed_interfaces/share/zed_interfaces/cmake/export_zed_interfaces__rosidl_typesupport_fastrtps_cExport.cmake
[1.543s] -- Up-to-date: /home/mk/dev_ws/install/zed_interfaces/share/zed_interfaces/cmake/export_zed_interfaces__rosidl_typesupport_fastrtps_cExport-noconfig.cmake
[1.543s] -- Up-to-date: /home/mk/dev_ws/install/zed_interfaces/share/zed_interfaces/cmake/export_zed_interfaces__rosidl_generator_cppExport.cmake
[1.543s] -- Up-to-date: /home/mk/dev_ws/install/zed_interfaces/share/zed_interfaces/cmake/export_zed_interfaces__rosidl_typesupport_fastrtps_cppExport.cmake
[1.543s] -- Up-to-date: /home/mk/dev_ws/install/zed_interfaces/share/zed_interfaces/cmake/export_zed_interfaces__rosidl_typesupport_fastrtps_cppExport-noconfig.cmake
[1.543s] -- Up-to-date: /home/mk/dev_ws/install/zed_interfaces/share/zed_interfaces/cmake/zed_interfaces__rosidl_typesupport_introspection_cExport.cmake
[1.543s] -- Up-to-date: /home/mk/dev_ws/install/zed_interfaces/share/zed_interfaces/cmake/zed_interfaces__rosidl_typesupport_introspection_cExport-noconfig.cmake
[1.543s] -- Up-to-date: /home/mk/dev_ws/install/zed_interfaces/share/zed_interfaces/cmake/zed_interfaces__rosidl_typesupport_cExport.cmake
[1.543s] -- Up-to-date: /home/mk/dev_ws/install/zed_interfaces/share/zed_interfaces/cmake/zed_interfaces__rosidl_typesupport_cExport-noconfig.cmake
[1.543s] -- Up-to-date: /home/mk/dev_ws/install/zed_interfaces/share/zed_interfaces/cmake/zed_interfaces__rosidl_typesupport_introspection_cppExport.cmake
[1.543s] -- Up-to-date: /home/mk/dev_ws/install/zed_interfaces/share/zed_interfaces/cmake/zed_interfaces__rosidl_typesupport_introspection_cppExport-noconfig.cmake
[1.543s] -- Up-to-date: /home/mk/dev_ws/install/zed_interfaces/share/zed_interfaces/cmake/zed_interfaces__rosidl_typesupport_cppExport.cmake
[1.543s] -- Up-to-date: /home/mk/dev_ws/install/zed_interfaces/share/zed_interfaces/cmake/zed_interfaces__rosidl_typesupport_cppExport-noconfig.cmake
[1.543s] -- Up-to-date: /home/mk/dev_ws/install/zed_interfaces/share/zed_interfaces/cmake/export_zed_interfaces__rosidl_generator_pyExport.cmake
[1.543s] -- Up-to-date: /home/mk/dev_ws/install/zed_interfaces/share/zed_interfaces/cmake/export_zed_interfaces__rosidl_generator_pyExport-noconfig.cmake
[1.602s] Invoked command in '/home/mk/dev_ws/build/zed_interfaces' returned '0': CMAKE_PREFIX_PATH=${CMAKE_PREFIX_PATH}:/home/mk/dev_ws/install/yolo_object_detector:/home/mk/dev_ws/install/move_to_coordinator:/home/mk/dev_ws/install/motion_sequence:/home/mk/dev_ws/install/whisper_demos:/home/mk/dev_ws/install/voice_command_listener:/home/mk/dev_ws/install/uf_ros_lib:/home/mk/dev_ws/install/rviz_servo_status_overlay:/home/mk/dev_ws/install/rviz_marker_static_scene_objects:/home/mk/dev_ws/install/robot_motion_handler_movegroup:/home/mk/dev_ws/install/gaze_control:/home/mk/dev_ws/install/collision_check:/home/mk/dev_ws/install/audio_listener:/opt/ros/humble /usr/bin/cmake --install /home/mk/dev_ws/build/zed_interfaces
