running develop
Removing /home/mk/dev_ws/install/move_to_coordinator/lib/python3.10/site-packages/move-to-coordinator.egg-link (link to .)
running egg_info
writing ../../build/move_to_coordinator/move_to_coordinator.egg-info/PKG-INFO
writing dependency_links to ../../build/move_to_coordinator/move_to_coordinator.egg-info/dependency_links.txt
writing entry points to ../../build/move_to_coordinator/move_to_coordinator.egg-info/entry_points.txt
writing requirements to ../../build/move_to_coordinator/move_to_coordinator.egg-info/requires.txt
writing top-level names to ../../build/move_to_coordinator/move_to_coordinator.egg-info/top_level.txt
reading manifest file '../../build/move_to_coordinator/move_to_coordinator.egg-info/SOURCES.txt'
writing manifest file '../../build/move_to_coordinator/move_to_coordinator.egg-info/SOURCES.txt'
running build
running build_py
creating /home/mk/dev_ws/build/move_to_coordinator/build
creating /home/mk/dev_ws/build/move_to_coordinator/build/lib
creating /home/mk/dev_ws/build/move_to_coordinator/build/lib/move_to_coordinator
copying move_to_coordinator/move_to_coordinator.py -> /home/mk/dev_ws/build/move_to_coordinator/build/lib/move_to_coordinator
copying move_to_coordinator/__init__.py -> /home/mk/dev_ws/build/move_to_coordinator/build/lib/move_to_coordinator
running install
running install_lib
creating /home/mk/dev_ws/install/move_to_coordinator/lib/python3.10/site-packages/move_to_coordinator
copying /home/mk/dev_ws/build/move_to_coordinator/build/lib/move_to_coordinator/move_to_coordinator.py -> /home/mk/dev_ws/install/move_to_coordinator/lib/python3.10/site-packages/move_to_coordinator
copying /home/mk/dev_ws/build/move_to_coordinator/build/lib/move_to_coordinator/__init__.py -> /home/mk/dev_ws/install/move_to_coordinator/lib/python3.10/site-packages/move_to_coordinator
byte-compiling /home/mk/dev_ws/install/move_to_coordinator/lib/python3.10/site-packages/move_to_coordinator/move_to_coordinator.py to move_to_coordinator.cpython-310.pyc
byte-compiling /home/mk/dev_ws/install/move_to_coordinator/lib/python3.10/site-packages/move_to_coordinator/__init__.py to __init__.cpython-310.pyc
running install_data
copying resource/move_to_coordinator -> /home/mk/dev_ws/install/move_to_coordinator/share/ament_index/resource_index/packages
copying package.xml -> /home/mk/dev_ws/install/move_to_coordinator/share/move_to_coordinator
running install_egg_info
Copying ../../build/move_to_coordinator/move_to_coordinator.egg-info to /home/mk/dev_ws/install/move_to_coordinator/lib/python3.10/site-packages/move_to_coordinator-0.1.0-py3.10.egg-info
running install_scripts
Installing move_to_coordinator script to /home/mk/dev_ws/install/move_to_coordinator/lib/move_to_coordinator
writing list of installed files to '/home/mk/dev_ws/build/move_to_coordinator/install.log'
