[0.258s] Invoking command in '/home/mk/dev_ws/build/zed_interfaces': CMAKE_PREFIX_PATH=${CMAKE_PREFIX_PATH}:/home/mk/dev_ws/install/yolo_object_detector:/home/mk/dev_ws/install/move_to_coordinator:/home/mk/dev_ws/install/motion_sequence:/home/mk/dev_ws/install/whisper_demos:/home/mk/dev_ws/install/voice_command_listener:/home/mk/dev_ws/install/uf_ros_lib:/home/mk/dev_ws/install/rviz_servo_status_overlay:/home/mk/dev_ws/install/rviz_marker_static_scene_objects:/home/mk/dev_ws/install/robot_motion_handler_movegroup:/home/mk/dev_ws/install/gaze_control:/home/mk/dev_ws/install/collision_check:/home/mk/dev_ws/install/audio_listener:/opt/ros/humble /usr/bin/cmake /home/mk/dev_ws/src/zed-ros2-interfaces -DCMAKE_INSTALL_PREFIX=/home/mk/dev_ws/install/zed_interfaces
[1.580s] -- Found ament_cmake_auto: 1.3.14 (/opt/ros/humble/share/ament_cmake_auto/cmake)
[1.580s] -- Override CMake install command with custom implementation using symlinks instead of copying resources
[1.580s] -- Found rosidl_generator_c: 3.1.8 (/opt/ros/humble/share/rosidl_generator_c/cmake)
[1.580s] -- Found rosidl_adapter: 3.1.8 (/opt/ros/humble/share/rosidl_adapter/cmake)
[1.580s] -- Found rosidl_generator_cpp: 3.1.8 (/opt/ros/humble/share/rosidl_generator_cpp/cmake)
[1.580s] -- Using all available rosidl_typesupport_c: rosidl_typesupport_fastrtps_c;rosidl_typesupport_introspection_c
[1.580s] -- Using all available rosidl_typesupport_cpp: rosidl_typesupport_fastrtps_cpp;rosidl_typesupport_introspection_cpp
[1.580s] -- Found ament_lint_auto: 0.12.15 (/opt/ros/humble/share/ament_lint_auto/cmake)
[1.580s] -- Found ament_cmake_ros: 0.10.0 (/opt/ros/humble/share/ament_cmake_ros/cmake)
[1.580s] -- Using all available rosidl_typesupport_c: rosidl_typesupport_fastrtps_c;rosidl_typesupport_introspection_c
[1.580s] -- Using all available rosidl_typesupport_cpp: rosidl_typesupport_fastrtps_cpp;rosidl_typesupport_introspection_cpp
[1.580s] -- Found python_cmake_module: 0.10.0 (/opt/ros/humble/share/python_cmake_module/cmake)
[1.580s] -- Using PYTHON_EXECUTABLE: /usr/bin/python3
[1.580s] -- Using PYTHON_INCLUDE_DIRS: /usr/include/python3.10
[1.580s] -- Using PYTHON_LIBRARIES: /usr/lib/x86_64-linux-gnu/libpython3.10.so
[1.581s] -- Added test 'copyright' to check source files copyright and LICENSE
[1.581s] -- Added test 'lint_cmake' to check CMake code style
[1.581s] -- Added test 'xmllint' to check XML markup files
[1.581s] -- Configuring done
[1.581s] -- Generating done
[1.581s] -- Build files have been written to: /home/mk/dev_ws/build/zed_interfaces
[1.594s] Invoked command in '/home/mk/dev_ws/build/zed_interfaces' returned '0': CMAKE_PREFIX_PATH=${CMAKE_PREFIX_PATH}:/home/mk/dev_ws/install/yolo_object_detector:/home/mk/dev_ws/install/move_to_coordinator:/home/mk/dev_ws/install/motion_sequence:/home/mk/dev_ws/install/whisper_demos:/home/mk/dev_ws/install/voice_command_listener:/home/mk/dev_ws/install/uf_ros_lib:/home/mk/dev_ws/install/rviz_servo_status_overlay:/home/mk/dev_ws/install/rviz_marker_static_scene_objects:/home/mk/dev_ws/install/robot_motion_handler_movegroup:/home/mk/dev_ws/install/gaze_control:/home/mk/dev_ws/install/collision_check:/home/mk/dev_ws/install/audio_listener:/opt/ros/humble /usr/bin/cmake /home/mk/dev_ws/src/zed-ros2-interfaces -DCMAKE_INSTALL_PREFIX=/home/mk/dev_ws/install/zed_interfaces
[1.595s] Invoking command in '/home/mk/dev_ws/build/zed_interfaces': CMAKE_PREFIX_PATH=${CMAKE_PREFIX_PATH}:/home/mk/dev_ws/install/yolo_object_detector:/home/mk/dev_ws/install/move_to_coordinator:/home/mk/dev_ws/install/motion_sequence:/home/mk/dev_ws/install/whisper_demos:/home/mk/dev_ws/install/voice_command_listener:/home/mk/dev_ws/install/uf_ros_lib:/home/mk/dev_ws/install/rviz_servo_status_overlay:/home/mk/dev_ws/install/rviz_marker_static_scene_objects:/home/mk/dev_ws/install/robot_motion_handler_movegroup:/home/mk/dev_ws/install/gaze_control:/home/mk/dev_ws/install/collision_check:/home/mk/dev_ws/install/audio_listener:/opt/ros/humble /usr/bin/cmake --build /home/mk/dev_ws/build/zed_interfaces -- -j16 -l16
[1.664s] [35m[1mConsolidate compiler generated dependencies of target zed_interfaces__rosidl_generator_c[0m
[1.699s] [  0%] Built target zed_interfaces__cpp
[1.699s] [  1%] Built target zed_interfaces__rs
[1.699s] [ 13%] Built target zed_interfaces__rosidl_generator_c
[1.706s] [ 13%] Built target ament_cmake_python_symlink_zed_interfaces
[1.715s] [35m[1mConsolidate compiler generated dependencies of target zed_interfaces__rosidl_typesupport_fastrtps_cpp[0m
[1.722s] [35m[1mConsolidate compiler generated dependencies of target zed_interfaces__rosidl_typesupport_introspection_cpp[0m
[1.724s] [35m[1mConsolidate compiler generated dependencies of target zed_interfaces__rosidl_typesupport_cpp[0m
[1.743s] [35m[1mConsolidate compiler generated dependencies of target zed_interfaces__rosidl_typesupport_fastrtps_c[0m
[1.748s] [35m[1mConsolidate compiler generated dependencies of target zed_interfaces__rosidl_typesupport_c[0m
[1.764s] [35m[1mConsolidate compiler generated dependencies of target zed_interfaces__rosidl_typesupport_introspection_c[0m
[1.764s] [ 34%] Built target zed_interfaces__rosidl_typesupport_cpp
[1.764s] [ 37%] Built target zed_interfaces__rosidl_typesupport_fastrtps_cpp
[1.771s] [ 49%] Built target zed_interfaces__rosidl_typesupport_introspection_cpp
[1.782s] [ 61%] Built target zed_interfaces__rosidl_typesupport_c
[1.782s] [ 73%] Built target zed_interfaces__rosidl_typesupport_introspection_c
[1.791s] [ 85%] Built target zed_interfaces__rosidl_typesupport_fastrtps_c
[1.851s] [ 85%] Built target zed_interfaces
[1.889s] [ 86%] Built target zed_interfaces__py
[1.912s] [35m[1mConsolidate compiler generated dependencies of target zed_interfaces__rosidl_generator_py[0m
[1.944s] [ 97%] Built target zed_interfaces__rosidl_generator_py
[1.960s] [35m[1mConsolidate compiler generated dependencies of target zed_interfaces__rosidl_typesupport_introspection_c__pyext[0m
[1.963s] [35m[1mConsolidate compiler generated dependencies of target zed_interfaces__rosidl_typesupport_fastrtps_c__pyext[0m
[1.967s] [35m[1mConsolidate compiler generated dependencies of target zed_interfaces__rosidl_typesupport_c__pyext[0m
[1.982s] [ 98%] Built target zed_interfaces__rosidl_typesupport_introspection_c__pyext
[1.987s] [100%] Built target zed_interfaces__rosidl_typesupport_fastrtps_c__pyext
[1.987s] [100%] Built target zed_interfaces__rosidl_typesupport_c__pyext
[2.064s] running egg_info
[2.065s] writing zed_interfaces.egg-info/PKG-INFO
[2.065s] writing dependency_links to zed_interfaces.egg-info/dependency_links.txt
[2.065s] writing top-level names to zed_interfaces.egg-info/top_level.txt
[2.069s] reading manifest file 'zed_interfaces.egg-info/SOURCES.txt'
[2.069s] writing manifest file 'zed_interfaces.egg-info/SOURCES.txt'
[2.099s] [100%] Built target ament_cmake_python_build_zed_interfaces_egg
[2.196s] Invoked command in '/home/mk/dev_ws/build/zed_interfaces' returned '0': CMAKE_PREFIX_PATH=${CMAKE_PREFIX_PATH}:/home/mk/dev_ws/install/yolo_object_detector:/home/mk/dev_ws/install/move_to_coordinator:/home/mk/dev_ws/install/motion_sequence:/home/mk/dev_ws/install/whisper_demos:/home/mk/dev_ws/install/voice_command_listener:/home/mk/dev_ws/install/uf_ros_lib:/home/mk/dev_ws/install/rviz_servo_status_overlay:/home/mk/dev_ws/install/rviz_marker_static_scene_objects:/home/mk/dev_ws/install/robot_motion_handler_movegroup:/home/mk/dev_ws/install/gaze_control:/home/mk/dev_ws/install/collision_check:/home/mk/dev_ws/install/audio_listener:/opt/ros/humble /usr/bin/cmake --build /home/mk/dev_ws/build/zed_interfaces -- -j16 -l16
[2.198s] Invoking command in '/home/mk/dev_ws/build/zed_interfaces': CMAKE_PREFIX_PATH=${CMAKE_PREFIX_PATH}:/home/mk/dev_ws/install/yolo_object_detector:/home/mk/dev_ws/install/move_to_coordinator:/home/mk/dev_ws/install/motion_sequence:/home/mk/dev_ws/install/whisper_demos:/home/mk/dev_ws/install/voice_command_listener:/home/mk/dev_ws/install/uf_ros_lib:/home/mk/dev_ws/install/rviz_servo_status_overlay:/home/mk/dev_ws/install/rviz_marker_static_scene_objects:/home/mk/dev_ws/install/robot_motion_handler_movegroup:/home/mk/dev_ws/install/gaze_control:/home/mk/dev_ws/install/collision_check:/home/mk/dev_ws/install/audio_listener:/opt/ros/humble /usr/bin/cmake --install /home/mk/dev_ws/build/zed_interfaces
[2.209s] -- Install configuration: ""
[2.209s] -- Execute custom install script
[2.209s] -- Up-to-date symlink: /home/mk/dev_ws/install/zed_interfaces/share/ament_index/resource_index/rosidl_interfaces/zed_interfaces
[2.209s] -- Up-to-date symlink: /home/mk/dev_ws/install/zed_interfaces/include/zed_interfaces/zed_interfaces/msg/bounding_box2_df.h
[2.210s] -- Up-to-date symlink: /home/mk/dev_ws/install/zed_interfaces/include/zed_interfaces/zed_interfaces/msg/bounding_box2_di.h
[2.211s] -- Up-to-date symlink: /home/mk/dev_ws/install/zed_interfaces/include/zed_interfaces/zed_interfaces/msg/bounding_box3_d.h
[2.212s] -- Up-to-date symlink: /home/mk/dev_ws/install/zed_interfaces/include/zed_interfaces/zed_interfaces/msg/depth_info_stamped.h
[2.212s] -- Up-to-date symlink: /home/mk/dev_ws/install/zed_interfaces/include/zed_interfaces/zed_interfaces/msg/detail/bounding_box2_df__functions.h
[2.212s] -- Up-to-date symlink: /home/mk/dev_ws/install/zed_interfaces/include/zed_interfaces/zed_interfaces/msg/detail/bounding_box2_df__struct.h
[2.212s] -- Up-to-date symlink: /home/mk/dev_ws/install/zed_interfaces/include/zed_interfaces/zed_interfaces/msg/detail/bounding_box2_df__type_support.h
[2.212s] -- Up-to-date symlink: /home/mk/dev_ws/install/zed_interfaces/include/zed_interfaces/zed_interfaces/msg/detail/bounding_box2_di__functions.h
[2.212s] -- Up-to-date symlink: /home/mk/dev_ws/install/zed_interfaces/include/zed_interfaces/zed_interfaces/msg/detail/bounding_box2_di__struct.h
[2.212s] -- Up-to-date symlink: /home/mk/dev_ws/install/zed_interfaces/include/zed_interfaces/zed_interfaces/msg/detail/bounding_box2_di__type_support.h
[2.212s] -- Up-to-date symlink: /home/mk/dev_ws/install/zed_interfaces/include/zed_interfaces/zed_interfaces/msg/detail/bounding_box3_d__functions.h
[2.212s] -- Up-to-date symlink: /home/mk/dev_ws/install/zed_interfaces/include/zed_interfaces/zed_interfaces/msg/detail/bounding_box3_d__struct.h
[2.212s] -- Up-to-date symlink: /home/mk/dev_ws/install/zed_interfaces/include/zed_interfaces/zed_interfaces/msg/detail/bounding_box3_d__type_support.h
[2.212s] -- Up-to-date symlink: /home/mk/dev_ws/install/zed_interfaces/include/zed_interfaces/zed_interfaces/msg/detail/depth_info_stamped__functions.h
[2.212s] -- Up-to-date symlink: /home/mk/dev_ws/install/zed_interfaces/include/zed_interfaces/zed_interfaces/msg/detail/depth_info_stamped__struct.h
[2.212s] -- Up-to-date symlink: /home/mk/dev_ws/install/zed_interfaces/include/zed_interfaces/zed_interfaces/msg/detail/depth_info_stamped__type_support.h
[2.212s] -- Up-to-date symlink: /home/mk/dev_ws/install/zed_interfaces/include/zed_interfaces/zed_interfaces/msg/detail/gnss_fusion_status__functions.h
[2.213s] -- Up-to-date symlink: /home/mk/dev_ws/install/zed_interfaces/include/zed_interfaces/zed_interfaces/msg/detail/gnss_fusion_status__struct.h
[2.213s] -- Up-to-date symlink: /home/mk/dev_ws/install/zed_interfaces/include/zed_interfaces/zed_interfaces/msg/detail/gnss_fusion_status__type_support.h
[2.213s] -- Up-to-date symlink: /home/mk/dev_ws/install/zed_interfaces/include/zed_interfaces/zed_interfaces/msg/detail/heartbeat__functions.h
[2.213s] -- Up-to-date symlink: /home/mk/dev_ws/install/zed_interfaces/include/zed_interfaces/zed_interfaces/msg/detail/heartbeat__struct.h
[2.213s] -- Up-to-date symlink: /home/mk/dev_ws/install/zed_interfaces/include/zed_interfaces/zed_interfaces/msg/detail/heartbeat__type_support.h
[2.213s] -- Up-to-date symlink: /home/mk/dev_ws/install/zed_interfaces/include/zed_interfaces/zed_interfaces/msg/detail/keypoint2_df__functions.h
[2.213s] -- Up-to-date symlink: /home/mk/dev_ws/install/zed_interfaces/include/zed_interfaces/zed_interfaces/msg/detail/keypoint2_df__struct.h
[2.215s] -- Up-to-date symlink: /home/mk/dev_ws/install/zed_interfaces/include/zed_interfaces/zed_interfaces/msg/detail/keypoint2_df__type_support.h
[2.215s] -- Up-to-date symlink: /home/mk/dev_ws/install/zed_interfaces/include/zed_interfaces/zed_interfaces/msg/detail/keypoint2_di__functions.h
[2.215s] -- Up-to-date symlink: /home/mk/dev_ws/install/zed_interfaces/include/zed_interfaces/zed_interfaces/msg/detail/keypoint2_di__struct.h
[2.215s] -- Up-to-date symlink: /home/mk/dev_ws/install/zed_interfaces/include/zed_interfaces/zed_interfaces/msg/detail/keypoint2_di__type_support.h
[2.215s] -- Up-to-date symlink: /home/mk/dev_ws/install/zed_interfaces/include/zed_interfaces/zed_interfaces/msg/detail/keypoint3_d__functions.h
[2.215s] -- Up-to-date symlink: /home/mk/dev_ws/install/zed_interfaces/include/zed_interfaces/zed_interfaces/msg/detail/keypoint3_d__struct.h
[2.215s] -- Up-to-date symlink: /home/mk/dev_ws/install/zed_interfaces/include/zed_interfaces/zed_interfaces/msg/detail/keypoint3_d__type_support.h
[2.215s] -- Up-to-date symlink: /home/mk/dev_ws/install/zed_interfaces/include/zed_interfaces/zed_interfaces/msg/detail/mag_heading_status__functions.h
[2.215s] -- Up-to-date symlink: /home/mk/dev_ws/install/zed_interfaces/include/zed_interfaces/zed_interfaces/msg/detail/mag_heading_status__struct.h
[2.215s] -- Up-to-date symlink: /home/mk/dev_ws/install/zed_interfaces/include/zed_interfaces/zed_interfaces/msg/detail/mag_heading_status__type_support.h
[2.215s] -- Up-to-date symlink: /home/mk/dev_ws/install/zed_interfaces/include/zed_interfaces/zed_interfaces/msg/detail/object__functions.h
[2.215s] -- Up-to-date symlink: /home/mk/dev_ws/install/zed_interfaces/include/zed_interfaces/zed_interfaces/msg/detail/object__struct.h
[2.215s] -- Up-to-date symlink: /home/mk/dev_ws/install/zed_interfaces/include/zed_interfaces/zed_interfaces/msg/detail/object__type_support.h
[2.215s] -- Up-to-date symlink: /home/mk/dev_ws/install/zed_interfaces/include/zed_interfaces/zed_interfaces/msg/detail/objects_stamped__functions.h
[2.215s] -- Up-to-date symlink: /home/mk/dev_ws/install/zed_interfaces/include/zed_interfaces/zed_interfaces/msg/detail/objects_stamped__struct.h
[2.215s] -- Up-to-date symlink: /home/mk/dev_ws/install/zed_interfaces/include/zed_interfaces/zed_interfaces/msg/detail/objects_stamped__type_support.h
[2.215s] -- Up-to-date symlink: /home/mk/dev_ws/install/zed_interfaces/include/zed_interfaces/zed_interfaces/msg/detail/plane_stamped__functions.h
[2.215s] -- Up-to-date symlink: /home/mk/dev_ws/install/zed_interfaces/include/zed_interfaces/zed_interfaces/msg/detail/plane_stamped__struct.h
[2.215s] -- Up-to-date symlink: /home/mk/dev_ws/install/zed_interfaces/include/zed_interfaces/zed_interfaces/msg/detail/plane_stamped__type_support.h
[2.215s] -- Up-to-date symlink: /home/mk/dev_ws/install/zed_interfaces/include/zed_interfaces/zed_interfaces/msg/detail/pos_track_status__functions.h
[2.216s] -- Up-to-date symlink: /home/mk/dev_ws/install/zed_interfaces/include/zed_interfaces/zed_interfaces/msg/detail/pos_track_status__struct.h
[2.216s] -- Up-to-date symlink: /home/mk/dev_ws/install/zed_interfaces/include/zed_interfaces/zed_interfaces/msg/detail/pos_track_status__type_support.h
[2.216s] -- Up-to-date symlink: /home/mk/dev_ws/install/zed_interfaces/include/zed_interfaces/zed_interfaces/msg/detail/skeleton2_d__functions.h
[2.216s] -- Up-to-date symlink: /home/mk/dev_ws/install/zed_interfaces/include/zed_interfaces/zed_interfaces/msg/detail/skeleton2_d__struct.h
[2.216s] -- Up-to-date symlink: /home/mk/dev_ws/install/zed_interfaces/include/zed_interfaces/zed_interfaces/msg/detail/skeleton2_d__type_support.h
[2.222s] -- Up-to-date symlink: /home/mk/dev_ws/install/zed_interfaces/include/zed_interfaces/zed_interfaces/msg/detail/skeleton3_d__functions.h
[2.222s] -- Up-to-date symlink: /home/mk/dev_ws/install/zed_interfaces/include/zed_interfaces/zed_interfaces/msg/detail/skeleton3_d__struct.h
[2.231s] -- Up-to-date symlink: /home/mk/dev_ws/install/zed_interfaces/include/zed_interfaces/zed_interfaces/msg/detail/skeleton3_d__type_support.h
[2.231s] -- Up-to-date symlink: /home/mk/dev_ws/install/zed_interfaces/include/zed_interfaces/zed_interfaces/msg/gnss_fusion_status.h
[2.231s] -- Up-to-date symlink: /home/mk/dev_ws/install/zed_interfaces/include/zed_interfaces/zed_interfaces/msg/heartbeat.h
[2.231s] -- Up-to-date symlink: /home/mk/dev_ws/install/zed_interfaces/include/zed_interfaces/zed_interfaces/msg/keypoint2_df.h
[2.231s] -- Up-to-date symlink: /home/mk/dev_ws/install/zed_interfaces/include/zed_interfaces/zed_interfaces/msg/keypoint2_di.h
[2.231s] -- Up-to-date symlink: /home/mk/dev_ws/install/zed_interfaces/include/zed_interfaces/zed_interfaces/msg/keypoint3_d.h
[2.231s] -- Up-to-date symlink: /home/mk/dev_ws/install/zed_interfaces/include/zed_interfaces/zed_interfaces/msg/mag_heading_status.h
[2.231s] -- Up-to-date symlink: /home/mk/dev_ws/install/zed_interfaces/include/zed_interfaces/zed_interfaces/msg/object.h
[2.231s] -- Up-to-date symlink: /home/mk/dev_ws/install/zed_interfaces/include/zed_interfaces/zed_interfaces/msg/objects_stamped.h
[2.231s] -- Up-to-date symlink: /home/mk/dev_ws/install/zed_interfaces/include/zed_interfaces/zed_interfaces/msg/plane_stamped.h
[2.231s] -- Up-to-date symlink: /home/mk/dev_ws/install/zed_interfaces/include/zed_interfaces/zed_interfaces/msg/pos_track_status.h
[2.231s] -- Up-to-date symlink: /home/mk/dev_ws/install/zed_interfaces/include/zed_interfaces/zed_interfaces/msg/rosidl_generator_c__visibility_control.h
[2.232s] -- Up-to-date symlink: /home/mk/dev_ws/install/zed_interfaces/include/zed_interfaces/zed_interfaces/msg/skeleton2_d.h
[2.232s] -- Up-to-date symlink: /home/mk/dev_ws/install/zed_interfaces/include/zed_interfaces/zed_interfaces/msg/skeleton3_d.h
[2.232s] -- Up-to-date symlink: /home/mk/dev_ws/install/zed_interfaces/include/zed_interfaces/zed_interfaces/srv/detail/set_pose__functions.h
[2.232s] -- Up-to-date symlink: /home/mk/dev_ws/install/zed_interfaces/include/zed_interfaces/zed_interfaces/srv/detail/set_pose__struct.h
[2.232s] -- Up-to-date symlink: /home/mk/dev_ws/install/zed_interfaces/include/zed_interfaces/zed_interfaces/srv/detail/set_pose__type_support.h
[2.232s] -- Up-to-date symlink: /home/mk/dev_ws/install/zed_interfaces/include/zed_interfaces/zed_interfaces/srv/detail/set_roi__functions.h
[2.232s] -- Up-to-date symlink: /home/mk/dev_ws/install/zed_interfaces/include/zed_interfaces/zed_interfaces/srv/detail/set_roi__struct.h
[2.232s] -- Up-to-date symlink: /home/mk/dev_ws/install/zed_interfaces/include/zed_interfaces/zed_interfaces/srv/detail/set_roi__type_support.h
[2.232s] -- Up-to-date symlink: /home/mk/dev_ws/install/zed_interfaces/include/zed_interfaces/zed_interfaces/srv/detail/start_svo_rec__functions.h
[2.232s] -- Up-to-date symlink: /home/mk/dev_ws/install/zed_interfaces/include/zed_interfaces/zed_interfaces/srv/detail/start_svo_rec__struct.h
[2.232s] -- Up-to-date symlink: /home/mk/dev_ws/install/zed_interfaces/include/zed_interfaces/zed_interfaces/srv/detail/start_svo_rec__type_support.h
[2.232s] -- Up-to-date symlink: /home/mk/dev_ws/install/zed_interfaces/include/zed_interfaces/zed_interfaces/srv/set_pose.h
[2.232s] -- Up-to-date symlink: /home/mk/dev_ws/install/zed_interfaces/include/zed_interfaces/zed_interfaces/srv/set_roi.h
[2.232s] -- Up-to-date symlink: /home/mk/dev_ws/install/zed_interfaces/include/zed_interfaces/zed_interfaces/srv/start_svo_rec.h
[2.232s] -- Up-to-date symlink: /home/mk/dev_ws/install/zed_interfaces/share/zed_interfaces/environment/library_path.sh
[2.232s] -- Up-to-date symlink: /home/mk/dev_ws/install/zed_interfaces/share/zed_interfaces/environment/library_path.dsv
[2.232s] -- Up-to-date symlink: /home/mk/dev_ws/install/zed_interfaces/include/zed_interfaces/zed_interfaces/msg/detail/bounding_box2_df__rosidl_typesupport_fastrtps_c.h
[2.232s] -- Up-to-date symlink: /home/mk/dev_ws/install/zed_interfaces/include/zed_interfaces/zed_interfaces/msg/detail/bounding_box2_di__rosidl_typesupport_fastrtps_c.h
[2.232s] -- Up-to-date symlink: /home/mk/dev_ws/install/zed_interfaces/include/zed_interfaces/zed_interfaces/msg/detail/bounding_box3_d__rosidl_typesupport_fastrtps_c.h
[2.232s] -- Up-to-date symlink: /home/mk/dev_ws/install/zed_interfaces/include/zed_interfaces/zed_interfaces/msg/detail/depth_info_stamped__rosidl_typesupport_fastrtps_c.h
[2.233s] -- Up-to-date symlink: /home/mk/dev_ws/install/zed_interfaces/include/zed_interfaces/zed_interfaces/msg/detail/gnss_fusion_status__rosidl_typesupport_fastrtps_c.h
[2.233s] -- Up-to-date symlink: /home/mk/dev_ws/install/zed_interfaces/include/zed_interfaces/zed_interfaces/msg/detail/heartbeat__rosidl_typesupport_fastrtps_c.h
[2.233s] -- Up-to-date symlink: /home/mk/dev_ws/install/zed_interfaces/include/zed_interfaces/zed_interfaces/msg/detail/keypoint2_df__rosidl_typesupport_fastrtps_c.h
[2.233s] -- Up-to-date symlink: /home/mk/dev_ws/install/zed_interfaces/include/zed_interfaces/zed_interfaces/msg/detail/keypoint2_di__rosidl_typesupport_fastrtps_c.h
[2.233s] -- Up-to-date symlink: /home/mk/dev_ws/install/zed_interfaces/include/zed_interfaces/zed_interfaces/msg/detail/keypoint3_d__rosidl_typesupport_fastrtps_c.h
[2.233s] -- Up-to-date symlink: /home/mk/dev_ws/install/zed_interfaces/include/zed_interfaces/zed_interfaces/msg/detail/mag_heading_status__rosidl_typesupport_fastrtps_c.h
[2.233s] -- Up-to-date symlink: /home/mk/dev_ws/install/zed_interfaces/include/zed_interfaces/zed_interfaces/msg/detail/object__rosidl_typesupport_fastrtps_c.h
[2.233s] -- Up-to-date symlink: /home/mk/dev_ws/install/zed_interfaces/include/zed_interfaces/zed_interfaces/msg/detail/objects_stamped__rosidl_typesupport_fastrtps_c.h
[2.233s] -- Up-to-date symlink: /home/mk/dev_ws/install/zed_interfaces/include/zed_interfaces/zed_interfaces/msg/detail/plane_stamped__rosidl_typesupport_fastrtps_c.h
[2.238s] -- Up-to-date symlink: /home/mk/dev_ws/install/zed_interfaces/include/zed_interfaces/zed_interfaces/msg/detail/pos_track_status__rosidl_typesupport_fastrtps_c.h
[2.239s] -- Up-to-date symlink: /home/mk/dev_ws/install/zed_interfaces/include/zed_interfaces/zed_interfaces/msg/detail/skeleton2_d__rosidl_typesupport_fastrtps_c.h
[2.239s] -- Up-to-date symlink: /home/mk/dev_ws/install/zed_interfaces/include/zed_interfaces/zed_interfaces/msg/detail/skeleton3_d__rosidl_typesupport_fastrtps_c.h
[2.239s] -- Up-to-date symlink: /home/mk/dev_ws/install/zed_interfaces/include/zed_interfaces/zed_interfaces/msg/rosidl_typesupport_fastrtps_c__visibility_control.h
[2.239s] -- Up-to-date symlink: /home/mk/dev_ws/install/zed_interfaces/include/zed_interfaces/zed_interfaces/srv/detail/set_pose__rosidl_typesupport_fastrtps_c.h
[2.239s] -- Up-to-date symlink: /home/mk/dev_ws/install/zed_interfaces/include/zed_interfaces/zed_interfaces/srv/detail/set_roi__rosidl_typesupport_fastrtps_c.h
[2.239s] -- Up-to-date symlink: /home/mk/dev_ws/install/zed_interfaces/include/zed_interfaces/zed_interfaces/srv/detail/start_svo_rec__rosidl_typesupport_fastrtps_c.h
[2.239s] -- Up-to-date symlink: /home/mk/dev_ws/install/zed_interfaces/include/zed_interfaces/zed_interfaces/msg/bounding_box2_df.hpp
[2.239s] -- Up-to-date symlink: /home/mk/dev_ws/install/zed_interfaces/include/zed_interfaces/zed_interfaces/msg/bounding_box2_di.hpp
[2.239s] -- Up-to-date symlink: /home/mk/dev_ws/install/zed_interfaces/include/zed_interfaces/zed_interfaces/msg/bounding_box3_d.hpp
[2.239s] -- Up-to-date symlink: /home/mk/dev_ws/install/zed_interfaces/include/zed_interfaces/zed_interfaces/msg/depth_info_stamped.hpp
[2.239s] -- Up-to-date symlink: /home/mk/dev_ws/install/zed_interfaces/include/zed_interfaces/zed_interfaces/msg/detail/bounding_box2_df__builder.hpp
[2.239s] -- Up-to-date symlink: /home/mk/dev_ws/install/zed_interfaces/include/zed_interfaces/zed_interfaces/msg/detail/bounding_box2_df__struct.hpp
[2.239s] -- Up-to-date symlink: /home/mk/dev_ws/install/zed_interfaces/include/zed_interfaces/zed_interfaces/msg/detail/bounding_box2_df__traits.hpp
[2.239s] -- Up-to-date symlink: /home/mk/dev_ws/install/zed_interfaces/include/zed_interfaces/zed_interfaces/msg/detail/bounding_box2_df__type_support.hpp
[2.239s] -- Up-to-date symlink: /home/mk/dev_ws/install/zed_interfaces/include/zed_interfaces/zed_interfaces/msg/detail/bounding_box2_di__builder.hpp
[2.239s] -- Up-to-date symlink: /home/mk/dev_ws/install/zed_interfaces/include/zed_interfaces/zed_interfaces/msg/detail/bounding_box2_di__struct.hpp
[2.239s] -- Up-to-date symlink: /home/mk/dev_ws/install/zed_interfaces/include/zed_interfaces/zed_interfaces/msg/detail/bounding_box2_di__traits.hpp
[2.239s] -- Up-to-date symlink: /home/mk/dev_ws/install/zed_interfaces/include/zed_interfaces/zed_interfaces/msg/detail/bounding_box2_di__type_support.hpp
[2.239s] -- Up-to-date symlink: /home/mk/dev_ws/install/zed_interfaces/include/zed_interfaces/zed_interfaces/msg/detail/bounding_box3_d__builder.hpp
[2.241s] -- Up-to-date symlink: /home/mk/dev_ws/install/zed_interfaces/include/zed_interfaces/zed_interfaces/msg/detail/bounding_box3_d__struct.hpp
[2.241s] -- Up-to-date symlink: /home/mk/dev_ws/install/zed_interfaces/include/zed_interfaces/zed_interfaces/msg/detail/bounding_box3_d__traits.hpp
[2.241s] -- Up-to-date symlink: /home/mk/dev_ws/install/zed_interfaces/include/zed_interfaces/zed_interfaces/msg/detail/bounding_box3_d__type_support.hpp
[2.241s] -- Up-to-date symlink: /home/mk/dev_ws/install/zed_interfaces/include/zed_interfaces/zed_interfaces/msg/detail/depth_info_stamped__builder.hpp
[2.242s] -- Up-to-date symlink: /home/mk/dev_ws/install/zed_interfaces/include/zed_interfaces/zed_interfaces/msg/detail/depth_info_stamped__struct.hpp
[2.242s] -- Up-to-date symlink: /home/mk/dev_ws/install/zed_interfaces/include/zed_interfaces/zed_interfaces/msg/detail/depth_info_stamped__traits.hpp
[2.242s] -- Up-to-date symlink: /home/mk/dev_ws/install/zed_interfaces/include/zed_interfaces/zed_interfaces/msg/detail/depth_info_stamped__type_support.hpp
[2.242s] -- Up-to-date symlink: /home/mk/dev_ws/install/zed_interfaces/include/zed_interfaces/zed_interfaces/msg/detail/gnss_fusion_status__builder.hpp
[2.242s] -- Up-to-date symlink: /home/mk/dev_ws/install/zed_interfaces/include/zed_interfaces/zed_interfaces/msg/detail/gnss_fusion_status__struct.hpp
[2.242s] -- Up-to-date symlink: /home/mk/dev_ws/install/zed_interfaces/include/zed_interfaces/zed_interfaces/msg/detail/gnss_fusion_status__traits.hpp
[2.242s] -- Up-to-date symlink: /home/mk/dev_ws/install/zed_interfaces/include/zed_interfaces/zed_interfaces/msg/detail/gnss_fusion_status__type_support.hpp
[2.242s] -- Up-to-date symlink: /home/mk/dev_ws/install/zed_interfaces/include/zed_interfaces/zed_interfaces/msg/detail/heartbeat__builder.hpp
[2.242s] -- Up-to-date symlink: /home/mk/dev_ws/install/zed_interfaces/include/zed_interfaces/zed_interfaces/msg/detail/heartbeat__struct.hpp
[2.242s] -- Up-to-date symlink: /home/mk/dev_ws/install/zed_interfaces/include/zed_interfaces/zed_interfaces/msg/detail/heartbeat__traits.hpp
[2.242s] -- Up-to-date symlink: /home/mk/dev_ws/install/zed_interfaces/include/zed_interfaces/zed_interfaces/msg/detail/heartbeat__type_support.hpp
[2.242s] -- Up-to-date symlink: /home/mk/dev_ws/install/zed_interfaces/include/zed_interfaces/zed_interfaces/msg/detail/keypoint2_df__builder.hpp
[2.242s] -- Up-to-date symlink: /home/mk/dev_ws/install/zed_interfaces/include/zed_interfaces/zed_interfaces/msg/detail/keypoint2_df__struct.hpp
[2.242s] -- Up-to-date symlink: /home/mk/dev_ws/install/zed_interfaces/include/zed_interfaces/zed_interfaces/msg/detail/keypoint2_df__traits.hpp
[2.242s] -- Up-to-date symlink: /home/mk/dev_ws/install/zed_interfaces/include/zed_interfaces/zed_interfaces/msg/detail/keypoint2_df__type_support.hpp
[2.242s] -- Up-to-date symlink: /home/mk/dev_ws/install/zed_interfaces/include/zed_interfaces/zed_interfaces/msg/detail/keypoint2_di__builder.hpp
[2.242s] -- Up-to-date symlink: /home/mk/dev_ws/install/zed_interfaces/include/zed_interfaces/zed_interfaces/msg/detail/keypoint2_di__struct.hpp
[2.242s] -- Up-to-date symlink: /home/mk/dev_ws/install/zed_interfaces/include/zed_interfaces/zed_interfaces/msg/detail/keypoint2_di__traits.hpp
[2.242s] -- Up-to-date symlink: /home/mk/dev_ws/install/zed_interfaces/include/zed_interfaces/zed_interfaces/msg/detail/keypoint2_di__type_support.hpp
[2.242s] -- Up-to-date symlink: /home/mk/dev_ws/install/zed_interfaces/include/zed_interfaces/zed_interfaces/msg/detail/keypoint3_d__builder.hpp
[2.242s] -- Up-to-date symlink: /home/mk/dev_ws/install/zed_interfaces/include/zed_interfaces/zed_interfaces/msg/detail/keypoint3_d__struct.hpp
[2.242s] -- Up-to-date symlink: /home/mk/dev_ws/install/zed_interfaces/include/zed_interfaces/zed_interfaces/msg/detail/keypoint3_d__traits.hpp
[2.242s] -- Up-to-date symlink: /home/mk/dev_ws/install/zed_interfaces/include/zed_interfaces/zed_interfaces/msg/detail/keypoint3_d__type_support.hpp
[2.242s] -- Up-to-date symlink: /home/mk/dev_ws/install/zed_interfaces/include/zed_interfaces/zed_interfaces/msg/detail/mag_heading_status__builder.hpp
[2.242s] -- Up-to-date symlink: /home/mk/dev_ws/install/zed_interfaces/include/zed_interfaces/zed_interfaces/msg/detail/mag_heading_status__struct.hpp
[2.242s] -- Up-to-date symlink: /home/mk/dev_ws/install/zed_interfaces/include/zed_interfaces/zed_interfaces/msg/detail/mag_heading_status__traits.hpp
[2.243s] -- Up-to-date symlink: /home/mk/dev_ws/install/zed_interfaces/include/zed_interfaces/zed_interfaces/msg/detail/mag_heading_status__type_support.hpp
[2.243s] -- Up-to-date symlink: /home/mk/dev_ws/install/zed_interfaces/include/zed_interfaces/zed_interfaces/msg/detail/object__builder.hpp
[2.243s] -- Up-to-date symlink: /home/mk/dev_ws/install/zed_interfaces/include/zed_interfaces/zed_interfaces/msg/detail/object__struct.hpp
[2.243s] -- Up-to-date symlink: /home/mk/dev_ws/install/zed_interfaces/include/zed_interfaces/zed_interfaces/msg/detail/object__traits.hpp
[2.243s] -- Up-to-date symlink: /home/mk/dev_ws/install/zed_interfaces/include/zed_interfaces/zed_interfaces/msg/detail/object__type_support.hpp
[2.243s] -- Up-to-date symlink: /home/mk/dev_ws/install/zed_interfaces/include/zed_interfaces/zed_interfaces/msg/detail/objects_stamped__builder.hpp
[2.243s] -- Up-to-date symlink: /home/mk/dev_ws/install/zed_interfaces/include/zed_interfaces/zed_interfaces/msg/detail/objects_stamped__struct.hpp
[2.243s] -- Up-to-date symlink: /home/mk/dev_ws/install/zed_interfaces/include/zed_interfaces/zed_interfaces/msg/detail/objects_stamped__traits.hpp
[2.243s] -- Up-to-date symlink: /home/mk/dev_ws/install/zed_interfaces/include/zed_interfaces/zed_interfaces/msg/detail/objects_stamped__type_support.hpp
[2.243s] -- Up-to-date symlink: /home/mk/dev_ws/install/zed_interfaces/include/zed_interfaces/zed_interfaces/msg/detail/plane_stamped__builder.hpp
[2.243s] -- Up-to-date symlink: /home/mk/dev_ws/install/zed_interfaces/include/zed_interfaces/zed_interfaces/msg/detail/plane_stamped__struct.hpp
[2.243s] -- Up-to-date symlink: /home/mk/dev_ws/install/zed_interfaces/include/zed_interfaces/zed_interfaces/msg/detail/plane_stamped__traits.hpp
[2.243s] -- Up-to-date symlink: /home/mk/dev_ws/install/zed_interfaces/include/zed_interfaces/zed_interfaces/msg/detail/plane_stamped__type_support.hpp
[2.243s] -- Up-to-date symlink: /home/mk/dev_ws/install/zed_interfaces/include/zed_interfaces/zed_interfaces/msg/detail/pos_track_status__builder.hpp
[2.243s] -- Up-to-date symlink: /home/mk/dev_ws/install/zed_interfaces/include/zed_interfaces/zed_interfaces/msg/detail/pos_track_status__struct.hpp
[2.243s] -- Up-to-date symlink: /home/mk/dev_ws/install/zed_interfaces/include/zed_interfaces/zed_interfaces/msg/detail/pos_track_status__traits.hpp
[2.244s] -- Up-to-date symlink: /home/mk/dev_ws/install/zed_interfaces/include/zed_interfaces/zed_interfaces/msg/detail/pos_track_status__type_support.hpp
[2.244s] -- Up-to-date symlink: /home/mk/dev_ws/install/zed_interfaces/include/zed_interfaces/zed_interfaces/msg/detail/skeleton2_d__builder.hpp
[2.244s] -- Up-to-date symlink: /home/mk/dev_ws/install/zed_interfaces/include/zed_interfaces/zed_interfaces/msg/detail/skeleton2_d__struct.hpp
[2.244s] -- Up-to-date symlink: /home/mk/dev_ws/install/zed_interfaces/include/zed_interfaces/zed_interfaces/msg/detail/skeleton2_d__traits.hpp
[2.244s] -- Up-to-date symlink: /home/mk/dev_ws/install/zed_interfaces/include/zed_interfaces/zed_interfaces/msg/detail/skeleton2_d__type_support.hpp
[2.244s] -- Up-to-date symlink: /home/mk/dev_ws/install/zed_interfaces/include/zed_interfaces/zed_interfaces/msg/detail/skeleton3_d__builder.hpp
[2.244s] -- Up-to-date symlink: /home/mk/dev_ws/install/zed_interfaces/include/zed_interfaces/zed_interfaces/msg/detail/skeleton3_d__struct.hpp
[2.244s] -- Up-to-date symlink: /home/mk/dev_ws/install/zed_interfaces/include/zed_interfaces/zed_interfaces/msg/detail/skeleton3_d__traits.hpp
[2.244s] -- Up-to-date symlink: /home/mk/dev_ws/install/zed_interfaces/include/zed_interfaces/zed_interfaces/msg/detail/skeleton3_d__type_support.hpp
[2.244s] -- Up-to-date symlink: /home/mk/dev_ws/install/zed_interfaces/include/zed_interfaces/zed_interfaces/msg/gnss_fusion_status.hpp
[2.244s] -- Up-to-date symlink: /home/mk/dev_ws/install/zed_interfaces/include/zed_interfaces/zed_interfaces/msg/heartbeat.hpp
[2.244s] -- Up-to-date symlink: /home/mk/dev_ws/install/zed_interfaces/include/zed_interfaces/zed_interfaces/msg/keypoint2_df.hpp
[2.244s] -- Up-to-date symlink: /home/mk/dev_ws/install/zed_interfaces/include/zed_interfaces/zed_interfaces/msg/keypoint2_di.hpp
[2.244s] -- Up-to-date symlink: /home/mk/dev_ws/install/zed_interfaces/include/zed_interfaces/zed_interfaces/msg/keypoint3_d.hpp
[2.244s] -- Up-to-date symlink: /home/mk/dev_ws/install/zed_interfaces/include/zed_interfaces/zed_interfaces/msg/mag_heading_status.hpp
[2.244s] -- Up-to-date symlink: /home/mk/dev_ws/install/zed_interfaces/include/zed_interfaces/zed_interfaces/msg/object.hpp
[2.244s] -- Up-to-date symlink: /home/mk/dev_ws/install/zed_interfaces/include/zed_interfaces/zed_interfaces/msg/objects_stamped.hpp
[2.244s] -- Up-to-date symlink: /home/mk/dev_ws/install/zed_interfaces/include/zed_interfaces/zed_interfaces/msg/plane_stamped.hpp
[2.244s] -- Up-to-date symlink: /home/mk/dev_ws/install/zed_interfaces/include/zed_interfaces/zed_interfaces/msg/pos_track_status.hpp
[2.244s] -- Up-to-date symlink: /home/mk/dev_ws/install/zed_interfaces/include/zed_interfaces/zed_interfaces/msg/rosidl_generator_cpp__visibility_control.hpp
[2.245s] -- Up-to-date symlink: /home/mk/dev_ws/install/zed_interfaces/include/zed_interfaces/zed_interfaces/msg/skeleton2_d.hpp
[2.245s] -- Up-to-date symlink: /home/mk/dev_ws/install/zed_interfaces/include/zed_interfaces/zed_interfaces/msg/skeleton3_d.hpp
[2.245s] -- Up-to-date symlink: /home/mk/dev_ws/install/zed_interfaces/include/zed_interfaces/zed_interfaces/srv/detail/set_pose__builder.hpp
[2.245s] -- Up-to-date symlink: /home/mk/dev_ws/install/zed_interfaces/include/zed_interfaces/zed_interfaces/srv/detail/set_pose__struct.hpp
[2.245s] -- Up-to-date symlink: /home/mk/dev_ws/install/zed_interfaces/include/zed_interfaces/zed_interfaces/srv/detail/set_pose__traits.hpp
[2.245s] -- Up-to-date symlink: /home/mk/dev_ws/install/zed_interfaces/include/zed_interfaces/zed_interfaces/srv/detail/set_pose__type_support.hpp
[2.245s] -- Up-to-date symlink: /home/mk/dev_ws/install/zed_interfaces/include/zed_interfaces/zed_interfaces/srv/detail/set_roi__builder.hpp
[2.245s] -- Up-to-date symlink: /home/mk/dev_ws/install/zed_interfaces/include/zed_interfaces/zed_interfaces/srv/detail/set_roi__struct.hpp
[2.245s] -- Up-to-date symlink: /home/mk/dev_ws/install/zed_interfaces/include/zed_interfaces/zed_interfaces/srv/detail/set_roi__traits.hpp
[2.245s] -- Up-to-date symlink: /home/mk/dev_ws/install/zed_interfaces/include/zed_interfaces/zed_interfaces/srv/detail/set_roi__type_support.hpp
[2.245s] -- Up-to-date symlink: /home/mk/dev_ws/install/zed_interfaces/include/zed_interfaces/zed_interfaces/srv/detail/start_svo_rec__builder.hpp
[2.245s] -- Up-to-date symlink: /home/mk/dev_ws/install/zed_interfaces/include/zed_interfaces/zed_interfaces/srv/detail/start_svo_rec__struct.hpp
[2.245s] -- Up-to-date symlink: /home/mk/dev_ws/install/zed_interfaces/include/zed_interfaces/zed_interfaces/srv/detail/start_svo_rec__traits.hpp
[2.245s] -- Up-to-date symlink: /home/mk/dev_ws/install/zed_interfaces/include/zed_interfaces/zed_interfaces/srv/detail/start_svo_rec__type_support.hpp
[2.245s] -- Up-to-date symlink: /home/mk/dev_ws/install/zed_interfaces/include/zed_interfaces/zed_interfaces/srv/set_pose.hpp
[2.245s] -- Up-to-date symlink: /home/mk/dev_ws/install/zed_interfaces/include/zed_interfaces/zed_interfaces/srv/set_roi.hpp
[2.245s] -- Up-to-date symlink: /home/mk/dev_ws/install/zed_interfaces/include/zed_interfaces/zed_interfaces/srv/start_svo_rec.hpp
[2.245s] -- Up-to-date symlink: /home/mk/dev_ws/install/zed_interfaces/include/zed_interfaces/zed_interfaces/msg/detail/bounding_box2_df__rosidl_typesupport_fastrtps_cpp.hpp
[2.245s] -- Up-to-date symlink: /home/mk/dev_ws/install/zed_interfaces/include/zed_interfaces/zed_interfaces/msg/detail/bounding_box2_di__rosidl_typesupport_fastrtps_cpp.hpp
[2.245s] -- Up-to-date symlink: /home/mk/dev_ws/install/zed_interfaces/include/zed_interfaces/zed_interfaces/msg/detail/bounding_box3_d__rosidl_typesupport_fastrtps_cpp.hpp
[2.245s] -- Up-to-date symlink: /home/mk/dev_ws/install/zed_interfaces/include/zed_interfaces/zed_interfaces/msg/detail/depth_info_stamped__rosidl_typesupport_fastrtps_cpp.hpp
[2.245s] -- Up-to-date symlink: /home/mk/dev_ws/install/zed_interfaces/include/zed_interfaces/zed_interfaces/msg/detail/gnss_fusion_status__rosidl_typesupport_fastrtps_cpp.hpp
[2.245s] -- Up-to-date symlink: /home/mk/dev_ws/install/zed_interfaces/include/zed_interfaces/zed_interfaces/msg/detail/heartbeat__rosidl_typesupport_fastrtps_cpp.hpp
[2.245s] -- Up-to-date symlink: /home/mk/dev_ws/install/zed_interfaces/include/zed_interfaces/zed_interfaces/msg/detail/keypoint2_df__rosidl_typesupport_fastrtps_cpp.hpp
[2.245s] -- Up-to-date symlink: /home/mk/dev_ws/install/zed_interfaces/include/zed_interfaces/zed_interfaces/msg/detail/keypoint2_di__rosidl_typesupport_fastrtps_cpp.hpp
[2.245s] -- Up-to-date symlink: /home/mk/dev_ws/install/zed_interfaces/include/zed_interfaces/zed_interfaces/msg/detail/keypoint3_d__rosidl_typesupport_fastrtps_cpp.hpp
[2.245s] -- Up-to-date symlink: /home/mk/dev_ws/install/zed_interfaces/include/zed_interfaces/zed_interfaces/msg/detail/mag_heading_status__rosidl_typesupport_fastrtps_cpp.hpp
[2.246s] -- Up-to-date symlink: /home/mk/dev_ws/install/zed_interfaces/include/zed_interfaces/zed_interfaces/msg/detail/object__rosidl_typesupport_fastrtps_cpp.hpp
[2.246s] -- Up-to-date symlink: /home/mk/dev_ws/install/zed_interfaces/include/zed_interfaces/zed_interfaces/msg/detail/objects_stamped__rosidl_typesupport_fastrtps_cpp.hpp
[2.246s] -- Up-to-date symlink: /home/mk/dev_ws/install/zed_interfaces/include/zed_interfaces/zed_interfaces/msg/detail/plane_stamped__rosidl_typesupport_fastrtps_cpp.hpp
[2.246s] -- Up-to-date symlink: /home/mk/dev_ws/install/zed_interfaces/include/zed_interfaces/zed_interfaces/msg/detail/pos_track_status__rosidl_typesupport_fastrtps_cpp.hpp
[2.246s] -- Up-to-date symlink: /home/mk/dev_ws/install/zed_interfaces/include/zed_interfaces/zed_interfaces/msg/detail/skeleton2_d__rosidl_typesupport_fastrtps_cpp.hpp
[2.246s] -- Up-to-date symlink: /home/mk/dev_ws/install/zed_interfaces/include/zed_interfaces/zed_interfaces/msg/detail/skeleton3_d__rosidl_typesupport_fastrtps_cpp.hpp
[2.246s] -- Up-to-date symlink: /home/mk/dev_ws/install/zed_interfaces/include/zed_interfaces/zed_interfaces/msg/rosidl_typesupport_fastrtps_cpp__visibility_control.h
[2.247s] -- Up-to-date symlink: /home/mk/dev_ws/install/zed_interfaces/include/zed_interfaces/zed_interfaces/srv/detail/set_pose__rosidl_typesupport_fastrtps_cpp.hpp
[2.247s] -- Up-to-date symlink: /home/mk/dev_ws/install/zed_interfaces/include/zed_interfaces/zed_interfaces/srv/detail/set_roi__rosidl_typesupport_fastrtps_cpp.hpp
[2.247s] -- Up-to-date symlink: /home/mk/dev_ws/install/zed_interfaces/include/zed_interfaces/zed_interfaces/srv/detail/start_svo_rec__rosidl_typesupport_fastrtps_cpp.hpp
[2.247s] -- Up-to-date symlink: /home/mk/dev_ws/install/zed_interfaces/include/zed_interfaces/zed_interfaces/msg/detail/bounding_box2_df__rosidl_typesupport_introspection_c.h
[2.248s] -- Up-to-date symlink: /home/mk/dev_ws/install/zed_interfaces/include/zed_interfaces/zed_interfaces/msg/detail/bounding_box2_di__rosidl_typesupport_introspection_c.h
[2.248s] -- Up-to-date symlink: /home/mk/dev_ws/install/zed_interfaces/include/zed_interfaces/zed_interfaces/msg/detail/bounding_box3_d__rosidl_typesupport_introspection_c.h
[2.248s] -- Up-to-date symlink: /home/mk/dev_ws/install/zed_interfaces/include/zed_interfaces/zed_interfaces/msg/detail/depth_info_stamped__rosidl_typesupport_introspection_c.h
[2.251s] -- Up-to-date symlink: /home/mk/dev_ws/install/zed_interfaces/include/zed_interfaces/zed_interfaces/msg/detail/gnss_fusion_status__rosidl_typesupport_introspection_c.h
[2.251s] -- Up-to-date symlink: /home/mk/dev_ws/install/zed_interfaces/include/zed_interfaces/zed_interfaces/msg/detail/heartbeat__rosidl_typesupport_introspection_c.h
[2.251s] -- Up-to-date symlink: /home/mk/dev_ws/install/zed_interfaces/include/zed_interfaces/zed_interfaces/msg/detail/keypoint2_df__rosidl_typesupport_introspection_c.h
[2.251s] -- Up-to-date symlink: /home/mk/dev_ws/install/zed_interfaces/include/zed_interfaces/zed_interfaces/msg/detail/keypoint2_di__rosidl_typesupport_introspection_c.h
[2.251s] -- Up-to-date symlink: /home/mk/dev_ws/install/zed_interfaces/include/zed_interfaces/zed_interfaces/msg/detail/keypoint3_d__rosidl_typesupport_introspection_c.h
[2.251s] -- Up-to-date symlink: /home/mk/dev_ws/install/zed_interfaces/include/zed_interfaces/zed_interfaces/msg/detail/mag_heading_status__rosidl_typesupport_introspection_c.h
[2.251s] -- Up-to-date symlink: /home/mk/dev_ws/install/zed_interfaces/include/zed_interfaces/zed_interfaces/msg/detail/object__rosidl_typesupport_introspection_c.h
[2.251s] -- Up-to-date symlink: /home/mk/dev_ws/install/zed_interfaces/include/zed_interfaces/zed_interfaces/msg/detail/objects_stamped__rosidl_typesupport_introspection_c.h
[2.251s] -- Up-to-date symlink: /home/mk/dev_ws/install/zed_interfaces/include/zed_interfaces/zed_interfaces/msg/detail/plane_stamped__rosidl_typesupport_introspection_c.h
[2.251s] -- Up-to-date symlink: /home/mk/dev_ws/install/zed_interfaces/include/zed_interfaces/zed_interfaces/msg/detail/pos_track_status__rosidl_typesupport_introspection_c.h
[2.251s] -- Up-to-date symlink: /home/mk/dev_ws/install/zed_interfaces/include/zed_interfaces/zed_interfaces/msg/detail/skeleton2_d__rosidl_typesupport_introspection_c.h
[2.251s] -- Up-to-date symlink: /home/mk/dev_ws/install/zed_interfaces/include/zed_interfaces/zed_interfaces/msg/detail/skeleton3_d__rosidl_typesupport_introspection_c.h
[2.251s] -- Up-to-date symlink: /home/mk/dev_ws/install/zed_interfaces/include/zed_interfaces/zed_interfaces/msg/rosidl_typesupport_introspection_c__visibility_control.h
[2.251s] -- Up-to-date symlink: /home/mk/dev_ws/install/zed_interfaces/include/zed_interfaces/zed_interfaces/srv/detail/set_pose__rosidl_typesupport_introspection_c.h
[2.251s] -- Up-to-date symlink: /home/mk/dev_ws/install/zed_interfaces/include/zed_interfaces/zed_interfaces/srv/detail/set_roi__rosidl_typesupport_introspection_c.h
[2.251s] -- Up-to-date symlink: /home/mk/dev_ws/install/zed_interfaces/include/zed_interfaces/zed_interfaces/srv/detail/start_svo_rec__rosidl_typesupport_introspection_c.h
[2.251s] -- Up-to-date symlink: /home/mk/dev_ws/install/zed_interfaces/include/zed_interfaces/zed_interfaces/msg/detail/bounding_box2_df__rosidl_typesupport_introspection_cpp.hpp
[2.251s] -- Up-to-date symlink: /home/mk/dev_ws/install/zed_interfaces/include/zed_interfaces/zed_interfaces/msg/detail/bounding_box2_di__rosidl_typesupport_introspection_cpp.hpp
[2.251s] -- Up-to-date symlink: /home/mk/dev_ws/install/zed_interfaces/include/zed_interfaces/zed_interfaces/msg/detail/bounding_box3_d__rosidl_typesupport_introspection_cpp.hpp
[2.251s] -- Up-to-date symlink: /home/mk/dev_ws/install/zed_interfaces/include/zed_interfaces/zed_interfaces/msg/detail/depth_info_stamped__rosidl_typesupport_introspection_cpp.hpp
[2.251s] -- Up-to-date symlink: /home/mk/dev_ws/install/zed_interfaces/include/zed_interfaces/zed_interfaces/msg/detail/gnss_fusion_status__rosidl_typesupport_introspection_cpp.hpp
[2.251s] -- Up-to-date symlink: /home/mk/dev_ws/install/zed_interfaces/include/zed_interfaces/zed_interfaces/msg/detail/heartbeat__rosidl_typesupport_introspection_cpp.hpp
[2.251s] -- Up-to-date symlink: /home/mk/dev_ws/install/zed_interfaces/include/zed_interfaces/zed_interfaces/msg/detail/keypoint2_df__rosidl_typesupport_introspection_cpp.hpp
[2.251s] -- Up-to-date symlink: /home/mk/dev_ws/install/zed_interfaces/include/zed_interfaces/zed_interfaces/msg/detail/keypoint2_di__rosidl_typesupport_introspection_cpp.hpp
[2.251s] -- Up-to-date symlink: /home/mk/dev_ws/install/zed_interfaces/include/zed_interfaces/zed_interfaces/msg/detail/keypoint3_d__rosidl_typesupport_introspection_cpp.hpp
[2.251s] -- Up-to-date symlink: /home/mk/dev_ws/install/zed_interfaces/include/zed_interfaces/zed_interfaces/msg/detail/mag_heading_status__rosidl_typesupport_introspection_cpp.hpp
[2.252s] -- Up-to-date symlink: /home/mk/dev_ws/install/zed_interfaces/include/zed_interfaces/zed_interfaces/msg/detail/object__rosidl_typesupport_introspection_cpp.hpp
[2.252s] -- Up-to-date symlink: /home/mk/dev_ws/install/zed_interfaces/include/zed_interfaces/zed_interfaces/msg/detail/objects_stamped__rosidl_typesupport_introspection_cpp.hpp
[2.252s] -- Up-to-date symlink: /home/mk/dev_ws/install/zed_interfaces/include/zed_interfaces/zed_interfaces/msg/detail/plane_stamped__rosidl_typesupport_introspection_cpp.hpp
[2.252s] -- Up-to-date symlink: /home/mk/dev_ws/install/zed_interfaces/include/zed_interfaces/zed_interfaces/msg/detail/pos_track_status__rosidl_typesupport_introspection_cpp.hpp
[2.252s] -- Up-to-date symlink: /home/mk/dev_ws/install/zed_interfaces/include/zed_interfaces/zed_interfaces/msg/detail/skeleton2_d__rosidl_typesupport_introspection_cpp.hpp
[2.252s] -- Up-to-date symlink: /home/mk/dev_ws/install/zed_interfaces/include/zed_interfaces/zed_interfaces/msg/detail/skeleton3_d__rosidl_typesupport_introspection_cpp.hpp
[2.252s] -- Up-to-date symlink: /home/mk/dev_ws/install/zed_interfaces/include/zed_interfaces/zed_interfaces/srv/detail/set_pose__rosidl_typesupport_introspection_cpp.hpp
[2.252s] -- Up-to-date symlink: /home/mk/dev_ws/install/zed_interfaces/include/zed_interfaces/zed_interfaces/srv/detail/set_roi__rosidl_typesupport_introspection_cpp.hpp
[2.252s] -- Up-to-date symlink: /home/mk/dev_ws/install/zed_interfaces/include/zed_interfaces/zed_interfaces/srv/detail/start_svo_rec__rosidl_typesupport_introspection_cpp.hpp
[2.252s] -- Up-to-date symlink: /home/mk/dev_ws/install/zed_interfaces/share/zed_interfaces/environment/pythonpath.sh
[2.252s] -- Up-to-date symlink: /home/mk/dev_ws/install/zed_interfaces/share/zed_interfaces/environment/pythonpath.dsv
[2.252s] -- Up-to-date symlink: /home/mk/dev_ws/install/zed_interfaces/local/lib/python3.10/dist-packages/zed_interfaces-4.1.0-py3.10.egg-info/PKG-INFO
[2.252s] -- Up-to-date symlink: /home/mk/dev_ws/install/zed_interfaces/local/lib/python3.10/dist-packages/zed_interfaces-4.1.0-py3.10.egg-info/SOURCES.txt
[2.252s] -- Up-to-date symlink: /home/mk/dev_ws/install/zed_interfaces/local/lib/python3.10/dist-packages/zed_interfaces-4.1.0-py3.10.egg-info/dependency_links.txt
[2.252s] -- Up-to-date symlink: /home/mk/dev_ws/install/zed_interfaces/local/lib/python3.10/dist-packages/zed_interfaces-4.1.0-py3.10.egg-info/top_level.txt
[2.252s] -- Up-to-date symlink: /home/mk/dev_ws/install/zed_interfaces/local/lib/python3.10/dist-packages/zed_interfaces/__init__.py
[2.252s] -- Up-to-date symlink: /home/mk/dev_ws/install/zed_interfaces/local/lib/python3.10/dist-packages/zed_interfaces/_zed_interfaces_s.ep.rosidl_typesupport_c.c
[2.252s] -- Up-to-date symlink: /home/mk/dev_ws/install/zed_interfaces/local/lib/python3.10/dist-packages/zed_interfaces/_zed_interfaces_s.ep.rosidl_typesupport_fastrtps_c.c
[2.253s] -- Up-to-date symlink: /home/mk/dev_ws/install/zed_interfaces/local/lib/python3.10/dist-packages/zed_interfaces/_zed_interfaces_s.ep.rosidl_typesupport_introspection_c.c
[2.253s] -- Up-to-date symlink: /home/mk/dev_ws/install/zed_interfaces/local/lib/python3.10/dist-packages/zed_interfaces/libzed_interfaces__rosidl_generator_py.so
[2.253s] -- Up-to-date symlink: /home/mk/dev_ws/install/zed_interfaces/local/lib/python3.10/dist-packages/zed_interfaces/msg/__init__.py
[2.253s] -- Up-to-date symlink: /home/mk/dev_ws/install/zed_interfaces/local/lib/python3.10/dist-packages/zed_interfaces/msg/_bounding_box2_df.py
[2.254s] -- Up-to-date symlink: /home/mk/dev_ws/install/zed_interfaces/local/lib/python3.10/dist-packages/zed_interfaces/msg/_bounding_box2_df_s.c
[2.254s] -- Up-to-date symlink: /home/mk/dev_ws/install/zed_interfaces/local/lib/python3.10/dist-packages/zed_interfaces/msg/_bounding_box2_di.py
[2.254s] -- Up-to-date symlink: /home/mk/dev_ws/install/zed_interfaces/local/lib/python3.10/dist-packages/zed_interfaces/msg/_bounding_box2_di_s.c
[2.254s] -- Up-to-date symlink: /home/mk/dev_ws/install/zed_interfaces/local/lib/python3.10/dist-packages/zed_interfaces/msg/_bounding_box3_d.py
[2.254s] -- Up-to-date symlink: /home/mk/dev_ws/install/zed_interfaces/local/lib/python3.10/dist-packages/zed_interfaces/msg/_bounding_box3_d_s.c
[2.254s] -- Up-to-date symlink: /home/mk/dev_ws/install/zed_interfaces/local/lib/python3.10/dist-packages/zed_interfaces/msg/_depth_info_stamped.py
[2.254s] -- Up-to-date symlink: /home/mk/dev_ws/install/zed_interfaces/local/lib/python3.10/dist-packages/zed_interfaces/msg/_depth_info_stamped_s.c
[2.254s] -- Up-to-date symlink: /home/mk/dev_ws/install/zed_interfaces/local/lib/python3.10/dist-packages/zed_interfaces/msg/_gnss_fusion_status.py
[2.254s] -- Up-to-date symlink: /home/mk/dev_ws/install/zed_interfaces/local/lib/python3.10/dist-packages/zed_interfaces/msg/_gnss_fusion_status_s.c
[2.254s] -- Up-to-date symlink: /home/mk/dev_ws/install/zed_interfaces/local/lib/python3.10/dist-packages/zed_interfaces/msg/_heartbeat.py
[2.254s] -- Up-to-date symlink: /home/mk/dev_ws/install/zed_interfaces/local/lib/python3.10/dist-packages/zed_interfaces/msg/_heartbeat_s.c
[2.254s] -- Up-to-date symlink: /home/mk/dev_ws/install/zed_interfaces/local/lib/python3.10/dist-packages/zed_interfaces/msg/_keypoint2_df.py
[2.254s] -- Up-to-date symlink: /home/mk/dev_ws/install/zed_interfaces/local/lib/python3.10/dist-packages/zed_interfaces/msg/_keypoint2_df_s.c
[2.254s] -- Up-to-date symlink: /home/mk/dev_ws/install/zed_interfaces/local/lib/python3.10/dist-packages/zed_interfaces/msg/_keypoint2_di.py
[2.254s] -- Up-to-date symlink: /home/mk/dev_ws/install/zed_interfaces/local/lib/python3.10/dist-packages/zed_interfaces/msg/_keypoint2_di_s.c
[2.254s] -- Up-to-date symlink: /home/mk/dev_ws/install/zed_interfaces/local/lib/python3.10/dist-packages/zed_interfaces/msg/_keypoint3_d.py
[2.254s] -- Up-to-date symlink: /home/mk/dev_ws/install/zed_interfaces/local/lib/python3.10/dist-packages/zed_interfaces/msg/_keypoint3_d_s.c
[2.254s] -- Up-to-date symlink: /home/mk/dev_ws/install/zed_interfaces/local/lib/python3.10/dist-packages/zed_interfaces/msg/_mag_heading_status.py
[2.254s] -- Up-to-date symlink: /home/mk/dev_ws/install/zed_interfaces/local/lib/python3.10/dist-packages/zed_interfaces/msg/_mag_heading_status_s.c
[2.254s] -- Up-to-date symlink: /home/mk/dev_ws/install/zed_interfaces/local/lib/python3.10/dist-packages/zed_interfaces/msg/_object.py
[2.254s] -- Up-to-date symlink: /home/mk/dev_ws/install/zed_interfaces/local/lib/python3.10/dist-packages/zed_interfaces/msg/_object_s.c
[2.254s] -- Up-to-date symlink: /home/mk/dev_ws/install/zed_interfaces/local/lib/python3.10/dist-packages/zed_interfaces/msg/_objects_stamped.py
[2.254s] -- Up-to-date symlink: /home/mk/dev_ws/install/zed_interfaces/local/lib/python3.10/dist-packages/zed_interfaces/msg/_objects_stamped_s.c
[2.254s] -- Up-to-date symlink: /home/mk/dev_ws/install/zed_interfaces/local/lib/python3.10/dist-packages/zed_interfaces/msg/_plane_stamped.py
[2.266s] -- Up-to-date symlink: /home/mk/dev_ws/install/zed_interfaces/local/lib/python3.10/dist-packages/zed_interfaces/msg/_plane_stamped_s.c
[2.266s] -- Up-to-date symlink: /home/mk/dev_ws/install/zed_interfaces/local/lib/python3.10/dist-packages/zed_interfaces/msg/_pos_track_status.py
[2.266s] -- Up-to-date symlink: /home/mk/dev_ws/install/zed_interfaces/local/lib/python3.10/dist-packages/zed_interfaces/msg/_pos_track_status_s.c
[2.266s] -- Up-to-date symlink: /home/mk/dev_ws/install/zed_interfaces/local/lib/python3.10/dist-packages/zed_interfaces/msg/_skeleton2_d.py
[2.266s] -- Up-to-date symlink: /home/mk/dev_ws/install/zed_interfaces/local/lib/python3.10/dist-packages/zed_interfaces/msg/_skeleton2_d_s.c
[2.266s] -- Up-to-date symlink: /home/mk/dev_ws/install/zed_interfaces/local/lib/python3.10/dist-packages/zed_interfaces/msg/_skeleton3_d.py
[2.266s] -- Up-to-date symlink: /home/mk/dev_ws/install/zed_interfaces/local/lib/python3.10/dist-packages/zed_interfaces/msg/_skeleton3_d_s.c
[2.266s] -- Up-to-date symlink: /home/mk/dev_ws/install/zed_interfaces/local/lib/python3.10/dist-packages/zed_interfaces/srv/__init__.py
[2.266s] -- Up-to-date symlink: /home/mk/dev_ws/install/zed_interfaces/local/lib/python3.10/dist-packages/zed_interfaces/srv/_set_pose.py
[2.266s] -- Up-to-date symlink: /home/mk/dev_ws/install/zed_interfaces/local/lib/python3.10/dist-packages/zed_interfaces/srv/_set_pose_s.c
[2.266s] -- Up-to-date symlink: /home/mk/dev_ws/install/zed_interfaces/local/lib/python3.10/dist-packages/zed_interfaces/srv/_set_roi.py
[2.266s] -- Up-to-date symlink: /home/mk/dev_ws/install/zed_interfaces/local/lib/python3.10/dist-packages/zed_interfaces/srv/_set_roi_s.c
[2.266s] -- Up-to-date symlink: /home/mk/dev_ws/install/zed_interfaces/local/lib/python3.10/dist-packages/zed_interfaces/srv/_start_svo_rec.py
[2.267s] -- Up-to-date symlink: /home/mk/dev_ws/install/zed_interfaces/local/lib/python3.10/dist-packages/zed_interfaces/srv/_start_svo_rec_s.c
[2.267s] -- Up-to-date symlink: /home/mk/dev_ws/install/zed_interfaces/local/lib/python3.10/dist-packages/zed_interfaces/zed_interfaces_s__rosidl_typesupport_c.cpython-310-x86_64-linux-gnu.so
[2.267s] -- Up-to-date symlink: /home/mk/dev_ws/install/zed_interfaces/local/lib/python3.10/dist-packages/zed_interfaces/zed_interfaces_s__rosidl_typesupport_fastrtps_c.cpython-310-x86_64-linux-gnu.so
[2.267s] -- Up-to-date symlink: /home/mk/dev_ws/install/zed_interfaces/local/lib/python3.10/dist-packages/zed_interfaces/zed_interfaces_s__rosidl_typesupport_introspection_c.cpython-310-x86_64-linux-gnu.so
[2.267s] -- Up-to-date symlink: /home/mk/dev_ws/install/zed_interfaces/local/lib/python3.10/dist-packages/zed_interfaces/zed_interfaces_s__rosidl_typesupport_fastrtps_c.cpython-310-x86_64-linux-gnu.so
[2.267s] -- Up-to-date symlink: /home/mk/dev_ws/install/zed_interfaces/local/lib/python3.10/dist-packages/zed_interfaces/zed_interfaces_s__rosidl_typesupport_introspection_c.cpython-310-x86_64-linux-gnu.so
[2.267s] -- Up-to-date symlink: /home/mk/dev_ws/install/zed_interfaces/local/lib/python3.10/dist-packages/zed_interfaces/zed_interfaces_s__rosidl_typesupport_c.cpython-310-x86_64-linux-gnu.so
[2.267s] -- Up-to-date symlink: /home/mk/dev_ws/install/zed_interfaces/share/ament_index/resource_index/rust_packages/zed_interfaces
[2.267s] -- Up-to-date symlink: /home/mk/dev_ws/install/zed_interfaces/share/zed_interfaces/rust/Cargo.toml
[2.267s] -- Up-to-date symlink: /home/mk/dev_ws/install/zed_interfaces/share/zed_interfaces/rust/build.rs
[2.267s] -- Up-to-date symlink: /home/mk/dev_ws/install/zed_interfaces/share/zed_interfaces/rust/src/lib.rs
[2.267s] -- Up-to-date symlink: /home/mk/dev_ws/install/zed_interfaces/share/zed_interfaces/rust/src/msg.rs
[2.267s] -- Up-to-date symlink: /home/mk/dev_ws/install/zed_interfaces/share/zed_interfaces/rust/src/msg/rmw.rs
[2.267s] -- Up-to-date symlink: /home/mk/dev_ws/install/zed_interfaces/share/zed_interfaces/rust/src/srv.rs
[2.267s] -- Up-to-date symlink: /home/mk/dev_ws/install/zed_interfaces/share/zed_interfaces/rust/src/srv/rmw.rs
[2.267s] -- Up-to-date symlink: /home/mk/dev_ws/install/zed_interfaces/share/zed_interfaces/msg/Object.idl
[2.267s] -- Up-to-date symlink: /home/mk/dev_ws/install/zed_interfaces/share/zed_interfaces/msg/ObjectsStamped.idl
[2.267s] -- Up-to-date symlink: /home/mk/dev_ws/install/zed_interfaces/share/zed_interfaces/msg/Keypoint2Di.idl
[2.271s] -- Up-to-date symlink: /home/mk/dev_ws/install/zed_interfaces/share/zed_interfaces/msg/Keypoint2Df.idl
[2.272s] -- Up-to-date symlink: /home/mk/dev_ws/install/zed_interfaces/share/zed_interfaces/msg/Keypoint3D.idl
[2.273s] -- Up-to-date symlink: /home/mk/dev_ws/install/zed_interfaces/share/zed_interfaces/msg/BoundingBox2Di.idl
[2.273s] -- Up-to-date symlink: /home/mk/dev_ws/install/zed_interfaces/share/zed_interfaces/msg/BoundingBox2Df.idl
[2.273s] -- Up-to-date symlink: /home/mk/dev_ws/install/zed_interfaces/share/zed_interfaces/msg/BoundingBox3D.idl
[2.273s] -- Up-to-date symlink: /home/mk/dev_ws/install/zed_interfaces/share/zed_interfaces/msg/Skeleton2D.idl
[2.273s] -- Up-to-date symlink: /home/mk/dev_ws/install/zed_interfaces/share/zed_interfaces/msg/Skeleton3D.idl
[2.274s] -- Up-to-date symlink: /home/mk/dev_ws/install/zed_interfaces/share/zed_interfaces/msg/DepthInfoStamped.idl
[2.274s] -- Up-to-date symlink: /home/mk/dev_ws/install/zed_interfaces/share/zed_interfaces/msg/PlaneStamped.idl
[2.274s] -- Up-to-date symlink: /home/mk/dev_ws/install/zed_interfaces/share/zed_interfaces/msg/PosTrackStatus.idl
[2.274s] -- Up-to-date symlink: /home/mk/dev_ws/install/zed_interfaces/share/zed_interfaces/msg/GnssFusionStatus.idl
[2.274s] -- Up-to-date symlink: /home/mk/dev_ws/install/zed_interfaces/share/zed_interfaces/msg/Heartbeat.idl
[2.274s] -- Up-to-date symlink: /home/mk/dev_ws/install/zed_interfaces/share/zed_interfaces/msg/MagHeadingStatus.idl
[2.274s] -- Up-to-date symlink: /home/mk/dev_ws/install/zed_interfaces/share/zed_interfaces/srv/SetPose.idl
[2.274s] -- Up-to-date symlink: /home/mk/dev_ws/install/zed_interfaces/share/zed_interfaces/srv/StartSvoRec.idl
[2.274s] -- Up-to-date symlink: /home/mk/dev_ws/install/zed_interfaces/share/zed_interfaces/srv/SetROI.idl
[2.274s] -- Up-to-date symlink: /home/mk/dev_ws/install/zed_interfaces/share/zed_interfaces/msg/Object.msg
[2.274s] -- Up-to-date symlink: /home/mk/dev_ws/install/zed_interfaces/share/zed_interfaces/msg/ObjectsStamped.msg
[2.274s] -- Up-to-date symlink: /home/mk/dev_ws/install/zed_interfaces/share/zed_interfaces/msg/Keypoint2Di.msg
[2.274s] -- Up-to-date symlink: /home/mk/dev_ws/install/zed_interfaces/share/zed_interfaces/msg/Keypoint2Df.msg
[2.274s] -- Up-to-date symlink: /home/mk/dev_ws/install/zed_interfaces/share/zed_interfaces/msg/Keypoint3D.msg
[2.274s] -- Up-to-date symlink: /home/mk/dev_ws/install/zed_interfaces/share/zed_interfaces/msg/BoundingBox2Di.msg
[2.274s] -- Up-to-date symlink: /home/mk/dev_ws/install/zed_interfaces/share/zed_interfaces/msg/BoundingBox2Df.msg
[2.274s] -- Up-to-date symlink: /home/mk/dev_ws/install/zed_interfaces/share/zed_interfaces/msg/BoundingBox3D.msg
[2.274s] -- Up-to-date symlink: /home/mk/dev_ws/install/zed_interfaces/share/zed_interfaces/msg/Skeleton2D.msg
[2.274s] -- Up-to-date symlink: /home/mk/dev_ws/install/zed_interfaces/share/zed_interfaces/msg/Skeleton3D.msg
[2.275s] -- Up-to-date symlink: /home/mk/dev_ws/install/zed_interfaces/share/zed_interfaces/msg/DepthInfoStamped.msg
[2.275s] -- Up-to-date symlink: /home/mk/dev_ws/install/zed_interfaces/share/zed_interfaces/msg/PlaneStamped.msg
[2.275s] -- Up-to-date symlink: /home/mk/dev_ws/install/zed_interfaces/share/zed_interfaces/msg/PosTrackStatus.msg
[2.275s] -- Up-to-date symlink: /home/mk/dev_ws/install/zed_interfaces/share/zed_interfaces/msg/GnssFusionStatus.msg
[2.275s] -- Up-to-date symlink: /home/mk/dev_ws/install/zed_interfaces/share/zed_interfaces/msg/Heartbeat.msg
[2.275s] -- Up-to-date symlink: /home/mk/dev_ws/install/zed_interfaces/share/zed_interfaces/msg/MagHeadingStatus.msg
[2.275s] -- Up-to-date symlink: /home/mk/dev_ws/install/zed_interfaces/share/zed_interfaces/srv/SetPose.srv
[2.275s] -- Up-to-date symlink: /home/mk/dev_ws/install/zed_interfaces/share/zed_interfaces/srv/SetPose_Request.msg
[2.275s] -- Up-to-date symlink: /home/mk/dev_ws/install/zed_interfaces/share/zed_interfaces/srv/SetPose_Response.msg
[2.275s] -- Up-to-date symlink: /home/mk/dev_ws/install/zed_interfaces/share/zed_interfaces/srv/StartSvoRec.srv
[2.275s] -- Up-to-date symlink: /home/mk/dev_ws/install/zed_interfaces/share/zed_interfaces/srv/StartSvoRec_Request.msg
[2.275s] -- Up-to-date symlink: /home/mk/dev_ws/install/zed_interfaces/share/zed_interfaces/srv/StartSvoRec_Response.msg
[2.275s] -- Up-to-date symlink: /home/mk/dev_ws/install/zed_interfaces/share/zed_interfaces/srv/SetROI.srv
[2.276s] -- Up-to-date symlink: /home/mk/dev_ws/install/zed_interfaces/share/zed_interfaces/srv/SetROI_Request.msg
[2.276s] -- Up-to-date symlink: /home/mk/dev_ws/install/zed_interfaces/share/zed_interfaces/srv/SetROI_Response.msg
[2.276s] -- Up-to-date symlink: /home/mk/dev_ws/install/zed_interfaces/share/zed_interfaces/meshes/virtual.stl
[2.276s] -- Up-to-date symlink: /home/mk/dev_ws/install/zed_interfaces/share/zed_interfaces/meshes/zed.stl
[2.276s] -- Up-to-date symlink: /home/mk/dev_ws/install/zed_interfaces/share/zed_interfaces/meshes/zed2.stl
[2.276s] -- Up-to-date symlink: /home/mk/dev_ws/install/zed_interfaces/share/zed_interfaces/meshes/zed2i.stl
[2.276s] -- Up-to-date symlink: /home/mk/dev_ws/install/zed_interfaces/share/zed_interfaces/meshes/zedm.stl
[2.276s] -- Up-to-date symlink: /home/mk/dev_ws/install/zed_interfaces/share/zed_interfaces/meshes/zedx.stl
[2.276s] -- Up-to-date symlink: /home/mk/dev_ws/install/zed_interfaces/share/zed_interfaces/meshes/zedxm.stl
[2.276s] -- Up-to-date symlink: /home/mk/dev_ws/install/zed_interfaces/share/ament_index/resource_index/package_run_dependencies/zed_interfaces
[2.276s] -- Up-to-date symlink: /home/mk/dev_ws/install/zed_interfaces/share/ament_index/resource_index/parent_prefix_path/zed_interfaces
[2.276s] -- Up-to-date symlink: /home/mk/dev_ws/install/zed_interfaces/share/zed_interfaces/environment/ament_prefix_path.sh
[2.276s] -- Up-to-date symlink: /home/mk/dev_ws/install/zed_interfaces/share/zed_interfaces/environment/ament_prefix_path.dsv
[2.276s] -- Up-to-date symlink: /home/mk/dev_ws/install/zed_interfaces/share/zed_interfaces/environment/path.sh
[2.276s] -- Up-to-date symlink: /home/mk/dev_ws/install/zed_interfaces/share/zed_interfaces/environment/path.dsv
[2.276s] -- Up-to-date symlink: /home/mk/dev_ws/install/zed_interfaces/share/zed_interfaces/local_setup.bash
[2.276s] -- Up-to-date symlink: /home/mk/dev_ws/install/zed_interfaces/share/zed_interfaces/local_setup.sh
[2.276s] -- Up-to-date symlink: /home/mk/dev_ws/install/zed_interfaces/share/zed_interfaces/local_setup.zsh
[2.277s] -- Up-to-date symlink: /home/mk/dev_ws/install/zed_interfaces/share/zed_interfaces/local_setup.dsv
[2.277s] -- Symlinking: /home/mk/dev_ws/install/zed_interfaces/share/zed_interfaces/package.dsv
[2.280s] -- Up-to-date symlink: /home/mk/dev_ws/install/zed_interfaces/share/ament_index/resource_index/packages/zed_interfaces
[2.281s] -- Up-to-date symlink: /home/mk/dev_ws/install/zed_interfaces/share/zed_interfaces/cmake/rosidl_cmake-extras.cmake
[2.281s] -- Up-to-date symlink: /home/mk/dev_ws/install/zed_interfaces/share/zed_interfaces/cmake/ament_cmake_export_dependencies-extras.cmake
[2.281s] -- Up-to-date symlink: /home/mk/dev_ws/install/zed_interfaces/share/zed_interfaces/cmake/ament_cmake_export_include_directories-extras.cmake
[2.281s] -- Up-to-date symlink: /home/mk/dev_ws/install/zed_interfaces/share/zed_interfaces/cmake/ament_cmake_export_libraries-extras.cmake
[2.282s] -- Up-to-date symlink: /home/mk/dev_ws/install/zed_interfaces/share/zed_interfaces/cmake/ament_cmake_export_targets-extras.cmake
[2.282s] -- Up-to-date symlink: /home/mk/dev_ws/install/zed_interfaces/share/zed_interfaces/cmake/rosidl_cmake_export_typesupport_targets-extras.cmake
[2.284s] -- Up-to-date symlink: /home/mk/dev_ws/install/zed_interfaces/share/zed_interfaces/cmake/rosidl_cmake_export_typesupport_libraries-extras.cmake
[2.285s] -- Up-to-date symlink: /home/mk/dev_ws/install/zed_interfaces/share/zed_interfaces/cmake/zed_interfacesConfig.cmake
[2.285s] -- Up-to-date symlink: /home/mk/dev_ws/install/zed_interfaces/share/zed_interfaces/cmake/zed_interfacesConfig-version.cmake
[2.285s] -- Up-to-date symlink: /home/mk/dev_ws/install/zed_interfaces/share/zed_interfaces/package.xml
[2.285s] -- Up-to-date: /home/mk/dev_ws/install/zed_interfaces/lib/libzed_interfaces__rosidl_generator_c.so
[2.285s] -- Up-to-date: /home/mk/dev_ws/install/zed_interfaces/lib/libzed_interfaces__rosidl_typesupport_fastrtps_c.so
[2.285s] -- Up-to-date: /home/mk/dev_ws/install/zed_interfaces/lib/libzed_interfaces__rosidl_typesupport_fastrtps_cpp.so
[2.285s] -- Up-to-date: /home/mk/dev_ws/install/zed_interfaces/lib/libzed_interfaces__rosidl_typesupport_introspection_c.so
[2.285s] -- Up-to-date: /home/mk/dev_ws/install/zed_interfaces/lib/libzed_interfaces__rosidl_typesupport_c.so
[2.285s] -- Up-to-date: /home/mk/dev_ws/install/zed_interfaces/lib/libzed_interfaces__rosidl_typesupport_introspection_cpp.so
[2.285s] -- Up-to-date: /home/mk/dev_ws/install/zed_interfaces/lib/libzed_interfaces__rosidl_typesupport_cpp.so
[2.325s] Listing '/home/mk/dev_ws/install/zed_interfaces/local/lib/python3.10/dist-packages/zed_interfaces'...
[2.325s] Compiling '/home/mk/dev_ws/install/zed_interfaces/local/lib/python3.10/dist-packages/zed_interfaces/__init__.py'...
[2.325s] Listing '/home/mk/dev_ws/install/zed_interfaces/local/lib/python3.10/dist-packages/zed_interfaces/msg'...
[2.325s] Listing '/home/mk/dev_ws/install/zed_interfaces/local/lib/python3.10/dist-packages/zed_interfaces/srv'...
[2.327s] -- Up-to-date: /home/mk/dev_ws/install/zed_interfaces/lib/libzed_interfaces__rosidl_generator_py.so
[2.327s] -- Up-to-date: /home/mk/dev_ws/install/zed_interfaces/share/zed_interfaces/cmake/export_zed_interfaces__rosidl_generator_cExport.cmake
[2.327s] -- Up-to-date: /home/mk/dev_ws/install/zed_interfaces/share/zed_interfaces/cmake/export_zed_interfaces__rosidl_generator_cExport-noconfig.cmake
[2.327s] -- Up-to-date: /home/mk/dev_ws/install/zed_interfaces/share/zed_interfaces/cmake/export_zed_interfaces__rosidl_typesupport_fastrtps_cExport.cmake
[2.327s] -- Up-to-date: /home/mk/dev_ws/install/zed_interfaces/share/zed_interfaces/cmake/export_zed_interfaces__rosidl_typesupport_fastrtps_cExport-noconfig.cmake
[2.327s] -- Up-to-date: /home/mk/dev_ws/install/zed_interfaces/share/zed_interfaces/cmake/export_zed_interfaces__rosidl_generator_cppExport.cmake
[2.327s] -- Up-to-date: /home/mk/dev_ws/install/zed_interfaces/share/zed_interfaces/cmake/export_zed_interfaces__rosidl_typesupport_fastrtps_cppExport.cmake
[2.327s] -- Up-to-date: /home/mk/dev_ws/install/zed_interfaces/share/zed_interfaces/cmake/export_zed_interfaces__rosidl_typesupport_fastrtps_cppExport-noconfig.cmake
[2.327s] -- Up-to-date: /home/mk/dev_ws/install/zed_interfaces/share/zed_interfaces/cmake/zed_interfaces__rosidl_typesupport_introspection_cExport.cmake
[2.327s] -- Up-to-date: /home/mk/dev_ws/install/zed_interfaces/share/zed_interfaces/cmake/zed_interfaces__rosidl_typesupport_introspection_cExport-noconfig.cmake
[2.327s] -- Up-to-date: /home/mk/dev_ws/install/zed_interfaces/share/zed_interfaces/cmake/zed_interfaces__rosidl_typesupport_cExport.cmake
[2.327s] -- Up-to-date: /home/mk/dev_ws/install/zed_interfaces/share/zed_interfaces/cmake/zed_interfaces__rosidl_typesupport_cExport-noconfig.cmake
[2.327s] -- Up-to-date: /home/mk/dev_ws/install/zed_interfaces/share/zed_interfaces/cmake/zed_interfaces__rosidl_typesupport_introspection_cppExport.cmake
[2.327s] -- Up-to-date: /home/mk/dev_ws/install/zed_interfaces/share/zed_interfaces/cmake/zed_interfaces__rosidl_typesupport_introspection_cppExport-noconfig.cmake
[2.327s] -- Up-to-date: /home/mk/dev_ws/install/zed_interfaces/share/zed_interfaces/cmake/zed_interfaces__rosidl_typesupport_cppExport.cmake
[2.327s] -- Up-to-date: /home/mk/dev_ws/install/zed_interfaces/share/zed_interfaces/cmake/zed_interfaces__rosidl_typesupport_cppExport-noconfig.cmake
[2.327s] -- Up-to-date: /home/mk/dev_ws/install/zed_interfaces/share/zed_interfaces/cmake/export_zed_interfaces__rosidl_generator_pyExport.cmake
[2.327s] -- Up-to-date: /home/mk/dev_ws/install/zed_interfaces/share/zed_interfaces/cmake/export_zed_interfaces__rosidl_generator_pyExport-noconfig.cmake
[2.383s] Invoked command in '/home/mk/dev_ws/build/zed_interfaces' returned '0': CMAKE_PREFIX_PATH=${CMAKE_PREFIX_PATH}:/home/mk/dev_ws/install/yolo_object_detector:/home/mk/dev_ws/install/move_to_coordinator:/home/mk/dev_ws/install/motion_sequence:/home/mk/dev_ws/install/whisper_demos:/home/mk/dev_ws/install/voice_command_listener:/home/mk/dev_ws/install/uf_ros_lib:/home/mk/dev_ws/install/rviz_servo_status_overlay:/home/mk/dev_ws/install/rviz_marker_static_scene_objects:/home/mk/dev_ws/install/robot_motion_handler_movegroup:/home/mk/dev_ws/install/gaze_control:/home/mk/dev_ws/install/collision_check:/home/mk/dev_ws/install/audio_listener:/opt/ros/humble /usr/bin/cmake --install /home/mk/dev_ws/build/zed_interfaces
