[0.035s] Invoking command in '/home/mk/dev_ws/build/whisper_cpp_vendor': CMAKE_PREFIX_PATH=/opt/ros/humble /usr/bin/cmake --build /home/mk/dev_ws/build/whisper_cpp_vendor -- -j20 -l20
[1.186s] [35m[1mConsolidate compiler generated dependencies of target ggml[0m
[1.186s] [ 77%] Built target ggml
[1.186s] [35m[1mConsolidate compiler generated dependencies of target whisper[0m
[1.186s] [100%] Built target whisper
[1.190s] Invoked command in '/home/mk/dev_ws/build/whisper_cpp_vendor' returned '0': CMAKE_PREFIX_PATH=/opt/ros/humble /usr/bin/cmake --build /home/mk/dev_ws/build/whisper_cpp_vendor -- -j20 -l20
[1.197s] Invoking command in '/home/mk/dev_ws/build/whisper_cpp_vendor': CMAKE_PREFIX_PATH=/opt/ros/humble /usr/bin/cmake --install /home/mk/dev_ws/build/whisper_cpp_vendor
[1.208s] -- Install configuration: "Release"
[1.209s] -- Execute custom install script
[1.211s] -- Up-to-date symlink: /home/mk/dev_ws/install/whisper_cpp_vendor//libggml.so
[1.212s] -- Up-to-date symlink: /home/mk/dev_ws/install/whisper_cpp_vendor/lib/cmake/whisper/whisper-config.cmake
[1.212s] -- Up-to-date symlink: /home/mk/dev_ws/install/whisper_cpp_vendor/lib/cmake/whisper/whisper-version.cmake
[1.212s] -- Up-to-date symlink: /home/mk/dev_ws/install/whisper_cpp_vendor/lib/pkgconfig/whisper.pc
[1.212s] -- Up-to-date symlink: /home/mk/dev_ws/install/whisper_cpp_vendor/include/ggml.h
[1.212s] -- Up-to-date symlink: /home/mk/dev_ws/install/whisper_cpp_vendor/include/whisper.h
[1.212s] -- Up-to-date symlink: /home/mk/dev_ws/install/whisper_cpp_vendor/include/ggml-alloc.h
[1.212s] -- Up-to-date symlink: /home/mk/dev_ws/install/whisper_cpp_vendor/include/ggml-amx.h
[1.212s] -- Up-to-date symlink: /home/mk/dev_ws/install/whisper_cpp_vendor/include/ggml-backend.h
[1.212s] -- Up-to-date symlink: /home/mk/dev_ws/install/whisper_cpp_vendor/include/ggml-blas.h
[1.212s] -- Up-to-date symlink: /home/mk/dev_ws/install/whisper_cpp_vendor/include/ggml-cann.h
[1.212s] -- Up-to-date symlink: /home/mk/dev_ws/install/whisper_cpp_vendor/include/ggml-cpp.h
[1.212s] -- Up-to-date symlink: /home/mk/dev_ws/install/whisper_cpp_vendor/include/ggml-cpu.h
[1.212s] -- Up-to-date symlink: /home/mk/dev_ws/install/whisper_cpp_vendor/include/ggml-cuda.h
[1.212s] -- Up-to-date symlink: /home/mk/dev_ws/install/whisper_cpp_vendor/include/ggml-kompute.h
[1.212s] -- Up-to-date symlink: /home/mk/dev_ws/install/whisper_cpp_vendor/include/ggml-metal.h
[1.212s] -- Up-to-date symlink: /home/mk/dev_ws/install/whisper_cpp_vendor/include/ggml-rpc.h
[1.212s] -- Up-to-date symlink: /home/mk/dev_ws/install/whisper_cpp_vendor/include/ggml-sycl.h
[1.212s] -- Up-to-date symlink: /home/mk/dev_ws/install/whisper_cpp_vendor/include/ggml-vulkan.h
[1.212s] -- Up-to-date symlink: /home/mk/dev_ws/install/whisper_cpp_vendor/include/ggml.h
[1.213s] -- Up-to-date symlink: /home/mk/dev_ws/install/whisper_cpp_vendor/share/whisper_cpp_vendor/environment/library_path.sh
[1.213s] -- Up-to-date symlink: /home/mk/dev_ws/install/whisper_cpp_vendor/share/whisper_cpp_vendor/environment/library_path.dsv
[1.213s] -- Up-to-date symlink: /home/mk/dev_ws/install/whisper_cpp_vendor/share/ament_index/resource_index/package_run_dependencies/whisper_cpp_vendor
[1.213s] -- Up-to-date symlink: /home/mk/dev_ws/install/whisper_cpp_vendor/share/ament_index/resource_index/parent_prefix_path/whisper_cpp_vendor
[1.213s] -- Up-to-date symlink: /home/mk/dev_ws/install/whisper_cpp_vendor/share/whisper_cpp_vendor/environment/ament_prefix_path.sh
[1.213s] -- Up-to-date symlink: /home/mk/dev_ws/install/whisper_cpp_vendor/share/whisper_cpp_vendor/environment/ament_prefix_path.dsv
[1.213s] -- Up-to-date symlink: /home/mk/dev_ws/install/whisper_cpp_vendor/share/whisper_cpp_vendor/environment/path.sh
[1.213s] -- Up-to-date symlink: /home/mk/dev_ws/install/whisper_cpp_vendor/share/whisper_cpp_vendor/environment/path.dsv
[1.213s] -- Up-to-date symlink: /home/mk/dev_ws/install/whisper_cpp_vendor/share/whisper_cpp_vendor/local_setup.bash
[1.213s] -- Up-to-date symlink: /home/mk/dev_ws/install/whisper_cpp_vendor/share/whisper_cpp_vendor/local_setup.sh
[1.213s] -- Up-to-date symlink: /home/mk/dev_ws/install/whisper_cpp_vendor/share/whisper_cpp_vendor/local_setup.zsh
[1.213s] -- Up-to-date symlink: /home/mk/dev_ws/install/whisper_cpp_vendor/share/whisper_cpp_vendor/local_setup.dsv
[1.213s] -- Symlinking: /home/mk/dev_ws/install/whisper_cpp_vendor/share/whisper_cpp_vendor/package.dsv
[1.213s] -- Up-to-date symlink: /home/mk/dev_ws/install/whisper_cpp_vendor/share/ament_index/resource_index/packages/whisper_cpp_vendor
[1.214s] -- Up-to-date symlink: /home/mk/dev_ws/install/whisper_cpp_vendor/share/whisper_cpp_vendor/cmake/ament_cmake_export_targets-extras.cmake
[1.214s] -- Up-to-date symlink: /home/mk/dev_ws/install/whisper_cpp_vendor/share/whisper_cpp_vendor/cmake/whisper_cpp_vendorConfig.cmake
[1.214s] -- Up-to-date symlink: /home/mk/dev_ws/install/whisper_cpp_vendor/share/whisper_cpp_vendor/cmake/whisper_cpp_vendorConfig-version.cmake
[1.214s] -- Up-to-date symlink: /home/mk/dev_ws/install/whisper_cpp_vendor/share/whisper_cpp_vendor/package.xml
[1.214s] -- Up-to-date: /home/mk/dev_ws/install/whisper_cpp_vendor/lib/libggml.so
[1.214s] -- Up-to-date: /home/mk/dev_ws/install/whisper_cpp_vendor/lib/libwhisper.so.1.7.2
[1.214s] -- Up-to-date: /home/mk/dev_ws/install/whisper_cpp_vendor/lib/libwhisper.so.1
[1.214s] -- Up-to-date: /home/mk/dev_ws/install/whisper_cpp_vendor/lib/libwhisper.so
[1.214s] -- Up-to-date: /home/mk/dev_ws/install/whisper_cpp_vendor/share/whisper_cpp_vendor/cmake/export_whisperExport.cmake
[1.214s] -- Up-to-date: /home/mk/dev_ws/install/whisper_cpp_vendor/share/whisper_cpp_vendor/cmake/export_whisperExport-release.cmake
[1.216s] -- Up-to-date: /home/mk/dev_ws/install/whisper_cpp_vendor/lib/libwhisper.so.1.7.2
[1.216s] -- Up-to-date: /home/mk/dev_ws/install/whisper_cpp_vendor/lib/libwhisper.so.1
[1.216s] -- Up-to-date: /home/mk/dev_ws/install/whisper_cpp_vendor/lib/libwhisper.so
[1.217s] -- Up-to-date: /home/mk/dev_ws/install/whisper_cpp_vendor/lib/libggml.so
[1.355s] Invoked command in '/home/mk/dev_ws/build/whisper_cpp_vendor' returned '0': CMAKE_PREFIX_PATH=/opt/ros/humble /usr/bin/cmake --install /home/mk/dev_ws/build/whisper_cpp_vendor
