running develop
Removing /home/mk/dev_ws/install/yolo_object_detector/lib/python3.10/site-packages/yolo-object-detector.egg-link (link to .)
running egg_info
writing ../../build/yolo_object_detector/yolo_object_detector.egg-info/PKG-INFO
writing dependency_links to ../../build/yolo_object_detector/yolo_object_detector.egg-info/dependency_links.txt
writing entry points to ../../build/yolo_object_detector/yolo_object_detector.egg-info/entry_points.txt
writing requirements to ../../build/yolo_object_detector/yolo_object_detector.egg-info/requires.txt
writing top-level names to ../../build/yolo_object_detector/yolo_object_detector.egg-info/top_level.txt
reading manifest file '../../build/yolo_object_detector/yolo_object_detector.egg-info/SOURCES.txt'
writing manifest file '../../build/yolo_object_detector/yolo_object_detector.egg-info/SOURCES.txt'
running build
running build_py
creating /home/mk/dev_ws/build/yolo_object_detector/build
creating /home/mk/dev_ws/build/yolo_object_detector/build/lib
creating /home/mk/dev_ws/build/yolo_object_detector/build/lib/yolo_object_detector
copying yolo_object_detector/yolo_homography_node.py -> /home/mk/dev_ws/build/yolo_object_detector/build/lib/yolo_object_detector
copying yolo_object_detector/__init__.py -> /home/mk/dev_ws/build/yolo_object_detector/build/lib/yolo_object_detector
running install
running install_lib
creating /home/mk/dev_ws/install/yolo_object_detector/lib/python3.10/site-packages/yolo_object_detector
copying /home/mk/dev_ws/build/yolo_object_detector/build/lib/yolo_object_detector/yolo_homography_node.py -> /home/mk/dev_ws/install/yolo_object_detector/lib/python3.10/site-packages/yolo_object_detector
copying /home/mk/dev_ws/build/yolo_object_detector/build/lib/yolo_object_detector/__init__.py -> /home/mk/dev_ws/install/yolo_object_detector/lib/python3.10/site-packages/yolo_object_detector
byte-compiling /home/mk/dev_ws/install/yolo_object_detector/lib/python3.10/site-packages/yolo_object_detector/yolo_homography_node.py to yolo_homography_node.cpython-310.pyc
byte-compiling /home/mk/dev_ws/install/yolo_object_detector/lib/python3.10/site-packages/yolo_object_detector/__init__.py to __init__.cpython-310.pyc
running install_data
copying resource/yolo_object_detector -> /home/mk/dev_ws/install/yolo_object_detector/share/ament_index/resource_index/packages
copying package.xml -> /home/mk/dev_ws/install/yolo_object_detector/share/yolo_object_detector
copying launch/yolo_detection.launch.py -> /home/mk/dev_ws/install/yolo_object_detector/share/yolo_object_detector/launch
running install_egg_info
Copying ../../build/yolo_object_detector/yolo_object_detector.egg-info to /home/mk/dev_ws/install/yolo_object_detector/lib/python3.10/site-packages/yolo_object_detector-0.1.0-py3.10.egg-info
running install_scripts
Installing yolo_homography_node script to /home/mk/dev_ws/install/yolo_object_detector/lib/yolo_object_detector
writing list of installed files to '/home/mk/dev_ws/build/yolo_object_detector/install.log'
