[1.042s] Invoking command in '/home/mk/dev_ws/build/yolo_object_detector': PYTHONPATH=/home/mk/dev_ws/build/yolo_object_detector/prefix_override:/usr/lib/python3/dist-packages/colcon_core/task/python/colcon_distutils_commands:/home/mk/dev_ws/install/yolo_object_detector/lib/python3.10/site-packages:${PYTHONPATH} /usr/bin/python3 -W ignore:setup.py install is deprecated -W ignore:easy_install command is deprecated setup.py develop --uninstall --editable --build-directory /home/mk/dev_ws/build/yolo_object_detector/build
[1.275s] running develop
[1.443s] Removing /home/mk/dev_ws/install/yolo_object_detector/lib/python3.10/site-packages/yolo-object-detector.egg-link (link to .)
[1.655s] Invoked command in '/home/mk/dev_ws/build/yolo_object_detector' returned '0': PYTHONPATH=/home/mk/dev_ws/build/yolo_object_detector/prefix_override:/usr/lib/python3/dist-packages/colcon_core/task/python/colcon_distutils_commands:/home/mk/dev_ws/install/yolo_object_detector/lib/python3.10/site-packages:${PYTHONPATH} /usr/bin/python3 -W ignore:setup.py install is deprecated -W ignore:easy_install command is deprecated setup.py develop --uninstall --editable --build-directory /home/mk/dev_ws/build/yolo_object_detector/build
[1.658s] Invoking command in '/home/mk/dev_ws/src/yolo_object_detector': PYTHONPATH=/home/mk/dev_ws/build/yolo_object_detector/prefix_override:/usr/lib/python3/dist-packages/colcon_core/task/python/colcon_distutils_commands:/home/mk/dev_ws/install/yolo_object_detector/lib/python3.10/site-packages:${PYTHONPATH} /usr/bin/python3 -W ignore:setup.py install is deprecated -W ignore:easy_install command is deprecated setup.py egg_info --egg-base ../../build/yolo_object_detector build --build-base /home/mk/dev_ws/build/yolo_object_detector/build install --record /home/mk/dev_ws/build/yolo_object_detector/install.log --single-version-externally-managed install_data --force
[1.929s] running egg_info
[1.929s] writing ../../build/yolo_object_detector/yolo_object_detector.egg-info/PKG-INFO
[1.929s] writing dependency_links to ../../build/yolo_object_detector/yolo_object_detector.egg-info/dependency_links.txt
[1.929s] writing entry points to ../../build/yolo_object_detector/yolo_object_detector.egg-info/entry_points.txt
[1.929s] writing requirements to ../../build/yolo_object_detector/yolo_object_detector.egg-info/requires.txt
[1.929s] writing top-level names to ../../build/yolo_object_detector/yolo_object_detector.egg-info/top_level.txt
[1.931s] reading manifest file '../../build/yolo_object_detector/yolo_object_detector.egg-info/SOURCES.txt'
[1.932s] writing manifest file '../../build/yolo_object_detector/yolo_object_detector.egg-info/SOURCES.txt'
[1.932s] running build
[1.932s] running build_py
[1.932s] creating /home/mk/dev_ws/build/yolo_object_detector/build
[1.933s] creating /home/mk/dev_ws/build/yolo_object_detector/build/lib
[1.933s] creating /home/mk/dev_ws/build/yolo_object_detector/build/lib/yolo_object_detector
[1.933s] copying yolo_object_detector/yolo_homography_node.py -> /home/mk/dev_ws/build/yolo_object_detector/build/lib/yolo_object_detector
[1.934s] copying yolo_object_detector/__init__.py -> /home/mk/dev_ws/build/yolo_object_detector/build/lib/yolo_object_detector
[1.934s] running install
[1.934s] running install_lib
[1.934s] creating /home/mk/dev_ws/install/yolo_object_detector/lib/python3.10/site-packages/yolo_object_detector
[1.934s] copying /home/mk/dev_ws/build/yolo_object_detector/build/lib/yolo_object_detector/yolo_homography_node.py -> /home/mk/dev_ws/install/yolo_object_detector/lib/python3.10/site-packages/yolo_object_detector
[1.935s] copying /home/mk/dev_ws/build/yolo_object_detector/build/lib/yolo_object_detector/__init__.py -> /home/mk/dev_ws/install/yolo_object_detector/lib/python3.10/site-packages/yolo_object_detector
[1.935s] byte-compiling /home/mk/dev_ws/install/yolo_object_detector/lib/python3.10/site-packages/yolo_object_detector/yolo_homography_node.py to yolo_homography_node.cpython-310.pyc
[1.940s] byte-compiling /home/mk/dev_ws/install/yolo_object_detector/lib/python3.10/site-packages/yolo_object_detector/__init__.py to __init__.cpython-310.pyc
[1.940s] running install_data
[1.940s] copying resource/yolo_object_detector -> /home/mk/dev_ws/install/yolo_object_detector/share/ament_index/resource_index/packages
[1.940s] copying package.xml -> /home/mk/dev_ws/install/yolo_object_detector/share/yolo_object_detector
[1.940s] copying launch/yolo_detection.launch.py -> /home/mk/dev_ws/install/yolo_object_detector/share/yolo_object_detector/launch
[1.940s] running install_egg_info
[1.940s] Copying ../../build/yolo_object_detector/yolo_object_detector.egg-info to /home/mk/dev_ws/install/yolo_object_detector/lib/python3.10/site-packages/yolo_object_detector-0.1.0-py3.10.egg-info
[1.940s] running install_scripts
[1.962s] Installing yolo_homography_node script to /home/mk/dev_ws/install/yolo_object_detector/lib/yolo_object_detector
[1.962s] writing list of installed files to '/home/mk/dev_ws/build/yolo_object_detector/install.log'
[1.991s] Invoked command in '/home/mk/dev_ws/src/yolo_object_detector' returned '0': PYTHONPATH=/home/mk/dev_ws/build/yolo_object_detector/prefix_override:/usr/lib/python3/dist-packages/colcon_core/task/python/colcon_distutils_commands:/home/mk/dev_ws/install/yolo_object_detector/lib/python3.10/site-packages:${PYTHONPATH} /usr/bin/python3 -W ignore:setup.py install is deprecated -W ignore:easy_install command is deprecated setup.py egg_info --egg-base ../../build/yolo_object_detector build --build-base /home/mk/dev_ws/build/yolo_object_detector/build install --record /home/mk/dev_ws/build/yolo_object_detector/install.log --single-version-externally-managed install_data --force
