[0.024s] Invoking command in '/home/mk/dev_ws/build/whisper_bringup': AMENT_PREFIX_PATH=/home/mk/dev_ws/install/whisper_server:/home/mk/dev_ws/install/whisper_util:/home/mk/dev_ws/install/whisper_idl:/home/mk/dev_ws/install/whisper_cpp_vendor:${AMENT_PREFIX_PATH} CMAKE_PREFIX_PATH=/home/mk/dev_ws/install/whisper_server:/home/mk/dev_ws/install/whisper_util:/home/mk/dev_ws/install/whisper_idl:/home/mk/dev_ws/install/whisper_cpp_vendor:/opt/ros/humble LD_LIBRARY_PATH=/home/mk/dev_ws/install/whisper_server/lib:/home/mk/dev_ws/install/whisper_util/lib:/home/mk/dev_ws/install/whisper_idl/lib:/home/mk/dev_ws/install/whisper_cpp_vendor/lib:${LD_LIBRARY_PATH} PYTHONPATH=/home/mk/dev_ws/install/whisper_idl/local/lib/python3.10/dist-packages:${PYTHONPATH} /usr/bin/cmake --build /home/mk/dev_ws/build/whisper_bringup -- -j20 -l20
[0.055s] Invoked command in '/home/mk/dev_ws/build/whisper_bringup' returned '0': AMENT_PREFIX_PATH=/home/mk/dev_ws/install/whisper_server:/home/mk/dev_ws/install/whisper_util:/home/mk/dev_ws/install/whisper_idl:/home/mk/dev_ws/install/whisper_cpp_vendor:${AMENT_PREFIX_PATH} CMAKE_PREFIX_PATH=/home/mk/dev_ws/install/whisper_server:/home/mk/dev_ws/install/whisper_util:/home/mk/dev_ws/install/whisper_idl:/home/mk/dev_ws/install/whisper_cpp_vendor:/opt/ros/humble LD_LIBRARY_PATH=/home/mk/dev_ws/install/whisper_server/lib:/home/mk/dev_ws/install/whisper_util/lib:/home/mk/dev_ws/install/whisper_idl/lib:/home/mk/dev_ws/install/whisper_cpp_vendor/lib:${LD_LIBRARY_PATH} PYTHONPATH=/home/mk/dev_ws/install/whisper_idl/local/lib/python3.10/dist-packages:${PYTHONPATH} /usr/bin/cmake --build /home/mk/dev_ws/build/whisper_bringup -- -j20 -l20
[0.055s] Invoking command in '/home/mk/dev_ws/build/whisper_bringup': AMENT_PREFIX_PATH=/home/mk/dev_ws/install/whisper_server:/home/mk/dev_ws/install/whisper_util:/home/mk/dev_ws/install/whisper_idl:/home/mk/dev_ws/install/whisper_cpp_vendor:${AMENT_PREFIX_PATH} CMAKE_PREFIX_PATH=/home/mk/dev_ws/install/whisper_server:/home/mk/dev_ws/install/whisper_util:/home/mk/dev_ws/install/whisper_idl:/home/mk/dev_ws/install/whisper_cpp_vendor:/opt/ros/humble LD_LIBRARY_PATH=/home/mk/dev_ws/install/whisper_server/lib:/home/mk/dev_ws/install/whisper_util/lib:/home/mk/dev_ws/install/whisper_idl/lib:/home/mk/dev_ws/install/whisper_cpp_vendor/lib:${LD_LIBRARY_PATH} PYTHONPATH=/home/mk/dev_ws/install/whisper_idl/local/lib/python3.10/dist-packages:${PYTHONPATH} /usr/bin/cmake --install /home/mk/dev_ws/build/whisper_bringup
[0.063s] -- Install configuration: ""
[0.063s] -- Execute custom install script
[0.064s] -- Up-to-date symlink: /home/mk/dev_ws/install/whisper_bringup/share/whisper_bringup/launch/bringup.launch.py
[0.064s] -- Up-to-date symlink: /home/mk/dev_ws/install/whisper_bringup/share/whisper_bringup/launch/replay.launch.py
[0.064s] -- Up-to-date symlink: /home/mk/dev_ws/install/whisper_bringup/share/ament_index/resource_index/package_run_dependencies/whisper_bringup
[0.064s] -- Up-to-date symlink: /home/mk/dev_ws/install/whisper_bringup/share/ament_index/resource_index/parent_prefix_path/whisper_bringup
[0.064s] -- Up-to-date symlink: /home/mk/dev_ws/install/whisper_bringup/share/whisper_bringup/environment/ament_prefix_path.sh
[0.064s] -- Up-to-date symlink: /home/mk/dev_ws/install/whisper_bringup/share/whisper_bringup/environment/ament_prefix_path.dsv
[0.064s] -- Up-to-date symlink: /home/mk/dev_ws/install/whisper_bringup/share/whisper_bringup/environment/path.sh
[0.064s] -- Up-to-date symlink: /home/mk/dev_ws/install/whisper_bringup/share/whisper_bringup/environment/path.dsv
[0.064s] -- Up-to-date symlink: /home/mk/dev_ws/install/whisper_bringup/share/whisper_bringup/local_setup.bash
[0.065s] -- Up-to-date symlink: /home/mk/dev_ws/install/whisper_bringup/share/whisper_bringup/local_setup.sh
[0.065s] -- Up-to-date symlink: /home/mk/dev_ws/install/whisper_bringup/share/whisper_bringup/local_setup.zsh
[0.065s] -- Up-to-date symlink: /home/mk/dev_ws/install/whisper_bringup/share/whisper_bringup/local_setup.dsv
[0.065s] -- Symlinking: /home/mk/dev_ws/install/whisper_bringup/share/whisper_bringup/package.dsv
[0.073s] -- Up-to-date symlink: /home/mk/dev_ws/install/whisper_bringup/share/ament_index/resource_index/packages/whisper_bringup
[0.073s] -- Up-to-date symlink: /home/mk/dev_ws/install/whisper_bringup/share/whisper_bringup/cmake/whisper_bringupConfig.cmake
[0.073s] -- Up-to-date symlink: /home/mk/dev_ws/install/whisper_bringup/share/whisper_bringup/cmake/whisper_bringupConfig-version.cmake
[0.073s] -- Up-to-date symlink: /home/mk/dev_ws/install/whisper_bringup/share/whisper_bringup/package.xml
[0.074s] Invoked command in '/home/mk/dev_ws/build/whisper_bringup' returned '0': AMENT_PREFIX_PATH=/home/mk/dev_ws/install/whisper_server:/home/mk/dev_ws/install/whisper_util:/home/mk/dev_ws/install/whisper_idl:/home/mk/dev_ws/install/whisper_cpp_vendor:${AMENT_PREFIX_PATH} CMAKE_PREFIX_PATH=/home/mk/dev_ws/install/whisper_server:/home/mk/dev_ws/install/whisper_util:/home/mk/dev_ws/install/whisper_idl:/home/mk/dev_ws/install/whisper_cpp_vendor:/opt/ros/humble LD_LIBRARY_PATH=/home/mk/dev_ws/install/whisper_server/lib:/home/mk/dev_ws/install/whisper_util/lib:/home/mk/dev_ws/install/whisper_idl/lib:/home/mk/dev_ws/install/whisper_cpp_vendor/lib:${LD_LIBRARY_PATH} PYTHONPATH=/home/mk/dev_ws/install/whisper_idl/local/lib/python3.10/dist-packages:${PYTHONPATH} /usr/bin/cmake --install /home/mk/dev_ws/build/whisper_bringup
