-- The C compiler identification is GNU 11.4.0
-- The CXX compiler identification is GNU 11.4.0
-- Detecting C compiler ABI info
-- Detecting C compiler ABI info - done
-- Check for working C compiler: /usr/bin/cc - skipped
-- Detecting C compile features
-- Detecting C compile features - done
-- Detecting CXX compiler ABI info
-- Detecting CXX compiler ABI info - done
-- Check for working CXX compiler: /usr/bin/c++ - skipped
-- Detecting CXX compile features
-- Detecting CXX compile features - done
-- Found ament_cmake: 1.3.14 (/opt/ros/humble/share/ament_cmake/cmake)
-- Found Python3: /usr/bin/python3 (found version "3.10.12") found components: Interpreter 
-- Override CMake install command with custom implementation using symlinks instead of copying resources
-- Found Git: /usr/bin/git (found version "2.34.1") 
-- Looking for pthread.h
-- Looking for pthread.h - found
-- Performing Test CMAKE_HAVE_LIBC_PTHREAD
-- Performing Test CMAKE_HAVE_LIBC_PTHREAD - Success
-- Found Threads: TRUE  
-- Found OpenMP_C: -fopenmp (found version "4.5") 
-- Found OpenMP_CXX: -fopenmp (found version "4.5") 
-- Found OpenMP: TRUE (found version "4.5")  
-- OpenMP found
-- Warning: ccache not found - consider installing it for faster compilation or disable this warning with GGML_CCACHE=OFF
-- CMAKE_SYSTEM_PROCESSOR: x86_64
-- x86 detected
-- Configuring done
-- Generating done
-- Build files have been written to: /home/mk/dev_ws/build/whisper_cpp_vendor
[ 33%] [32mBuilding C object _deps/whisper-build/ggml/src/CMakeFiles/ggml.dir/ggml-cpu.c.o[0m
[ 33%] [32mBuilding C object _deps/whisper-build/ggml/src/CMakeFiles/ggml.dir/ggml-alloc.c.o[0m
[ 33%] [32mBuilding CXX object _deps/whisper-build/ggml/src/CMakeFiles/ggml.dir/ggml-backend.cpp.o[0m
[ 44%] [32mBuilding C object _deps/whisper-build/ggml/src/CMakeFiles/ggml.dir/ggml-aarch64.c.o[0m
[ 55%] [32mBuilding C object _deps/whisper-build/ggml/src/CMakeFiles/ggml.dir/ggml-quants.c.o[0m
[ 66%] [32mBuilding C object _deps/whisper-build/ggml/src/CMakeFiles/ggml.dir/ggml.c.o[0m
[ 77%] [32m[1mLinking CXX shared library libggml.so[0m
[ 77%] Built target ggml
[ 88%] [32mBuilding CXX object _deps/whisper-build/src/CMakeFiles/whisper.dir/whisper.cpp.o[0m
[100%] [32m[1mLinking CXX shared library libwhisper.so[0m
[100%] Built target whisper
-- Install configuration: "Release"
-- Execute custom install script
-- Symlinking: /home/mk/dev_ws/install/whisper_cpp_vendor//libggml.so
-- Symlinking: /home/mk/dev_ws/install/whisper_cpp_vendor/lib/cmake/whisper/whisper-config.cmake
-- Symlinking: /home/mk/dev_ws/install/whisper_cpp_vendor/lib/cmake/whisper/whisper-version.cmake
-- Symlinking: /home/mk/dev_ws/install/whisper_cpp_vendor/lib/pkgconfig/whisper.pc
-- Symlinking: /home/mk/dev_ws/install/whisper_cpp_vendor/include/ggml.h
-- Symlinking: /home/mk/dev_ws/install/whisper_cpp_vendor/include/whisper.h
-- Symlinking: /home/mk/dev_ws/install/whisper_cpp_vendor/include/ggml-alloc.h
-- Symlinking: /home/mk/dev_ws/install/whisper_cpp_vendor/include/ggml-amx.h
-- Symlinking: /home/mk/dev_ws/install/whisper_cpp_vendor/include/ggml-backend.h
-- Symlinking: /home/mk/dev_ws/install/whisper_cpp_vendor/include/ggml-blas.h
-- Symlinking: /home/mk/dev_ws/install/whisper_cpp_vendor/include/ggml-cann.h
-- Symlinking: /home/mk/dev_ws/install/whisper_cpp_vendor/include/ggml-cpp.h
-- Symlinking: /home/mk/dev_ws/install/whisper_cpp_vendor/include/ggml-cpu.h
-- Symlinking: /home/mk/dev_ws/install/whisper_cpp_vendor/include/ggml-cuda.h
-- Symlinking: /home/mk/dev_ws/install/whisper_cpp_vendor/include/ggml-kompute.h
-- Symlinking: /home/mk/dev_ws/install/whisper_cpp_vendor/include/ggml-metal.h
-- Symlinking: /home/mk/dev_ws/install/whisper_cpp_vendor/include/ggml-rpc.h
-- Symlinking: /home/mk/dev_ws/install/whisper_cpp_vendor/include/ggml-sycl.h
-- Symlinking: /home/mk/dev_ws/install/whisper_cpp_vendor/include/ggml-vulkan.h
-- Up-to-date symlink: /home/mk/dev_ws/install/whisper_cpp_vendor/include/ggml.h
-- Symlinking: /home/mk/dev_ws/install/whisper_cpp_vendor/share/whisper_cpp_vendor/environment/library_path.sh
-- Symlinking: /home/mk/dev_ws/install/whisper_cpp_vendor/share/whisper_cpp_vendor/environment/library_path.dsv
-- Symlinking: /home/mk/dev_ws/install/whisper_cpp_vendor/share/ament_index/resource_index/package_run_dependencies/whisper_cpp_vendor
-- Symlinking: /home/mk/dev_ws/install/whisper_cpp_vendor/share/ament_index/resource_index/parent_prefix_path/whisper_cpp_vendor
-- Symlinking: /home/mk/dev_ws/install/whisper_cpp_vendor/share/whisper_cpp_vendor/environment/ament_prefix_path.sh
-- Symlinking: /home/mk/dev_ws/install/whisper_cpp_vendor/share/whisper_cpp_vendor/environment/ament_prefix_path.dsv
-- Symlinking: /home/mk/dev_ws/install/whisper_cpp_vendor/share/whisper_cpp_vendor/environment/path.sh
-- Symlinking: /home/mk/dev_ws/install/whisper_cpp_vendor/share/whisper_cpp_vendor/environment/path.dsv
-- Symlinking: /home/mk/dev_ws/install/whisper_cpp_vendor/share/whisper_cpp_vendor/local_setup.bash
-- Symlinking: /home/mk/dev_ws/install/whisper_cpp_vendor/share/whisper_cpp_vendor/local_setup.sh
-- Symlinking: /home/mk/dev_ws/install/whisper_cpp_vendor/share/whisper_cpp_vendor/local_setup.zsh
-- Symlinking: /home/mk/dev_ws/install/whisper_cpp_vendor/share/whisper_cpp_vendor/local_setup.dsv
-- Symlinking: /home/mk/dev_ws/install/whisper_cpp_vendor/share/whisper_cpp_vendor/package.dsv
-- Symlinking: /home/mk/dev_ws/install/whisper_cpp_vendor/share/ament_index/resource_index/packages/whisper_cpp_vendor
-- Symlinking: /home/mk/dev_ws/install/whisper_cpp_vendor/share/whisper_cpp_vendor/cmake/ament_cmake_export_targets-extras.cmake
-- Symlinking: /home/mk/dev_ws/install/whisper_cpp_vendor/share/whisper_cpp_vendor/cmake/whisper_cpp_vendorConfig.cmake
-- Symlinking: /home/mk/dev_ws/install/whisper_cpp_vendor/share/whisper_cpp_vendor/cmake/whisper_cpp_vendorConfig-version.cmake
-- Symlinking: /home/mk/dev_ws/install/whisper_cpp_vendor/share/whisper_cpp_vendor/package.xml
-- Installing: /home/mk/dev_ws/install/whisper_cpp_vendor/lib/libggml.so
-- Installing: /home/mk/dev_ws/install/whisper_cpp_vendor/lib/libwhisper.so.1.7.2
-- Installing: /home/mk/dev_ws/install/whisper_cpp_vendor/lib/libwhisper.so.1
-- Set runtime path of "/home/mk/dev_ws/install/whisper_cpp_vendor/lib/libwhisper.so.1.7.2" to ""
-- Installing: /home/mk/dev_ws/install/whisper_cpp_vendor/lib/libwhisper.so
-- Installing: /home/mk/dev_ws/install/whisper_cpp_vendor/share/whisper_cpp_vendor/cmake/export_whisperExport.cmake
-- Installing: /home/mk/dev_ws/install/whisper_cpp_vendor/share/whisper_cpp_vendor/cmake/export_whisperExport-release.cmake
-- Up-to-date: /home/mk/dev_ws/install/whisper_cpp_vendor/lib/libwhisper.so.1.7.2
-- Up-to-date: /home/mk/dev_ws/install/whisper_cpp_vendor/lib/libwhisper.so.1
-- Up-to-date: /home/mk/dev_ws/install/whisper_cpp_vendor/lib/libwhisper.so
-- Up-to-date: /home/mk/dev_ws/install/whisper_cpp_vendor/lib/libggml.so
