[0.031s] Invoking command in '/home/mk/dev_ws/build/whisper_cpp_vendor': CMAKE_PREFIX_PATH=/opt/ros/humble /usr/bin/cmake /home/mk/dev_ws/src/ros2_whisper/whisper_cpp_vendor -DAMENT_CMAKE_SYMLINK_INSTALL=1 -DCMAKE_INSTALL_PREFIX=/home/mk/dev_ws/install/whisper_cpp_vendor
[1.224s] -- The C compiler identification is GNU 11.4.0
[1.224s] -- The CXX compiler identification is GNU 11.4.0
[1.224s] -- Detecting C compiler ABI info
[1.224s] -- Detecting C compiler ABI info - done
[1.224s] -- Check for working C compiler: /usr/bin/cc - skipped
[1.224s] -- Detecting C compile features
[1.224s] -- Detecting C compile features - done
[1.224s] -- Detecting CXX compiler ABI info
[1.224s] -- Detecting CXX compiler ABI info - done
[1.224s] -- Check for working CXX compiler: /usr/bin/c++ - skipped
[1.224s] -- Detecting CXX compile features
[1.224s] -- Detecting CXX compile features - done
[1.224s] -- Found ament_cmake: 1.3.14 (/opt/ros/humble/share/ament_cmake/cmake)
[1.224s] -- Found Python3: /usr/bin/python3 (found version "3.10.12") found components: Interpreter 
[1.224s] -- Override CMake install command with custom implementation using symlinks instead of copying resources
[4.821s] -- Found Git: /usr/bin/git (found version "2.34.1") 
[4.841s] -- Looking for pthread.h
[4.905s] -- Looking for pthread.h - found
[4.905s] -- Performing Test CMAKE_HAVE_LIBC_PTHREAD
[4.970s] -- Performing Test CMAKE_HAVE_LIBC_PTHREAD - Success
[4.971s] -- Found Threads: TRUE  
[5.169s] -- Found OpenMP_C: -fopenmp (found version "4.5") 
[5.240s] -- Found OpenMP_CXX: -fopenmp (found version "4.5") 
[5.240s] -- Found OpenMP: TRUE (found version "4.5")  
[5.240s] -- OpenMP found
[5.241s] -- Warning: ccache not found - consider installing it for faster compilation or disable this warning with GGML_CCACHE=OFF
[5.255s] -- CMAKE_SYSTEM_PROCESSOR: x86_64
[5.256s] -- x86 detected
[5.268s] [0mINSTALL TARGETS - target ggml has PUBLIC_HEADER files but no PUBLIC_HEADER DESTINATION.[0m
[5.351s] -- Configuring done
[5.356s] -- Generating done
[5.359s] -- Build files have been written to: /home/mk/dev_ws/build/whisper_cpp_vendor
[5.366s] Invoked command in '/home/mk/dev_ws/build/whisper_cpp_vendor' returned '0': CMAKE_PREFIX_PATH=/opt/ros/humble /usr/bin/cmake /home/mk/dev_ws/src/ros2_whisper/whisper_cpp_vendor -DAMENT_CMAKE_SYMLINK_INSTALL=1 -DCMAKE_INSTALL_PREFIX=/home/mk/dev_ws/install/whisper_cpp_vendor
[5.367s] Invoking command in '/home/mk/dev_ws/build/whisper_cpp_vendor': CMAKE_PREFIX_PATH=/opt/ros/humble /usr/bin/cmake --build /home/mk/dev_ws/build/whisper_cpp_vendor -- -j20 -l20
[5.405s] [ 33%] [32mBuilding C object _deps/whisper-build/ggml/src/CMakeFiles/ggml.dir/ggml-cpu.c.o[0m
[5.405s] [ 33%] [32mBuilding C object _deps/whisper-build/ggml/src/CMakeFiles/ggml.dir/ggml-alloc.c.o[0m
[5.405s] [ 33%] [32mBuilding CXX object _deps/whisper-build/ggml/src/CMakeFiles/ggml.dir/ggml-backend.cpp.o[0m
[5.408s] [ 44%] [32mBuilding C object _deps/whisper-build/ggml/src/CMakeFiles/ggml.dir/ggml-aarch64.c.o[0m
[5.408s] [ 55%] [32mBuilding C object _deps/whisper-build/ggml/src/CMakeFiles/ggml.dir/ggml-quants.c.o[0m
[5.408s] [ 66%] [32mBuilding C object _deps/whisper-build/ggml/src/CMakeFiles/ggml.dir/ggml.c.o[0m
[10.449s] [ 77%] [32m[1mLinking CXX shared library libggml.so[0m
[10.575s] [ 77%] Built target ggml
[10.612s] [ 88%] [32mBuilding CXX object _deps/whisper-build/src/CMakeFiles/whisper.dir/whisper.cpp.o[0m
[12.731s] [01m[K/home/mk/dev_ws/build/whisper_cpp_vendor/_deps/whisper-src/src/whisper.cpp:226:29:[m[K [01;35m[Kwarning: [m[K‘[01m[Kggml_tensor* ggml_mul_mat_pad(ggml_context*, ggml_tensor*, ggml_tensor*, int)[m[K’ defined but not used [[01;35m[K]8;;https://gcc.gnu.org/onlinedocs/gcc/Warning-Options.html#index-Wunused-function-Wunused-function]8;;[m[K]
[12.733s]   226 | static struct ggml_tensor * [01;35m[Kggml_mul_mat_pad[m[K(struct ggml_context * ctx, struct ggml_tensor * x, struct ggml_tensor * y, int pad = 32) {
[12.733s]       |                             [01;35m[K^~~~~~~~~~~~~~~~[m[K
[19.297s] [100%] [32m[1mLinking CXX shared library libwhisper.so[0m
[19.368s] [100%] Built target whisper
[19.377s] Invoked command in '/home/mk/dev_ws/build/whisper_cpp_vendor' returned '0': CMAKE_PREFIX_PATH=/opt/ros/humble /usr/bin/cmake --build /home/mk/dev_ws/build/whisper_cpp_vendor -- -j20 -l20
[19.378s] Invoking command in '/home/mk/dev_ws/build/whisper_cpp_vendor': CMAKE_PREFIX_PATH=/opt/ros/humble /usr/bin/cmake --install /home/mk/dev_ws/build/whisper_cpp_vendor
[19.384s] -- Install configuration: "Release"
[19.384s] -- Execute custom install script
[19.384s] -- Symlinking: /home/mk/dev_ws/install/whisper_cpp_vendor//libggml.so
[19.390s] -- Symlinking: /home/mk/dev_ws/install/whisper_cpp_vendor/lib/cmake/whisper/whisper-config.cmake
[19.397s] -- Symlinking: /home/mk/dev_ws/install/whisper_cpp_vendor/lib/cmake/whisper/whisper-version.cmake
[19.401s] -- Symlinking: /home/mk/dev_ws/install/whisper_cpp_vendor/lib/pkgconfig/whisper.pc
[19.407s] -- Symlinking: /home/mk/dev_ws/install/whisper_cpp_vendor/include/ggml.h
[19.412s] -- Symlinking: /home/mk/dev_ws/install/whisper_cpp_vendor/include/whisper.h
[19.419s] -- Symlinking: /home/mk/dev_ws/install/whisper_cpp_vendor/include/ggml-alloc.h
[19.425s] -- Symlinking: /home/mk/dev_ws/install/whisper_cpp_vendor/include/ggml-amx.h
[19.431s] -- Symlinking: /home/mk/dev_ws/install/whisper_cpp_vendor/include/ggml-backend.h
[19.437s] -- Symlinking: /home/mk/dev_ws/install/whisper_cpp_vendor/include/ggml-blas.h
[19.442s] -- Symlinking: /home/mk/dev_ws/install/whisper_cpp_vendor/include/ggml-cann.h
[19.447s] -- Symlinking: /home/mk/dev_ws/install/whisper_cpp_vendor/include/ggml-cpp.h
[19.452s] -- Symlinking: /home/mk/dev_ws/install/whisper_cpp_vendor/include/ggml-cpu.h
[19.459s] -- Symlinking: /home/mk/dev_ws/install/whisper_cpp_vendor/include/ggml-cuda.h
[19.465s] -- Symlinking: /home/mk/dev_ws/install/whisper_cpp_vendor/include/ggml-kompute.h
[19.470s] -- Symlinking: /home/mk/dev_ws/install/whisper_cpp_vendor/include/ggml-metal.h
[19.475s] -- Symlinking: /home/mk/dev_ws/install/whisper_cpp_vendor/include/ggml-rpc.h
[19.480s] -- Symlinking: /home/mk/dev_ws/install/whisper_cpp_vendor/include/ggml-sycl.h
[19.486s] -- Symlinking: /home/mk/dev_ws/install/whisper_cpp_vendor/include/ggml-vulkan.h
[19.492s] -- Up-to-date symlink: /home/mk/dev_ws/install/whisper_cpp_vendor/include/ggml.h
[19.492s] -- Symlinking: /home/mk/dev_ws/install/whisper_cpp_vendor/share/whisper_cpp_vendor/environment/library_path.sh
[19.499s] -- Symlinking: /home/mk/dev_ws/install/whisper_cpp_vendor/share/whisper_cpp_vendor/environment/library_path.dsv
[19.505s] -- Symlinking: /home/mk/dev_ws/install/whisper_cpp_vendor/share/ament_index/resource_index/package_run_dependencies/whisper_cpp_vendor
[19.512s] -- Symlinking: /home/mk/dev_ws/install/whisper_cpp_vendor/share/ament_index/resource_index/parent_prefix_path/whisper_cpp_vendor
[19.516s] -- Symlinking: /home/mk/dev_ws/install/whisper_cpp_vendor/share/whisper_cpp_vendor/environment/ament_prefix_path.sh
[19.523s] -- Symlinking: /home/mk/dev_ws/install/whisper_cpp_vendor/share/whisper_cpp_vendor/environment/ament_prefix_path.dsv
[19.528s] -- Symlinking: /home/mk/dev_ws/install/whisper_cpp_vendor/share/whisper_cpp_vendor/environment/path.sh
[19.533s] -- Symlinking: /home/mk/dev_ws/install/whisper_cpp_vendor/share/whisper_cpp_vendor/environment/path.dsv
[19.538s] -- Symlinking: /home/mk/dev_ws/install/whisper_cpp_vendor/share/whisper_cpp_vendor/local_setup.bash
[19.544s] -- Symlinking: /home/mk/dev_ws/install/whisper_cpp_vendor/share/whisper_cpp_vendor/local_setup.sh
[19.551s] -- Symlinking: /home/mk/dev_ws/install/whisper_cpp_vendor/share/whisper_cpp_vendor/local_setup.zsh
[19.557s] -- Symlinking: /home/mk/dev_ws/install/whisper_cpp_vendor/share/whisper_cpp_vendor/local_setup.dsv
[19.563s] -- Symlinking: /home/mk/dev_ws/install/whisper_cpp_vendor/share/whisper_cpp_vendor/package.dsv
[19.568s] -- Symlinking: /home/mk/dev_ws/install/whisper_cpp_vendor/share/ament_index/resource_index/packages/whisper_cpp_vendor
[19.573s] -- Symlinking: /home/mk/dev_ws/install/whisper_cpp_vendor/share/whisper_cpp_vendor/cmake/ament_cmake_export_targets-extras.cmake
[19.578s] -- Symlinking: /home/mk/dev_ws/install/whisper_cpp_vendor/share/whisper_cpp_vendor/cmake/whisper_cpp_vendorConfig.cmake
[19.583s] -- Symlinking: /home/mk/dev_ws/install/whisper_cpp_vendor/share/whisper_cpp_vendor/cmake/whisper_cpp_vendorConfig-version.cmake
[19.590s] -- Symlinking: /home/mk/dev_ws/install/whisper_cpp_vendor/share/whisper_cpp_vendor/package.xml
[19.597s] -- Installing: /home/mk/dev_ws/install/whisper_cpp_vendor/lib/libggml.so
[19.597s] -- Installing: /home/mk/dev_ws/install/whisper_cpp_vendor/lib/libwhisper.so.1.7.2
[19.597s] -- Installing: /home/mk/dev_ws/install/whisper_cpp_vendor/lib/libwhisper.so.1
[19.597s] -- Set runtime path of "/home/mk/dev_ws/install/whisper_cpp_vendor/lib/libwhisper.so.1.7.2" to ""
[19.597s] -- Installing: /home/mk/dev_ws/install/whisper_cpp_vendor/lib/libwhisper.so
[19.598s] -- Installing: /home/mk/dev_ws/install/whisper_cpp_vendor/share/whisper_cpp_vendor/cmake/export_whisperExport.cmake
[19.598s] -- Installing: /home/mk/dev_ws/install/whisper_cpp_vendor/share/whisper_cpp_vendor/cmake/export_whisperExport-release.cmake
[19.598s] -- Up-to-date: /home/mk/dev_ws/install/whisper_cpp_vendor/lib/libwhisper.so.1.7.2
[19.598s] -- Up-to-date: /home/mk/dev_ws/install/whisper_cpp_vendor/lib/libwhisper.so.1
[19.598s] -- Up-to-date: /home/mk/dev_ws/install/whisper_cpp_vendor/lib/libwhisper.so
[19.598s] -- Up-to-date: /home/mk/dev_ws/install/whisper_cpp_vendor/lib/libggml.so
[19.600s] Invoked command in '/home/mk/dev_ws/build/whisper_cpp_vendor' returned '0': CMAKE_PREFIX_PATH=/opt/ros/humble /usr/bin/cmake --install /home/mk/dev_ws/build/whisper_cpp_vendor
