[0.033s] Invoking command in '/home/mk/dev_ws/build/whisper_idl': CMAKE_PREFIX_PATH=/opt/ros/humble /usr/bin/cmake /home/mk/dev_ws/src/ros2_whisper/whisper_idl -DAMENT_CMAKE_SYMLINK_INSTALL=1 -DCMAKE_INSTALL_PREFIX=/home/mk/dev_ws/install/whisper_idl
[1.225s] -- The C compiler identification is GNU 11.4.0
[1.225s] -- The CXX compiler identification is GNU 11.4.0
[1.225s] -- Detecting C compiler ABI info
[1.225s] -- Detecting C compiler ABI info - done
[1.225s] -- Check for working C compiler: /usr/bin/cc - skipped
[1.225s] -- Detecting C compile features
[1.225s] -- Detecting C compile features - done
[1.225s] -- Detecting CXX compiler ABI info
[1.225s] -- Detecting CXX compiler ABI info - done
[1.225s] -- Check for working CXX compiler: /usr/bin/c++ - skipped
[1.225s] -- Detecting CXX compile features
[1.225s] -- Detecting CXX compile features - done
[1.225s] -- Found ament_cmake: 1.3.14 (/opt/ros/humble/share/ament_cmake/cmake)
[1.225s] -- Found Python3: /usr/bin/python3 (found version "3.10.12") found components: Interpreter 
[1.225s] -- Override CMake install command with custom implementation using symlinks instead of copying resources
[1.225s] -- Found builtin_interfaces: 1.2.2 (/opt/ros/humble/share/builtin_interfaces/cmake)
[1.225s] -- Found rosidl_generator_c: 3.1.8 (/opt/ros/humble/share/rosidl_generator_c/cmake)
[1.225s] -- Found rosidl_adapter: 3.1.8 (/opt/ros/humble/share/rosidl_adapter/cmake)
[1.225s] -- Found rosidl_generator_cpp: 3.1.8 (/opt/ros/humble/share/rosidl_generator_cpp/cmake)
[1.226s] -- Using all available rosidl_typesupport_c: rosidl_typesupport_fastrtps_c;rosidl_typesupport_introspection_c
[1.226s] -- Using all available rosidl_typesupport_cpp: rosidl_typesupport_fastrtps_cpp;rosidl_typesupport_introspection_cpp
[1.226s] -- Found rosidl_default_generators: 1.2.1 (/opt/ros/humble/share/rosidl_default_generators/cmake)
[1.226s] -- Found ament_cmake_ros: 0.10.0 (/opt/ros/humble/share/ament_cmake_ros/cmake)
[1.226s] -- Using all available rosidl_typesupport_c: rosidl_typesupport_fastrtps_c;rosidl_typesupport_introspection_c
[1.226s] -- Using all available rosidl_typesupport_cpp: rosidl_typesupport_fastrtps_cpp;rosidl_typesupport_introspection_cpp
[1.226s] -- Found PythonInterp: /usr/bin/python3 (found suitable version "3.10.12", minimum required is "3.6") 
[1.226s] -- Found python_cmake_module: 0.10.0 (/opt/ros/humble/share/python_cmake_module/cmake)
[1.226s] -- Found PythonLibs: /usr/lib/x86_64-linux-gnu/libpython3.10.so (found suitable version "3.10.12", minimum required is "3.5") 
[1.226s] -- Using PYTHON_EXECUTABLE: /usr/bin/python3
[1.226s] -- Using PYTHON_INCLUDE_DIRS: /usr/include/python3.10
[1.226s] -- Using PYTHON_LIBRARIES: /usr/lib/x86_64-linux-gnu/libpython3.10.so
[1.226s] -- Found PythonExtra: .so  
[1.226s] -- Configuring done
[1.226s] -- Generating done
[1.226s] -- Build files have been written to: /home/mk/dev_ws/build/whisper_idl
[1.237s] Invoked command in '/home/mk/dev_ws/build/whisper_idl' returned '0': CMAKE_PREFIX_PATH=/opt/ros/humble /usr/bin/cmake /home/mk/dev_ws/src/ros2_whisper/whisper_idl -DAMENT_CMAKE_SYMLINK_INSTALL=1 -DCMAKE_INSTALL_PREFIX=/home/mk/dev_ws/install/whisper_idl
[1.238s] Invoking command in '/home/mk/dev_ws/build/whisper_idl': CMAKE_PREFIX_PATH=/opt/ros/humble /usr/bin/cmake --build /home/mk/dev_ws/build/whisper_idl -- -j20 -l20
[1.261s] [  2%] [34m[1mGenerating C code for ROS interfaces[0m
[1.268s] [  4%] [34m[1mGenerating C++ code for ROS interfaces[0m
[1.273s] [  4%] Built target ament_cmake_python_symlink_whisper_idl
[1.274s] [  6%] [34m[1mGenerating Rust code for ROS interfaces[0m
[1.657s] running egg_info
[1.657s] creating whisper_idl.egg-info
[1.657s] writing whisper_idl.egg-info/PKG-INFO
[1.657s] writing dependency_links to whisper_idl.egg-info/dependency_links.txt
[1.658s] writing top-level names to whisper_idl.egg-info/top_level.txt
[1.663s] writing manifest file 'whisper_idl.egg-info/SOURCES.txt'
[1.665s] reading manifest file 'whisper_idl.egg-info/SOURCES.txt'
[1.665s] writing manifest file 'whisper_idl.egg-info/SOURCES.txt'
[1.737s] [  6%] Built target ament_cmake_python_build_whisper_idl_egg
[1.915s] [  6%] Built target whisper_idl__rs
[2.324s] [  6%] Built target whisper_idl__cpp
[2.350s] [  8%] [34m[1mGenerating C++ type support for eProsima Fast-RTPS[0m
[2.366s] [ 10%] [34m[1mGenerating C++ type support dispatch for ROS interfaces[0m
[2.366s] [ 12%] [34m[1mGenerating C++ introspection for ROS interfaces[0m
[2.477s] [ 14%] [32mBuilding C object CMakeFiles/whisper_idl__rosidl_generator_c.dir/rosidl_generator_c/whisper_idl/action/detail/inference__functions.c.o[0m
[2.483s] [ 16%] [32mBuilding C object CMakeFiles/whisper_idl__rosidl_generator_c.dir/rosidl_generator_c/whisper_idl/msg/detail/whisper_tokens__functions.c.o[0m
[2.484s] [ 18%] [32mBuilding C object CMakeFiles/whisper_idl__rosidl_generator_c.dir/rosidl_generator_c/whisper_idl/msg/detail/audio_transcript__functions.c.o[0m
[2.775s] [ 20%] [32m[1mLinking C shared library libwhisper_idl__rosidl_generator_c.so[0m
[2.868s] [ 20%] Built target whisper_idl__rosidl_generator_c
[2.898s] [ 25%] [34m[1mGenerating C introspection for ROS interfaces[0m
[2.898s] [ 22%] [34m[1mGenerating C type support for eProsima Fast-RTPS[0m
[2.907s] [ 27%] [34m[1mGenerating C type support dispatch for ROS interfaces[0m
[3.454s] [ 29%] [32mBuilding CXX object CMakeFiles/whisper_idl__rosidl_typesupport_cpp.dir/rosidl_typesupport_cpp/whisper_idl/action/inference__type_support.cpp.o[0m
[3.459s] [ 31%] [32mBuilding CXX object CMakeFiles/whisper_idl__rosidl_typesupport_cpp.dir/rosidl_typesupport_cpp/whisper_idl/msg/whisper_tokens__type_support.cpp.o[0m
[3.459s] [ 33%] [32mBuilding CXX object CMakeFiles/whisper_idl__rosidl_typesupport_cpp.dir/rosidl_typesupport_cpp/whisper_idl/msg/audio_transcript__type_support.cpp.o[0m
[3.469s] [ 35%] [32mBuilding CXX object CMakeFiles/whisper_idl__rosidl_typesupport_fastrtps_cpp.dir/rosidl_typesupport_fastrtps_cpp/whisper_idl/msg/detail/dds_fastrtps/whisper_tokens__type_support.cpp.o[0m
[3.473s] [ 37%] [32mBuilding CXX object CMakeFiles/whisper_idl__rosidl_typesupport_fastrtps_cpp.dir/rosidl_typesupport_fastrtps_cpp/whisper_idl/action/detail/dds_fastrtps/inference__type_support.cpp.o[0m
[3.473s] [ 39%] [32mBuilding CXX object CMakeFiles/whisper_idl__rosidl_typesupport_fastrtps_cpp.dir/rosidl_typesupport_fastrtps_cpp/whisper_idl/msg/detail/dds_fastrtps/audio_transcript__type_support.cpp.o[0m
[3.500s] [ 41%] [32mBuilding CXX object CMakeFiles/whisper_idl__rosidl_typesupport_c.dir/rosidl_typesupport_c/whisper_idl/action/inference__type_support.cpp.o[0m
[3.519s] [ 43%] [32mBuilding CXX object CMakeFiles/whisper_idl__rosidl_typesupport_c.dir/rosidl_typesupport_c/whisper_idl/msg/whisper_tokens__type_support.cpp.o[0m
[3.519s] [ 45%] [32mBuilding CXX object CMakeFiles/whisper_idl__rosidl_typesupport_c.dir/rosidl_typesupport_c/whisper_idl/msg/audio_transcript__type_support.cpp.o[0m
[3.537s] [ 47%] [32mBuilding CXX object CMakeFiles/whisper_idl__rosidl_typesupport_introspection_cpp.dir/rosidl_typesupport_introspection_cpp/whisper_idl/action/detail/inference__type_support.cpp.o[0m
[3.541s] [ 50%] [32mBuilding CXX object CMakeFiles/whisper_idl__rosidl_typesupport_introspection_cpp.dir/rosidl_typesupport_introspection_cpp/whisper_idl/msg/detail/audio_transcript__type_support.cpp.o[0m
[3.545s] [ 52%] [32mBuilding CXX object CMakeFiles/whisper_idl__rosidl_typesupport_introspection_cpp.dir/rosidl_typesupport_introspection_cpp/whisper_idl/msg/detail/whisper_tokens__type_support.cpp.o[0m
[3.574s] [ 54%] [32mBuilding CXX object CMakeFiles/whisper_idl__rosidl_typesupport_fastrtps_c.dir/rosidl_typesupport_fastrtps_c/whisper_idl/action/detail/inference__type_support_c.cpp.o[0m
[3.575s] [ 58%] [32mBuilding CXX object CMakeFiles/whisper_idl__rosidl_typesupport_fastrtps_c.dir/rosidl_typesupport_fastrtps_c/whisper_idl/msg/detail/whisper_tokens__type_support_c.cpp.o[0m
[3.575s] [ 56%] [32mBuilding CXX object CMakeFiles/whisper_idl__rosidl_typesupport_fastrtps_c.dir/rosidl_typesupport_fastrtps_c/whisper_idl/msg/detail/audio_transcript__type_support_c.cpp.o[0m
[3.575s] [ 60%] [32m[1mLinking CXX shared library libwhisper_idl__rosidl_typesupport_c.so[0m
[3.654s] [ 60%] Built target whisper_idl__rosidl_typesupport_c
[3.769s] [ 62%] [32mBuilding C object CMakeFiles/whisper_idl__rosidl_typesupport_introspection_c.dir/rosidl_typesupport_introspection_c/whisper_idl/msg/detail/whisper_tokens__type_support.c.o[0m
[3.770s] [ 64%] [32mBuilding C object CMakeFiles/whisper_idl__rosidl_typesupport_introspection_c.dir/rosidl_typesupport_introspection_c/whisper_idl/msg/detail/audio_transcript__type_support.c.o[0m
[3.773s] [ 66%] [32mBuilding C object CMakeFiles/whisper_idl__rosidl_typesupport_introspection_c.dir/rosidl_typesupport_introspection_c/whisper_idl/action/detail/inference__type_support.c.o[0m
[3.915s] [ 68%] [32m[1mLinking C shared library libwhisper_idl__rosidl_typesupport_introspection_c.so[0m
[3.979s] [ 68%] Built target whisper_idl__rosidl_typesupport_introspection_c
[3.986s] [ 70%] [32m[1mLinking CXX shared library libwhisper_idl__rosidl_typesupport_cpp.so[0m
[4.065s] [ 70%] Built target whisper_idl__rosidl_typesupport_cpp
[4.218s] [ 72%] [32m[1mLinking CXX shared library libwhisper_idl__rosidl_typesupport_fastrtps_c.so[0m
[4.335s] [ 72%] Built target whisper_idl__rosidl_typesupport_fastrtps_c
[4.481s] [ 75%] [32m[1mLinking CXX shared library libwhisper_idl__rosidl_typesupport_fastrtps_cpp.so[0m
[4.485s] [ 77%] [32m[1mLinking CXX shared library libwhisper_idl__rosidl_typesupport_introspection_cpp.so[0m
[4.569s] [ 77%] Built target whisper_idl__rosidl_typesupport_introspection_cpp
[4.579s] [ 77%] Built target whisper_idl__rosidl_typesupport_fastrtps_cpp
[4.595s] [ 77%] Built target whisper_idl
[4.609s] [ 79%] [34m[1mGenerating Python code for ROS interfaces[0m
[5.400s] [ 79%] Built target whisper_idl__py
[5.420s] [ 81%] [32mBuilding C object CMakeFiles/whisper_idl__rosidl_generator_py.dir/rosidl_generator_py/whisper_idl/action/_inference_s.c.o[0m
[5.422s] [ 83%] [32mBuilding C object CMakeFiles/whisper_idl__rosidl_generator_py.dir/rosidl_generator_py/whisper_idl/msg/_whisper_tokens_s.c.o[0m
[5.431s] [ 85%] [32mBuilding C object CMakeFiles/whisper_idl__rosidl_generator_py.dir/rosidl_generator_py/whisper_idl/msg/_audio_transcript_s.c.o[0m
[5.625s] [ 87%] [32m[1mLinking C shared library rosidl_generator_py/whisper_idl/libwhisper_idl__rosidl_generator_py.so[0m
[5.671s] [ 87%] Built target whisper_idl__rosidl_generator_py
[5.696s] [ 89%] [32mBuilding C object CMakeFiles/whisper_idl__rosidl_typesupport_fastrtps_c__pyext.dir/rosidl_generator_py/whisper_idl/_whisper_idl_s.ep.rosidl_typesupport_fastrtps_c.c.o[0m
[5.698s] [ 91%] [32mBuilding C object CMakeFiles/whisper_idl__rosidl_typesupport_introspection_c__pyext.dir/rosidl_generator_py/whisper_idl/_whisper_idl_s.ep.rosidl_typesupport_introspection_c.c.o[0m
[5.704s] [ 93%] [32mBuilding C object CMakeFiles/whisper_idl__rosidl_typesupport_c__pyext.dir/rosidl_generator_py/whisper_idl/_whisper_idl_s.ep.rosidl_typesupport_c.c.o[0m
[5.812s] [ 97%] [32m[1mLinking C shared library rosidl_generator_py/whisper_idl/whisper_idl_s__rosidl_typesupport_fastrtps_c.cpython-310-x86_64-linux-gnu.so[0m
[5.812s] [ 97%] [32m[1mLinking C shared library rosidl_generator_py/whisper_idl/whisper_idl_s__rosidl_typesupport_introspection_c.cpython-310-x86_64-linux-gnu.so[0m
[5.812s] [100%] [32m[1mLinking C shared library rosidl_generator_py/whisper_idl/whisper_idl_s__rosidl_typesupport_c.cpython-310-x86_64-linux-gnu.so[0m
[5.841s] [100%] Built target whisper_idl__rosidl_typesupport_fastrtps_c__pyext
[5.844s] [100%] Built target whisper_idl__rosidl_typesupport_introspection_c__pyext
[5.848s] [100%] Built target whisper_idl__rosidl_typesupport_c__pyext
[5.861s] Invoked command in '/home/mk/dev_ws/build/whisper_idl' returned '0': CMAKE_PREFIX_PATH=/opt/ros/humble /usr/bin/cmake --build /home/mk/dev_ws/build/whisper_idl -- -j20 -l20
[5.861s] Invoking command in '/home/mk/dev_ws/build/whisper_idl': CMAKE_PREFIX_PATH=/opt/ros/humble /usr/bin/cmake --install /home/mk/dev_ws/build/whisper_idl
[5.867s] -- Install configuration: ""
[5.871s] -- Execute custom install script
[5.871s] -- Symlinking: /home/mk/dev_ws/install/whisper_idl/share/ament_index/resource_index/rosidl_interfaces/whisper_idl
[5.875s] -- Symlinking: /home/mk/dev_ws/install/whisper_idl/include/whisper_idl/whisper_idl/action/detail/inference__functions.h
[5.882s] -- Symlinking: /home/mk/dev_ws/install/whisper_idl/include/whisper_idl/whisper_idl/action/detail/inference__struct.h
[5.888s] -- Symlinking: /home/mk/dev_ws/install/whisper_idl/include/whisper_idl/whisper_idl/action/detail/inference__type_support.h
[5.895s] -- Symlinking: /home/mk/dev_ws/install/whisper_idl/include/whisper_idl/whisper_idl/action/inference.h
[5.902s] -- Symlinking: /home/mk/dev_ws/install/whisper_idl/include/whisper_idl/whisper_idl/msg/audio_transcript.h
[5.909s] -- Symlinking: /home/mk/dev_ws/install/whisper_idl/include/whisper_idl/whisper_idl/msg/detail/audio_transcript__functions.h
[5.916s] -- Symlinking: /home/mk/dev_ws/install/whisper_idl/include/whisper_idl/whisper_idl/msg/detail/audio_transcript__struct.h
[5.923s] -- Symlinking: /home/mk/dev_ws/install/whisper_idl/include/whisper_idl/whisper_idl/msg/detail/audio_transcript__type_support.h
[5.930s] -- Symlinking: /home/mk/dev_ws/install/whisper_idl/include/whisper_idl/whisper_idl/msg/detail/whisper_tokens__functions.h
[5.937s] -- Symlinking: /home/mk/dev_ws/install/whisper_idl/include/whisper_idl/whisper_idl/msg/detail/whisper_tokens__struct.h
[5.945s] -- Symlinking: /home/mk/dev_ws/install/whisper_idl/include/whisper_idl/whisper_idl/msg/detail/whisper_tokens__type_support.h
[5.952s] -- Symlinking: /home/mk/dev_ws/install/whisper_idl/include/whisper_idl/whisper_idl/msg/rosidl_generator_c__visibility_control.h
[5.959s] -- Symlinking: /home/mk/dev_ws/install/whisper_idl/include/whisper_idl/whisper_idl/msg/whisper_tokens.h
[5.966s] -- Symlinking: /home/mk/dev_ws/install/whisper_idl/share/whisper_idl/environment/library_path.sh
[5.972s] -- Symlinking: /home/mk/dev_ws/install/whisper_idl/share/whisper_idl/environment/library_path.dsv
[5.982s] -- Symlinking: /home/mk/dev_ws/install/whisper_idl/include/whisper_idl/whisper_idl/action/detail/inference__rosidl_typesupport_fastrtps_c.h
[6.007s] -- Symlinking: /home/mk/dev_ws/install/whisper_idl/include/whisper_idl/whisper_idl/msg/detail/audio_transcript__rosidl_typesupport_fastrtps_c.h
[6.017s] -- Symlinking: /home/mk/dev_ws/install/whisper_idl/include/whisper_idl/whisper_idl/msg/detail/whisper_tokens__rosidl_typesupport_fastrtps_c.h
[6.024s] -- Symlinking: /home/mk/dev_ws/install/whisper_idl/include/whisper_idl/whisper_idl/msg/rosidl_typesupport_fastrtps_c__visibility_control.h
[6.035s] -- Symlinking: /home/mk/dev_ws/install/whisper_idl/include/whisper_idl/whisper_idl/action/detail/inference__builder.hpp
[6.042s] -- Symlinking: /home/mk/dev_ws/install/whisper_idl/include/whisper_idl/whisper_idl/action/detail/inference__struct.hpp
[6.051s] -- Symlinking: /home/mk/dev_ws/install/whisper_idl/include/whisper_idl/whisper_idl/action/detail/inference__traits.hpp
[6.060s] -- Symlinking: /home/mk/dev_ws/install/whisper_idl/include/whisper_idl/whisper_idl/action/detail/inference__type_support.hpp
[6.064s] -- Symlinking: /home/mk/dev_ws/install/whisper_idl/include/whisper_idl/whisper_idl/action/inference.hpp
[6.071s] -- Symlinking: /home/mk/dev_ws/install/whisper_idl/include/whisper_idl/whisper_idl/msg/audio_transcript.hpp
[6.085s] -- Symlinking: /home/mk/dev_ws/install/whisper_idl/include/whisper_idl/whisper_idl/msg/detail/audio_transcript__builder.hpp
[6.106s] -- Symlinking: /home/mk/dev_ws/install/whisper_idl/include/whisper_idl/whisper_idl/msg/detail/audio_transcript__struct.hpp
[6.123s] -- Symlinking: /home/mk/dev_ws/install/whisper_idl/include/whisper_idl/whisper_idl/msg/detail/audio_transcript__traits.hpp
[6.141s] -- Symlinking: /home/mk/dev_ws/install/whisper_idl/include/whisper_idl/whisper_idl/msg/detail/audio_transcript__type_support.hpp
[6.160s] -- Symlinking: /home/mk/dev_ws/install/whisper_idl/include/whisper_idl/whisper_idl/msg/detail/whisper_tokens__builder.hpp
[6.178s] -- Symlinking: /home/mk/dev_ws/install/whisper_idl/include/whisper_idl/whisper_idl/msg/detail/whisper_tokens__struct.hpp
[6.191s] -- Symlinking: /home/mk/dev_ws/install/whisper_idl/include/whisper_idl/whisper_idl/msg/detail/whisper_tokens__traits.hpp
[6.204s] -- Symlinking: /home/mk/dev_ws/install/whisper_idl/include/whisper_idl/whisper_idl/msg/detail/whisper_tokens__type_support.hpp
[6.227s] -- Symlinking: /home/mk/dev_ws/install/whisper_idl/include/whisper_idl/whisper_idl/msg/rosidl_generator_cpp__visibility_control.hpp
[6.238s] -- Symlinking: /home/mk/dev_ws/install/whisper_idl/include/whisper_idl/whisper_idl/msg/whisper_tokens.hpp
[6.254s] -- Symlinking: /home/mk/dev_ws/install/whisper_idl/include/whisper_idl/whisper_idl/action/detail/inference__rosidl_typesupport_fastrtps_cpp.hpp
[6.273s] -- Symlinking: /home/mk/dev_ws/install/whisper_idl/include/whisper_idl/whisper_idl/msg/detail/audio_transcript__rosidl_typesupport_fastrtps_cpp.hpp
[6.285s] -- Symlinking: /home/mk/dev_ws/install/whisper_idl/include/whisper_idl/whisper_idl/msg/detail/whisper_tokens__rosidl_typesupport_fastrtps_cpp.hpp
[6.300s] -- Symlinking: /home/mk/dev_ws/install/whisper_idl/include/whisper_idl/whisper_idl/msg/rosidl_typesupport_fastrtps_cpp__visibility_control.h
[6.318s] -- Symlinking: /home/mk/dev_ws/install/whisper_idl/include/whisper_idl/whisper_idl/action/detail/inference__rosidl_typesupport_introspection_c.h
[6.334s] -- Symlinking: /home/mk/dev_ws/install/whisper_idl/include/whisper_idl/whisper_idl/msg/detail/audio_transcript__rosidl_typesupport_introspection_c.h
[6.349s] -- Symlinking: /home/mk/dev_ws/install/whisper_idl/include/whisper_idl/whisper_idl/msg/detail/whisper_tokens__rosidl_typesupport_introspection_c.h
[6.363s] -- Symlinking: /home/mk/dev_ws/install/whisper_idl/include/whisper_idl/whisper_idl/msg/rosidl_typesupport_introspection_c__visibility_control.h
[6.381s] -- Symlinking: /home/mk/dev_ws/install/whisper_idl/include/whisper_idl/whisper_idl/action/detail/inference__rosidl_typesupport_introspection_cpp.hpp
[6.398s] -- Symlinking: /home/mk/dev_ws/install/whisper_idl/include/whisper_idl/whisper_idl/msg/detail/audio_transcript__rosidl_typesupport_introspection_cpp.hpp
[6.415s] -- Symlinking: /home/mk/dev_ws/install/whisper_idl/include/whisper_idl/whisper_idl/msg/detail/whisper_tokens__rosidl_typesupport_introspection_cpp.hpp
[6.433s] -- Symlinking: /home/mk/dev_ws/install/whisper_idl/share/whisper_idl/environment/pythonpath.sh
[6.448s] -- Symlinking: /home/mk/dev_ws/install/whisper_idl/share/whisper_idl/environment/pythonpath.dsv
[6.473s] -- Symlinking: /home/mk/dev_ws/install/whisper_idl/local/lib/python3.10/dist-packages/whisper_idl-1.4.0-py3.10.egg-info/PKG-INFO
[6.488s] -- Symlinking: /home/mk/dev_ws/install/whisper_idl/local/lib/python3.10/dist-packages/whisper_idl-1.4.0-py3.10.egg-info/SOURCES.txt
[6.515s] -- Symlinking: /home/mk/dev_ws/install/whisper_idl/local/lib/python3.10/dist-packages/whisper_idl-1.4.0-py3.10.egg-info/dependency_links.txt
[6.521s] -- Symlinking: /home/mk/dev_ws/install/whisper_idl/local/lib/python3.10/dist-packages/whisper_idl-1.4.0-py3.10.egg-info/top_level.txt
[6.539s] -- Symlinking: /home/mk/dev_ws/install/whisper_idl/local/lib/python3.10/dist-packages/whisper_idl/__init__.py
[6.552s] -- Symlinking: /home/mk/dev_ws/install/whisper_idl/local/lib/python3.10/dist-packages/whisper_idl/_whisper_idl_s.ep.rosidl_typesupport_c.c
[6.565s] -- Symlinking: /home/mk/dev_ws/install/whisper_idl/local/lib/python3.10/dist-packages/whisper_idl/_whisper_idl_s.ep.rosidl_typesupport_fastrtps_c.c
[6.581s] -- Symlinking: /home/mk/dev_ws/install/whisper_idl/local/lib/python3.10/dist-packages/whisper_idl/_whisper_idl_s.ep.rosidl_typesupport_introspection_c.c
[6.594s] -- Symlinking: /home/mk/dev_ws/install/whisper_idl/local/lib/python3.10/dist-packages/whisper_idl/action/__init__.py
[6.609s] -- Symlinking: /home/mk/dev_ws/install/whisper_idl/local/lib/python3.10/dist-packages/whisper_idl/action/_inference.py
[6.615s] -- Symlinking: /home/mk/dev_ws/install/whisper_idl/local/lib/python3.10/dist-packages/whisper_idl/action/_inference_s.c
[6.627s] -- Symlinking: /home/mk/dev_ws/install/whisper_idl/local/lib/python3.10/dist-packages/whisper_idl/libwhisper_idl__rosidl_generator_py.so
[6.650s] -- Symlinking: /home/mk/dev_ws/install/whisper_idl/local/lib/python3.10/dist-packages/whisper_idl/msg/__init__.py
[6.661s] -- Symlinking: /home/mk/dev_ws/install/whisper_idl/local/lib/python3.10/dist-packages/whisper_idl/msg/_audio_transcript.py
[6.671s] -- Symlinking: /home/mk/dev_ws/install/whisper_idl/local/lib/python3.10/dist-packages/whisper_idl/msg/_audio_transcript_s.c
[6.685s] -- Symlinking: /home/mk/dev_ws/install/whisper_idl/local/lib/python3.10/dist-packages/whisper_idl/msg/_whisper_tokens.py
[6.694s] -- Symlinking: /home/mk/dev_ws/install/whisper_idl/local/lib/python3.10/dist-packages/whisper_idl/msg/_whisper_tokens_s.c
[6.701s] -- Symlinking: /home/mk/dev_ws/install/whisper_idl/local/lib/python3.10/dist-packages/whisper_idl/whisper_idl_s__rosidl_typesupport_c.cpython-310-x86_64-linux-gnu.so
[6.707s] -- Symlinking: /home/mk/dev_ws/install/whisper_idl/local/lib/python3.10/dist-packages/whisper_idl/whisper_idl_s__rosidl_typesupport_fastrtps_c.cpython-310-x86_64-linux-gnu.so
[6.715s] -- Symlinking: /home/mk/dev_ws/install/whisper_idl/local/lib/python3.10/dist-packages/whisper_idl/whisper_idl_s__rosidl_typesupport_introspection_c.cpython-310-x86_64-linux-gnu.so
[6.737s] -- Up-to-date symlink: /home/mk/dev_ws/install/whisper_idl/local/lib/python3.10/dist-packages/whisper_idl/whisper_idl_s__rosidl_typesupport_fastrtps_c.cpython-310-x86_64-linux-gnu.so
[6.737s] -- Up-to-date symlink: /home/mk/dev_ws/install/whisper_idl/local/lib/python3.10/dist-packages/whisper_idl/whisper_idl_s__rosidl_typesupport_introspection_c.cpython-310-x86_64-linux-gnu.so
[6.737s] -- Up-to-date symlink: /home/mk/dev_ws/install/whisper_idl/local/lib/python3.10/dist-packages/whisper_idl/whisper_idl_s__rosidl_typesupport_c.cpython-310-x86_64-linux-gnu.so
[6.737s] -- Symlinking: /home/mk/dev_ws/install/whisper_idl/share/ament_index/resource_index/rust_packages/whisper_idl
[6.761s] -- Symlinking: /home/mk/dev_ws/install/whisper_idl/share/whisper_idl/rust/Cargo.toml
[6.779s] -- Symlinking: /home/mk/dev_ws/install/whisper_idl/share/whisper_idl/rust/build.rs
[6.794s] -- Symlinking: /home/mk/dev_ws/install/whisper_idl/share/whisper_idl/rust/src/action.rs
[6.812s] -- Symlinking: /home/mk/dev_ws/install/whisper_idl/share/whisper_idl/rust/src/action/rmw.rs
[6.833s] -- Symlinking: /home/mk/dev_ws/install/whisper_idl/share/whisper_idl/rust/src/lib.rs
[6.850s] -- Symlinking: /home/mk/dev_ws/install/whisper_idl/share/whisper_idl/rust/src/msg.rs
[6.869s] -- Symlinking: /home/mk/dev_ws/install/whisper_idl/share/whisper_idl/rust/src/msg/rmw.rs
[6.896s] -- Symlinking: /home/mk/dev_ws/install/whisper_idl/share/whisper_idl/action/Inference.idl
[6.913s] -- Symlinking: /home/mk/dev_ws/install/whisper_idl/share/whisper_idl/msg/WhisperTokens.idl
[6.927s] -- Symlinking: /home/mk/dev_ws/install/whisper_idl/share/whisper_idl/msg/AudioTranscript.idl
[6.940s] -- Symlinking: /home/mk/dev_ws/install/whisper_idl/share/whisper_idl/action/Inference.action
[6.950s] -- Symlinking: /home/mk/dev_ws/install/whisper_idl/share/whisper_idl/msg/WhisperTokens.msg
[6.965s] -- Symlinking: /home/mk/dev_ws/install/whisper_idl/share/whisper_idl/msg/AudioTranscript.msg
[6.973s] -- Symlinking: /home/mk/dev_ws/install/whisper_idl/share/ament_index/resource_index/package_run_dependencies/whisper_idl
[6.986s] -- Symlinking: /home/mk/dev_ws/install/whisper_idl/share/ament_index/resource_index/parent_prefix_path/whisper_idl
[6.997s] -- Symlinking: /home/mk/dev_ws/install/whisper_idl/share/whisper_idl/environment/ament_prefix_path.sh
[7.005s] -- Symlinking: /home/mk/dev_ws/install/whisper_idl/share/whisper_idl/environment/ament_prefix_path.dsv
[7.013s] -- Symlinking: /home/mk/dev_ws/install/whisper_idl/share/whisper_idl/environment/path.sh
[7.020s] -- Symlinking: /home/mk/dev_ws/install/whisper_idl/share/whisper_idl/environment/path.dsv
[7.033s] -- Symlinking: /home/mk/dev_ws/install/whisper_idl/share/whisper_idl/local_setup.bash
[7.047s] -- Symlinking: /home/mk/dev_ws/install/whisper_idl/share/whisper_idl/local_setup.sh
[7.056s] -- Symlinking: /home/mk/dev_ws/install/whisper_idl/share/whisper_idl/local_setup.zsh
[7.063s] -- Symlinking: /home/mk/dev_ws/install/whisper_idl/share/whisper_idl/local_setup.dsv
[7.075s] -- Symlinking: /home/mk/dev_ws/install/whisper_idl/share/whisper_idl/package.dsv
[7.086s] -- Symlinking: /home/mk/dev_ws/install/whisper_idl/share/ament_index/resource_index/packages/whisper_idl
[7.103s] -- Symlinking: /home/mk/dev_ws/install/whisper_idl/share/whisper_idl/cmake/rosidl_cmake-extras.cmake
[7.118s] -- Symlinking: /home/mk/dev_ws/install/whisper_idl/share/whisper_idl/cmake/ament_cmake_export_dependencies-extras.cmake
[7.138s] -- Symlinking: /home/mk/dev_ws/install/whisper_idl/share/whisper_idl/cmake/ament_cmake_export_include_directories-extras.cmake
[7.157s] -- Symlinking: /home/mk/dev_ws/install/whisper_idl/share/whisper_idl/cmake/ament_cmake_export_libraries-extras.cmake
[7.173s] -- Symlinking: /home/mk/dev_ws/install/whisper_idl/share/whisper_idl/cmake/ament_cmake_export_targets-extras.cmake
[7.191s] -- Symlinking: /home/mk/dev_ws/install/whisper_idl/share/whisper_idl/cmake/rosidl_cmake_export_typesupport_targets-extras.cmake
[7.207s] -- Symlinking: /home/mk/dev_ws/install/whisper_idl/share/whisper_idl/cmake/rosidl_cmake_export_typesupport_libraries-extras.cmake
[7.230s] -- Symlinking: /home/mk/dev_ws/install/whisper_idl/share/whisper_idl/cmake/whisper_idlConfig.cmake
[7.256s] -- Symlinking: /home/mk/dev_ws/install/whisper_idl/share/whisper_idl/cmake/whisper_idlConfig-version.cmake
[7.271s] -- Symlinking: /home/mk/dev_ws/install/whisper_idl/share/whisper_idl/package.xml
[7.301s] -- Installing: /home/mk/dev_ws/install/whisper_idl/lib/libwhisper_idl__rosidl_generator_c.so
[7.301s] -- Set runtime path of "/home/mk/dev_ws/install/whisper_idl/lib/libwhisper_idl__rosidl_generator_c.so" to ""
[7.301s] -- Installing: /home/mk/dev_ws/install/whisper_idl/lib/libwhisper_idl__rosidl_typesupport_fastrtps_c.so
[7.301s] -- Set runtime path of "/home/mk/dev_ws/install/whisper_idl/lib/libwhisper_idl__rosidl_typesupport_fastrtps_c.so" to ""
[7.301s] -- Installing: /home/mk/dev_ws/install/whisper_idl/lib/libwhisper_idl__rosidl_typesupport_fastrtps_cpp.so
[7.301s] -- Set runtime path of "/home/mk/dev_ws/install/whisper_idl/lib/libwhisper_idl__rosidl_typesupport_fastrtps_cpp.so" to ""
[7.301s] -- Installing: /home/mk/dev_ws/install/whisper_idl/lib/libwhisper_idl__rosidl_typesupport_introspection_c.so
[7.301s] -- Set runtime path of "/home/mk/dev_ws/install/whisper_idl/lib/libwhisper_idl__rosidl_typesupport_introspection_c.so" to ""
[7.301s] -- Installing: /home/mk/dev_ws/install/whisper_idl/lib/libwhisper_idl__rosidl_typesupport_c.so
[7.301s] -- Set runtime path of "/home/mk/dev_ws/install/whisper_idl/lib/libwhisper_idl__rosidl_typesupport_c.so" to ""
[7.301s] -- Installing: /home/mk/dev_ws/install/whisper_idl/lib/libwhisper_idl__rosidl_typesupport_introspection_cpp.so
[7.301s] -- Set runtime path of "/home/mk/dev_ws/install/whisper_idl/lib/libwhisper_idl__rosidl_typesupport_introspection_cpp.so" to ""
[7.301s] -- Installing: /home/mk/dev_ws/install/whisper_idl/lib/libwhisper_idl__rosidl_typesupport_cpp.so
[7.301s] -- Set runtime path of "/home/mk/dev_ws/install/whisper_idl/lib/libwhisper_idl__rosidl_typesupport_cpp.so" to ""
[7.399s] Listing '/home/mk/dev_ws/install/whisper_idl/local/lib/python3.10/dist-packages/whisper_idl'...
[7.399s] Compiling '/home/mk/dev_ws/install/whisper_idl/local/lib/python3.10/dist-packages/whisper_idl/__init__.py'...
[7.399s] Listing '/home/mk/dev_ws/install/whisper_idl/local/lib/python3.10/dist-packages/whisper_idl/action'...
[7.399s] Compiling '/home/mk/dev_ws/install/whisper_idl/local/lib/python3.10/dist-packages/whisper_idl/action/__init__.py'...
[7.399s] Compiling '/home/mk/dev_ws/install/whisper_idl/local/lib/python3.10/dist-packages/whisper_idl/action/_inference.py'...
[7.399s] Listing '/home/mk/dev_ws/install/whisper_idl/local/lib/python3.10/dist-packages/whisper_idl/msg'...
[7.399s] Compiling '/home/mk/dev_ws/install/whisper_idl/local/lib/python3.10/dist-packages/whisper_idl/msg/__init__.py'...
[7.399s] Compiling '/home/mk/dev_ws/install/whisper_idl/local/lib/python3.10/dist-packages/whisper_idl/msg/_audio_transcript.py'...
[7.399s] Compiling '/home/mk/dev_ws/install/whisper_idl/local/lib/python3.10/dist-packages/whisper_idl/msg/_whisper_tokens.py'...
[7.411s] -- Installing: /home/mk/dev_ws/install/whisper_idl/lib/libwhisper_idl__rosidl_generator_py.so
[7.411s] -- Set runtime path of "/home/mk/dev_ws/install/whisper_idl/lib/libwhisper_idl__rosidl_generator_py.so" to ""
[7.411s] -- Installing: /home/mk/dev_ws/install/whisper_idl/share/whisper_idl/cmake/export_whisper_idl__rosidl_generator_cExport.cmake
[7.411s] -- Installing: /home/mk/dev_ws/install/whisper_idl/share/whisper_idl/cmake/export_whisper_idl__rosidl_generator_cExport-noconfig.cmake
[7.411s] -- Installing: /home/mk/dev_ws/install/whisper_idl/share/whisper_idl/cmake/export_whisper_idl__rosidl_typesupport_fastrtps_cExport.cmake
[7.411s] -- Installing: /home/mk/dev_ws/install/whisper_idl/share/whisper_idl/cmake/export_whisper_idl__rosidl_typesupport_fastrtps_cExport-noconfig.cmake
[7.411s] -- Installing: /home/mk/dev_ws/install/whisper_idl/share/whisper_idl/cmake/export_whisper_idl__rosidl_generator_cppExport.cmake
[7.411s] -- Installing: /home/mk/dev_ws/install/whisper_idl/share/whisper_idl/cmake/export_whisper_idl__rosidl_typesupport_fastrtps_cppExport.cmake
[7.411s] -- Installing: /home/mk/dev_ws/install/whisper_idl/share/whisper_idl/cmake/export_whisper_idl__rosidl_typesupport_fastrtps_cppExport-noconfig.cmake
[7.411s] -- Installing: /home/mk/dev_ws/install/whisper_idl/share/whisper_idl/cmake/whisper_idl__rosidl_typesupport_introspection_cExport.cmake
[7.411s] -- Installing: /home/mk/dev_ws/install/whisper_idl/share/whisper_idl/cmake/whisper_idl__rosidl_typesupport_introspection_cExport-noconfig.cmake
[7.413s] -- Installing: /home/mk/dev_ws/install/whisper_idl/share/whisper_idl/cmake/whisper_idl__rosidl_typesupport_cExport.cmake
[7.413s] -- Installing: /home/mk/dev_ws/install/whisper_idl/share/whisper_idl/cmake/whisper_idl__rosidl_typesupport_cExport-noconfig.cmake
[7.413s] -- Installing: /home/mk/dev_ws/install/whisper_idl/share/whisper_idl/cmake/whisper_idl__rosidl_typesupport_introspection_cppExport.cmake
[7.413s] -- Installing: /home/mk/dev_ws/install/whisper_idl/share/whisper_idl/cmake/whisper_idl__rosidl_typesupport_introspection_cppExport-noconfig.cmake
[7.414s] -- Installing: /home/mk/dev_ws/install/whisper_idl/share/whisper_idl/cmake/whisper_idl__rosidl_typesupport_cppExport.cmake
[7.414s] -- Installing: /home/mk/dev_ws/install/whisper_idl/share/whisper_idl/cmake/whisper_idl__rosidl_typesupport_cppExport-noconfig.cmake
[7.414s] -- Installing: /home/mk/dev_ws/install/whisper_idl/share/whisper_idl/cmake/export_whisper_idl__rosidl_generator_pyExport.cmake
[7.414s] -- Installing: /home/mk/dev_ws/install/whisper_idl/share/whisper_idl/cmake/export_whisper_idl__rosidl_generator_pyExport-noconfig.cmake
[7.430s] Invoked command in '/home/mk/dev_ws/build/whisper_idl' returned '0': CMAKE_PREFIX_PATH=/opt/ros/humble /usr/bin/cmake --install /home/mk/dev_ws/build/whisper_idl
