[0.441s] Invoking command in '/home/mk/dev_ws/build/robot_motion_handler_movegroup': PYTHONPATH=/home/mk/dev_ws/build/robot_motion_handler_movegroup/prefix_override:/usr/lib/python3/dist-packages/colcon_core/task/python/colcon_distutils_commands:/home/mk/dev_ws/install/robot_motion_handler_movegroup/lib/python3.10/site-packages:${PYTHONPATH} /usr/bin/python3 -W ignore:setup.py install is deprecated -W ignore:easy_install command is deprecated setup.py develop --uninstall --editable --build-directory /home/mk/dev_ws/build/robot_motion_handler_movegroup/build
[0.605s] running develop
[0.701s] Removing /home/mk/dev_ws/install/robot_motion_handler_movegroup/lib/python3.10/site-packages/robot-motion-handler-movegroup.egg-link (link to .)
[0.717s] Invoked command in '/home/mk/dev_ws/build/robot_motion_handler_movegroup' returned '0': PYTHONPATH=/home/mk/dev_ws/build/robot_motion_handler_movegroup/prefix_override:/usr/lib/python3/dist-packages/colcon_core/task/python/colcon_distutils_commands:/home/mk/dev_ws/install/robot_motion_handler_movegroup/lib/python3.10/site-packages:${PYTHONPATH} /usr/bin/python3 -W ignore:setup.py install is deprecated -W ignore:easy_install command is deprecated setup.py develop --uninstall --editable --build-directory /home/mk/dev_ws/build/robot_motion_handler_movegroup/build
[0.718s] Invoking command in '/home/mk/dev_ws/src/robot_motion_handler_movegroup': PYTHONPATH=/home/mk/dev_ws/build/robot_motion_handler_movegroup/prefix_override:/usr/lib/python3/dist-packages/colcon_core/task/python/colcon_distutils_commands:/home/mk/dev_ws/install/robot_motion_handler_movegroup/lib/python3.10/site-packages:${PYTHONPATH} /usr/bin/python3 -W ignore:setup.py install is deprecated -W ignore:easy_install command is deprecated setup.py egg_info --egg-base ../../build/robot_motion_handler_movegroup build --build-base /home/mk/dev_ws/build/robot_motion_handler_movegroup/build install --record /home/mk/dev_ws/build/robot_motion_handler_movegroup/install.log --single-version-externally-managed install_data --force
[0.873s] running egg_info
[0.874s] writing ../../build/robot_motion_handler_movegroup/robot_motion_handler_movegroup.egg-info/PKG-INFO
[0.874s] writing dependency_links to ../../build/robot_motion_handler_movegroup/robot_motion_handler_movegroup.egg-info/dependency_links.txt
[0.874s] writing entry points to ../../build/robot_motion_handler_movegroup/robot_motion_handler_movegroup.egg-info/entry_points.txt
[0.874s] writing requirements to ../../build/robot_motion_handler_movegroup/robot_motion_handler_movegroup.egg-info/requires.txt
[0.874s] writing top-level names to ../../build/robot_motion_handler_movegroup/robot_motion_handler_movegroup.egg-info/top_level.txt
[0.875s] reading manifest file '../../build/robot_motion_handler_movegroup/robot_motion_handler_movegroup.egg-info/SOURCES.txt'
[0.875s] writing manifest file '../../build/robot_motion_handler_movegroup/robot_motion_handler_movegroup.egg-info/SOURCES.txt'
[0.875s] running build
[0.875s] running build_py
[0.875s] copying robot_motion_handler_movegroup/robot_motion_handler_movegroup.py -> /home/mk/dev_ws/build/robot_motion_handler_movegroup/build/lib/robot_motion_handler_movegroup
[0.875s] running install
[0.876s] running install_lib
[0.876s] creating /home/mk/dev_ws/install/robot_motion_handler_movegroup/lib/python3.10/site-packages/robot_motion_handler_movegroup
[0.876s] copying /home/mk/dev_ws/build/robot_motion_handler_movegroup/build/lib/robot_motion_handler_movegroup/robot_motion_handler_movegroup.py -> /home/mk/dev_ws/install/robot_motion_handler_movegroup/lib/python3.10/site-packages/robot_motion_handler_movegroup
[0.876s] copying /home/mk/dev_ws/build/robot_motion_handler_movegroup/build/lib/robot_motion_handler_movegroup/__init__.py -> /home/mk/dev_ws/install/robot_motion_handler_movegroup/lib/python3.10/site-packages/robot_motion_handler_movegroup
[0.877s] byte-compiling /home/mk/dev_ws/install/robot_motion_handler_movegroup/lib/python3.10/site-packages/robot_motion_handler_movegroup/robot_motion_handler_movegroup.py to robot_motion_handler_movegroup.cpython-310.pyc
[0.879s] byte-compiling /home/mk/dev_ws/install/robot_motion_handler_movegroup/lib/python3.10/site-packages/robot_motion_handler_movegroup/__init__.py to __init__.cpython-310.pyc
[0.879s] running install_data
[0.879s] copying resource/robot_motion_handler_movegroup -> /home/mk/dev_ws/install/robot_motion_handler_movegroup/share/ament_index/resource_index/packages
[0.879s] copying package.xml -> /home/mk/dev_ws/install/robot_motion_handler_movegroup/share/robot_motion_handler_movegroup
[0.879s] running install_egg_info
[0.880s] Copying ../../build/robot_motion_handler_movegroup/robot_motion_handler_movegroup.egg-info to /home/mk/dev_ws/install/robot_motion_handler_movegroup/lib/python3.10/site-packages/robot_motion_handler_movegroup-0.0.0-py3.10.egg-info
[0.880s] running install_scripts
[0.892s] Installing robot_motion_handler_movegroup script to /home/mk/dev_ws/install/robot_motion_handler_movegroup/lib/robot_motion_handler_movegroup
[0.892s] writing list of installed files to '/home/mk/dev_ws/build/robot_motion_handler_movegroup/install.log'
[0.906s] Invoked command in '/home/mk/dev_ws/src/robot_motion_handler_movegroup' returned '0': PYTHONPATH=/home/mk/dev_ws/build/robot_motion_handler_movegroup/prefix_override:/usr/lib/python3/dist-packages/colcon_core/task/python/colcon_distutils_commands:/home/mk/dev_ws/install/robot_motion_handler_movegroup/lib/python3.10/site-packages:${PYTHONPATH} /usr/bin/python3 -W ignore:setup.py install is deprecated -W ignore:easy_install command is deprecated setup.py egg_info --egg-base ../../build/robot_motion_handler_movegroup build --build-base /home/mk/dev_ws/build/robot_motion_handler_movegroup/build install --record /home/mk/dev_ws/build/robot_motion_handler_movegroup/install.log --single-version-externally-managed install_data --force
