-- The C compiler identification is GNU 11.4.0
-- The CXX compiler identification is GNU 11.4.0
-- Detecting C compiler ABI info
-- Detecting C compiler ABI info - done
-- Check for working C compiler: /usr/bin/cc - skipped
-- Detecting C compile features
-- Detecting C compile features - done
-- Detecting CXX compiler ABI info
-- Detecting CXX compiler ABI info - done
-- Check for working CXX compiler: /usr/bin/c++ - skipped
-- Detecting CXX compile features
-- Detecting CXX compile features - done
-- Found ament_cmake: 1.3.14 (/opt/ros/humble/share/ament_cmake/cmake)
-- Found Python3: /usr/bin/python3 (found version "3.10.12") found components: Interpreter 
-- Override CMake install command with custom implementation using symlinks instead of copying resources
-- Configuring done
-- Generating done
-- Build files have been written to: /home/mk/dev_ws/build/whisper_bringup
-- Install configuration: ""
-- Execute custom install script
-- Symlinking: /home/mk/dev_ws/install/whisper_bringup/share/whisper_bringup/launch/bringup.launch.py
-- Symlinking: /home/mk/dev_ws/install/whisper_bringup/share/whisper_bringup/launch/replay.launch.py
-- Symlinking: /home/mk/dev_ws/install/whisper_bringup/share/ament_index/resource_index/package_run_dependencies/whisper_bringup
-- Symlinking: /home/mk/dev_ws/install/whisper_bringup/share/ament_index/resource_index/parent_prefix_path/whisper_bringup
-- Symlinking: /home/mk/dev_ws/install/whisper_bringup/share/whisper_bringup/environment/ament_prefix_path.sh
-- Symlinking: /home/mk/dev_ws/install/whisper_bringup/share/whisper_bringup/environment/ament_prefix_path.dsv
-- Symlinking: /home/mk/dev_ws/install/whisper_bringup/share/whisper_bringup/environment/path.sh
-- Symlinking: /home/mk/dev_ws/install/whisper_bringup/share/whisper_bringup/environment/path.dsv
-- Symlinking: /home/mk/dev_ws/install/whisper_bringup/share/whisper_bringup/local_setup.bash
-- Symlinking: /home/mk/dev_ws/install/whisper_bringup/share/whisper_bringup/local_setup.sh
-- Symlinking: /home/mk/dev_ws/install/whisper_bringup/share/whisper_bringup/local_setup.zsh
-- Symlinking: /home/mk/dev_ws/install/whisper_bringup/share/whisper_bringup/local_setup.dsv
-- Symlinking: /home/mk/dev_ws/install/whisper_bringup/share/whisper_bringup/package.dsv
-- Symlinking: /home/mk/dev_ws/install/whisper_bringup/share/ament_index/resource_index/packages/whisper_bringup
-- Symlinking: /home/mk/dev_ws/install/whisper_bringup/share/whisper_bringup/cmake/whisper_bringupConfig.cmake
-- Symlinking: /home/mk/dev_ws/install/whisper_bringup/share/whisper_bringup/cmake/whisper_bringupConfig-version.cmake
-- Symlinking: /home/mk/dev_ws/install/whisper_bringup/share/whisper_bringup/package.xml
