[0.012s] Invoking command in '/home/mk/dev_ws/build/whisper_bringup': AMENT_PREFIX_PATH=/home/mk/dev_ws/install/whisper_server:/home/mk/dev_ws/install/whisper_util:/home/mk/dev_ws/install/whisper_idl:/home/mk/dev_ws/install/whisper_cpp_vendor:${AMENT_PREFIX_PATH} CMAKE_PREFIX_PATH=/home/mk/dev_ws/install/whisper_server:/home/mk/dev_ws/install/whisper_util:/home/mk/dev_ws/install/whisper_idl:/home/mk/dev_ws/install/whisper_cpp_vendor:/opt/ros/humble LD_LIBRARY_PATH=/home/mk/dev_ws/install/whisper_server/lib:/home/mk/dev_ws/install/whisper_util/lib:/home/mk/dev_ws/install/whisper_idl/lib:/home/mk/dev_ws/install/whisper_cpp_vendor/lib:${LD_LIBRARY_PATH} PYTHONPATH=/home/mk/dev_ws/install/whisper_idl/local/lib/python3.10/dist-packages:${PYTHONPATH} /usr/bin/cmake /home/mk/dev_ws/src/ros2_whisper/whisper_bringup -DAMENT_CMAKE_SYMLINK_INSTALL=1 -DCMAKE_INSTALL_PREFIX=/home/mk/dev_ws/install/whisper_bringup
[0.054s] -- The C compiler identification is GNU 11.4.0
[0.102s] -- The CXX compiler identification is GNU 11.4.0
[0.106s] -- Detecting C compiler ABI info
[0.166s] -- Detecting C compiler ABI info - done
[0.172s] -- Check for working C compiler: /usr/bin/cc - skipped
[0.172s] -- Detecting C compile features
[0.173s] -- Detecting C compile features - done
[0.175s] -- Detecting CXX compiler ABI info
[0.238s] -- Detecting CXX compiler ABI info - done
[0.245s] -- Check for working CXX compiler: /usr/bin/c++ - skipped
[0.245s] -- Detecting CXX compile features
[0.245s] -- Detecting CXX compile features - done
[0.247s] -- Found ament_cmake: 1.3.14 (/opt/ros/humble/share/ament_cmake/cmake)
[0.377s] -- Found Python3: /usr/bin/python3 (found version "3.10.12") found components: Interpreter 
[0.429s] -- Override CMake install command with custom implementation using symlinks instead of copying resources
[0.513s] -- Configuring done
[0.513s] -- Generating done
[0.514s] -- Build files have been written to: /home/mk/dev_ws/build/whisper_bringup
[0.517s] Invoked command in '/home/mk/dev_ws/build/whisper_bringup' returned '0': AMENT_PREFIX_PATH=/home/mk/dev_ws/install/whisper_server:/home/mk/dev_ws/install/whisper_util:/home/mk/dev_ws/install/whisper_idl:/home/mk/dev_ws/install/whisper_cpp_vendor:${AMENT_PREFIX_PATH} CMAKE_PREFIX_PATH=/home/mk/dev_ws/install/whisper_server:/home/mk/dev_ws/install/whisper_util:/home/mk/dev_ws/install/whisper_idl:/home/mk/dev_ws/install/whisper_cpp_vendor:/opt/ros/humble LD_LIBRARY_PATH=/home/mk/dev_ws/install/whisper_server/lib:/home/mk/dev_ws/install/whisper_util/lib:/home/mk/dev_ws/install/whisper_idl/lib:/home/mk/dev_ws/install/whisper_cpp_vendor/lib:${LD_LIBRARY_PATH} PYTHONPATH=/home/mk/dev_ws/install/whisper_idl/local/lib/python3.10/dist-packages:${PYTHONPATH} /usr/bin/cmake /home/mk/dev_ws/src/ros2_whisper/whisper_bringup -DAMENT_CMAKE_SYMLINK_INSTALL=1 -DCMAKE_INSTALL_PREFIX=/home/mk/dev_ws/install/whisper_bringup
[0.518s] Invoking command in '/home/mk/dev_ws/build/whisper_bringup': AMENT_PREFIX_PATH=/home/mk/dev_ws/install/whisper_server:/home/mk/dev_ws/install/whisper_util:/home/mk/dev_ws/install/whisper_idl:/home/mk/dev_ws/install/whisper_cpp_vendor:${AMENT_PREFIX_PATH} CMAKE_PREFIX_PATH=/home/mk/dev_ws/install/whisper_server:/home/mk/dev_ws/install/whisper_util:/home/mk/dev_ws/install/whisper_idl:/home/mk/dev_ws/install/whisper_cpp_vendor:/opt/ros/humble LD_LIBRARY_PATH=/home/mk/dev_ws/install/whisper_server/lib:/home/mk/dev_ws/install/whisper_util/lib:/home/mk/dev_ws/install/whisper_idl/lib:/home/mk/dev_ws/install/whisper_cpp_vendor/lib:${LD_LIBRARY_PATH} PYTHONPATH=/home/mk/dev_ws/install/whisper_idl/local/lib/python3.10/dist-packages:${PYTHONPATH} /usr/bin/cmake --build /home/mk/dev_ws/build/whisper_bringup -- -j20 -l20
[0.548s] Invoked command in '/home/mk/dev_ws/build/whisper_bringup' returned '0': AMENT_PREFIX_PATH=/home/mk/dev_ws/install/whisper_server:/home/mk/dev_ws/install/whisper_util:/home/mk/dev_ws/install/whisper_idl:/home/mk/dev_ws/install/whisper_cpp_vendor:${AMENT_PREFIX_PATH} CMAKE_PREFIX_PATH=/home/mk/dev_ws/install/whisper_server:/home/mk/dev_ws/install/whisper_util:/home/mk/dev_ws/install/whisper_idl:/home/mk/dev_ws/install/whisper_cpp_vendor:/opt/ros/humble LD_LIBRARY_PATH=/home/mk/dev_ws/install/whisper_server/lib:/home/mk/dev_ws/install/whisper_util/lib:/home/mk/dev_ws/install/whisper_idl/lib:/home/mk/dev_ws/install/whisper_cpp_vendor/lib:${LD_LIBRARY_PATH} PYTHONPATH=/home/mk/dev_ws/install/whisper_idl/local/lib/python3.10/dist-packages:${PYTHONPATH} /usr/bin/cmake --build /home/mk/dev_ws/build/whisper_bringup -- -j20 -l20
[0.549s] Invoking command in '/home/mk/dev_ws/build/whisper_bringup': AMENT_PREFIX_PATH=/home/mk/dev_ws/install/whisper_server:/home/mk/dev_ws/install/whisper_util:/home/mk/dev_ws/install/whisper_idl:/home/mk/dev_ws/install/whisper_cpp_vendor:${AMENT_PREFIX_PATH} CMAKE_PREFIX_PATH=/home/mk/dev_ws/install/whisper_server:/home/mk/dev_ws/install/whisper_util:/home/mk/dev_ws/install/whisper_idl:/home/mk/dev_ws/install/whisper_cpp_vendor:/opt/ros/humble LD_LIBRARY_PATH=/home/mk/dev_ws/install/whisper_server/lib:/home/mk/dev_ws/install/whisper_util/lib:/home/mk/dev_ws/install/whisper_idl/lib:/home/mk/dev_ws/install/whisper_cpp_vendor/lib:${LD_LIBRARY_PATH} PYTHONPATH=/home/mk/dev_ws/install/whisper_idl/local/lib/python3.10/dist-packages:${PYTHONPATH} /usr/bin/cmake --install /home/mk/dev_ws/build/whisper_bringup
[0.555s] -- Install configuration: ""
[0.555s] -- Execute custom install script
[0.555s] -- Symlinking: /home/mk/dev_ws/install/whisper_bringup/share/whisper_bringup/launch/bringup.launch.py
[0.564s] -- Symlinking: /home/mk/dev_ws/install/whisper_bringup/share/whisper_bringup/launch/replay.launch.py
[0.573s] -- Symlinking: /home/mk/dev_ws/install/whisper_bringup/share/ament_index/resource_index/package_run_dependencies/whisper_bringup
[0.582s] -- Symlinking: /home/mk/dev_ws/install/whisper_bringup/share/ament_index/resource_index/parent_prefix_path/whisper_bringup
[0.592s] -- Symlinking: /home/mk/dev_ws/install/whisper_bringup/share/whisper_bringup/environment/ament_prefix_path.sh
[0.601s] -- Symlinking: /home/mk/dev_ws/install/whisper_bringup/share/whisper_bringup/environment/ament_prefix_path.dsv
[0.609s] -- Symlinking: /home/mk/dev_ws/install/whisper_bringup/share/whisper_bringup/environment/path.sh
[0.616s] -- Symlinking: /home/mk/dev_ws/install/whisper_bringup/share/whisper_bringup/environment/path.dsv
[0.624s] -- Symlinking: /home/mk/dev_ws/install/whisper_bringup/share/whisper_bringup/local_setup.bash
[0.632s] -- Symlinking: /home/mk/dev_ws/install/whisper_bringup/share/whisper_bringup/local_setup.sh
[0.640s] -- Symlinking: /home/mk/dev_ws/install/whisper_bringup/share/whisper_bringup/local_setup.zsh
[0.648s] -- Symlinking: /home/mk/dev_ws/install/whisper_bringup/share/whisper_bringup/local_setup.dsv
[0.654s] -- Symlinking: /home/mk/dev_ws/install/whisper_bringup/share/whisper_bringup/package.dsv
[0.660s] -- Symlinking: /home/mk/dev_ws/install/whisper_bringup/share/ament_index/resource_index/packages/whisper_bringup
[0.668s] -- Symlinking: /home/mk/dev_ws/install/whisper_bringup/share/whisper_bringup/cmake/whisper_bringupConfig.cmake
[0.676s] -- Symlinking: /home/mk/dev_ws/install/whisper_bringup/share/whisper_bringup/cmake/whisper_bringupConfig-version.cmake
[0.684s] -- Symlinking: /home/mk/dev_ws/install/whisper_bringup/share/whisper_bringup/package.xml
[0.694s] Invoked command in '/home/mk/dev_ws/build/whisper_bringup' returned '0': AMENT_PREFIX_PATH=/home/mk/dev_ws/install/whisper_server:/home/mk/dev_ws/install/whisper_util:/home/mk/dev_ws/install/whisper_idl:/home/mk/dev_ws/install/whisper_cpp_vendor:${AMENT_PREFIX_PATH} CMAKE_PREFIX_PATH=/home/mk/dev_ws/install/whisper_server:/home/mk/dev_ws/install/whisper_util:/home/mk/dev_ws/install/whisper_idl:/home/mk/dev_ws/install/whisper_cpp_vendor:/opt/ros/humble LD_LIBRARY_PATH=/home/mk/dev_ws/install/whisper_server/lib:/home/mk/dev_ws/install/whisper_util/lib:/home/mk/dev_ws/install/whisper_idl/lib:/home/mk/dev_ws/install/whisper_cpp_vendor/lib:${LD_LIBRARY_PATH} PYTHONPATH=/home/mk/dev_ws/install/whisper_idl/local/lib/python3.10/dist-packages:${PYTHONPATH} /usr/bin/cmake --install /home/mk/dev_ws/build/whisper_bringup
