[2.356s] Invoking command in '/home/mk/dev_ws/build/robot_motion_handler_movegroup': PYTHONPATH=/home/mk/dev_ws/build/robot_motion_handler_movegroup/prefix_override:/usr/lib/python3/dist-packages/colcon_core/task/python/colcon_distutils_commands:/home/mk/dev_ws/install/robot_motion_handler_movegroup/lib/python3.10/site-packages:${PYTHONPATH} /usr/bin/python3 -W ignore:setup.py install is deprecated -W ignore:easy_install command is deprecated setup.py develop --uninstall --editable --build-directory /home/mk/dev_ws/build/robot_motion_handler_movegroup/build
[2.636s] running develop
[2.768s] Removing /home/mk/dev_ws/install/robot_motion_handler_movegroup/lib/python3.10/site-packages/robot-motion-handler-movegroup.egg-link (link to .)
[2.834s] Invoked command in '/home/mk/dev_ws/build/robot_motion_handler_movegroup' returned '0': PYTHONPATH=/home/mk/dev_ws/build/robot_motion_handler_movegroup/prefix_override:/usr/lib/python3/dist-packages/colcon_core/task/python/colcon_distutils_commands:/home/mk/dev_ws/install/robot_motion_handler_movegroup/lib/python3.10/site-packages:${PYTHONPATH} /usr/bin/python3 -W ignore:setup.py install is deprecated -W ignore:easy_install command is deprecated setup.py develop --uninstall --editable --build-directory /home/mk/dev_ws/build/robot_motion_handler_movegroup/build
[2.835s] Invoking command in '/home/mk/dev_ws/src/robot_motion_handler_movegroup': PYTHONPATH=/home/mk/dev_ws/build/robot_motion_handler_movegroup/prefix_override:/usr/lib/python3/dist-packages/colcon_core/task/python/colcon_distutils_commands:/home/mk/dev_ws/install/robot_motion_handler_movegroup/lib/python3.10/site-packages:${PYTHONPATH} /usr/bin/python3 -W ignore:setup.py install is deprecated -W ignore:easy_install command is deprecated setup.py egg_info --egg-base ../../build/robot_motion_handler_movegroup build --build-base /home/mk/dev_ws/build/robot_motion_handler_movegroup/build install --record /home/mk/dev_ws/build/robot_motion_handler_movegroup/install.log --single-version-externally-managed install_data --force
[3.138s] running egg_info
[3.139s] writing ../../build/robot_motion_handler_movegroup/robot_motion_handler_movegroup.egg-info/PKG-INFO
[3.139s] writing dependency_links to ../../build/robot_motion_handler_movegroup/robot_motion_handler_movegroup.egg-info/dependency_links.txt
[3.139s] writing entry points to ../../build/robot_motion_handler_movegroup/robot_motion_handler_movegroup.egg-info/entry_points.txt
[3.139s] writing requirements to ../../build/robot_motion_handler_movegroup/robot_motion_handler_movegroup.egg-info/requires.txt
[3.139s] writing top-level names to ../../build/robot_motion_handler_movegroup/robot_motion_handler_movegroup.egg-info/top_level.txt
[3.141s] reading manifest file '../../build/robot_motion_handler_movegroup/robot_motion_handler_movegroup.egg-info/SOURCES.txt'
[3.142s] writing manifest file '../../build/robot_motion_handler_movegroup/robot_motion_handler_movegroup.egg-info/SOURCES.txt'
[3.142s] running build
[3.142s] running build_py
[3.142s] creating /home/mk/dev_ws/build/robot_motion_handler_movegroup/build
[3.142s] creating /home/mk/dev_ws/build/robot_motion_handler_movegroup/build/lib
[3.142s] creating /home/mk/dev_ws/build/robot_motion_handler_movegroup/build/lib/robot_motion_handler_movegroup
[3.142s] copying robot_motion_handler_movegroup/robot_motion_handler_movegroup.py -> /home/mk/dev_ws/build/robot_motion_handler_movegroup/build/lib/robot_motion_handler_movegroup
[3.142s] copying robot_motion_handler_movegroup/__init__.py -> /home/mk/dev_ws/build/robot_motion_handler_movegroup/build/lib/robot_motion_handler_movegroup
[3.143s] running install
[3.143s] running install_lib
[3.143s] creating /home/mk/dev_ws/install/robot_motion_handler_movegroup/lib/python3.10/site-packages/robot_motion_handler_movegroup
[3.143s] copying /home/mk/dev_ws/build/robot_motion_handler_movegroup/build/lib/robot_motion_handler_movegroup/robot_motion_handler_movegroup.py -> /home/mk/dev_ws/install/robot_motion_handler_movegroup/lib/python3.10/site-packages/robot_motion_handler_movegroup
[3.143s] copying /home/mk/dev_ws/build/robot_motion_handler_movegroup/build/lib/robot_motion_handler_movegroup/__init__.py -> /home/mk/dev_ws/install/robot_motion_handler_movegroup/lib/python3.10/site-packages/robot_motion_handler_movegroup
[3.144s] byte-compiling /home/mk/dev_ws/install/robot_motion_handler_movegroup/lib/python3.10/site-packages/robot_motion_handler_movegroup/robot_motion_handler_movegroup.py to robot_motion_handler_movegroup.cpython-310.pyc
[3.147s] byte-compiling /home/mk/dev_ws/install/robot_motion_handler_movegroup/lib/python3.10/site-packages/robot_motion_handler_movegroup/__init__.py to __init__.cpython-310.pyc
[3.147s] running install_data
[3.148s] copying resource/robot_motion_handler_movegroup -> /home/mk/dev_ws/install/robot_motion_handler_movegroup/share/ament_index/resource_index/packages
[3.148s] copying package.xml -> /home/mk/dev_ws/install/robot_motion_handler_movegroup/share/robot_motion_handler_movegroup
[3.148s] running install_egg_info
[3.149s] Copying ../../build/robot_motion_handler_movegroup/robot_motion_handler_movegroup.egg-info to /home/mk/dev_ws/install/robot_motion_handler_movegroup/lib/python3.10/site-packages/robot_motion_handler_movegroup-0.0.0-py3.10.egg-info
[3.150s] running install_scripts
[3.170s] Installing robot_motion_handler_movegroup script to /home/mk/dev_ws/install/robot_motion_handler_movegroup/lib/robot_motion_handler_movegroup
[3.170s] writing list of installed files to '/home/mk/dev_ws/build/robot_motion_handler_movegroup/install.log'
[3.406s] Invoked command in '/home/mk/dev_ws/src/robot_motion_handler_movegroup' returned '0': PYTHONPATH=/home/mk/dev_ws/build/robot_motion_handler_movegroup/prefix_override:/usr/lib/python3/dist-packages/colcon_core/task/python/colcon_distutils_commands:/home/mk/dev_ws/install/robot_motion_handler_movegroup/lib/python3.10/site-packages:${PYTHONPATH} /usr/bin/python3 -W ignore:setup.py install is deprecated -W ignore:easy_install command is deprecated setup.py egg_info --egg-base ../../build/robot_motion_handler_movegroup build --build-base /home/mk/dev_ws/build/robot_motion_handler_movegroup/build install --record /home/mk/dev_ws/build/robot_motion_handler_movegroup/install.log --single-version-externally-managed install_data --force
