-- Found ament_cmake: 1.3.14 (/opt/ros/humble/share/ament_cmake/cmake)
-- Override CMake install command with custom implementation using symlinks instead of copying resources
-- Found rclcpp: 16.0.19 (/opt/ros/humble/share/rclcpp/cmake)
-- Found rosidl_generator_c: 3.1.8 (/opt/ros/humble/share/rosidl_generator_c/cmake)
-- Found rosidl_adapter: 3.1.8 (/opt/ros/humble/share/rosidl_adapter/cmake)
-- Found rosidl_generator_cpp: 3.1.8 (/opt/ros/humble/share/rosidl_generator_cpp/cmake)
-- Using all available rosidl_typesupport_c: rosidl_typesupport_fastrtps_c;rosidl_typesupport_introspection_c
-- Using all available rosidl_typesupport_cpp: rosidl_typesupport_fastrtps_cpp;rosidl_typesupport_introspection_cpp
-- Found rmw_implementation_cmake: 6.1.2 (/opt/ros/humble/share/rmw_implementation_cmake/cmake)
-- Found rmw_cyclonedds_cpp: 1.3.4 (/opt/ros/humble/share/rmw_cyclonedds_cpp/cmake)
-- Using RMW implementation 'rmw_cyclonedds_cpp' as default
-- Found rviz_common: 11.2.26 (/opt/ros/humble/share/rviz_common/cmake)
-- Setting assimp_DIR to: '/opt/ros/humble/share/rviz_assimp_vendor/cmake/../../../opt/rviz_assimp_vendor/lib/cmake/assimp-4.1'
-- Setting OGRE_DIR to: '/opt/ros/humble/share/rviz_ogre_vendor/cmake/../../../opt/rviz_ogre_vendor/lib/OGRE/cmake'
-- Found OGRE
--   static     : OFF
--   components : HLMS;MeshLodGenerator;Overlay;Paging;Property;RTShaderSystem;Terrain;Volume
--   plugins    : Plugin_BSPSceneManager;Plugin_OctreeSceneManager;Plugin_PCZSceneManager;Plugin_ParticleFX;RenderSystem_GL;RenderSystem_GL3Plus;Codec_STBI
--   media      : /opt/ros/humble/opt/rviz_ogre_vendor/share/OGRE/Media
-- OGRE_LIBRARIES: OgreHLMS;OgreMeshLodGenerator;OgreOverlay;OgrePaging;OgreProperty;OgreRTShaderSystem;OgreTerrain;OgreVolume;OgreMain
-- OGRE_LIBRARY_DIRS: /opt/ros/humble/opt/rviz_ogre_vendor/lib
-- OGRE_PLUGINS: Plugin_BSPSceneManager;Plugin_OctreeSceneManager;Plugin_PCZSceneManager;Plugin_ParticleFX;RenderSystem_GL;RenderSystem_GL3Plus;Codec_STBI
-- OGRE_PLUGIN_DIR: /opt/ros/humble/opt/rviz_ogre_vendor/lib/OGRE
-- rviz_ogre_vendor::OgreOverlay for IMPORTED_LOCATION_RELEASE: /opt/ros/humble/opt/rviz_ogre_vendor/lib/libOgreOverlay.so
-- rviz_ogre_vendor::OgreOverlay for IMPORTED_LOCATION_DEBUG: /opt/ros/humble/opt/rviz_ogre_vendor/lib/libOgreOverlay.so
-- rviz_ogre_vendor::OgreMain for IMPORTED_LOCATION_RELEASE: /opt/ros/humble/opt/rviz_ogre_vendor/lib/libOgreMain.so
-- rviz_ogre_vendor::OgreMain for IMPORTED_LOCATION_DEBUG: /opt/ros/humble/opt/rviz_ogre_vendor/lib/libOgreMain.so
-- library: /usr/lib/x86_64-linux-gnu/libcurl.so
-- Ensuring Eigen3 include directory is part of orocos-kdl CMake target
-- Found std_srvs: 4.9.1 (/opt/ros/humble/share/std_srvs/cmake)
-- Found moveit_ros_planning_interface: 2.5.9 (/opt/ros/humble/share/moveit_ros_planning_interface/cmake)
-- Found Boost: /usr/lib/x86_64-linux-gnu/cmake/Boost-1.74.0/BoostConfig.cmake (found version "1.74.0") found components: date_time filesystem program_options system thread 
-- Found Boost: /usr/lib/x86_64-linux-gnu/cmake/Boost-1.74.0/BoostConfig.cmake (found version "1.74.0") found components: chrono date_time filesystem iostreams program_options regex serialization system thread 
-- Found parameter_traits: 0.7.1 (/opt/ros/humble/share/parameter_traits/cmake)
-- Found rclcpp_lifecycle: 16.0.19 (/opt/ros/humble/share/rclcpp_lifecycle/cmake)
-- Found Boost: /usr/lib/x86_64-linux-gnu/cmake/Boost-1.74.0/BoostConfig.cmake (found version "1.74.0") found components: filesystem 
-- Found Boost: /usr/lib/x86_64-linux-gnu/cmake/Boost-1.74.0/BoostConfig.cmake (found version "1.74.0") found components: system filesystem date_time program_options thread chrono 
-- Found Boost: /usr/lib/x86_64-linux-gnu/cmake/Boost-1.74.0/BoostConfig.cmake (found version "1.74.0") found components: thread system filesystem regex date_time program_options 
-- Found Boost: /usr/lib/x86_64-linux-gnu/cmake/Boost-1.74.0/BoostConfig.cmake (found version "1.74.0") found components: system filesystem date_time program_options thread 
-- Found xarm_msgs: 0.0.0 (/home/mk/dev_ws/install/xarm_msgs/share/xarm_msgs/cmake)
-- Configuring done
-- Generating done
-- Build files have been written to: /home/mk/dev_ws/build/rviz_robot_control_panel
[ 25%] [34m[1mAutomatic MOC and UIC for target rviz_robot_control_panel[0m
[ 25%] Built target rviz_robot_control_panel_autogen
[35m[1mConsolidate compiler generated dependencies of target rviz_robot_control_panel[0m
[100%] Built target rviz_robot_control_panel
-- Install configuration: ""
-- Execute custom install script
-- Up-to-date symlink: /home/mk/dev_ws/install/rviz_robot_control_panel/share/rviz_robot_control_panel//plugin_description.xml
-- Up-to-date symlink: /home/mk/dev_ws/install/rviz_robot_control_panel/lib/librviz_robot_control_panel.so
-- Up-to-date symlink: /home/mk/dev_ws/install/rviz_robot_control_panel/include/rviz_robot_control_panel/rviz_robot_control_panel.hpp
-- Up-to-date symlink: /home/mk/dev_ws/install/rviz_robot_control_panel/share/rviz_robot_control_panel/plugin_description.xml
-- Up-to-date symlink: /home/mk/dev_ws/install/rviz_robot_control_panel/share/rviz_robot_control_panel/environment/library_path.sh
-- Up-to-date symlink: /home/mk/dev_ws/install/rviz_robot_control_panel/share/rviz_robot_control_panel/environment/library_path.dsv
-- Up-to-date symlink: /home/mk/dev_ws/install/rviz_robot_control_panel/share/ament_index/resource_index/package_run_dependencies/rviz_robot_control_panel
-- Up-to-date symlink: /home/mk/dev_ws/install/rviz_robot_control_panel/share/ament_index/resource_index/parent_prefix_path/rviz_robot_control_panel
-- Up-to-date symlink: /home/mk/dev_ws/install/rviz_robot_control_panel/share/rviz_robot_control_panel/environment/ament_prefix_path.sh
-- Up-to-date symlink: /home/mk/dev_ws/install/rviz_robot_control_panel/share/rviz_robot_control_panel/environment/ament_prefix_path.dsv
-- Up-to-date symlink: /home/mk/dev_ws/install/rviz_robot_control_panel/share/rviz_robot_control_panel/environment/path.sh
-- Up-to-date symlink: /home/mk/dev_ws/install/rviz_robot_control_panel/share/rviz_robot_control_panel/environment/path.dsv
-- Up-to-date symlink: /home/mk/dev_ws/install/rviz_robot_control_panel/share/rviz_robot_control_panel/local_setup.bash
-- Up-to-date symlink: /home/mk/dev_ws/install/rviz_robot_control_panel/share/rviz_robot_control_panel/local_setup.sh
-- Up-to-date symlink: /home/mk/dev_ws/install/rviz_robot_control_panel/share/rviz_robot_control_panel/local_setup.zsh
-- Up-to-date symlink: /home/mk/dev_ws/install/rviz_robot_control_panel/share/rviz_robot_control_panel/local_setup.dsv
-- Symlinking: /home/mk/dev_ws/install/rviz_robot_control_panel/share/rviz_robot_control_panel/package.dsv
-- Up-to-date symlink: /home/mk/dev_ws/install/rviz_robot_control_panel/share/ament_index/resource_index/packages/rviz_robot_control_panel
-- Up-to-date symlink: /home/mk/dev_ws/install/rviz_robot_control_panel/share/ament_index/resource_index/rviz_common__pluginlib__plugin/rviz_robot_control_panel
-- Up-to-date symlink: /home/mk/dev_ws/install/rviz_robot_control_panel/share/rviz_robot_control_panel/cmake/ament_cmake_export_include_directories-extras.cmake
-- Up-to-date symlink: /home/mk/dev_ws/install/rviz_robot_control_panel/share/rviz_robot_control_panel/cmake/ament_cmake_export_libraries-extras.cmake
-- Up-to-date symlink: /home/mk/dev_ws/install/rviz_robot_control_panel/share/rviz_robot_control_panel/cmake/ament_cmake_export_dependencies-extras.cmake
-- Up-to-date symlink: /home/mk/dev_ws/install/rviz_robot_control_panel/share/rviz_robot_control_panel/cmake/rviz_robot_control_panelConfig.cmake
-- Up-to-date symlink: /home/mk/dev_ws/install/rviz_robot_control_panel/share/rviz_robot_control_panel/cmake/rviz_robot_control_panelConfig-version.cmake
-- Up-to-date symlink: /home/mk/dev_ws/install/rviz_robot_control_panel/share/rviz_robot_control_panel/package.xml
