running develop
running egg_info
creating yolo_object_detector.egg-info
writing yolo_object_detector.egg-info/PKG-INFO
writing dependency_links to yolo_object_detector.egg-info/dependency_links.txt
writing entry points to yolo_object_detector.egg-info/entry_points.txt
writing requirements to yolo_object_detector.egg-info/requires.txt
writing top-level names to yolo_object_detector.egg-info/top_level.txt
writing manifest file 'yolo_object_detector.egg-info/SOURCES.txt'
reading manifest file 'yolo_object_detector.egg-info/SOURCES.txt'
writing manifest file 'yolo_object_detector.egg-info/SOURCES.txt'
running build_ext
Creating /home/mk/dev_ws/install/yolo_object_detector/lib/python3.10/site-packages/yolo-object-detector.egg-link (link to .)
Installing yolo_homography_node script to /home/mk/dev_ws/install/yolo_object_detector/lib/yolo_object_detector

Installed /home/mk/dev_ws/build/yolo_object_detector
running symlink_data
creating /home/mk/dev_ws/install/yolo_object_detector/share/ament_index
creating /home/mk/dev_ws/install/yolo_object_detector/share/ament_index/resource_index
creating /home/mk/dev_ws/install/yolo_object_detector/share/ament_index/resource_index/packages
symbolically linking /home/mk/dev_ws/build/yolo_object_detector/resource/yolo_object_detector -> /home/mk/dev_ws/install/yolo_object_detector/share/ament_index/resource_index/packages
symbolically linking /home/mk/dev_ws/build/yolo_object_detector/package.xml -> /home/mk/dev_ws/install/yolo_object_detector/share/yolo_object_detector
creating /home/mk/dev_ws/install/yolo_object_detector/share/yolo_object_detector/launch
symbolically linking /home/mk/dev_ws/build/yolo_object_detector/launch/yolo_detection.launch.py -> /home/mk/dev_ws/install/yolo_object_detector/share/yolo_object_detector/launch
