[2.027s] Invoking command in '/home/mk/dev_ws/build/yolo_object_detector': PYTHONPATH=/home/mk/dev_ws/build/yolo_object_detector/prefix_override:/usr/lib/python3/dist-packages/colcon_core/task/python/colcon_distutils_commands:/home/mk/dev_ws/install/yolo_object_detector/lib/python3.10/site-packages:${PYTHONPATH} /usr/bin/python3 -W ignore:setup.py install is deprecated -W ignore:easy_install command is deprecated setup.py develop --editable --build-directory /home/mk/dev_ws/build/yolo_object_detector/build --no-deps symlink_data
[2.617s] running develop
[2.932s] running egg_info
[2.932s] creating yolo_object_detector.egg-info
[2.933s] writing yolo_object_detector.egg-info/PKG-INFO
[2.933s] writing dependency_links to yolo_object_detector.egg-info/dependency_links.txt
[2.933s] writing entry points to yolo_object_detector.egg-info/entry_points.txt
[2.934s] writing requirements to yolo_object_detector.egg-info/requires.txt
[2.934s] writing top-level names to yolo_object_detector.egg-info/top_level.txt
[2.934s] writing manifest file 'yolo_object_detector.egg-info/SOURCES.txt'
[2.937s] reading manifest file 'yolo_object_detector.egg-info/SOURCES.txt'
[2.938s] writing manifest file 'yolo_object_detector.egg-info/SOURCES.txt'
[3.012s] running build_ext
[3.012s] Creating /home/mk/dev_ws/install/yolo_object_detector/lib/python3.10/site-packages/yolo-object-detector.egg-link (link to .)
[3.013s] Installing yolo_homography_node script to /home/mk/dev_ws/install/yolo_object_detector/lib/yolo_object_detector
[3.017s] 
[3.017s] Installed /home/mk/dev_ws/build/yolo_object_detector
[3.017s] running symlink_data
[3.017s] creating /home/mk/dev_ws/install/yolo_object_detector/share/ament_index
[3.017s] creating /home/mk/dev_ws/install/yolo_object_detector/share/ament_index/resource_index
[3.017s] creating /home/mk/dev_ws/install/yolo_object_detector/share/ament_index/resource_index/packages
[3.017s] symbolically linking /home/mk/dev_ws/build/yolo_object_detector/resource/yolo_object_detector -> /home/mk/dev_ws/install/yolo_object_detector/share/ament_index/resource_index/packages
[3.018s] symbolically linking /home/mk/dev_ws/build/yolo_object_detector/package.xml -> /home/mk/dev_ws/install/yolo_object_detector/share/yolo_object_detector
[3.018s] creating /home/mk/dev_ws/install/yolo_object_detector/share/yolo_object_detector/launch
[3.018s] symbolically linking /home/mk/dev_ws/build/yolo_object_detector/launch/yolo_detection.launch.py -> /home/mk/dev_ws/install/yolo_object_detector/share/yolo_object_detector/launch
[3.075s] Invoked command in '/home/mk/dev_ws/build/yolo_object_detector' returned '0': PYTHONPATH=/home/mk/dev_ws/build/yolo_object_detector/prefix_override:/usr/lib/python3/dist-packages/colcon_core/task/python/colcon_distutils_commands:/home/mk/dev_ws/install/yolo_object_detector/lib/python3.10/site-packages:${PYTHONPATH} /usr/bin/python3 -W ignore:setup.py install is deprecated -W ignore:easy_install command is deprecated setup.py develop --editable --build-directory /home/mk/dev_ws/build/yolo_object_detector/build --no-deps symlink_data
