[0.028s] Invoking command in '/home/mk/dev_ws/build/zed_ros2': AMENT_PREFIX_PATH=/home/mk/dev_ws/install/zed_wrapper:/home/mk/dev_ws/install/zed_components:/home/mk/dev_ws/install/zed_interfaces:${AMENT_PREFIX_PATH} CMAKE_PREFIX_PATH=/home/mk/dev_ws/install/zed_wrapper:/home/mk/dev_ws/install/zed_components:/home/mk/dev_ws/install/zed_interfaces:/opt/ros/humble LD_LIBRARY_PATH=/home/mk/dev_ws/install/zed_components/lib:/home/mk/dev_ws/install/zed_interfaces/lib:${LD_LIBRARY_PATH} PYTHONPATH=/home/mk/dev_ws/install/zed_interfaces/local/lib/python3.10/dist-packages:${PYTHONPATH} /usr/bin/cmake --build /home/mk/dev_ws/build/zed_ros2 -- -j20 -l20
[0.051s] Invoked command in '/home/mk/dev_ws/build/zed_ros2' returned '0': AMENT_PREFIX_PATH=/home/mk/dev_ws/install/zed_wrapper:/home/mk/dev_ws/install/zed_components:/home/mk/dev_ws/install/zed_interfaces:${AMENT_PREFIX_PATH} CMAKE_PREFIX_PATH=/home/mk/dev_ws/install/zed_wrapper:/home/mk/dev_ws/install/zed_components:/home/mk/dev_ws/install/zed_interfaces:/opt/ros/humble LD_LIBRARY_PATH=/home/mk/dev_ws/install/zed_components/lib:/home/mk/dev_ws/install/zed_interfaces/lib:${LD_LIBRARY_PATH} PYTHONPATH=/home/mk/dev_ws/install/zed_interfaces/local/lib/python3.10/dist-packages:${PYTHONPATH} /usr/bin/cmake --build /home/mk/dev_ws/build/zed_ros2 -- -j20 -l20
[0.052s] Invoking command in '/home/mk/dev_ws/build/zed_ros2': AMENT_PREFIX_PATH=/home/mk/dev_ws/install/zed_wrapper:/home/mk/dev_ws/install/zed_components:/home/mk/dev_ws/install/zed_interfaces:${AMENT_PREFIX_PATH} CMAKE_PREFIX_PATH=/home/mk/dev_ws/install/zed_wrapper:/home/mk/dev_ws/install/zed_components:/home/mk/dev_ws/install/zed_interfaces:/opt/ros/humble LD_LIBRARY_PATH=/home/mk/dev_ws/install/zed_components/lib:/home/mk/dev_ws/install/zed_interfaces/lib:${LD_LIBRARY_PATH} PYTHONPATH=/home/mk/dev_ws/install/zed_interfaces/local/lib/python3.10/dist-packages:${PYTHONPATH} /usr/bin/cmake --install /home/mk/dev_ws/build/zed_ros2
[0.058s] -- Install configuration: ""
[0.058s] -- Execute custom install script
[0.058s] -- Up-to-date symlink: /home/mk/dev_ws/install/zed_ros2/share/ament_index/resource_index/package_run_dependencies/zed_ros2
[0.058s] -- Up-to-date symlink: /home/mk/dev_ws/install/zed_ros2/share/ament_index/resource_index/parent_prefix_path/zed_ros2
[0.058s] -- Up-to-date symlink: /home/mk/dev_ws/install/zed_ros2/share/zed_ros2/environment/ament_prefix_path.sh
[0.058s] -- Up-to-date symlink: /home/mk/dev_ws/install/zed_ros2/share/zed_ros2/environment/ament_prefix_path.dsv
[0.059s] -- Up-to-date symlink: /home/mk/dev_ws/install/zed_ros2/share/zed_ros2/environment/path.sh
[0.059s] -- Up-to-date symlink: /home/mk/dev_ws/install/zed_ros2/share/zed_ros2/environment/path.dsv
[0.059s] -- Up-to-date symlink: /home/mk/dev_ws/install/zed_ros2/share/zed_ros2/local_setup.bash
[0.059s] -- Up-to-date symlink: /home/mk/dev_ws/install/zed_ros2/share/zed_ros2/local_setup.sh
[0.059s] -- Up-to-date symlink: /home/mk/dev_ws/install/zed_ros2/share/zed_ros2/local_setup.zsh
[0.059s] -- Up-to-date symlink: /home/mk/dev_ws/install/zed_ros2/share/zed_ros2/local_setup.dsv
[0.059s] -- Symlinking: /home/mk/dev_ws/install/zed_ros2/share/zed_ros2/package.dsv
[0.064s] -- Up-to-date symlink: /home/mk/dev_ws/install/zed_ros2/share/ament_index/resource_index/packages/zed_ros2
[0.064s] -- Up-to-date symlink: /home/mk/dev_ws/install/zed_ros2/share/zed_ros2/cmake/zed_ros2Config.cmake
[0.064s] -- Up-to-date symlink: /home/mk/dev_ws/install/zed_ros2/share/zed_ros2/cmake/zed_ros2Config-version.cmake
[0.064s] -- Up-to-date symlink: /home/mk/dev_ws/install/zed_ros2/share/zed_ros2/package.xml
[0.066s] Invoked command in '/home/mk/dev_ws/build/zed_ros2' returned '0': AMENT_PREFIX_PATH=/home/mk/dev_ws/install/zed_wrapper:/home/mk/dev_ws/install/zed_components:/home/mk/dev_ws/install/zed_interfaces:${AMENT_PREFIX_PATH} CMAKE_PREFIX_PATH=/home/mk/dev_ws/install/zed_wrapper:/home/mk/dev_ws/install/zed_components:/home/mk/dev_ws/install/zed_interfaces:/opt/ros/humble LD_LIBRARY_PATH=/home/mk/dev_ws/install/zed_components/lib:/home/mk/dev_ws/install/zed_interfaces/lib:${LD_LIBRARY_PATH} PYTHONPATH=/home/mk/dev_ws/install/zed_interfaces/local/lib/python3.10/dist-packages:${PYTHONPATH} /usr/bin/cmake --install /home/mk/dev_ws/build/zed_ros2
