[2.360s] Invoking command in '/home/mk/dev_ws/build/gaze_control': PYTHONPATH=/home/mk/dev_ws/build/gaze_control/prefix_override:/usr/lib/python3/dist-packages/colcon_core/task/python/colcon_distutils_commands:/home/mk/dev_ws/install/gaze_control/lib/python3.10/site-packages:${PYTHONPATH} /usr/bin/python3 -W ignore:setup.py install is deprecated -W ignore:easy_install command is deprecated setup.py develop --editable --build-directory /home/mk/dev_ws/build/gaze_control/build --no-deps symlink_data
[3.088s] running develop
[3.335s] running egg_info
[3.335s] creating gaze_control.egg-info
[3.335s] writing gaze_control.egg-info/PKG-INFO
[3.336s] writing dependency_links to gaze_control.egg-info/dependency_links.txt
[3.336s] writing entry points to gaze_control.egg-info/entry_points.txt
[3.336s] writing requirements to gaze_control.egg-info/requires.txt
[3.336s] writing top-level names to gaze_control.egg-info/top_level.txt
[3.337s] writing manifest file 'gaze_control.egg-info/SOURCES.txt'
[3.338s] reading manifest file 'gaze_control.egg-info/SOURCES.txt'
[3.339s] writing manifest file 'gaze_control.egg-info/SOURCES.txt'
[3.396s] running build_ext
[3.396s] Creating /home/mk/dev_ws/install/gaze_control/lib/python3.10/site-packages/gaze-control.egg-link (link to .)
[3.396s] Installing gaze_ui script to /home/mk/dev_ws/install/gaze_control/lib/gaze_control
[3.396s] 
[3.396s] Installed /home/mk/dev_ws/build/gaze_control
[3.396s] running symlink_data
[3.396s] creating /home/mk/dev_ws/install/gaze_control/share/ament_index
[3.396s] creating /home/mk/dev_ws/install/gaze_control/share/ament_index/resource_index
[3.396s] creating /home/mk/dev_ws/install/gaze_control/share/ament_index/resource_index/packages
[3.396s] symbolically linking /home/mk/dev_ws/build/gaze_control/resource/gaze_control -> /home/mk/dev_ws/install/gaze_control/share/ament_index/resource_index/packages
[3.396s] symbolically linking /home/mk/dev_ws/build/gaze_control/package.xml -> /home/mk/dev_ws/install/gaze_control/share/gaze_control
[3.456s] Invoked command in '/home/mk/dev_ws/build/gaze_control' returned '0': PYTHONPATH=/home/mk/dev_ws/build/gaze_control/prefix_override:/usr/lib/python3/dist-packages/colcon_core/task/python/colcon_distutils_commands:/home/mk/dev_ws/install/gaze_control/lib/python3.10/site-packages:${PYTHONPATH} /usr/bin/python3 -W ignore:setup.py install is deprecated -W ignore:easy_install command is deprecated setup.py develop --editable --build-directory /home/mk/dev_ws/build/gaze_control/build --no-deps symlink_data
