[0.035s] Invoking command in '/home/mk/dev_ws/build/whisper_idl': CMAKE_PREFIX_PATH=/opt/ros/humble /usr/bin/cmake --build /home/mk/dev_ws/build/whisper_idl -- -j20 -l20
[1.189s] [35m[1mConsolidate compiler generated dependencies of target whisper_idl__rosidl_generator_c[0m
[1.189s] [  2%] Built target whisper_idl__rs
[1.189s] [  4%] Built target whisper_idl__cpp
[1.189s] [ 14%] Built target whisper_idl__rosidl_generator_c
[1.189s] [35m[1mConsolidate compiler generated dependencies of target whisper_idl__rosidl_typesupport_cpp[0m
[1.189s] [35m[1mConsolidate compiler generated dependencies of target whisper_idl__rosidl_typesupport_introspection_cpp[0m
[1.189s] [35m[1mConsolidate compiler generated dependencies of target whisper_idl__rosidl_typesupport_fastrtps_cpp[0m
[1.189s] [ 14%] Built target ament_cmake_python_symlink_whisper_idl
[1.189s] [35m[1mConsolidate compiler generated dependencies of target whisper_idl__rosidl_typesupport_fastrtps_c[0m
[1.189s] [35m[1mConsolidate compiler generated dependencies of target whisper_idl__rosidl_typesupport_introspection_c[0m
[1.189s] [35m[1mConsolidate compiler generated dependencies of target whisper_idl__rosidl_typesupport_c[0m
[1.189s] [ 25%] Built target whisper_idl__rosidl_typesupport_cpp
[1.189s] [ 35%] Built target whisper_idl__rosidl_typesupport_introspection_cpp
[1.189s] [ 45%] Built target whisper_idl__rosidl_typesupport_introspection_c
[1.189s] [ 56%] Built target whisper_idl__rosidl_typesupport_fastrtps_cpp
[1.189s] [ 66%] Built target whisper_idl__rosidl_typesupport_c
[1.189s] [ 77%] Built target whisper_idl__rosidl_typesupport_fastrtps_c
[1.189s] [ 77%] Built target whisper_idl
[1.189s] [ 79%] Built target whisper_idl__py
[1.189s] [35m[1mConsolidate compiler generated dependencies of target whisper_idl__rosidl_generator_py[0m
[1.189s] [ 87%] Built target whisper_idl__rosidl_generator_py
[1.189s] [35m[1mConsolidate compiler generated dependencies of target whisper_idl__rosidl_typesupport_c__pyext[0m
[1.189s] [35m[1mConsolidate compiler generated dependencies of target whisper_idl__rosidl_typesupport_introspection_c__pyext[0m
[1.189s] [35m[1mConsolidate compiler generated dependencies of target whisper_idl__rosidl_typesupport_fastrtps_c__pyext[0m
[1.189s] [ 91%] Built target whisper_idl__rosidl_typesupport_introspection_c__pyext
[1.189s] [ 95%] Built target whisper_idl__rosidl_typesupport_c__pyext
[1.189s] [100%] Built target whisper_idl__rosidl_typesupport_fastrtps_c__pyext
[1.189s] running egg_info
[1.189s] writing whisper_idl.egg-info/PKG-INFO
[1.189s] writing dependency_links to whisper_idl.egg-info/dependency_links.txt
[1.190s] writing top-level names to whisper_idl.egg-info/top_level.txt
[1.190s] reading manifest file 'whisper_idl.egg-info/SOURCES.txt'
[1.190s] writing manifest file 'whisper_idl.egg-info/SOURCES.txt'
[1.190s] [100%] Built target ament_cmake_python_build_whisper_idl_egg
[1.205s] Invoked command in '/home/mk/dev_ws/build/whisper_idl' returned '0': CMAKE_PREFIX_PATH=/opt/ros/humble /usr/bin/cmake --build /home/mk/dev_ws/build/whisper_idl -- -j20 -l20
[1.206s] Invoking command in '/home/mk/dev_ws/build/whisper_idl': CMAKE_PREFIX_PATH=/opt/ros/humble /usr/bin/cmake --install /home/mk/dev_ws/build/whisper_idl
[1.235s] -- Install configuration: ""
[1.236s] -- Execute custom install script
[1.236s] -- Up-to-date symlink: /home/mk/dev_ws/install/whisper_idl/share/ament_index/resource_index/rosidl_interfaces/whisper_idl
[1.240s] -- Up-to-date symlink: /home/mk/dev_ws/install/whisper_idl/include/whisper_idl/whisper_idl/action/detail/inference__functions.h
[1.250s] -- Up-to-date symlink: /home/mk/dev_ws/install/whisper_idl/include/whisper_idl/whisper_idl/action/detail/inference__struct.h
[1.251s] -- Up-to-date symlink: /home/mk/dev_ws/install/whisper_idl/include/whisper_idl/whisper_idl/action/detail/inference__type_support.h
[1.251s] -- Up-to-date symlink: /home/mk/dev_ws/install/whisper_idl/include/whisper_idl/whisper_idl/action/inference.h
[1.251s] -- Up-to-date symlink: /home/mk/dev_ws/install/whisper_idl/include/whisper_idl/whisper_idl/msg/audio_transcript.h
[1.251s] -- Up-to-date symlink: /home/mk/dev_ws/install/whisper_idl/include/whisper_idl/whisper_idl/msg/detail/audio_transcript__functions.h
[1.251s] -- Up-to-date symlink: /home/mk/dev_ws/install/whisper_idl/include/whisper_idl/whisper_idl/msg/detail/audio_transcript__struct.h
[1.251s] -- Up-to-date symlink: /home/mk/dev_ws/install/whisper_idl/include/whisper_idl/whisper_idl/msg/detail/audio_transcript__type_support.h
[1.251s] -- Up-to-date symlink: /home/mk/dev_ws/install/whisper_idl/include/whisper_idl/whisper_idl/msg/detail/whisper_tokens__functions.h
[1.251s] -- Up-to-date symlink: /home/mk/dev_ws/install/whisper_idl/include/whisper_idl/whisper_idl/msg/detail/whisper_tokens__struct.h
[1.251s] -- Up-to-date symlink: /home/mk/dev_ws/install/whisper_idl/include/whisper_idl/whisper_idl/msg/detail/whisper_tokens__type_support.h
[1.251s] -- Up-to-date symlink: /home/mk/dev_ws/install/whisper_idl/include/whisper_idl/whisper_idl/msg/rosidl_generator_c__visibility_control.h
[1.252s] -- Up-to-date symlink: /home/mk/dev_ws/install/whisper_idl/include/whisper_idl/whisper_idl/msg/whisper_tokens.h
[1.252s] -- Up-to-date symlink: /home/mk/dev_ws/install/whisper_idl/share/whisper_idl/environment/library_path.sh
[1.252s] -- Up-to-date symlink: /home/mk/dev_ws/install/whisper_idl/share/whisper_idl/environment/library_path.dsv
[1.255s] -- Up-to-date symlink: /home/mk/dev_ws/install/whisper_idl/include/whisper_idl/whisper_idl/action/detail/inference__rosidl_typesupport_fastrtps_c.h
[1.255s] -- Up-to-date symlink: /home/mk/dev_ws/install/whisper_idl/include/whisper_idl/whisper_idl/msg/detail/audio_transcript__rosidl_typesupport_fastrtps_c.h
[1.255s] -- Up-to-date symlink: /home/mk/dev_ws/install/whisper_idl/include/whisper_idl/whisper_idl/msg/detail/whisper_tokens__rosidl_typesupport_fastrtps_c.h
[1.255s] -- Up-to-date symlink: /home/mk/dev_ws/install/whisper_idl/include/whisper_idl/whisper_idl/msg/rosidl_typesupport_fastrtps_c__visibility_control.h
[1.262s] -- Up-to-date symlink: /home/mk/dev_ws/install/whisper_idl/include/whisper_idl/whisper_idl/action/detail/inference__builder.hpp
[1.262s] -- Up-to-date symlink: /home/mk/dev_ws/install/whisper_idl/include/whisper_idl/whisper_idl/action/detail/inference__struct.hpp
[1.262s] -- Up-to-date symlink: /home/mk/dev_ws/install/whisper_idl/include/whisper_idl/whisper_idl/action/detail/inference__traits.hpp
[1.263s] -- Up-to-date symlink: /home/mk/dev_ws/install/whisper_idl/include/whisper_idl/whisper_idl/action/detail/inference__type_support.hpp
[1.264s] -- Up-to-date symlink: /home/mk/dev_ws/install/whisper_idl/include/whisper_idl/whisper_idl/action/inference.hpp
[1.272s] -- Up-to-date symlink: /home/mk/dev_ws/install/whisper_idl/include/whisper_idl/whisper_idl/msg/audio_transcript.hpp
[1.273s] -- Up-to-date symlink: /home/mk/dev_ws/install/whisper_idl/include/whisper_idl/whisper_idl/msg/detail/audio_transcript__builder.hpp
[1.273s] -- Up-to-date symlink: /home/mk/dev_ws/install/whisper_idl/include/whisper_idl/whisper_idl/msg/detail/audio_transcript__struct.hpp
[1.273s] -- Up-to-date symlink: /home/mk/dev_ws/install/whisper_idl/include/whisper_idl/whisper_idl/msg/detail/audio_transcript__traits.hpp
[1.273s] -- Up-to-date symlink: /home/mk/dev_ws/install/whisper_idl/include/whisper_idl/whisper_idl/msg/detail/audio_transcript__type_support.hpp
[1.273s] -- Up-to-date symlink: /home/mk/dev_ws/install/whisper_idl/include/whisper_idl/whisper_idl/msg/detail/whisper_tokens__builder.hpp
[1.273s] -- Up-to-date symlink: /home/mk/dev_ws/install/whisper_idl/include/whisper_idl/whisper_idl/msg/detail/whisper_tokens__struct.hpp
[1.273s] -- Up-to-date symlink: /home/mk/dev_ws/install/whisper_idl/include/whisper_idl/whisper_idl/msg/detail/whisper_tokens__traits.hpp
[1.274s] -- Up-to-date symlink: /home/mk/dev_ws/install/whisper_idl/include/whisper_idl/whisper_idl/msg/detail/whisper_tokens__type_support.hpp
[1.274s] -- Up-to-date symlink: /home/mk/dev_ws/install/whisper_idl/include/whisper_idl/whisper_idl/msg/rosidl_generator_cpp__visibility_control.hpp
[1.274s] -- Up-to-date symlink: /home/mk/dev_ws/install/whisper_idl/include/whisper_idl/whisper_idl/msg/whisper_tokens.hpp
[1.275s] -- Up-to-date symlink: /home/mk/dev_ws/install/whisper_idl/include/whisper_idl/whisper_idl/action/detail/inference__rosidl_typesupport_fastrtps_cpp.hpp
[1.282s] -- Up-to-date symlink: /home/mk/dev_ws/install/whisper_idl/include/whisper_idl/whisper_idl/msg/detail/audio_transcript__rosidl_typesupport_fastrtps_cpp.hpp
[1.286s] -- Up-to-date symlink: /home/mk/dev_ws/install/whisper_idl/include/whisper_idl/whisper_idl/msg/detail/whisper_tokens__rosidl_typesupport_fastrtps_cpp.hpp
[1.287s] -- Up-to-date symlink: /home/mk/dev_ws/install/whisper_idl/include/whisper_idl/whisper_idl/msg/rosidl_typesupport_fastrtps_cpp__visibility_control.h
[1.292s] -- Up-to-date symlink: /home/mk/dev_ws/install/whisper_idl/include/whisper_idl/whisper_idl/action/detail/inference__rosidl_typesupport_introspection_c.h
[1.294s] -- Up-to-date symlink: /home/mk/dev_ws/install/whisper_idl/include/whisper_idl/whisper_idl/msg/detail/audio_transcript__rosidl_typesupport_introspection_c.h
[1.294s] -- Up-to-date symlink: /home/mk/dev_ws/install/whisper_idl/include/whisper_idl/whisper_idl/msg/detail/whisper_tokens__rosidl_typesupport_introspection_c.h
[1.294s] -- Up-to-date symlink: /home/mk/dev_ws/install/whisper_idl/include/whisper_idl/whisper_idl/msg/rosidl_typesupport_introspection_c__visibility_control.h
[1.299s] -- Up-to-date symlink: /home/mk/dev_ws/install/whisper_idl/include/whisper_idl/whisper_idl/action/detail/inference__rosidl_typesupport_introspection_cpp.hpp
[1.299s] -- Up-to-date symlink: /home/mk/dev_ws/install/whisper_idl/include/whisper_idl/whisper_idl/msg/detail/audio_transcript__rosidl_typesupport_introspection_cpp.hpp
[1.300s] -- Up-to-date symlink: /home/mk/dev_ws/install/whisper_idl/include/whisper_idl/whisper_idl/msg/detail/whisper_tokens__rosidl_typesupport_introspection_cpp.hpp
[1.300s] -- Up-to-date symlink: /home/mk/dev_ws/install/whisper_idl/share/whisper_idl/environment/pythonpath.sh
[1.300s] -- Up-to-date symlink: /home/mk/dev_ws/install/whisper_idl/share/whisper_idl/environment/pythonpath.dsv
[1.300s] -- Up-to-date symlink: /home/mk/dev_ws/install/whisper_idl/local/lib/python3.10/dist-packages/whisper_idl-1.4.0-py3.10.egg-info/PKG-INFO
[1.300s] -- Up-to-date symlink: /home/mk/dev_ws/install/whisper_idl/local/lib/python3.10/dist-packages/whisper_idl-1.4.0-py3.10.egg-info/SOURCES.txt
[1.300s] -- Up-to-date symlink: /home/mk/dev_ws/install/whisper_idl/local/lib/python3.10/dist-packages/whisper_idl-1.4.0-py3.10.egg-info/dependency_links.txt
[1.301s] -- Up-to-date symlink: /home/mk/dev_ws/install/whisper_idl/local/lib/python3.10/dist-packages/whisper_idl-1.4.0-py3.10.egg-info/top_level.txt
[1.302s] -- Up-to-date symlink: /home/mk/dev_ws/install/whisper_idl/local/lib/python3.10/dist-packages/whisper_idl/__init__.py
[1.302s] -- Up-to-date symlink: /home/mk/dev_ws/install/whisper_idl/local/lib/python3.10/dist-packages/whisper_idl/_whisper_idl_s.ep.rosidl_typesupport_c.c
[1.307s] -- Up-to-date symlink: /home/mk/dev_ws/install/whisper_idl/local/lib/python3.10/dist-packages/whisper_idl/_whisper_idl_s.ep.rosidl_typesupport_fastrtps_c.c
[1.307s] -- Up-to-date symlink: /home/mk/dev_ws/install/whisper_idl/local/lib/python3.10/dist-packages/whisper_idl/_whisper_idl_s.ep.rosidl_typesupport_introspection_c.c
[1.307s] -- Up-to-date symlink: /home/mk/dev_ws/install/whisper_idl/local/lib/python3.10/dist-packages/whisper_idl/action/__init__.py
[1.307s] -- Up-to-date symlink: /home/mk/dev_ws/install/whisper_idl/local/lib/python3.10/dist-packages/whisper_idl/action/_inference.py
[1.307s] -- Up-to-date symlink: /home/mk/dev_ws/install/whisper_idl/local/lib/python3.10/dist-packages/whisper_idl/action/_inference_s.c
[1.307s] -- Up-to-date symlink: /home/mk/dev_ws/install/whisper_idl/local/lib/python3.10/dist-packages/whisper_idl/libwhisper_idl__rosidl_generator_py.so
[1.307s] -- Up-to-date symlink: /home/mk/dev_ws/install/whisper_idl/local/lib/python3.10/dist-packages/whisper_idl/msg/__init__.py
[1.307s] -- Up-to-date symlink: /home/mk/dev_ws/install/whisper_idl/local/lib/python3.10/dist-packages/whisper_idl/msg/_audio_transcript.py
[1.307s] -- Up-to-date symlink: /home/mk/dev_ws/install/whisper_idl/local/lib/python3.10/dist-packages/whisper_idl/msg/_audio_transcript_s.c
[1.307s] -- Up-to-date symlink: /home/mk/dev_ws/install/whisper_idl/local/lib/python3.10/dist-packages/whisper_idl/msg/_whisper_tokens.py
[1.308s] -- Up-to-date symlink: /home/mk/dev_ws/install/whisper_idl/local/lib/python3.10/dist-packages/whisper_idl/msg/_whisper_tokens_s.c
[1.308s] -- Up-to-date symlink: /home/mk/dev_ws/install/whisper_idl/local/lib/python3.10/dist-packages/whisper_idl/whisper_idl_s__rosidl_typesupport_c.cpython-310-x86_64-linux-gnu.so
[1.308s] -- Up-to-date symlink: /home/mk/dev_ws/install/whisper_idl/local/lib/python3.10/dist-packages/whisper_idl/whisper_idl_s__rosidl_typesupport_fastrtps_c.cpython-310-x86_64-linux-gnu.so
[1.308s] -- Up-to-date symlink: /home/mk/dev_ws/install/whisper_idl/local/lib/python3.10/dist-packages/whisper_idl/whisper_idl_s__rosidl_typesupport_introspection_c.cpython-310-x86_64-linux-gnu.so
[1.308s] -- Up-to-date symlink: /home/mk/dev_ws/install/whisper_idl/local/lib/python3.10/dist-packages/whisper_idl/whisper_idl_s__rosidl_typesupport_fastrtps_c.cpython-310-x86_64-linux-gnu.so
[1.309s] -- Up-to-date symlink: /home/mk/dev_ws/install/whisper_idl/local/lib/python3.10/dist-packages/whisper_idl/whisper_idl_s__rosidl_typesupport_introspection_c.cpython-310-x86_64-linux-gnu.so
[1.309s] -- Up-to-date symlink: /home/mk/dev_ws/install/whisper_idl/local/lib/python3.10/dist-packages/whisper_idl/whisper_idl_s__rosidl_typesupport_c.cpython-310-x86_64-linux-gnu.so
[1.309s] -- Up-to-date symlink: /home/mk/dev_ws/install/whisper_idl/share/ament_index/resource_index/rust_packages/whisper_idl
[1.311s] -- Up-to-date symlink: /home/mk/dev_ws/install/whisper_idl/share/whisper_idl/rust/Cargo.toml
[1.314s] -- Up-to-date symlink: /home/mk/dev_ws/install/whisper_idl/share/whisper_idl/rust/build.rs
[1.314s] -- Up-to-date symlink: /home/mk/dev_ws/install/whisper_idl/share/whisper_idl/rust/src/action.rs
[1.314s] -- Up-to-date symlink: /home/mk/dev_ws/install/whisper_idl/share/whisper_idl/rust/src/action/rmw.rs
[1.314s] -- Up-to-date symlink: /home/mk/dev_ws/install/whisper_idl/share/whisper_idl/rust/src/lib.rs
[1.314s] -- Up-to-date symlink: /home/mk/dev_ws/install/whisper_idl/share/whisper_idl/rust/src/msg.rs
[1.314s] -- Up-to-date symlink: /home/mk/dev_ws/install/whisper_idl/share/whisper_idl/rust/src/msg/rmw.rs
[1.319s] -- Up-to-date symlink: /home/mk/dev_ws/install/whisper_idl/share/whisper_idl/action/Inference.idl
[1.319s] -- Up-to-date symlink: /home/mk/dev_ws/install/whisper_idl/share/whisper_idl/msg/WhisperTokens.idl
[1.319s] -- Up-to-date symlink: /home/mk/dev_ws/install/whisper_idl/share/whisper_idl/msg/AudioTranscript.idl
[1.320s] -- Up-to-date symlink: /home/mk/dev_ws/install/whisper_idl/share/whisper_idl/action/Inference.action
[1.320s] -- Up-to-date symlink: /home/mk/dev_ws/install/whisper_idl/share/whisper_idl/msg/WhisperTokens.msg
[1.320s] -- Up-to-date symlink: /home/mk/dev_ws/install/whisper_idl/share/whisper_idl/msg/AudioTranscript.msg
[1.320s] -- Up-to-date symlink: /home/mk/dev_ws/install/whisper_idl/share/ament_index/resource_index/package_run_dependencies/whisper_idl
[1.320s] -- Up-to-date symlink: /home/mk/dev_ws/install/whisper_idl/share/ament_index/resource_index/parent_prefix_path/whisper_idl
[1.320s] -- Up-to-date symlink: /home/mk/dev_ws/install/whisper_idl/share/whisper_idl/environment/ament_prefix_path.sh
[1.321s] -- Up-to-date symlink: /home/mk/dev_ws/install/whisper_idl/share/whisper_idl/environment/ament_prefix_path.dsv
[1.321s] -- Up-to-date symlink: /home/mk/dev_ws/install/whisper_idl/share/whisper_idl/environment/path.sh
[1.321s] -- Up-to-date symlink: /home/mk/dev_ws/install/whisper_idl/share/whisper_idl/environment/path.dsv
[1.321s] -- Up-to-date symlink: /home/mk/dev_ws/install/whisper_idl/share/whisper_idl/local_setup.bash
[1.321s] -- Up-to-date symlink: /home/mk/dev_ws/install/whisper_idl/share/whisper_idl/local_setup.sh
[1.321s] -- Up-to-date symlink: /home/mk/dev_ws/install/whisper_idl/share/whisper_idl/local_setup.zsh
[1.322s] -- Up-to-date symlink: /home/mk/dev_ws/install/whisper_idl/share/whisper_idl/local_setup.dsv
[1.322s] -- Symlinking: /home/mk/dev_ws/install/whisper_idl/share/whisper_idl/package.dsv
[1.334s] -- Up-to-date symlink: /home/mk/dev_ws/install/whisper_idl/share/ament_index/resource_index/packages/whisper_idl
[1.334s] -- Up-to-date symlink: /home/mk/dev_ws/install/whisper_idl/share/whisper_idl/cmake/rosidl_cmake-extras.cmake
[1.334s] -- Up-to-date symlink: /home/mk/dev_ws/install/whisper_idl/share/whisper_idl/cmake/ament_cmake_export_dependencies-extras.cmake
[1.335s] -- Up-to-date symlink: /home/mk/dev_ws/install/whisper_idl/share/whisper_idl/cmake/ament_cmake_export_include_directories-extras.cmake
[1.335s] -- Up-to-date symlink: /home/mk/dev_ws/install/whisper_idl/share/whisper_idl/cmake/ament_cmake_export_libraries-extras.cmake
[1.335s] -- Up-to-date symlink: /home/mk/dev_ws/install/whisper_idl/share/whisper_idl/cmake/ament_cmake_export_targets-extras.cmake
[1.335s] -- Up-to-date symlink: /home/mk/dev_ws/install/whisper_idl/share/whisper_idl/cmake/rosidl_cmake_export_typesupport_targets-extras.cmake
[1.335s] -- Up-to-date symlink: /home/mk/dev_ws/install/whisper_idl/share/whisper_idl/cmake/rosidl_cmake_export_typesupport_libraries-extras.cmake
[1.335s] -- Up-to-date symlink: /home/mk/dev_ws/install/whisper_idl/share/whisper_idl/cmake/whisper_idlConfig.cmake
[1.335s] -- Up-to-date symlink: /home/mk/dev_ws/install/whisper_idl/share/whisper_idl/cmake/whisper_idlConfig-version.cmake
[1.335s] -- Up-to-date symlink: /home/mk/dev_ws/install/whisper_idl/share/whisper_idl/package.xml
[1.335s] -- Up-to-date: /home/mk/dev_ws/install/whisper_idl/lib/libwhisper_idl__rosidl_generator_c.so
[1.335s] -- Up-to-date: /home/mk/dev_ws/install/whisper_idl/lib/libwhisper_idl__rosidl_typesupport_fastrtps_c.so
[1.336s] -- Up-to-date: /home/mk/dev_ws/install/whisper_idl/lib/libwhisper_idl__rosidl_typesupport_fastrtps_cpp.so
[1.336s] -- Up-to-date: /home/mk/dev_ws/install/whisper_idl/lib/libwhisper_idl__rosidl_typesupport_introspection_c.so
[1.336s] -- Up-to-date: /home/mk/dev_ws/install/whisper_idl/lib/libwhisper_idl__rosidl_typesupport_c.so
[1.336s] -- Up-to-date: /home/mk/dev_ws/install/whisper_idl/lib/libwhisper_idl__rosidl_typesupport_introspection_cpp.so
[1.336s] -- Up-to-date: /home/mk/dev_ws/install/whisper_idl/lib/libwhisper_idl__rosidl_typesupport_cpp.so
[1.380s] Listing '/home/mk/dev_ws/install/whisper_idl/local/lib/python3.10/dist-packages/whisper_idl'...
[1.381s] Listing '/home/mk/dev_ws/install/whisper_idl/local/lib/python3.10/dist-packages/whisper_idl/action'...
[1.381s] Listing '/home/mk/dev_ws/install/whisper_idl/local/lib/python3.10/dist-packages/whisper_idl/msg'...
[1.387s] -- Up-to-date: /home/mk/dev_ws/install/whisper_idl/lib/libwhisper_idl__rosidl_generator_py.so
[1.388s] -- Up-to-date: /home/mk/dev_ws/install/whisper_idl/share/whisper_idl/cmake/export_whisper_idl__rosidl_generator_cExport.cmake
[1.388s] -- Up-to-date: /home/mk/dev_ws/install/whisper_idl/share/whisper_idl/cmake/export_whisper_idl__rosidl_generator_cExport-noconfig.cmake
[1.388s] -- Up-to-date: /home/mk/dev_ws/install/whisper_idl/share/whisper_idl/cmake/export_whisper_idl__rosidl_typesupport_fastrtps_cExport.cmake
[1.388s] -- Up-to-date: /home/mk/dev_ws/install/whisper_idl/share/whisper_idl/cmake/export_whisper_idl__rosidl_typesupport_fastrtps_cExport-noconfig.cmake
[1.388s] -- Up-to-date: /home/mk/dev_ws/install/whisper_idl/share/whisper_idl/cmake/export_whisper_idl__rosidl_generator_cppExport.cmake
[1.388s] -- Up-to-date: /home/mk/dev_ws/install/whisper_idl/share/whisper_idl/cmake/export_whisper_idl__rosidl_typesupport_fastrtps_cppExport.cmake
[1.388s] -- Up-to-date: /home/mk/dev_ws/install/whisper_idl/share/whisper_idl/cmake/export_whisper_idl__rosidl_typesupport_fastrtps_cppExport-noconfig.cmake
[1.388s] -- Up-to-date: /home/mk/dev_ws/install/whisper_idl/share/whisper_idl/cmake/whisper_idl__rosidl_typesupport_introspection_cExport.cmake
[1.389s] -- Up-to-date: /home/mk/dev_ws/install/whisper_idl/share/whisper_idl/cmake/whisper_idl__rosidl_typesupport_introspection_cExport-noconfig.cmake
[1.389s] -- Up-to-date: /home/mk/dev_ws/install/whisper_idl/share/whisper_idl/cmake/whisper_idl__rosidl_typesupport_cExport.cmake
[1.389s] -- Up-to-date: /home/mk/dev_ws/install/whisper_idl/share/whisper_idl/cmake/whisper_idl__rosidl_typesupport_cExport-noconfig.cmake
[1.389s] -- Up-to-date: /home/mk/dev_ws/install/whisper_idl/share/whisper_idl/cmake/whisper_idl__rosidl_typesupport_introspection_cppExport.cmake
[1.389s] -- Up-to-date: /home/mk/dev_ws/install/whisper_idl/share/whisper_idl/cmake/whisper_idl__rosidl_typesupport_introspection_cppExport-noconfig.cmake
[1.389s] -- Up-to-date: /home/mk/dev_ws/install/whisper_idl/share/whisper_idl/cmake/whisper_idl__rosidl_typesupport_cppExport.cmake
[1.389s] -- Up-to-date: /home/mk/dev_ws/install/whisper_idl/share/whisper_idl/cmake/whisper_idl__rosidl_typesupport_cppExport-noconfig.cmake
[1.389s] -- Up-to-date: /home/mk/dev_ws/install/whisper_idl/share/whisper_idl/cmake/export_whisper_idl__rosidl_generator_pyExport.cmake
[1.389s] -- Up-to-date: /home/mk/dev_ws/install/whisper_idl/share/whisper_idl/cmake/export_whisper_idl__rosidl_generator_pyExport-noconfig.cmake
[1.450s] Invoked command in '/home/mk/dev_ws/build/whisper_idl' returned '0': CMAKE_PREFIX_PATH=/opt/ros/humble /usr/bin/cmake --install /home/mk/dev_ws/build/whisper_idl
