[0.058s] Invoking command in '/home/mk/dev_ws/build/whisper_util': AMENT_PREFIX_PATH=/home/mk/dev_ws/install/whisper_cpp_vendor:${AMENT_PREFIX_PATH} CMAKE_PREFIX_PATH=/home/mk/dev_ws/install/whisper_cpp_vendor:/opt/ros/humble LD_LIBRARY_PATH=/home/mk/dev_ws/install/whisper_cpp_vendor/lib:${LD_LIBRARY_PATH} /usr/bin/cmake --build /home/mk/dev_ws/build/whisper_util -- -j20 -l20
[0.082s] [35m[1mConsolidate compiler generated dependencies of target whisper_util[0m
[0.089s] [100%] Built target whisper_util
[0.530s] Invoked command in '/home/mk/dev_ws/build/whisper_util' returned '0': AMENT_PREFIX_PATH=/home/mk/dev_ws/install/whisper_cpp_vendor:${AMENT_PREFIX_PATH} CMAKE_PREFIX_PATH=/home/mk/dev_ws/install/whisper_cpp_vendor:/opt/ros/humble LD_LIBRARY_PATH=/home/mk/dev_ws/install/whisper_cpp_vendor/lib:${LD_LIBRARY_PATH} /usr/bin/cmake --build /home/mk/dev_ws/build/whisper_util -- -j20 -l20
[0.531s] Invoking command in '/home/mk/dev_ws/build/whisper_util': AMENT_PREFIX_PATH=/home/mk/dev_ws/install/whisper_cpp_vendor:${AMENT_PREFIX_PATH} CMAKE_PREFIX_PATH=/home/mk/dev_ws/install/whisper_cpp_vendor:/opt/ros/humble LD_LIBRARY_PATH=/home/mk/dev_ws/install/whisper_cpp_vendor/lib:${LD_LIBRARY_PATH} /usr/bin/cmake --install /home/mk/dev_ws/build/whisper_util
[0.550s] -- Install configuration: "Release"
[0.550s] -- Execute custom install script
[0.551s] -- Up-to-date symlink: /home/mk/dev_ws/install/whisper_util/share/whisper_util/environment/library_path.sh
[0.551s] -- Up-to-date symlink: /home/mk/dev_ws/install/whisper_util/share/whisper_util/environment/library_path.dsv
[0.551s] -- Up-to-date symlink: /home/mk/dev_ws/install/whisper_util/include/whisper_util/audio_buffers.hpp
[0.551s] -- Up-to-date symlink: /home/mk/dev_ws/install/whisper_util/include/whisper_util/chrono_utils.hpp
[0.551s] -- Up-to-date symlink: /home/mk/dev_ws/install/whisper_util/include/whisper_util/model_manager.hpp
[0.551s] -- Up-to-date symlink: /home/mk/dev_ws/install/whisper_util/include/whisper_util/whisper.hpp
[0.551s] -- Up-to-date symlink: /home/mk/dev_ws/install/whisper_util/share/ament_index/resource_index/package_run_dependencies/whisper_util
[0.551s] -- Up-to-date symlink: /home/mk/dev_ws/install/whisper_util/share/ament_index/resource_index/parent_prefix_path/whisper_util
[0.551s] -- Up-to-date symlink: /home/mk/dev_ws/install/whisper_util/share/whisper_util/environment/ament_prefix_path.sh
[0.551s] -- Up-to-date symlink: /home/mk/dev_ws/install/whisper_util/share/whisper_util/environment/ament_prefix_path.dsv
[0.551s] -- Up-to-date symlink: /home/mk/dev_ws/install/whisper_util/share/whisper_util/environment/path.sh
[0.551s] -- Up-to-date symlink: /home/mk/dev_ws/install/whisper_util/share/whisper_util/environment/path.dsv
[0.551s] -- Up-to-date symlink: /home/mk/dev_ws/install/whisper_util/share/whisper_util/local_setup.bash
[0.551s] -- Up-to-date symlink: /home/mk/dev_ws/install/whisper_util/share/whisper_util/local_setup.sh
[0.551s] -- Up-to-date symlink: /home/mk/dev_ws/install/whisper_util/share/whisper_util/local_setup.zsh
[0.551s] -- Up-to-date symlink: /home/mk/dev_ws/install/whisper_util/share/whisper_util/local_setup.dsv
[0.551s] -- Symlinking: /home/mk/dev_ws/install/whisper_util/share/whisper_util/package.dsv
[0.551s] -- Up-to-date symlink: /home/mk/dev_ws/install/whisper_util/share/ament_index/resource_index/packages/whisper_util
[0.551s] -- Up-to-date symlink: /home/mk/dev_ws/install/whisper_util/share/whisper_util/cmake/ament_cmake_export_targets-extras.cmake
[0.551s] -- Up-to-date symlink: /home/mk/dev_ws/install/whisper_util/share/whisper_util/cmake/ament_cmake_export_dependencies-extras.cmake
[0.551s] -- Up-to-date symlink: /home/mk/dev_ws/install/whisper_util/share/whisper_util/cmake/whisper_utilConfig.cmake
[0.551s] -- Up-to-date symlink: /home/mk/dev_ws/install/whisper_util/share/whisper_util/cmake/whisper_utilConfig-version.cmake
[0.551s] -- Up-to-date symlink: /home/mk/dev_ws/install/whisper_util/share/whisper_util/package.xml
[0.551s] -- Up-to-date: /home/mk/dev_ws/install/whisper_util/lib/libwhisper_util.so
[0.551s] -- Up-to-date: /home/mk/dev_ws/install/whisper_util/share/whisper_util/cmake/export_whisper_utilExport.cmake
[0.551s] -- Up-to-date: /home/mk/dev_ws/install/whisper_util/share/whisper_util/cmake/export_whisper_utilExport-release.cmake
[0.576s] Invoked command in '/home/mk/dev_ws/build/whisper_util' returned '0': AMENT_PREFIX_PATH=/home/mk/dev_ws/install/whisper_cpp_vendor:${AMENT_PREFIX_PATH} CMAKE_PREFIX_PATH=/home/mk/dev_ws/install/whisper_cpp_vendor:/opt/ros/humble LD_LIBRARY_PATH=/home/mk/dev_ws/install/whisper_cpp_vendor/lib:${LD_LIBRARY_PATH} /usr/bin/cmake --install /home/mk/dev_ws/build/whisper_util
