running develop
Removing /home/mk/dev_ws/install/whisper_demos/lib/python3.10/site-packages/whisper-demos.egg-link (link to .)
running egg_info
writing ../../../build/whisper_demos/whisper_demos.egg-info/PKG-INFO
writing dependency_links to ../../../build/whisper_demos/whisper_demos.egg-info/dependency_links.txt
writing entry points to ../../../build/whisper_demos/whisper_demos.egg-info/entry_points.txt
writing requirements to ../../../build/whisper_demos/whisper_demos.egg-info/requires.txt
writing top-level names to ../../../build/whisper_demos/whisper_demos.egg-info/top_level.txt
reading manifest file '../../../build/whisper_demos/whisper_demos.egg-info/SOURCES.txt'
adding license file 'LICENSE'
writing manifest file '../../../build/whisper_demos/whisper_demos.egg-info/SOURCES.txt'
running build
running build_py
creating /home/mk/dev_ws/build/whisper_demos/build
creating /home/mk/dev_ws/build/whisper_demos/build/lib
creating /home/mk/dev_ws/build/whisper_demos/build/lib/whisper_demos
copying whisper_demos/stream.py -> /home/mk/dev_ws/build/whisper_demos/build/lib/whisper_demos
copying whisper_demos/__init__.py -> /home/mk/dev_ws/build/whisper_demos/build/lib/whisper_demos
running install
running install_lib
creating /home/mk/dev_ws/install/whisper_demos/lib/python3.10/site-packages/whisper_demos
copying /home/mk/dev_ws/build/whisper_demos/build/lib/whisper_demos/stream.py -> /home/mk/dev_ws/install/whisper_demos/lib/python3.10/site-packages/whisper_demos
copying /home/mk/dev_ws/build/whisper_demos/build/lib/whisper_demos/__init__.py -> /home/mk/dev_ws/install/whisper_demos/lib/python3.10/site-packages/whisper_demos
byte-compiling /home/mk/dev_ws/install/whisper_demos/lib/python3.10/site-packages/whisper_demos/stream.py to stream.cpython-310.pyc
byte-compiling /home/mk/dev_ws/install/whisper_demos/lib/python3.10/site-packages/whisper_demos/__init__.py to __init__.cpython-310.pyc
running install_data
copying resource/whisper_demos -> /home/mk/dev_ws/install/whisper_demos/share/ament_index/resource_index/packages
copying package.xml -> /home/mk/dev_ws/install/whisper_demos/share/whisper_demos
running install_egg_info
Copying ../../../build/whisper_demos/whisper_demos.egg-info to /home/mk/dev_ws/install/whisper_demos/lib/python3.10/site-packages/whisper_demos-1.4.0-py3.10.egg-info
running install_scripts
Installing stream script to /home/mk/dev_ws/install/whisper_demos/lib/whisper_demos
Installing whisper_on_key script to /home/mk/dev_ws/install/whisper_demos/lib/whisper_demos
writing list of installed files to '/home/mk/dev_ws/build/whisper_demos/install.log'
