[0.615s] Invoking command in '/home/mk/dev_ws/build/realsense_gazebo_plugin': CMAKE_PREFIX_PATH=/opt/ros/humble /usr/bin/cmake /home/mk/dev_ws/src/xarm_ros2/thirdparty/realsense_gazebo_plugin -DAMENT_CMAKE_SYMLINK_INSTALL=1 -DCMAKE_INSTALL_PREFIX=/home/mk/dev_ws/install/realsense_gazebo_plugin
[1.216s] -- The C compiler identification is GNU 11.4.0
[1.216s] -- The CXX compiler identification is GNU 11.4.0
[1.216s] -- Detecting C compiler ABI info
[1.216s] -- Detecting C compiler ABI info - done
[1.216s] -- Check for working C compiler: /usr/bin/cc - skipped
[1.216s] -- Detecting C compile features
[1.216s] -- Detecting C compile features - done
[1.216s] -- Detecting CXX compiler ABI info
[1.216s] -- Detecting CXX compiler ABI info - done
[1.216s] -- Check for working CXX compiler: /usr/bin/c++ - skipped
[1.216s] -- Detecting CXX compile features
[1.216s] -- Detecting CXX compile features - done
[1.216s] -- Found ament_cmake: 1.3.14 (/opt/ros/humble/share/ament_cmake/cmake)
[1.216s] -- Found Python3: /usr/bin/python3 (found version "3.10.12") found components: Interpreter 
[1.216s] -- Override CMake install command with custom implementation using symlinks instead of copying resources
[1.216s] -- Found rclcpp: 16.0.19 (/opt/ros/humble/share/rclcpp/cmake)
[1.216s] -- Found rosidl_generator_c: 3.1.8 (/opt/ros/humble/share/rosidl_generator_c/cmake)
[1.216s] -- Found rosidl_adapter: 3.1.8 (/opt/ros/humble/share/rosidl_adapter/cmake)
[1.216s] -- Found rosidl_generator_cpp: 3.1.8 (/opt/ros/humble/share/rosidl_generator_cpp/cmake)
[1.216s] -- Using all available rosidl_typesupport_c: rosidl_typesupport_fastrtps_c;rosidl_typesupport_introspection_c
[1.216s] -- Using all available rosidl_typesupport_cpp: rosidl_typesupport_fastrtps_cpp;rosidl_typesupport_introspection_cpp
[1.216s] -- Found rmw_implementation_cmake: 6.1.2 (/opt/ros/humble/share/rmw_implementation_cmake/cmake)
[1.216s] -- Found rmw_cyclonedds_cpp: 1.3.4 (/opt/ros/humble/share/rmw_cyclonedds_cpp/cmake)
[1.216s] -- Using RMW implementation 'rmw_cyclonedds_cpp' as default
[1.216s] -- Looking for pthread.h
[1.216s] -- Looking for pthread.h - found
[1.216s] -- Performing Test CMAKE_HAVE_LIBC_PTHREAD
[1.216s] -- Performing Test CMAKE_HAVE_LIBC_PTHREAD - Success
[1.216s] -- Found Threads: TRUE  
[1.216s] -- Found gazebo_ros: 3.9.0 (/opt/ros/humble/share/gazebo_ros/cmake)
[1.216s] -- Found PkgConfig: /usr/bin/pkg-config (found version "0.29.2") 
[1.216s] -- Checking for module 'bullet>=2.82'
[1.216s] --   Found bullet, version 3.05
[1.245s] -- Found fcl: /usr/include (found suitable version "0.7.0", minimum required is "0.5.0") 
[1.341s] -- Found assimp: /usr/include (found version "5.2.0") 
[1.377s] -- Found DART: /usr/include (Required is at least version "6.6") found components: dart 
[1.435s] -- Found Boost: /usr/lib/x86_64-linux-gnu/cmake/Boost-1.74.0/BoostConfig.cmake (found suitable version "1.74.0", minimum required is "1.40.0") found components: thread system filesystem program_options regex iostreams date_time 
[1.466s] -- Found Protobuf: /usr/lib/x86_64-linux-gnu/libprotobuf.so (found version "3.12.4") 
[1.475s] -- Looking for ignition-math6 -- found version 6.16.0
[1.491s] -- Searching for dependencies of ignition-math6
[1.495s] -- Looking for OGRE...
[1.495s] -- OGRE_PREFIX_WATCH changed.
[1.505s] -- Checking for module 'OGRE'
[1.532s] --   Found OGRE, version 1.9.0
[1.622s] -- Found Ogre Ghadamon (1.9.0)
[1.652s] -- Found OGRE: optimized;/usr/lib/x86_64-linux-gnu/libOgreMain.so;debug;/usr/lib/x86_64-linux-gnu/libOgreMain.so
[1.684s] -- Looking for OGRE_Paging...
[1.708s] -- Found OGRE_Paging: optimized;/usr/lib/x86_64-linux-gnu/libOgrePaging.so;debug;/usr/lib/x86_64-linux-gnu/libOgrePaging.so
[1.708s] -- Looking for OGRE_Terrain...
[1.725s] -- Found OGRE_Terrain: optimized;/usr/lib/x86_64-linux-gnu/libOgreTerrain.so;debug;/usr/lib/x86_64-linux-gnu/libOgreTerrain.so
[1.725s] -- Looking for OGRE_Property...
[1.741s] -- Found OGRE_Property: optimized;/usr/lib/x86_64-linux-gnu/libOgreProperty.so;debug;/usr/lib/x86_64-linux-gnu/libOgreProperty.so
[1.741s] -- Looking for OGRE_RTShaderSystem...
[1.755s] -- Found OGRE_RTShaderSystem: optimized;/usr/lib/x86_64-linux-gnu/libOgreRTShaderSystem.so;debug;/usr/lib/x86_64-linux-gnu/libOgreRTShaderSystem.so
[1.755s] -- Looking for OGRE_Volume...
[1.773s] -- Found OGRE_Volume: optimized;/usr/lib/x86_64-linux-gnu/libOgreVolume.so;debug;/usr/lib/x86_64-linux-gnu/libOgreVolume.so
[1.773s] -- Looking for OGRE_Overlay...
[1.788s] -- Found OGRE_Overlay: optimized;/usr/lib/x86_64-linux-gnu/libOgreOverlay.so;debug;/usr/lib/x86_64-linux-gnu/libOgreOverlay.so
[2.192s] -- Looking for ignition-math6 -- found version 6.16.0
[2.202s] -- Looking for ignition-transport8 -- found version 8.2.1
[2.203s] -- Searching for dependencies of ignition-transport8
[2.240s] -- Found Protobuf: /usr/lib/x86_64-linux-gnu/libprotobuf.so (found suitable version "3.12.4", minimum required is "3") 
[2.269s] -- Config-file not installed for ZeroMQ -- checking for pkg-config
[2.288s] -- Checking for module 'libzmq >= 4'
[2.307s] --   Found libzmq , version 4.3.4
[2.391s] -- Found ZeroMQ: TRUE (Required is at least version "4") 
[2.410s] -- Checking for module 'uuid'
[2.448s] --   Found uuid, version 2.37.2
[2.524s] -- Found UUID: TRUE  
[2.536s] -- Looking for ignition-msgs5 -- found version 5.8.1
[2.536s] -- Searching for dependencies of ignition-msgs5
[2.562s] -- Looking for ignition-math6 -- found version 6.16.0
[2.572s] -- Checking for module 'tinyxml2'
[2.613s] --   Found tinyxml2, version 9.0.0
[2.713s] -- Looking for ignition-msgs5 -- found version 5.8.1
[2.724s] -- Looking for ignition-common3 -- found version 3.14.0
[2.724s] -- Searching for dependencies of ignition-common3
[2.724s] -- Looking for dlfcn.h - found
[2.724s] -- Looking for libdl - found
[2.732s] -- Found DL: TRUE  
[2.760s] -- Found tinyobjloader: /usr/lib/x86_64-linux-gnu/cmake/tinyobjloader/tinyobjloader-config.cmake (found version "2.0.0") 
[2.765s] -- Searching for <ignition-common3> component [graphics]
[2.767s] -- Looking for ignition-common3-graphics -- found version 3.14.0
[2.771s] -- Searching for dependencies of ignition-common3-graphics
[2.771s] -- Looking for ignition-math6 -- found version 6.16.0
[2.782s] -- Looking for ignition-fuel_tools4 -- found version 4.4.0
[2.782s] -- Searching for dependencies of ignition-fuel_tools4
[2.954s] -- Found CURL: /usr/lib/x86_64-linux-gnu/libcurl.so (found version "7.81.0")  
[2.979s] -- Checking for module 'jsoncpp'
[3.003s] --   Found jsoncpp, version 1.9.5
[3.090s] -- Found JSONCPP: TRUE  
[3.096s] -- Checking for module 'libzip'
[3.109s] --   Found libzip, version 1.7.3
[3.156s] -- Found ZIP: TRUE  
[3.157s] -- Looking for ignition-common3 -- found version 3.14.0
[3.157s] -- Looking for ignition-math6 -- found version 6.16.0
[3.160s] -- Looking for ignition-msgs5 -- found version 5.8.1
[3.174s] -- Gazebo version: 11.10
[3.174s] -- Checking for module 'tbb'
[3.195s] --   Found tbb, version 2021.5.0
[3.244s] -- Found image_transport: 3.1.12 (/opt/ros/humble/share/image_transport/cmake)
[3.349s] -- Found camera_info_manager: 3.1.12 (/opt/ros/humble/share/camera_info_manager/cmake)
[3.367s] -- Found ament_lint_auto: 0.12.15 (/opt/ros/humble/share/ament_lint_auto/cmake)
[3.467s] -- Configuring done
[3.512s] -- Generating done
[3.518s] -- Build files have been written to: /home/mk/dev_ws/build/realsense_gazebo_plugin
[3.538s] Invoked command in '/home/mk/dev_ws/build/realsense_gazebo_plugin' returned '0': CMAKE_PREFIX_PATH=/opt/ros/humble /usr/bin/cmake /home/mk/dev_ws/src/xarm_ros2/thirdparty/realsense_gazebo_plugin -DAMENT_CMAKE_SYMLINK_INSTALL=1 -DCMAKE_INSTALL_PREFIX=/home/mk/dev_ws/install/realsense_gazebo_plugin
[3.548s] Invoking command in '/home/mk/dev_ws/build/realsense_gazebo_plugin': CMAKE_PREFIX_PATH=/opt/ros/humble /usr/bin/cmake --build /home/mk/dev_ws/build/realsense_gazebo_plugin -- -j20 -l20
[3.646s] [ 33%] [32mBuilding CXX object CMakeFiles/realsense_gazebo_plugin.dir/src/gazebo_ros_realsense.cpp.o[0m
[3.646s] [ 66%] [32mBuilding CXX object CMakeFiles/realsense_gazebo_plugin.dir/src/RealSensePlugin.cpp.o[0m
[23.070s] [100%] [32m[1mLinking CXX shared library librealsense_gazebo_plugin.so[0m
[23.765s] [100%] Built target realsense_gazebo_plugin
[23.772s] Invoked command in '/home/mk/dev_ws/build/realsense_gazebo_plugin' returned '0': CMAKE_PREFIX_PATH=/opt/ros/humble /usr/bin/cmake --build /home/mk/dev_ws/build/realsense_gazebo_plugin -- -j20 -l20
[23.773s] Invoking command in '/home/mk/dev_ws/build/realsense_gazebo_plugin': CMAKE_PREFIX_PATH=/opt/ros/humble /usr/bin/cmake --install /home/mk/dev_ws/build/realsense_gazebo_plugin
[23.778s] -- Install configuration: ""
[23.778s] -- Execute custom install script
[23.778s] -- Symlinking: /home/mk/dev_ws/install/realsense_gazebo_plugin/lib/librealsense_gazebo_plugin.so
[23.784s] -- Symlinking: /home/mk/dev_ws/install/realsense_gazebo_plugin/include//realsense_gazebo_plugin/RealSensePlugin.h
[23.789s] -- Symlinking: /home/mk/dev_ws/install/realsense_gazebo_plugin/include//realsense_gazebo_plugin/gazebo_ros_realsense.h
[23.795s] -- Symlinking: /home/mk/dev_ws/install/realsense_gazebo_plugin/share/realsense_gazebo_plugin/environment/library_path.sh
[23.800s] -- Symlinking: /home/mk/dev_ws/install/realsense_gazebo_plugin/share/realsense_gazebo_plugin/environment/library_path.dsv
[23.806s] -- Symlinking: /home/mk/dev_ws/install/realsense_gazebo_plugin/share/ament_index/resource_index/package_run_dependencies/realsense_gazebo_plugin
[23.811s] -- Symlinking: /home/mk/dev_ws/install/realsense_gazebo_plugin/share/ament_index/resource_index/parent_prefix_path/realsense_gazebo_plugin
[23.817s] -- Symlinking: /home/mk/dev_ws/install/realsense_gazebo_plugin/share/realsense_gazebo_plugin/environment/ament_prefix_path.sh
[23.823s] -- Symlinking: /home/mk/dev_ws/install/realsense_gazebo_plugin/share/realsense_gazebo_plugin/environment/ament_prefix_path.dsv
[23.828s] -- Symlinking: /home/mk/dev_ws/install/realsense_gazebo_plugin/share/realsense_gazebo_plugin/environment/path.sh
[23.834s] -- Symlinking: /home/mk/dev_ws/install/realsense_gazebo_plugin/share/realsense_gazebo_plugin/environment/path.dsv
[23.841s] -- Symlinking: /home/mk/dev_ws/install/realsense_gazebo_plugin/share/realsense_gazebo_plugin/local_setup.bash
[23.846s] -- Symlinking: /home/mk/dev_ws/install/realsense_gazebo_plugin/share/realsense_gazebo_plugin/local_setup.sh
[23.851s] -- Symlinking: /home/mk/dev_ws/install/realsense_gazebo_plugin/share/realsense_gazebo_plugin/local_setup.zsh
[23.857s] -- Symlinking: /home/mk/dev_ws/install/realsense_gazebo_plugin/share/realsense_gazebo_plugin/local_setup.dsv
[23.862s] -- Symlinking: /home/mk/dev_ws/install/realsense_gazebo_plugin/share/realsense_gazebo_plugin/package.dsv
[23.867s] -- Symlinking: /home/mk/dev_ws/install/realsense_gazebo_plugin/share/ament_index/resource_index/packages/realsense_gazebo_plugin
[23.872s] -- Symlinking: /home/mk/dev_ws/install/realsense_gazebo_plugin/share/realsense_gazebo_plugin/cmake/ament_cmake_export_include_directories-extras.cmake
[23.877s] -- Symlinking: /home/mk/dev_ws/install/realsense_gazebo_plugin/share/realsense_gazebo_plugin/cmake/ament_cmake_export_libraries-extras.cmake
[23.882s] -- Symlinking: /home/mk/dev_ws/install/realsense_gazebo_plugin/share/realsense_gazebo_plugin/cmake/realsense_gazebo_pluginConfig.cmake
[23.887s] -- Symlinking: /home/mk/dev_ws/install/realsense_gazebo_plugin/share/realsense_gazebo_plugin/cmake/realsense_gazebo_pluginConfig-version.cmake
[23.892s] -- Symlinking: /home/mk/dev_ws/install/realsense_gazebo_plugin/share/realsense_gazebo_plugin/package.xml
[23.898s] Invoked command in '/home/mk/dev_ws/build/realsense_gazebo_plugin' returned '0': CMAKE_PREFIX_PATH=/opt/ros/humble /usr/bin/cmake --install /home/mk/dev_ws/build/realsense_gazebo_plugin
