[2.108s] Invoking command in '/home/mk/dev_ws/build/uf_ros_lib': PYTHONPATH=/home/mk/dev_ws/build/uf_ros_lib/prefix_override:/usr/lib/python3/dist-packages/colcon_core/task/python/colcon_distutils_commands:/home/mk/dev_ws/install/uf_ros_lib/lib/python3.10/site-packages:${PYTHONPATH} /usr/bin/python3 -W ignore:setup.py install is deprecated -W ignore:easy_install command is deprecated setup.py develop --editable --build-directory /home/mk/dev_ws/build/uf_ros_lib/build --no-deps symlink_data
[2.561s] running develop
[2.737s] running egg_info
[2.737s] creating uf_ros_lib.egg-info
[2.737s] writing uf_ros_lib.egg-info/PKG-INFO
[2.737s] writing dependency_links to uf_ros_lib.egg-info/dependency_links.txt
[2.737s] writing entry points to uf_ros_lib.egg-info/entry_points.txt
[2.737s] writing requirements to uf_ros_lib.egg-info/requires.txt
[2.737s] writing top-level names to uf_ros_lib.egg-info/top_level.txt
[2.737s] writing manifest file 'uf_ros_lib.egg-info/SOURCES.txt'
[2.737s] reading manifest file 'uf_ros_lib.egg-info/SOURCES.txt'
[2.738s] writing manifest file 'uf_ros_lib.egg-info/SOURCES.txt'
[2.822s] running build_ext
[2.822s] Creating /home/mk/dev_ws/install/uf_ros_lib/lib/python3.10/site-packages/uf-ros-lib.egg-link (link to .)
[2.822s] 
[2.822s] Installed /home/mk/dev_ws/build/uf_ros_lib
[2.822s] running symlink_data
[2.822s] creating /home/mk/dev_ws/install/uf_ros_lib/share/ament_index
[2.822s] creating /home/mk/dev_ws/install/uf_ros_lib/share/ament_index/resource_index
[2.822s] creating /home/mk/dev_ws/install/uf_ros_lib/share/ament_index/resource_index/packages
[2.822s] symbolically linking /home/mk/dev_ws/build/uf_ros_lib/resource/uf_ros_lib -> /home/mk/dev_ws/install/uf_ros_lib/share/ament_index/resource_index/packages
[2.822s] symbolically linking /home/mk/dev_ws/build/uf_ros_lib/package.xml -> /home/mk/dev_ws/install/uf_ros_lib/share/uf_ros_lib
[2.892s] Invoked command in '/home/mk/dev_ws/build/uf_ros_lib' returned '0': PYTHONPATH=/home/mk/dev_ws/build/uf_ros_lib/prefix_override:/usr/lib/python3/dist-packages/colcon_core/task/python/colcon_distutils_commands:/home/mk/dev_ws/install/uf_ros_lib/lib/python3.10/site-packages:${PYTHONPATH} /usr/bin/python3 -W ignore:setup.py install is deprecated -W ignore:easy_install command is deprecated setup.py develop --editable --build-directory /home/mk/dev_ws/build/uf_ros_lib/build --no-deps symlink_data
