-- Found ament_cmake: 1.3.14 (/opt/ros/humble/share/ament_cmake/cmake)
-- Override CMake install command with custom implementation using symlinks instead of copying resources
-- Found whisper_cpp_vendor: 1.4.0 (/home/mk/dev_ws/install/whisper_cpp_vendor/share/whisper_cpp_vendor/cmake)
-- Configuring done
-- Generating done
-- Build files have been written to: /home/mk/dev_ws/build/whisper_util
[35m[1mConsolidate compiler generated dependencies of target whisper_util[0m
[100%] Built target whisper_util
-- Install configuration: "Release"
-- Execute custom install script
-- Up-to-date symlink: /home/mk/dev_ws/install/whisper_util/share/whisper_util/environment/library_path.sh
-- Up-to-date symlink: /home/mk/dev_ws/install/whisper_util/share/whisper_util/environment/library_path.dsv
-- Up-to-date symlink: /home/mk/dev_ws/install/whisper_util/include/whisper_util/audio_buffers.hpp
-- Up-to-date symlink: /home/mk/dev_ws/install/whisper_util/include/whisper_util/chrono_utils.hpp
-- Up-to-date symlink: /home/mk/dev_ws/install/whisper_util/include/whisper_util/model_manager.hpp
-- Up-to-date symlink: /home/mk/dev_ws/install/whisper_util/include/whisper_util/whisper.hpp
-- Up-to-date symlink: /home/mk/dev_ws/install/whisper_util/share/ament_index/resource_index/package_run_dependencies/whisper_util
-- Up-to-date symlink: /home/mk/dev_ws/install/whisper_util/share/ament_index/resource_index/parent_prefix_path/whisper_util
-- Up-to-date symlink: /home/mk/dev_ws/install/whisper_util/share/whisper_util/environment/ament_prefix_path.sh
-- Up-to-date symlink: /home/mk/dev_ws/install/whisper_util/share/whisper_util/environment/ament_prefix_path.dsv
-- Up-to-date symlink: /home/mk/dev_ws/install/whisper_util/share/whisper_util/environment/path.sh
-- Up-to-date symlink: /home/mk/dev_ws/install/whisper_util/share/whisper_util/environment/path.dsv
-- Up-to-date symlink: /home/mk/dev_ws/install/whisper_util/share/whisper_util/local_setup.bash
-- Up-to-date symlink: /home/mk/dev_ws/install/whisper_util/share/whisper_util/local_setup.sh
-- Up-to-date symlink: /home/mk/dev_ws/install/whisper_util/share/whisper_util/local_setup.zsh
-- Up-to-date symlink: /home/mk/dev_ws/install/whisper_util/share/whisper_util/local_setup.dsv
-- Symlinking: /home/mk/dev_ws/install/whisper_util/share/whisper_util/package.dsv
-- Up-to-date symlink: /home/mk/dev_ws/install/whisper_util/share/ament_index/resource_index/packages/whisper_util
-- Up-to-date symlink: /home/mk/dev_ws/install/whisper_util/share/whisper_util/cmake/ament_cmake_export_targets-extras.cmake
-- Up-to-date symlink: /home/mk/dev_ws/install/whisper_util/share/whisper_util/cmake/ament_cmake_export_dependencies-extras.cmake
-- Up-to-date symlink: /home/mk/dev_ws/install/whisper_util/share/whisper_util/cmake/whisper_utilConfig.cmake
-- Up-to-date symlink: /home/mk/dev_ws/install/whisper_util/share/whisper_util/cmake/whisper_utilConfig-version.cmake
-- Up-to-date symlink: /home/mk/dev_ws/install/whisper_util/share/whisper_util/package.xml
-- Up-to-date: /home/mk/dev_ws/install/whisper_util/lib/libwhisper_util.so
-- Up-to-date: /home/mk/dev_ws/install/whisper_util/share/whisper_util/cmake/export_whisper_utilExport.cmake
-- Up-to-date: /home/mk/dev_ws/install/whisper_util/share/whisper_util/cmake/export_whisper_utilExport-release.cmake
