[2.256s] Invoking command in '/home/mk/dev_ws/build/uf_ros_lib': PYTHONPATH=/home/mk/dev_ws/build/uf_ros_lib/prefix_override:/usr/lib/python3/dist-packages/colcon_core/task/python/colcon_distutils_commands:/home/mk/dev_ws/install/uf_ros_lib/lib/python3.10/site-packages:${PYTHONPATH} /usr/bin/python3 -W ignore:setup.py install is deprecated -W ignore:easy_install command is deprecated setup.py develop --uninstall --editable --build-directory /home/mk/dev_ws/build/uf_ros_lib/build
[2.536s] running develop
[2.691s] Removing /home/mk/dev_ws/install/uf_ros_lib/lib/python3.10/site-packages/uf-ros-lib.egg-link (link to .)
[2.818s] Invoked command in '/home/mk/dev_ws/build/uf_ros_lib' returned '0': PYTHONPATH=/home/mk/dev_ws/build/uf_ros_lib/prefix_override:/usr/lib/python3/dist-packages/colcon_core/task/python/colcon_distutils_commands:/home/mk/dev_ws/install/uf_ros_lib/lib/python3.10/site-packages:${PYTHONPATH} /usr/bin/python3 -W ignore:setup.py install is deprecated -W ignore:easy_install command is deprecated setup.py develop --uninstall --editable --build-directory /home/mk/dev_ws/build/uf_ros_lib/build
[2.818s] Invoking command in '/home/mk/dev_ws/src/xarm_ros2/uf_ros_lib': PYTHONPATH=/home/mk/dev_ws/build/uf_ros_lib/prefix_override:/usr/lib/python3/dist-packages/colcon_core/task/python/colcon_distutils_commands:/home/mk/dev_ws/install/uf_ros_lib/lib/python3.10/site-packages:${PYTHONPATH} /usr/bin/python3 -W ignore:setup.py install is deprecated -W ignore:easy_install command is deprecated setup.py egg_info --egg-base ../../../build/uf_ros_lib build --build-base /home/mk/dev_ws/build/uf_ros_lib/build install --record /home/mk/dev_ws/build/uf_ros_lib/install.log --single-version-externally-managed install_data --force
[3.042s] running egg_info
[3.043s] writing ../../../build/uf_ros_lib/uf_ros_lib.egg-info/PKG-INFO
[3.045s] writing dependency_links to ../../../build/uf_ros_lib/uf_ros_lib.egg-info/dependency_links.txt
[3.045s] writing entry points to ../../../build/uf_ros_lib/uf_ros_lib.egg-info/entry_points.txt
[3.045s] writing requirements to ../../../build/uf_ros_lib/uf_ros_lib.egg-info/requires.txt
[3.045s] writing top-level names to ../../../build/uf_ros_lib/uf_ros_lib.egg-info/top_level.txt
[3.046s] reading manifest file '../../../build/uf_ros_lib/uf_ros_lib.egg-info/SOURCES.txt'
[3.048s] writing manifest file '../../../build/uf_ros_lib/uf_ros_lib.egg-info/SOURCES.txt'
[3.048s] running build
[3.048s] running build_py
[3.048s] creating /home/mk/dev_ws/build/uf_ros_lib/build
[3.049s] creating /home/mk/dev_ws/build/uf_ros_lib/build/lib
[3.049s] creating /home/mk/dev_ws/build/uf_ros_lib/build/lib/uf_ros_lib
[3.049s] copying uf_ros_lib/moveit_configs_builder.py -> /home/mk/dev_ws/build/uf_ros_lib/build/lib/uf_ros_lib
[3.049s] copying uf_ros_lib/__init__.py -> /home/mk/dev_ws/build/uf_ros_lib/build/lib/uf_ros_lib
[3.049s] copying uf_ros_lib/uf_robot_utils.py -> /home/mk/dev_ws/build/uf_ros_lib/build/lib/uf_ros_lib
[3.049s] copying uf_ros_lib/parameter_descriptions.py -> /home/mk/dev_ws/build/uf_ros_lib/build/lib/uf_ros_lib
[3.049s] creating /home/mk/dev_ws/build/uf_ros_lib/build/lib/uf_ros_lib/substitutions
[3.049s] copying uf_ros_lib/substitutions/controllers.py -> /home/mk/dev_ws/build/uf_ros_lib/build/lib/uf_ros_lib/substitutions
[3.049s] copying uf_ros_lib/substitutions/planning_pipelines.py -> /home/mk/dev_ws/build/uf_ros_lib/build/lib/uf_ros_lib/substitutions
[3.049s] copying uf_ros_lib/substitutions/kinematics.py -> /home/mk/dev_ws/build/uf_ros_lib/build/lib/uf_ros_lib/substitutions
[3.049s] copying uf_ros_lib/substitutions/common.py -> /home/mk/dev_ws/build/uf_ros_lib/build/lib/uf_ros_lib/substitutions
[3.049s] copying uf_ros_lib/substitutions/__init__.py -> /home/mk/dev_ws/build/uf_ros_lib/build/lib/uf_ros_lib/substitutions
[3.049s] copying uf_ros_lib/substitutions/joint_limits.py -> /home/mk/dev_ws/build/uf_ros_lib/build/lib/uf_ros_lib/substitutions
[3.049s] running install
[3.050s] running install_lib
[3.054s] creating /home/mk/dev_ws/install/uf_ros_lib/lib/python3.10/site-packages/uf_ros_lib
[3.054s] copying /home/mk/dev_ws/build/uf_ros_lib/build/lib/uf_ros_lib/moveit_configs_builder.py -> /home/mk/dev_ws/install/uf_ros_lib/lib/python3.10/site-packages/uf_ros_lib
[3.054s] creating /home/mk/dev_ws/install/uf_ros_lib/lib/python3.10/site-packages/uf_ros_lib/substitutions
[3.054s] copying /home/mk/dev_ws/build/uf_ros_lib/build/lib/uf_ros_lib/substitutions/controllers.py -> /home/mk/dev_ws/install/uf_ros_lib/lib/python3.10/site-packages/uf_ros_lib/substitutions
[3.054s] copying /home/mk/dev_ws/build/uf_ros_lib/build/lib/uf_ros_lib/substitutions/planning_pipelines.py -> /home/mk/dev_ws/install/uf_ros_lib/lib/python3.10/site-packages/uf_ros_lib/substitutions
[3.054s] copying /home/mk/dev_ws/build/uf_ros_lib/build/lib/uf_ros_lib/substitutions/kinematics.py -> /home/mk/dev_ws/install/uf_ros_lib/lib/python3.10/site-packages/uf_ros_lib/substitutions
[3.054s] copying /home/mk/dev_ws/build/uf_ros_lib/build/lib/uf_ros_lib/substitutions/common.py -> /home/mk/dev_ws/install/uf_ros_lib/lib/python3.10/site-packages/uf_ros_lib/substitutions
[3.054s] copying /home/mk/dev_ws/build/uf_ros_lib/build/lib/uf_ros_lib/substitutions/__init__.py -> /home/mk/dev_ws/install/uf_ros_lib/lib/python3.10/site-packages/uf_ros_lib/substitutions
[3.055s] copying /home/mk/dev_ws/build/uf_ros_lib/build/lib/uf_ros_lib/substitutions/joint_limits.py -> /home/mk/dev_ws/install/uf_ros_lib/lib/python3.10/site-packages/uf_ros_lib/substitutions
[3.055s] copying /home/mk/dev_ws/build/uf_ros_lib/build/lib/uf_ros_lib/__init__.py -> /home/mk/dev_ws/install/uf_ros_lib/lib/python3.10/site-packages/uf_ros_lib
[3.055s] copying /home/mk/dev_ws/build/uf_ros_lib/build/lib/uf_ros_lib/uf_robot_utils.py -> /home/mk/dev_ws/install/uf_ros_lib/lib/python3.10/site-packages/uf_ros_lib
[3.055s] copying /home/mk/dev_ws/build/uf_ros_lib/build/lib/uf_ros_lib/parameter_descriptions.py -> /home/mk/dev_ws/install/uf_ros_lib/lib/python3.10/site-packages/uf_ros_lib
[3.055s] byte-compiling /home/mk/dev_ws/install/uf_ros_lib/lib/python3.10/site-packages/uf_ros_lib/moveit_configs_builder.py to moveit_configs_builder.cpython-310.pyc
[3.062s] byte-compiling /home/mk/dev_ws/install/uf_ros_lib/lib/python3.10/site-packages/uf_ros_lib/substitutions/controllers.py to controllers.cpython-310.pyc
[3.064s] byte-compiling /home/mk/dev_ws/install/uf_ros_lib/lib/python3.10/site-packages/uf_ros_lib/substitutions/planning_pipelines.py to planning_pipelines.cpython-310.pyc
[3.065s] byte-compiling /home/mk/dev_ws/install/uf_ros_lib/lib/python3.10/site-packages/uf_ros_lib/substitutions/kinematics.py to kinematics.cpython-310.pyc
[3.067s] byte-compiling /home/mk/dev_ws/install/uf_ros_lib/lib/python3.10/site-packages/uf_ros_lib/substitutions/common.py to common.cpython-310.pyc
[3.069s] byte-compiling /home/mk/dev_ws/install/uf_ros_lib/lib/python3.10/site-packages/uf_ros_lib/substitutions/__init__.py to __init__.cpython-310.pyc
[3.069s] byte-compiling /home/mk/dev_ws/install/uf_ros_lib/lib/python3.10/site-packages/uf_ros_lib/substitutions/joint_limits.py to joint_limits.cpython-310.pyc
[3.069s] byte-compiling /home/mk/dev_ws/install/uf_ros_lib/lib/python3.10/site-packages/uf_ros_lib/__init__.py to __init__.cpython-310.pyc
[3.069s] byte-compiling /home/mk/dev_ws/install/uf_ros_lib/lib/python3.10/site-packages/uf_ros_lib/uf_robot_utils.py to uf_robot_utils.cpython-310.pyc
[3.070s] byte-compiling /home/mk/dev_ws/install/uf_ros_lib/lib/python3.10/site-packages/uf_ros_lib/parameter_descriptions.py to parameter_descriptions.cpython-310.pyc
[3.070s] running install_data
[3.070s] copying resource/uf_ros_lib -> /home/mk/dev_ws/install/uf_ros_lib/share/ament_index/resource_index/packages
[3.070s] copying package.xml -> /home/mk/dev_ws/install/uf_ros_lib/share/uf_ros_lib
[3.070s] running install_egg_info
[3.072s] Copying ../../../build/uf_ros_lib/uf_ros_lib.egg-info to /home/mk/dev_ws/install/uf_ros_lib/lib/python3.10/site-packages/uf_ros_lib-0.0.0-py3.10.egg-info
[3.072s] running install_scripts
[3.093s] writing list of installed files to '/home/mk/dev_ws/build/uf_ros_lib/install.log'
[3.419s] Invoked command in '/home/mk/dev_ws/src/xarm_ros2/uf_ros_lib' returned '0': PYTHONPATH=/home/mk/dev_ws/build/uf_ros_lib/prefix_override:/usr/lib/python3/dist-packages/colcon_core/task/python/colcon_distutils_commands:/home/mk/dev_ws/install/uf_ros_lib/lib/python3.10/site-packages:${PYTHONPATH} /usr/bin/python3 -W ignore:setup.py install is deprecated -W ignore:easy_install command is deprecated setup.py egg_info --egg-base ../../../build/uf_ros_lib build --build-base /home/mk/dev_ws/build/uf_ros_lib/build install --record /home/mk/dev_ws/build/uf_ros_lib/install.log --single-version-externally-managed install_data --force
