[0.040s] Invoking command in '/home/mk/dev_ws/build/whisper_server': AMENT_PREFIX_PATH=/home/mk/dev_ws/install/whisper_util:/home/mk/dev_ws/install/whisper_idl:/home/mk/dev_ws/install/whisper_cpp_vendor:${AMENT_PREFIX_PATH} CMAKE_PREFIX_PATH=/home/mk/dev_ws/install/whisper_util:/home/mk/dev_ws/install/whisper_idl:/home/mk/dev_ws/install/whisper_cpp_vendor:/opt/ros/humble LD_LIBRARY_PATH=/home/mk/dev_ws/install/whisper_util/lib:/home/mk/dev_ws/install/whisper_idl/lib:/home/mk/dev_ws/install/whisper_cpp_vendor/lib:${LD_LIBRARY_PATH} PYTHONPATH=/home/mk/dev_ws/install/whisper_idl/local/lib/python3.10/dist-packages:${PYTHONPATH} /usr/bin/cmake --build /home/mk/dev_ws/build/whisper_server -- -j20 -l20
[0.064s] [35m[1mConsolidate compiler generated dependencies of target inference_component[0m
[0.066s] [35m[1mConsolidate compiler generated dependencies of target whisper[0m
[0.074s] [ 50%] Built target inference_component
[0.079s] [100%] Built target whisper
[0.088s] Invoked command in '/home/mk/dev_ws/build/whisper_server' returned '0': AMENT_PREFIX_PATH=/home/mk/dev_ws/install/whisper_util:/home/mk/dev_ws/install/whisper_idl:/home/mk/dev_ws/install/whisper_cpp_vendor:${AMENT_PREFIX_PATH} CMAKE_PREFIX_PATH=/home/mk/dev_ws/install/whisper_util:/home/mk/dev_ws/install/whisper_idl:/home/mk/dev_ws/install/whisper_cpp_vendor:/opt/ros/humble LD_LIBRARY_PATH=/home/mk/dev_ws/install/whisper_util/lib:/home/mk/dev_ws/install/whisper_idl/lib:/home/mk/dev_ws/install/whisper_cpp_vendor/lib:${LD_LIBRARY_PATH} PYTHONPATH=/home/mk/dev_ws/install/whisper_idl/local/lib/python3.10/dist-packages:${PYTHONPATH} /usr/bin/cmake --build /home/mk/dev_ws/build/whisper_server -- -j20 -l20
[0.089s] Invoking command in '/home/mk/dev_ws/build/whisper_server': AMENT_PREFIX_PATH=/home/mk/dev_ws/install/whisper_util:/home/mk/dev_ws/install/whisper_idl:/home/mk/dev_ws/install/whisper_cpp_vendor:${AMENT_PREFIX_PATH} CMAKE_PREFIX_PATH=/home/mk/dev_ws/install/whisper_util:/home/mk/dev_ws/install/whisper_idl:/home/mk/dev_ws/install/whisper_cpp_vendor:/opt/ros/humble LD_LIBRARY_PATH=/home/mk/dev_ws/install/whisper_util/lib:/home/mk/dev_ws/install/whisper_idl/lib:/home/mk/dev_ws/install/whisper_cpp_vendor/lib:${LD_LIBRARY_PATH} PYTHONPATH=/home/mk/dev_ws/install/whisper_idl/local/lib/python3.10/dist-packages:${PYTHONPATH} /usr/bin/cmake --install /home/mk/dev_ws/build/whisper_server
[0.093s] -- Install configuration: "Release"
[0.093s] -- Execute custom install script
[0.093s] -- Up-to-date symlink: /home/mk/dev_ws/install/whisper_server/lib/whisper_server/whisper
[0.094s] -- Up-to-date symlink: /home/mk/dev_ws/install/whisper_server/lib/libinference_component.so
[0.094s] -- Up-to-date symlink: /home/mk/dev_ws/install/whisper_server/share/whisper_server/config/whisper.yaml
[0.094s] -- Up-to-date symlink: /home/mk/dev_ws/install/whisper_server/share/ament_index/resource_index/package_run_dependencies/whisper_server
[0.094s] -- Up-to-date symlink: /home/mk/dev_ws/install/whisper_server/share/ament_index/resource_index/parent_prefix_path/whisper_server
[0.094s] -- Up-to-date symlink: /home/mk/dev_ws/install/whisper_server/share/whisper_server/environment/ament_prefix_path.sh
[0.094s] -- Up-to-date symlink: /home/mk/dev_ws/install/whisper_server/share/whisper_server/environment/ament_prefix_path.dsv
[0.094s] -- Up-to-date symlink: /home/mk/dev_ws/install/whisper_server/share/whisper_server/environment/path.sh
[0.094s] -- Up-to-date symlink: /home/mk/dev_ws/install/whisper_server/share/whisper_server/environment/path.dsv
[0.094s] -- Up-to-date symlink: /home/mk/dev_ws/install/whisper_server/share/whisper_server/local_setup.bash
[0.094s] -- Up-to-date symlink: /home/mk/dev_ws/install/whisper_server/share/whisper_server/local_setup.sh
[0.094s] -- Up-to-date symlink: /home/mk/dev_ws/install/whisper_server/share/whisper_server/local_setup.zsh
[0.095s] -- Up-to-date symlink: /home/mk/dev_ws/install/whisper_server/share/whisper_server/local_setup.dsv
[0.095s] -- Symlinking: /home/mk/dev_ws/install/whisper_server/share/whisper_server/package.dsv
[0.099s] -- Up-to-date symlink: /home/mk/dev_ws/install/whisper_server/share/ament_index/resource_index/packages/whisper_server
[0.099s] -- Up-to-date symlink: /home/mk/dev_ws/install/whisper_server/share/ament_index/resource_index/rclcpp_components/whisper_server
[0.099s] -- Up-to-date symlink: /home/mk/dev_ws/install/whisper_server/share/whisper_server/cmake/whisper_serverConfig.cmake
[0.099s] -- Up-to-date symlink: /home/mk/dev_ws/install/whisper_server/share/whisper_server/cmake/whisper_serverConfig-version.cmake
[0.099s] -- Up-to-date symlink: /home/mk/dev_ws/install/whisper_server/share/whisper_server/package.xml
[0.101s] Invoked command in '/home/mk/dev_ws/build/whisper_server' returned '0': AMENT_PREFIX_PATH=/home/mk/dev_ws/install/whisper_util:/home/mk/dev_ws/install/whisper_idl:/home/mk/dev_ws/install/whisper_cpp_vendor:${AMENT_PREFIX_PATH} CMAKE_PREFIX_PATH=/home/mk/dev_ws/install/whisper_util:/home/mk/dev_ws/install/whisper_idl:/home/mk/dev_ws/install/whisper_cpp_vendor:/opt/ros/humble LD_LIBRARY_PATH=/home/mk/dev_ws/install/whisper_util/lib:/home/mk/dev_ws/install/whisper_idl/lib:/home/mk/dev_ws/install/whisper_cpp_vendor/lib:${LD_LIBRARY_PATH} PYTHONPATH=/home/mk/dev_ws/install/whisper_idl/local/lib/python3.10/dist-packages:${PYTHONPATH} /usr/bin/cmake --install /home/mk/dev_ws/build/whisper_server
