[0.028s] Invoking command in '/home/mk/dev_ws/build/zed_components': AMENT_PREFIX_PATH=/home/mk/dev_ws/install/zed_interfaces:${AMENT_PREFIX_PATH} CMAKE_PREFIX_PATH=/home/mk/dev_ws/install/zed_interfaces:/opt/ros/humble LD_LIBRARY_PATH=/home/mk/dev_ws/install/zed_interfaces/lib:${LD_LIBRARY_PATH} PYTHONPATH=/home/mk/dev_ws/install/zed_interfaces/local/lib/python3.10/dist-packages:${PYTHONPATH} /usr/bin/cmake --build /home/mk/dev_ws/build/zed_components -- -j20 -l20
[0.332s] [35m[1mConsolidate compiler generated dependencies of target zed_camera_component[0m
[0.332s] [100%] Built target zed_camera_component
[0.480s] Invoked command in '/home/mk/dev_ws/build/zed_components' returned '0': AMENT_PREFIX_PATH=/home/mk/dev_ws/install/zed_interfaces:${AMENT_PREFIX_PATH} CMAKE_PREFIX_PATH=/home/mk/dev_ws/install/zed_interfaces:/opt/ros/humble LD_LIBRARY_PATH=/home/mk/dev_ws/install/zed_interfaces/lib:${LD_LIBRARY_PATH} PYTHONPATH=/home/mk/dev_ws/install/zed_interfaces/local/lib/python3.10/dist-packages:${PYTHONPATH} /usr/bin/cmake --build /home/mk/dev_ws/build/zed_components -- -j20 -l20
[0.480s] Invoking command in '/home/mk/dev_ws/build/zed_components': AMENT_PREFIX_PATH=/home/mk/dev_ws/install/zed_interfaces:${AMENT_PREFIX_PATH} CMAKE_PREFIX_PATH=/home/mk/dev_ws/install/zed_interfaces:/opt/ros/humble LD_LIBRARY_PATH=/home/mk/dev_ws/install/zed_interfaces/lib:${LD_LIBRARY_PATH} PYTHONPATH=/home/mk/dev_ws/install/zed_interfaces/local/lib/python3.10/dist-packages:${PYTHONPATH} /usr/bin/cmake --install /home/mk/dev_ws/build/zed_components
[0.508s] -- Install configuration: "Release"
[0.508s] -- Execute custom install script
[0.508s] -- Up-to-date symlink: /home/mk/dev_ws/install/zed_components/lib/libzed_camera_component.so
[0.508s] -- Up-to-date symlink: /home/mk/dev_ws/install/zed_components/include/zed_components//cost_traversability.hpp
[0.508s] -- Up-to-date symlink: /home/mk/dev_ws/install/zed_components/include/zed_components//sl_types.hpp
[0.508s] -- Up-to-date symlink: /home/mk/dev_ws/install/zed_components/include/zed_components//zed_camera_component.hpp
[0.508s] -- Up-to-date symlink: /home/mk/dev_ws/install/zed_components/include/zed_components//gnss_replay.hpp
[0.508s] -- Up-to-date symlink: /home/mk/dev_ws/install/zed_components/include/zed_components//json.hpp
[0.508s] -- Up-to-date symlink: /home/mk/dev_ws/install/zed_components/include/zed_components//sl_logging.hpp
[0.508s] -- Up-to-date symlink: /home/mk/dev_ws/install/zed_components/include/zed_components//sl_tools.hpp
[0.508s] -- Up-to-date symlink: /home/mk/dev_ws/install/zed_components/include/zed_components//sl_win_avg.hpp
[0.508s] -- Up-to-date symlink: /home/mk/dev_ws/install/zed_components/include/zed_components//visibility_control.hpp
[0.508s] -- Up-to-date symlink: /home/mk/dev_ws/install/zed_components/share/zed_components/environment/library_path.sh
[0.508s] -- Up-to-date symlink: /home/mk/dev_ws/install/zed_components/share/zed_components/environment/library_path.dsv
[0.508s] -- Up-to-date symlink: /home/mk/dev_ws/install/zed_components/share/ament_index/resource_index/package_run_dependencies/zed_components
[0.508s] -- Up-to-date symlink: /home/mk/dev_ws/install/zed_components/share/ament_index/resource_index/parent_prefix_path/zed_components
[0.508s] -- Up-to-date symlink: /home/mk/dev_ws/install/zed_components/share/zed_components/environment/ament_prefix_path.sh
[0.508s] -- Up-to-date symlink: /home/mk/dev_ws/install/zed_components/share/zed_components/environment/ament_prefix_path.dsv
[0.508s] -- Up-to-date symlink: /home/mk/dev_ws/install/zed_components/share/zed_components/environment/path.sh
[0.508s] -- Up-to-date symlink: /home/mk/dev_ws/install/zed_components/share/zed_components/environment/path.dsv
[0.508s] -- Up-to-date symlink: /home/mk/dev_ws/install/zed_components/share/zed_components/local_setup.bash
[0.508s] -- Up-to-date symlink: /home/mk/dev_ws/install/zed_components/share/zed_components/local_setup.sh
[0.508s] -- Up-to-date symlink: /home/mk/dev_ws/install/zed_components/share/zed_components/local_setup.zsh
[0.508s] -- Up-to-date symlink: /home/mk/dev_ws/install/zed_components/share/zed_components/local_setup.dsv
[0.508s] -- Symlinking: /home/mk/dev_ws/install/zed_components/share/zed_components/package.dsv
[0.508s] -- Up-to-date symlink: /home/mk/dev_ws/install/zed_components/share/ament_index/resource_index/packages/zed_components
[0.508s] -- Up-to-date symlink: /home/mk/dev_ws/install/zed_components/share/ament_index/resource_index/rclcpp_components/zed_components
[0.508s] -- Up-to-date symlink: /home/mk/dev_ws/install/zed_components/share/zed_components/cmake/ament_cmake_export_include_directories-extras.cmake
[0.508s] -- Up-to-date symlink: /home/mk/dev_ws/install/zed_components/share/zed_components/cmake/ament_cmake_export_libraries-extras.cmake
[0.508s] -- Up-to-date symlink: /home/mk/dev_ws/install/zed_components/share/zed_components/cmake/ament_cmake_export_dependencies-extras.cmake
[0.508s] -- Up-to-date symlink: /home/mk/dev_ws/install/zed_components/share/zed_components/cmake/zed_componentsConfig.cmake
[0.508s] -- Up-to-date symlink: /home/mk/dev_ws/install/zed_components/share/zed_components/cmake/zed_componentsConfig-version.cmake
[0.508s] -- Up-to-date symlink: /home/mk/dev_ws/install/zed_components/share/zed_components/package.xml
[0.519s] Invoked command in '/home/mk/dev_ws/build/zed_components' returned '0': AMENT_PREFIX_PATH=/home/mk/dev_ws/install/zed_interfaces:${AMENT_PREFIX_PATH} CMAKE_PREFIX_PATH=/home/mk/dev_ws/install/zed_interfaces:/opt/ros/humble LD_LIBRARY_PATH=/home/mk/dev_ws/install/zed_interfaces/lib:${LD_LIBRARY_PATH} PYTHONPATH=/home/mk/dev_ws/install/zed_interfaces/local/lib/python3.10/dist-packages:${PYTHONPATH} /usr/bin/cmake --install /home/mk/dev_ws/build/zed_components
