[1.761s] Invoking command in '/home/mk/dev_ws/build/rviz_servo_status_overlay': PYTHONPATH=/home/mk/dev_ws/build/rviz_servo_status_overlay/prefix_override:/usr/lib/python3/dist-packages/colcon_core/task/python/colcon_distutils_commands:/home/mk/dev_ws/install/rviz_servo_status_overlay/lib/python3.10/site-packages:${PYTHONPATH} /usr/bin/python3 -W ignore:setup.py install is deprecated -W ignore:easy_install command is deprecated setup.py develop --editable --build-directory /home/mk/dev_ws/build/rviz_servo_status_overlay/build --no-deps symlink_data --force
[1.920s] running develop
[2.008s] running egg_info
[2.008s] writing rviz_servo_status_overlay.egg-info/PKG-INFO
[2.008s] writing dependency_links to rviz_servo_status_overlay.egg-info/dependency_links.txt
[2.008s] writing entry points to rviz_servo_status_overlay.egg-info/entry_points.txt
[2.008s] writing requirements to rviz_servo_status_overlay.egg-info/requires.txt
[2.008s] writing top-level names to rviz_servo_status_overlay.egg-info/top_level.txt
[2.009s] reading manifest file 'rviz_servo_status_overlay.egg-info/SOURCES.txt'
[2.010s] writing manifest file 'rviz_servo_status_overlay.egg-info/SOURCES.txt'
[2.040s] running build_ext
[2.040s] Creating /home/mk/dev_ws/install/rviz_servo_status_overlay/lib/python3.10/site-packages/rviz-servo-status-overlay.egg-link (link to .)
[2.040s] Installing rviz_overlay script to /home/mk/dev_ws/install/rviz_servo_status_overlay/lib/rviz_servo_status_overlay
[2.040s] Installing servo_status_overlay script to /home/mk/dev_ws/install/rviz_servo_status_overlay/lib/rviz_servo_status_overlay
[2.040s] 
[2.040s] Installed /home/mk/dev_ws/build/rviz_servo_status_overlay
[2.040s] running symlink_data
[2.040s] symbolically linking /home/mk/dev_ws/build/rviz_servo_status_overlay/resource/rviz_servo_status_overlay -> /home/mk/dev_ws/install/rviz_servo_status_overlay/share/ament_index/resource_index/packages
[2.041s] symbolically linking /home/mk/dev_ws/build/rviz_servo_status_overlay/package.xml -> /home/mk/dev_ws/install/rviz_servo_status_overlay/share/rviz_servo_status_overlay
[2.162s] Invoked command in '/home/mk/dev_ws/build/rviz_servo_status_overlay' returned '0': PYTHONPATH=/home/mk/dev_ws/build/rviz_servo_status_overlay/prefix_override:/usr/lib/python3/dist-packages/colcon_core/task/python/colcon_distutils_commands:/home/mk/dev_ws/install/rviz_servo_status_overlay/lib/python3.10/site-packages:${PYTHONPATH} /usr/bin/python3 -W ignore:setup.py install is deprecated -W ignore:easy_install command is deprecated setup.py develop --editable --build-directory /home/mk/dev_ws/build/rviz_servo_status_overlay/build --no-deps symlink_data --force
