-- Found ament_cmake: 1.3.14 (/opt/ros/humble/share/ament_cmake/cmake)
-- Override CMake install command with custom implementation using symlinks instead of copying resources
-- Found rclcpp_components: 16.0.19 (/opt/ros/humble/share/rclcpp_components/cmake)
-- Found rosidl_generator_c: 3.1.8 (/opt/ros/humble/share/rosidl_generator_c/cmake)
-- Found rosidl_adapter: 3.1.8 (/opt/ros/humble/share/rosidl_adapter/cmake)
-- Found rosidl_generator_cpp: 3.1.8 (/opt/ros/humble/share/rosidl_generator_cpp/cmake)
-- Using all available rosidl_typesupport_c: rosidl_typesupport_fastrtps_c;rosidl_typesupport_introspection_c
-- Using all available rosidl_typesupport_cpp: rosidl_typesupport_fastrtps_cpp;rosidl_typesupport_introspection_cpp
-- Found rmw_implementation_cmake: 6.1.2 (/opt/ros/humble/share/rmw_implementation_cmake/cmake)
-- Found rmw_cyclonedds_cpp: 1.3.4 (/opt/ros/humble/share/rmw_cyclonedds_cpp/cmake)
-- Using RMW implementation 'rmw_cyclonedds_cpp' as default
-- Found rclcpp_action: 16.0.19 (/opt/ros/humble/share/rclcpp_action/cmake)
-- Found std_srvs: 4.9.1 (/opt/ros/humble/share/std_srvs/cmake)
-- Found whisper_idl: 1.4.0 (/home/mk/dev_ws/install/whisper_idl/share/whisper_idl/cmake)
-- Found whisper_util: 1.4.0 (/home/mk/dev_ws/install/whisper_util/share/whisper_util/cmake)
-- Configuring done
-- Generating done
-- Build files have been written to: /home/mk/dev_ws/build/whisper_server
[35m[1mConsolidate compiler generated dependencies of target whisper[0m
[35m[1mConsolidate compiler generated dependencies of target inference_component[0m
[100%] Built target whisper
[100%] Built target inference_component
-- Install configuration: "Release"
-- Execute custom install script
-- Up-to-date symlink: /home/mk/dev_ws/install/whisper_server/lib/whisper_server/whisper
-- Up-to-date symlink: /home/mk/dev_ws/install/whisper_server/lib/libinference_component.so
-- Up-to-date symlink: /home/mk/dev_ws/install/whisper_server/share/whisper_server/config/whisper.yaml
-- Up-to-date symlink: /home/mk/dev_ws/install/whisper_server/share/ament_index/resource_index/package_run_dependencies/whisper_server
-- Up-to-date symlink: /home/mk/dev_ws/install/whisper_server/share/ament_index/resource_index/parent_prefix_path/whisper_server
-- Up-to-date symlink: /home/mk/dev_ws/install/whisper_server/share/whisper_server/environment/ament_prefix_path.sh
-- Up-to-date symlink: /home/mk/dev_ws/install/whisper_server/share/whisper_server/environment/ament_prefix_path.dsv
-- Up-to-date symlink: /home/mk/dev_ws/install/whisper_server/share/whisper_server/environment/path.sh
-- Up-to-date symlink: /home/mk/dev_ws/install/whisper_server/share/whisper_server/environment/path.dsv
-- Up-to-date symlink: /home/mk/dev_ws/install/whisper_server/share/whisper_server/local_setup.bash
-- Up-to-date symlink: /home/mk/dev_ws/install/whisper_server/share/whisper_server/local_setup.sh
-- Up-to-date symlink: /home/mk/dev_ws/install/whisper_server/share/whisper_server/local_setup.zsh
-- Up-to-date symlink: /home/mk/dev_ws/install/whisper_server/share/whisper_server/local_setup.dsv
-- Symlinking: /home/mk/dev_ws/install/whisper_server/share/whisper_server/package.dsv
-- Up-to-date symlink: /home/mk/dev_ws/install/whisper_server/share/ament_index/resource_index/packages/whisper_server
-- Up-to-date symlink: /home/mk/dev_ws/install/whisper_server/share/ament_index/resource_index/rclcpp_components/whisper_server
-- Up-to-date symlink: /home/mk/dev_ws/install/whisper_server/share/whisper_server/cmake/whisper_serverConfig.cmake
-- Up-to-date symlink: /home/mk/dev_ws/install/whisper_server/share/whisper_server/cmake/whisper_serverConfig-version.cmake
-- Up-to-date symlink: /home/mk/dev_ws/install/whisper_server/share/whisper_server/package.xml
