[2.086s] Invoking command in '/home/mk/dev_ws/build/collision_check': PYTHONPATH=/home/mk/dev_ws/build/collision_check/prefix_override:/usr/lib/python3/dist-packages/colcon_core/task/python/colcon_distutils_commands:/home/mk/dev_ws/install/collision_check/lib/python3.10/site-packages:${PYTHONPATH} /usr/bin/python3 -W ignore:setup.py install is deprecated -W ignore:easy_install command is deprecated setup.py develop --editable --build-directory /home/mk/dev_ws/build/collision_check/build --no-deps symlink_data
[2.729s] running develop
[3.185s] running egg_info
[3.186s] creating collision_check.egg-info
[3.186s] writing collision_check.egg-info/PKG-INFO
[3.186s] writing dependency_links to collision_check.egg-info/dependency_links.txt
[3.186s] writing entry points to collision_check.egg-info/entry_points.txt
[3.186s] writing requirements to collision_check.egg-info/requires.txt
[3.186s] writing top-level names to collision_check.egg-info/top_level.txt
[3.186s] writing manifest file 'collision_check.egg-info/SOURCES.txt'
[3.188s] reading manifest file 'collision_check.egg-info/SOURCES.txt'
[3.188s] writing manifest file 'collision_check.egg-info/SOURCES.txt'
[3.312s] running build_ext
[3.316s] Creating /home/mk/dev_ws/install/collision_check/lib/python3.10/site-packages/collision-check.egg-link (link to .)
[3.319s] Installing checker script to /home/mk/dev_ws/install/collision_check/lib/collision_check
[3.319s] 
[3.319s] Installed /home/mk/dev_ws/build/collision_check
[3.319s] running symlink_data
[3.319s] creating /home/mk/dev_ws/install/collision_check/share/ament_index
[3.319s] creating /home/mk/dev_ws/install/collision_check/share/ament_index/resource_index
[3.319s] creating /home/mk/dev_ws/install/collision_check/share/ament_index/resource_index/packages
[3.319s] symbolically linking /home/mk/dev_ws/build/collision_check/resource/collision_check -> /home/mk/dev_ws/install/collision_check/share/ament_index/resource_index/packages
[3.320s] symbolically linking /home/mk/dev_ws/build/collision_check/package.xml -> /home/mk/dev_ws/install/collision_check/share/collision_check
[3.428s] Invoked command in '/home/mk/dev_ws/build/collision_check' returned '0': PYTHONPATH=/home/mk/dev_ws/build/collision_check/prefix_override:/usr/lib/python3/dist-packages/colcon_core/task/python/colcon_distutils_commands:/home/mk/dev_ws/install/collision_check/lib/python3.10/site-packages:${PYTHONPATH} /usr/bin/python3 -W ignore:setup.py install is deprecated -W ignore:easy_install command is deprecated setup.py develop --editable --build-directory /home/mk/dev_ws/build/collision_check/build --no-deps symlink_data
