[2.265s] Invoking command in '/home/mk/dev_ws/build/collision_check': PYTHONPATH=/home/mk/dev_ws/build/collision_check/prefix_override:/usr/lib/python3/dist-packages/colcon_core/task/python/colcon_distutils_commands:/home/mk/dev_ws/install/collision_check/lib/python3.10/site-packages:${PYTHONPATH} /usr/bin/python3 -W ignore:setup.py install is deprecated -W ignore:easy_install command is deprecated setup.py develop --uninstall --editable --build-directory /home/mk/dev_ws/build/collision_check/build
[2.539s] running develop
[2.703s] Removing /home/mk/dev_ws/install/collision_check/lib/python3.10/site-packages/collision-check.egg-link (link to .)
[2.808s] Invoked command in '/home/mk/dev_ws/build/collision_check' returned '0': PYTHONPATH=/home/mk/dev_ws/build/collision_check/prefix_override:/usr/lib/python3/dist-packages/colcon_core/task/python/colcon_distutils_commands:/home/mk/dev_ws/install/collision_check/lib/python3.10/site-packages:${PYTHONPATH} /usr/bin/python3 -W ignore:setup.py install is deprecated -W ignore:easy_install command is deprecated setup.py develop --uninstall --editable --build-directory /home/mk/dev_ws/build/collision_check/build
[2.810s] Invoking command in '/home/mk/dev_ws/src/collision_check': PYTHONPATH=/home/mk/dev_ws/build/collision_check/prefix_override:/usr/lib/python3/dist-packages/colcon_core/task/python/colcon_distutils_commands:/home/mk/dev_ws/install/collision_check/lib/python3.10/site-packages:${PYTHONPATH} /usr/bin/python3 -W ignore:setup.py install is deprecated -W ignore:easy_install command is deprecated setup.py egg_info --egg-base ../../build/collision_check build --build-base /home/mk/dev_ws/build/collision_check/build install --record /home/mk/dev_ws/build/collision_check/install.log --single-version-externally-managed install_data --force
[3.032s] running egg_info
[3.032s] writing ../../build/collision_check/collision_check.egg-info/PKG-INFO
[3.032s] writing dependency_links to ../../build/collision_check/collision_check.egg-info/dependency_links.txt
[3.034s] writing entry points to ../../build/collision_check/collision_check.egg-info/entry_points.txt
[3.034s] writing requirements to ../../build/collision_check/collision_check.egg-info/requires.txt
[3.034s] writing top-level names to ../../build/collision_check/collision_check.egg-info/top_level.txt
[3.034s] reading manifest file '../../build/collision_check/collision_check.egg-info/SOURCES.txt'
[3.035s] writing manifest file '../../build/collision_check/collision_check.egg-info/SOURCES.txt'
[3.035s] running build
[3.035s] running build_py
[3.035s] creating /home/mk/dev_ws/build/collision_check/build
[3.035s] creating /home/mk/dev_ws/build/collision_check/build/lib
[3.035s] creating /home/mk/dev_ws/build/collision_check/build/lib/collision_check
[3.035s] copying collision_check/checker.py -> /home/mk/dev_ws/build/collision_check/build/lib/collision_check
[3.035s] copying collision_check/__init__.py -> /home/mk/dev_ws/build/collision_check/build/lib/collision_check
[3.035s] running install
[3.035s] running install_lib
[3.038s] creating /home/mk/dev_ws/install/collision_check/lib/python3.10/site-packages/collision_check
[3.039s] copying /home/mk/dev_ws/build/collision_check/build/lib/collision_check/checker.py -> /home/mk/dev_ws/install/collision_check/lib/python3.10/site-packages/collision_check
[3.039s] copying /home/mk/dev_ws/build/collision_check/build/lib/collision_check/__init__.py -> /home/mk/dev_ws/install/collision_check/lib/python3.10/site-packages/collision_check
[3.039s] byte-compiling /home/mk/dev_ws/install/collision_check/lib/python3.10/site-packages/collision_check/checker.py to checker.cpython-310.pyc
[3.039s] byte-compiling /home/mk/dev_ws/install/collision_check/lib/python3.10/site-packages/collision_check/__init__.py to __init__.cpython-310.pyc
[3.039s] running install_data
[3.039s] copying resource/collision_check -> /home/mk/dev_ws/install/collision_check/share/ament_index/resource_index/packages
[3.039s] copying package.xml -> /home/mk/dev_ws/install/collision_check/share/collision_check
[3.039s] running install_egg_info
[3.041s] Copying ../../build/collision_check/collision_check.egg-info to /home/mk/dev_ws/install/collision_check/lib/python3.10/site-packages/collision_check-0.0.0-py3.10.egg-info
[3.044s] running install_scripts
[3.059s] Installing checker script to /home/mk/dev_ws/install/collision_check/lib/collision_check
[3.060s] writing list of installed files to '/home/mk/dev_ws/build/collision_check/install.log'
[3.384s] Invoked command in '/home/mk/dev_ws/src/collision_check' returned '0': PYTHONPATH=/home/mk/dev_ws/build/collision_check/prefix_override:/usr/lib/python3/dist-packages/colcon_core/task/python/colcon_distutils_commands:/home/mk/dev_ws/install/collision_check/lib/python3.10/site-packages:${PYTHONPATH} /usr/bin/python3 -W ignore:setup.py install is deprecated -W ignore:easy_install command is deprecated setup.py egg_info --egg-base ../../build/collision_check build --build-base /home/mk/dev_ws/build/collision_check/build install --record /home/mk/dev_ws/build/collision_check/install.log --single-version-externally-managed install_data --force
