running develop
Removing /home/mk/dev_ws/install/audio_listener/lib/python3.10/site-packages/audio-listener.egg-link (link to .)
running egg_info
writing ../../../build/audio_listener/audio_listener.egg-info/PKG-INFO
writing dependency_links to ../../../build/audio_listener/audio_listener.egg-info/dependency_links.txt
writing entry points to ../../../build/audio_listener/audio_listener.egg-info/entry_points.txt
writing requirements to ../../../build/audio_listener/audio_listener.egg-info/requires.txt
writing top-level names to ../../../build/audio_listener/audio_listener.egg-info/top_level.txt
reading manifest file '../../../build/audio_listener/audio_listener.egg-info/SOURCES.txt'
adding license file 'LICENSE'
writing manifest file '../../../build/audio_listener/audio_listener.egg-info/SOURCES.txt'
running build
running build_py
creating /home/mk/dev_ws/build/audio_listener/build
creating /home/mk/dev_ws/build/audio_listener/build/lib
creating /home/mk/dev_ws/build/audio_listener/build/lib/audio_listener
copying audio_listener/__init__.py -> /home/mk/dev_ws/build/audio_listener/build/lib/audio_listener
copying audio_listener/audio_listener.py -> /home/mk/dev_ws/build/audio_listener/build/lib/audio_listener
running install
running install_lib
creating /home/mk/dev_ws/install/audio_listener/lib/python3.10/site-packages/audio_listener
copying /home/mk/dev_ws/build/audio_listener/build/lib/audio_listener/__init__.py -> /home/mk/dev_ws/install/audio_listener/lib/python3.10/site-packages/audio_listener
copying /home/mk/dev_ws/build/audio_listener/build/lib/audio_listener/audio_listener.py -> /home/mk/dev_ws/install/audio_listener/lib/python3.10/site-packages/audio_listener
byte-compiling /home/mk/dev_ws/install/audio_listener/lib/python3.10/site-packages/audio_listener/__init__.py to __init__.cpython-310.pyc
byte-compiling /home/mk/dev_ws/install/audio_listener/lib/python3.10/site-packages/audio_listener/audio_listener.py to audio_listener.cpython-310.pyc
running install_data
copying resource/audio_listener -> /home/mk/dev_ws/install/audio_listener/share/ament_index/resource_index/packages
copying package.xml -> /home/mk/dev_ws/install/audio_listener/share/audio_listener
copying launch/audio_listener.launch.py -> /home/mk/dev_ws/install/audio_listener/share/audio_listener/launch
running install_egg_info
Copying ../../../build/audio_listener/audio_listener.egg-info to /home/mk/dev_ws/install/audio_listener/lib/python3.10/site-packages/audio_listener-1.4.0-py3.10.egg-info
running install_scripts
Installing audio_listener script to /home/mk/dev_ws/install/audio_listener/lib/audio_listener
writing list of installed files to '/home/mk/dev_ws/build/audio_listener/install.log'
