[2.274s] Invoking command in '/home/mk/dev_ws/build/audio_listener': PYTHONPATH=/home/mk/dev_ws/build/audio_listener/prefix_override:/usr/lib/python3/dist-packages/colcon_core/task/python/colcon_distutils_commands:/home/mk/dev_ws/install/audio_listener/lib/python3.10/site-packages:${PYTHONPATH} /usr/bin/python3 -W ignore:setup.py install is deprecated -W ignore:easy_install command is deprecated setup.py develop --uninstall --editable --build-directory /home/mk/dev_ws/build/audio_listener/build
[2.519s] running develop
[2.657s] Removing /home/mk/dev_ws/install/audio_listener/lib/python3.10/site-packages/audio-listener.egg-link (link to .)
[2.809s] Invoked command in '/home/mk/dev_ws/build/audio_listener' returned '0': PYTHONPATH=/home/mk/dev_ws/build/audio_listener/prefix_override:/usr/lib/python3/dist-packages/colcon_core/task/python/colcon_distutils_commands:/home/mk/dev_ws/install/audio_listener/lib/python3.10/site-packages:${PYTHONPATH} /usr/bin/python3 -W ignore:setup.py install is deprecated -W ignore:easy_install command is deprecated setup.py develop --uninstall --editable --build-directory /home/mk/dev_ws/build/audio_listener/build
[2.810s] Invoking command in '/home/mk/dev_ws/src/ros2_whisper/audio_listener': PYTHONPATH=/home/mk/dev_ws/build/audio_listener/prefix_override:/usr/lib/python3/dist-packages/colcon_core/task/python/colcon_distutils_commands:/home/mk/dev_ws/install/audio_listener/lib/python3.10/site-packages:${PYTHONPATH} /usr/bin/python3 -W ignore:setup.py install is deprecated -W ignore:easy_install command is deprecated setup.py egg_info --egg-base ../../../build/audio_listener build --build-base /home/mk/dev_ws/build/audio_listener/build install --record /home/mk/dev_ws/build/audio_listener/install.log --single-version-externally-managed install_data --force
[3.042s] running egg_info
[3.042s] writing ../../../build/audio_listener/audio_listener.egg-info/PKG-INFO
[3.042s] writing dependency_links to ../../../build/audio_listener/audio_listener.egg-info/dependency_links.txt
[3.042s] writing entry points to ../../../build/audio_listener/audio_listener.egg-info/entry_points.txt
[3.042s] writing requirements to ../../../build/audio_listener/audio_listener.egg-info/requires.txt
[3.042s] writing top-level names to ../../../build/audio_listener/audio_listener.egg-info/top_level.txt
[3.043s] reading manifest file '../../../build/audio_listener/audio_listener.egg-info/SOURCES.txt'
[3.043s] adding license file 'LICENSE'
[3.043s] writing manifest file '../../../build/audio_listener/audio_listener.egg-info/SOURCES.txt'
[3.043s] running build
[3.043s] running build_py
[3.044s] creating /home/mk/dev_ws/build/audio_listener/build
[3.044s] creating /home/mk/dev_ws/build/audio_listener/build/lib
[3.044s] creating /home/mk/dev_ws/build/audio_listener/build/lib/audio_listener
[3.044s] copying audio_listener/__init__.py -> /home/mk/dev_ws/build/audio_listener/build/lib/audio_listener
[3.044s] copying audio_listener/audio_listener.py -> /home/mk/dev_ws/build/audio_listener/build/lib/audio_listener
[3.044s] running install
[3.044s] running install_lib
[3.045s] creating /home/mk/dev_ws/install/audio_listener/lib/python3.10/site-packages/audio_listener
[3.045s] copying /home/mk/dev_ws/build/audio_listener/build/lib/audio_listener/__init__.py -> /home/mk/dev_ws/install/audio_listener/lib/python3.10/site-packages/audio_listener
[3.047s] copying /home/mk/dev_ws/build/audio_listener/build/lib/audio_listener/audio_listener.py -> /home/mk/dev_ws/install/audio_listener/lib/python3.10/site-packages/audio_listener
[3.048s] byte-compiling /home/mk/dev_ws/install/audio_listener/lib/python3.10/site-packages/audio_listener/__init__.py to __init__.cpython-310.pyc
[3.048s] byte-compiling /home/mk/dev_ws/install/audio_listener/lib/python3.10/site-packages/audio_listener/audio_listener.py to audio_listener.cpython-310.pyc
[3.048s] running install_data
[3.048s] copying resource/audio_listener -> /home/mk/dev_ws/install/audio_listener/share/ament_index/resource_index/packages
[3.048s] copying package.xml -> /home/mk/dev_ws/install/audio_listener/share/audio_listener
[3.048s] copying launch/audio_listener.launch.py -> /home/mk/dev_ws/install/audio_listener/share/audio_listener/launch
[3.048s] running install_egg_info
[3.049s] Copying ../../../build/audio_listener/audio_listener.egg-info to /home/mk/dev_ws/install/audio_listener/lib/python3.10/site-packages/audio_listener-1.4.0-py3.10.egg-info
[3.049s] running install_scripts
[3.070s] Installing audio_listener script to /home/mk/dev_ws/install/audio_listener/lib/audio_listener
[3.070s] writing list of installed files to '/home/mk/dev_ws/build/audio_listener/install.log'
[3.393s] Invoked command in '/home/mk/dev_ws/src/ros2_whisper/audio_listener' returned '0': PYTHONPATH=/home/mk/dev_ws/build/audio_listener/prefix_override:/usr/lib/python3/dist-packages/colcon_core/task/python/colcon_distutils_commands:/home/mk/dev_ws/install/audio_listener/lib/python3.10/site-packages:${PYTHONPATH} /usr/bin/python3 -W ignore:setup.py install is deprecated -W ignore:easy_install command is deprecated setup.py egg_info --egg-base ../../../build/audio_listener build --build-base /home/mk/dev_ws/build/audio_listener/build install --record /home/mk/dev_ws/build/audio_listener/install.log --single-version-externally-managed install_data --force
