[0.045s] Invoking command in '/home/mk/dev_ws/build/whisper_cpp_vendor': CMAKE_PREFIX_PATH=${CMAKE_PREFIX_PATH}:/home/mk/dev_ws/install/yolo_object_detector:/home/mk/dev_ws/install/move_to_coordinator:/home/mk/dev_ws/install/motion_sequence:/home/mk/dev_ws/install/whisper_demos:/home/mk/dev_ws/install/voice_command_listener:/home/mk/dev_ws/install/uf_ros_lib:/home/mk/dev_ws/install/rviz_servo_status_overlay:/home/mk/dev_ws/install/rviz_marker_static_scene_objects:/home/mk/dev_ws/install/robot_motion_handler_movegroup:/home/mk/dev_ws/install/gaze_control:/home/mk/dev_ws/install/collision_check:/home/mk/dev_ws/install/audio_listener:/opt/ros/humble /usr/bin/cmake /home/mk/dev_ws/src/ros2_whisper/whisper_cpp_vendor -DAMENT_CMAKE_SYMLINK_INSTALL=1 -DCMAKE_INSTALL_PREFIX=/home/mk/dev_ws/install/whisper_cpp_vendor
[1.182s] -- Found ament_cmake: 1.3.14 (/opt/ros/humble/share/ament_cmake/cmake)
[1.182s] -- Override CMake install command with custom implementation using symlinks instead of copying resources
[1.183s] -- OpenMP found
[1.183s] -- Warning: ccache not found - consider installing it for faster compilation or disable this warning with GGML_CCACHE=OFF
[1.183s] -- CMAKE_SYSTEM_PROCESSOR: x86_64
[1.183s] -- x86 detected
[1.183s] -- Configuring done
[1.183s] -- Generating done
[1.183s] -- Build files have been written to: /home/mk/dev_ws/build/whisper_cpp_vendor
[1.183s] [0mINSTALL TARGETS - target ggml has PUBLIC_HEADER files but no PUBLIC_HEADER DESTINATION.[0m
[1.338s] Invoked command in '/home/mk/dev_ws/build/whisper_cpp_vendor' returned '0': CMAKE_PREFIX_PATH=${CMAKE_PREFIX_PATH}:/home/mk/dev_ws/install/yolo_object_detector:/home/mk/dev_ws/install/move_to_coordinator:/home/mk/dev_ws/install/motion_sequence:/home/mk/dev_ws/install/whisper_demos:/home/mk/dev_ws/install/voice_command_listener:/home/mk/dev_ws/install/uf_ros_lib:/home/mk/dev_ws/install/rviz_servo_status_overlay:/home/mk/dev_ws/install/rviz_marker_static_scene_objects:/home/mk/dev_ws/install/robot_motion_handler_movegroup:/home/mk/dev_ws/install/gaze_control:/home/mk/dev_ws/install/collision_check:/home/mk/dev_ws/install/audio_listener:/opt/ros/humble /usr/bin/cmake /home/mk/dev_ws/src/ros2_whisper/whisper_cpp_vendor -DAMENT_CMAKE_SYMLINK_INSTALL=1 -DCMAKE_INSTALL_PREFIX=/home/mk/dev_ws/install/whisper_cpp_vendor
[1.340s] Invoking command in '/home/mk/dev_ws/build/whisper_cpp_vendor': CMAKE_PREFIX_PATH=${CMAKE_PREFIX_PATH}:/home/mk/dev_ws/install/yolo_object_detector:/home/mk/dev_ws/install/move_to_coordinator:/home/mk/dev_ws/install/motion_sequence:/home/mk/dev_ws/install/whisper_demos:/home/mk/dev_ws/install/voice_command_listener:/home/mk/dev_ws/install/uf_ros_lib:/home/mk/dev_ws/install/rviz_servo_status_overlay:/home/mk/dev_ws/install/rviz_marker_static_scene_objects:/home/mk/dev_ws/install/robot_motion_handler_movegroup:/home/mk/dev_ws/install/gaze_control:/home/mk/dev_ws/install/collision_check:/home/mk/dev_ws/install/audio_listener:/opt/ros/humble /usr/bin/cmake --build /home/mk/dev_ws/build/whisper_cpp_vendor -- -j20 -l20
[1.371s] [35m[1mConsolidate compiler generated dependencies of target ggml[0m
[1.389s] [ 77%] Built target ggml
[1.397s] [35m[1mConsolidate compiler generated dependencies of target whisper[0m
[1.429s] [100%] Built target whisper
[1.459s] Invoked command in '/home/mk/dev_ws/build/whisper_cpp_vendor' returned '0': CMAKE_PREFIX_PATH=${CMAKE_PREFIX_PATH}:/home/mk/dev_ws/install/yolo_object_detector:/home/mk/dev_ws/install/move_to_coordinator:/home/mk/dev_ws/install/motion_sequence:/home/mk/dev_ws/install/whisper_demos:/home/mk/dev_ws/install/voice_command_listener:/home/mk/dev_ws/install/uf_ros_lib:/home/mk/dev_ws/install/rviz_servo_status_overlay:/home/mk/dev_ws/install/rviz_marker_static_scene_objects:/home/mk/dev_ws/install/robot_motion_handler_movegroup:/home/mk/dev_ws/install/gaze_control:/home/mk/dev_ws/install/collision_check:/home/mk/dev_ws/install/audio_listener:/opt/ros/humble /usr/bin/cmake --build /home/mk/dev_ws/build/whisper_cpp_vendor -- -j20 -l20
[1.463s] Invoking command in '/home/mk/dev_ws/build/whisper_cpp_vendor': CMAKE_PREFIX_PATH=${CMAKE_PREFIX_PATH}:/home/mk/dev_ws/install/yolo_object_detector:/home/mk/dev_ws/install/move_to_coordinator:/home/mk/dev_ws/install/motion_sequence:/home/mk/dev_ws/install/whisper_demos:/home/mk/dev_ws/install/voice_command_listener:/home/mk/dev_ws/install/uf_ros_lib:/home/mk/dev_ws/install/rviz_servo_status_overlay:/home/mk/dev_ws/install/rviz_marker_static_scene_objects:/home/mk/dev_ws/install/robot_motion_handler_movegroup:/home/mk/dev_ws/install/gaze_control:/home/mk/dev_ws/install/collision_check:/home/mk/dev_ws/install/audio_listener:/opt/ros/humble /usr/bin/cmake --install /home/mk/dev_ws/build/whisper_cpp_vendor
[1.499s] -- Install configuration: "Release"
[1.499s] -- Execute custom install script
[1.499s] -- Up-to-date symlink: /home/mk/dev_ws/install/whisper_cpp_vendor//libggml.so
[1.499s] -- Up-to-date symlink: /home/mk/dev_ws/install/whisper_cpp_vendor/lib/cmake/whisper/whisper-config.cmake
[1.499s] -- Up-to-date symlink: /home/mk/dev_ws/install/whisper_cpp_vendor/lib/cmake/whisper/whisper-version.cmake
[1.500s] -- Up-to-date symlink: /home/mk/dev_ws/install/whisper_cpp_vendor/lib/pkgconfig/whisper.pc
[1.500s] -- Up-to-date symlink: /home/mk/dev_ws/install/whisper_cpp_vendor/include/ggml.h
[1.500s] -- Up-to-date symlink: /home/mk/dev_ws/install/whisper_cpp_vendor/include/whisper.h
[1.500s] -- Up-to-date symlink: /home/mk/dev_ws/install/whisper_cpp_vendor/include/ggml-alloc.h
[1.500s] -- Up-to-date symlink: /home/mk/dev_ws/install/whisper_cpp_vendor/include/ggml-amx.h
[1.500s] -- Up-to-date symlink: /home/mk/dev_ws/install/whisper_cpp_vendor/include/ggml-backend.h
[1.500s] -- Up-to-date symlink: /home/mk/dev_ws/install/whisper_cpp_vendor/include/ggml-blas.h
[1.500s] -- Up-to-date symlink: /home/mk/dev_ws/install/whisper_cpp_vendor/include/ggml-cann.h
[1.500s] -- Up-to-date symlink: /home/mk/dev_ws/install/whisper_cpp_vendor/include/ggml-cpp.h
[1.500s] -- Up-to-date symlink: /home/mk/dev_ws/install/whisper_cpp_vendor/include/ggml-cpu.h
[1.500s] -- Up-to-date symlink: /home/mk/dev_ws/install/whisper_cpp_vendor/include/ggml-cuda.h
[1.500s] -- Up-to-date symlink: /home/mk/dev_ws/install/whisper_cpp_vendor/include/ggml-kompute.h
[1.500s] -- Up-to-date symlink: /home/mk/dev_ws/install/whisper_cpp_vendor/include/ggml-metal.h
[1.500s] -- Up-to-date symlink: /home/mk/dev_ws/install/whisper_cpp_vendor/include/ggml-rpc.h
[1.500s] -- Up-to-date symlink: /home/mk/dev_ws/install/whisper_cpp_vendor/include/ggml-sycl.h
[1.500s] -- Up-to-date symlink: /home/mk/dev_ws/install/whisper_cpp_vendor/include/ggml-vulkan.h
[1.500s] -- Up-to-date symlink: /home/mk/dev_ws/install/whisper_cpp_vendor/include/ggml.h
[1.500s] -- Up-to-date symlink: /home/mk/dev_ws/install/whisper_cpp_vendor/share/whisper_cpp_vendor/environment/library_path.sh
[1.500s] -- Up-to-date symlink: /home/mk/dev_ws/install/whisper_cpp_vendor/share/whisper_cpp_vendor/environment/library_path.dsv
[1.504s] -- Up-to-date symlink: /home/mk/dev_ws/install/whisper_cpp_vendor/share/ament_index/resource_index/package_run_dependencies/whisper_cpp_vendor
[1.504s] -- Up-to-date symlink: /home/mk/dev_ws/install/whisper_cpp_vendor/share/ament_index/resource_index/parent_prefix_path/whisper_cpp_vendor
[1.504s] -- Up-to-date symlink: /home/mk/dev_ws/install/whisper_cpp_vendor/share/whisper_cpp_vendor/environment/ament_prefix_path.sh
[1.504s] -- Up-to-date symlink: /home/mk/dev_ws/install/whisper_cpp_vendor/share/whisper_cpp_vendor/environment/ament_prefix_path.dsv
[1.504s] -- Up-to-date symlink: /home/mk/dev_ws/install/whisper_cpp_vendor/share/whisper_cpp_vendor/environment/path.sh
[1.504s] -- Up-to-date symlink: /home/mk/dev_ws/install/whisper_cpp_vendor/share/whisper_cpp_vendor/environment/path.dsv
[1.504s] -- Up-to-date symlink: /home/mk/dev_ws/install/whisper_cpp_vendor/share/whisper_cpp_vendor/local_setup.bash
[1.504s] -- Up-to-date symlink: /home/mk/dev_ws/install/whisper_cpp_vendor/share/whisper_cpp_vendor/local_setup.sh
[1.505s] -- Up-to-date symlink: /home/mk/dev_ws/install/whisper_cpp_vendor/share/whisper_cpp_vendor/local_setup.zsh
[1.506s] -- Up-to-date symlink: /home/mk/dev_ws/install/whisper_cpp_vendor/share/whisper_cpp_vendor/local_setup.dsv
[1.506s] -- Symlinking: /home/mk/dev_ws/install/whisper_cpp_vendor/share/whisper_cpp_vendor/package.dsv
[1.506s] -- Up-to-date symlink: /home/mk/dev_ws/install/whisper_cpp_vendor/share/ament_index/resource_index/packages/whisper_cpp_vendor
[1.506s] -- Up-to-date symlink: /home/mk/dev_ws/install/whisper_cpp_vendor/share/whisper_cpp_vendor/cmake/ament_cmake_export_targets-extras.cmake
[1.506s] -- Up-to-date symlink: /home/mk/dev_ws/install/whisper_cpp_vendor/share/whisper_cpp_vendor/cmake/whisper_cpp_vendorConfig.cmake
[1.506s] -- Up-to-date symlink: /home/mk/dev_ws/install/whisper_cpp_vendor/share/whisper_cpp_vendor/cmake/whisper_cpp_vendorConfig-version.cmake
[1.506s] -- Up-to-date symlink: /home/mk/dev_ws/install/whisper_cpp_vendor/share/whisper_cpp_vendor/package.xml
[1.506s] -- Up-to-date: /home/mk/dev_ws/install/whisper_cpp_vendor/lib/libggml.so
[1.506s] -- Up-to-date: /home/mk/dev_ws/install/whisper_cpp_vendor/lib/libwhisper.so.1.7.2
[1.506s] -- Up-to-date: /home/mk/dev_ws/install/whisper_cpp_vendor/lib/libwhisper.so.1
[1.506s] -- Up-to-date: /home/mk/dev_ws/install/whisper_cpp_vendor/lib/libwhisper.so
[1.506s] -- Up-to-date: /home/mk/dev_ws/install/whisper_cpp_vendor/share/whisper_cpp_vendor/cmake/export_whisperExport.cmake
[1.506s] -- Up-to-date: /home/mk/dev_ws/install/whisper_cpp_vendor/share/whisper_cpp_vendor/cmake/export_whisperExport-release.cmake
[1.507s] -- Up-to-date: /home/mk/dev_ws/install/whisper_cpp_vendor/lib/libwhisper.so.1.7.2
[1.507s] -- Up-to-date: /home/mk/dev_ws/install/whisper_cpp_vendor/lib/libwhisper.so.1
[1.507s] -- Up-to-date: /home/mk/dev_ws/install/whisper_cpp_vendor/lib/libwhisper.so
[1.507s] -- Up-to-date: /home/mk/dev_ws/install/whisper_cpp_vendor/lib/libggml.so
[1.508s] Invoked command in '/home/mk/dev_ws/build/whisper_cpp_vendor' returned '0': CMAKE_PREFIX_PATH=${CMAKE_PREFIX_PATH}:/home/mk/dev_ws/install/yolo_object_detector:/home/mk/dev_ws/install/move_to_coordinator:/home/mk/dev_ws/install/motion_sequence:/home/mk/dev_ws/install/whisper_demos:/home/mk/dev_ws/install/voice_command_listener:/home/mk/dev_ws/install/uf_ros_lib:/home/mk/dev_ws/install/rviz_servo_status_overlay:/home/mk/dev_ws/install/rviz_marker_static_scene_objects:/home/mk/dev_ws/install/robot_motion_handler_movegroup:/home/mk/dev_ws/install/gaze_control:/home/mk/dev_ws/install/collision_check:/home/mk/dev_ws/install/audio_listener:/opt/ros/humble /usr/bin/cmake --install /home/mk/dev_ws/build/whisper_cpp_vendor
