[0.009s] Invoking command in '/home/mk/dev_ws/build/xarm_controller': AMENT_PREFIX_PATH=/home/mk/dev_ws/install/xarm_api:/home/mk/dev_ws/install/xarm_sdk:/home/mk/dev_ws/install/xarm_msgs:/home/mk/dev_ws/install/xarm_description:${AMENT_PREFIX_PATH} CMAKE_PREFIX_PATH=/home/mk/dev_ws/install/xarm_api:/home/mk/dev_ws/install/xarm_sdk:/home/mk/dev_ws/install/xarm_msgs:/home/mk/dev_ws/install/xarm_description:/opt/ros/humble LD_LIBRARY_PATH=/home/mk/dev_ws/install/xarm_api/lib:/home/mk/dev_ws/install/xarm_sdk/lib:/home/mk/dev_ws/install/xarm_msgs/lib:${LD_LIBRARY_PATH} PYTHONPATH=/home/mk/dev_ws/install/xarm_msgs/local/lib/python3.10/dist-packages:${PYTHONPATH} /usr/bin/cmake /home/mk/dev_ws/src/xarm_ros2/xarm_controller -DAMENT_CMAKE_SYMLINK_INSTALL=1 -DCMAKE_INSTALL_PREFIX=/home/mk/dev_ws/install/xarm_controller
[0.042s] -- The C compiler identification is GNU 11.4.0
[0.074s] -- The CXX compiler identification is GNU 11.4.0
[0.078s] -- Detecting C compiler ABI info
[0.122s] -- Detecting C compiler ABI info - done
[0.126s] -- Check for working C compiler: /usr/bin/cc - skipped
[0.126s] -- Detecting C compile features
[0.126s] -- Detecting C compile features - done
[0.128s] -- Detecting CXX compiler ABI info
[0.181s] -- Detecting CXX compiler ABI info - done
[0.186s] -- Check for working CXX compiler: /usr/bin/c++ - skipped
[0.186s] -- Detecting CXX compile features
[0.187s] -- Detecting CXX compile features - done
[0.188s] -- Found ament_cmake: 1.3.14 (/opt/ros/humble/share/ament_cmake/cmake)
[0.280s] -- Found Python3: /usr/bin/python3 (found version "3.10.12") found components: Interpreter 
[0.316s] -- Override CMake install command with custom implementation using symlinks instead of copying resources
[0.333s] -- Found ament_lint_auto: 0.12.15 (/opt/ros/humble/share/ament_lint_auto/cmake)
[0.402s] -- Found hardware_interface: 2.54.0 (/opt/ros/humble/share/hardware_interface/cmake)
[0.424s] -- Found rosidl_generator_c: 3.1.8 (/opt/ros/humble/share/rosidl_generator_c/cmake)
[0.427s] -- Found rosidl_adapter: 3.1.8 (/opt/ros/humble/share/rosidl_adapter/cmake)
[0.432s] -- Found rosidl_generator_cpp: 3.1.8 (/opt/ros/humble/share/rosidl_generator_cpp/cmake)
[0.438s] -- Using all available rosidl_typesupport_c: rosidl_typesupport_fastrtps_c;rosidl_typesupport_introspection_c
[0.447s] -- Using all available rosidl_typesupport_cpp: rosidl_typesupport_fastrtps_cpp;rosidl_typesupport_introspection_cpp
[0.551s] -- Found rmw_implementation_cmake: 6.1.2 (/opt/ros/humble/share/rmw_implementation_cmake/cmake)
[0.553s] -- Found rmw_cyclonedds_cpp: 1.3.4 (/opt/ros/humble/share/rmw_cyclonedds_cpp/cmake)
[0.564s] -- Using RMW implementation 'rmw_cyclonedds_cpp' as default
[0.569s] -- Looking for pthread.h
[0.615s] -- Looking for pthread.h - found
[0.616s] -- Performing Test CMAKE_HAVE_LIBC_PTHREAD
[0.664s] -- Performing Test CMAKE_HAVE_LIBC_PTHREAD - Success
[0.665s] -- Found Threads: TRUE  
[0.691s] -- Found rclcpp_action: 16.0.19 (/opt/ros/humble/share/rclcpp_action/cmake)
[0.699s] -- Found controller_manager_msgs: 2.54.0 (/opt/ros/humble/share/controller_manager_msgs/cmake)
[0.708s] -- Found xarm_msgs: 0.0.0 (/home/mk/dev_ws/install/xarm_msgs/share/xarm_msgs/cmake)
[0.715s] -- Found xarm_api: 0.0.0 (/home/mk/dev_ws/install/xarm_api/share/xarm_api/cmake)
[0.716s] -- Found xarm_sdk: 0.0.0 (/home/mk/dev_ws/install/xarm_sdk/share/xarm_sdk/cmake)
[0.721s] -- Added test 'copyright' to check source files copyright and LICENSE
[0.722s] -- Added test 'cppcheck' to perform static code analysis on C / C++ code
[0.722s] -- Configured cppcheck include dirs: /home/mk/dev_ws/src/xarm_ros2/xarm_controller/include
[0.722s] -- Configured cppcheck exclude dirs and/or files: 
[0.723s] -- Added test 'cpplint' to check C / C++ code against the Google style
[0.723s] -- Configured cpplint exclude dirs and/or files: 
[0.723s] -- Added test 'flake8' to check Python code syntax and style conventions
[0.723s] -- Added test 'lint_cmake' to check CMake code style
[0.724s] -- Added test 'pep257' to check Python code against some of the docstring style conventions in PEP 257
[0.725s] -- Added test 'uncrustify' to check C / C++ code style
[0.725s] -- Configured uncrustify additional arguments: 
[0.725s] -- Added test 'xmllint' to check XML markup files
[0.726s] -- Configuring done
[0.733s] -- Generating done
[0.736s] -- Build files have been written to: /home/mk/dev_ws/build/xarm_controller
[0.742s] Invoked command in '/home/mk/dev_ws/build/xarm_controller' returned '0': AMENT_PREFIX_PATH=/home/mk/dev_ws/install/xarm_api:/home/mk/dev_ws/install/xarm_sdk:/home/mk/dev_ws/install/xarm_msgs:/home/mk/dev_ws/install/xarm_description:${AMENT_PREFIX_PATH} CMAKE_PREFIX_PATH=/home/mk/dev_ws/install/xarm_api:/home/mk/dev_ws/install/xarm_sdk:/home/mk/dev_ws/install/xarm_msgs:/home/mk/dev_ws/install/xarm_description:/opt/ros/humble LD_LIBRARY_PATH=/home/mk/dev_ws/install/xarm_api/lib:/home/mk/dev_ws/install/xarm_sdk/lib:/home/mk/dev_ws/install/xarm_msgs/lib:${LD_LIBRARY_PATH} PYTHONPATH=/home/mk/dev_ws/install/xarm_msgs/local/lib/python3.10/dist-packages:${PYTHONPATH} /usr/bin/cmake /home/mk/dev_ws/src/xarm_ros2/xarm_controller -DAMENT_CMAKE_SYMLINK_INSTALL=1 -DCMAKE_INSTALL_PREFIX=/home/mk/dev_ws/install/xarm_controller
[0.743s] Invoking command in '/home/mk/dev_ws/build/xarm_controller': AMENT_PREFIX_PATH=/home/mk/dev_ws/install/xarm_api:/home/mk/dev_ws/install/xarm_sdk:/home/mk/dev_ws/install/xarm_msgs:/home/mk/dev_ws/install/xarm_description:${AMENT_PREFIX_PATH} CMAKE_PREFIX_PATH=/home/mk/dev_ws/install/xarm_api:/home/mk/dev_ws/install/xarm_sdk:/home/mk/dev_ws/install/xarm_msgs:/home/mk/dev_ws/install/xarm_description:/opt/ros/humble LD_LIBRARY_PATH=/home/mk/dev_ws/install/xarm_api/lib:/home/mk/dev_ws/install/xarm_sdk/lib:/home/mk/dev_ws/install/xarm_msgs/lib:${LD_LIBRARY_PATH} PYTHONPATH=/home/mk/dev_ws/install/xarm_msgs/local/lib/python3.10/dist-packages:${PYTHONPATH} /usr/bin/cmake --build /home/mk/dev_ws/build/xarm_controller -- -j20 -l20
[0.777s] [ 33%] [32mBuilding CXX object CMakeFiles/uf_robot_hardware.dir/src/hardware/uf_robot_system_hardware.cpp.o[0m
[0.777s] [ 66%] [32mBuilding CXX object CMakeFiles/uf_robot_hardware.dir/src/hardware/uf_robot_fake_system_hardware.cpp.o[0m
[5.265s] [100%] [32m[1mLinking CXX shared library libuf_robot_hardware.so[0m
[5.817s] [100%] Built target uf_robot_hardware
[5.826s] Invoked command in '/home/mk/dev_ws/build/xarm_controller' returned '0': AMENT_PREFIX_PATH=/home/mk/dev_ws/install/xarm_api:/home/mk/dev_ws/install/xarm_sdk:/home/mk/dev_ws/install/xarm_msgs:/home/mk/dev_ws/install/xarm_description:${AMENT_PREFIX_PATH} CMAKE_PREFIX_PATH=/home/mk/dev_ws/install/xarm_api:/home/mk/dev_ws/install/xarm_sdk:/home/mk/dev_ws/install/xarm_msgs:/home/mk/dev_ws/install/xarm_description:/opt/ros/humble LD_LIBRARY_PATH=/home/mk/dev_ws/install/xarm_api/lib:/home/mk/dev_ws/install/xarm_sdk/lib:/home/mk/dev_ws/install/xarm_msgs/lib:${LD_LIBRARY_PATH} PYTHONPATH=/home/mk/dev_ws/install/xarm_msgs/local/lib/python3.10/dist-packages:${PYTHONPATH} /usr/bin/cmake --build /home/mk/dev_ws/build/xarm_controller -- -j20 -l20
[5.827s] Invoking command in '/home/mk/dev_ws/build/xarm_controller': AMENT_PREFIX_PATH=/home/mk/dev_ws/install/xarm_api:/home/mk/dev_ws/install/xarm_sdk:/home/mk/dev_ws/install/xarm_msgs:/home/mk/dev_ws/install/xarm_description:${AMENT_PREFIX_PATH} CMAKE_PREFIX_PATH=/home/mk/dev_ws/install/xarm_api:/home/mk/dev_ws/install/xarm_sdk:/home/mk/dev_ws/install/xarm_msgs:/home/mk/dev_ws/install/xarm_description:/opt/ros/humble LD_LIBRARY_PATH=/home/mk/dev_ws/install/xarm_api/lib:/home/mk/dev_ws/install/xarm_sdk/lib:/home/mk/dev_ws/install/xarm_msgs/lib:${LD_LIBRARY_PATH} PYTHONPATH=/home/mk/dev_ws/install/xarm_msgs/local/lib/python3.10/dist-packages:${PYTHONPATH} /usr/bin/cmake --install /home/mk/dev_ws/build/xarm_controller
[5.832s] -- Install configuration: ""
[5.832s] -- Execute custom install script
[5.832s] -- Symlinking: /home/mk/dev_ws/install/xarm_controller/share/xarm_controller//uf_hardware_interface_plugins.xml
[5.838s] -- Symlinking: /home/mk/dev_ws/install/xarm_controller/include/xarm_controller/hardware/bak_uf_robot_fake_system_hardware.h
[5.842s] -- Symlinking: /home/mk/dev_ws/install/xarm_controller/include/xarm_controller/hardware/uf_robot_fake_system_hardware.h
[5.847s] -- Symlinking: /home/mk/dev_ws/install/xarm_controller/include/xarm_controller/hardware/uf_robot_system_hardware.h
[5.851s] -- Symlinking: /home/mk/dev_ws/install/xarm_controller/lib/libuf_robot_hardware.so
[5.856s] -- Symlinking: /home/mk/dev_ws/install/xarm_controller/share/xarm_controller//launch/_dual_ros2_control.launch.py
[5.861s] -- Symlinking: /home/mk/dev_ws/install/xarm_controller/share/xarm_controller//launch/_robot_ros2_control.launch.py
[5.865s] -- Symlinking: /home/mk/dev_ws/install/xarm_controller/share/xarm_controller//launch/_ros2_control.launch.py
[5.870s] -- Symlinking: /home/mk/dev_ws/install/xarm_controller/share/xarm_controller//launch/lib/robot_controller_lib.py
[5.876s] -- Symlinking: /home/mk/dev_ws/install/xarm_controller/share/xarm_controller//launch/lite6_control_rviz_display.launch.py
[5.881s] -- Symlinking: /home/mk/dev_ws/install/xarm_controller/share/xarm_controller//launch/uf850_control_rviz_display.launch.py
[5.886s] -- Symlinking: /home/mk/dev_ws/install/xarm_controller/share/xarm_controller//launch/xarm5_control_rviz_display.launch.py
[5.890s] -- Symlinking: /home/mk/dev_ws/install/xarm_controller/share/xarm_controller//launch/xarm6_control_rviz_display.launch.py
[5.895s] -- Symlinking: /home/mk/dev_ws/install/xarm_controller/share/xarm_controller//launch/xarm7_control_rviz_display.launch.py
[5.900s] -- Symlinking: /home/mk/dev_ws/install/xarm_controller/share/xarm_controller//launch/xarm7_mirror_control_rviz_display.launch.py
[5.905s] -- Symlinking: /home/mk/dev_ws/install/xarm_controller/share/xarm_controller//config/bio_gripper_controllers.yaml
[5.909s] -- Symlinking: /home/mk/dev_ws/install/xarm_controller/share/xarm_controller//config/lite6_controllers.yaml
[5.913s] -- Symlinking: /home/mk/dev_ws/install/xarm_controller/share/xarm_controller//config/uf850_controllers.yaml
[5.919s] -- Symlinking: /home/mk/dev_ws/install/xarm_controller/share/xarm_controller//config/uf850_gripper_controllers.yaml
[5.923s] -- Symlinking: /home/mk/dev_ws/install/xarm_controller/share/xarm_controller//config/xarm5_controllers.yaml
[5.928s] -- Symlinking: /home/mk/dev_ws/install/xarm_controller/share/xarm_controller//config/xarm6_controllers.yaml
[5.933s] -- Symlinking: /home/mk/dev_ws/install/xarm_controller/share/xarm_controller//config/xarm7_controllers.yaml
[5.939s] -- Symlinking: /home/mk/dev_ws/install/xarm_controller/share/xarm_controller//config/xarm7_mirror_controllers.yaml
[5.943s] -- Symlinking: /home/mk/dev_ws/install/xarm_controller/share/xarm_controller//config/xarm7_mirror_gripper_controllers.yaml
[5.947s] -- Symlinking: /home/mk/dev_ws/install/xarm_controller/share/xarm_controller//config/xarm_gripper_controllers.yaml
[5.952s] -- Symlinking: /home/mk/dev_ws/install/xarm_controller/share/xarm_controller/environment/library_path.sh
[5.958s] -- Symlinking: /home/mk/dev_ws/install/xarm_controller/share/xarm_controller/environment/library_path.dsv
[5.964s] -- Symlinking: /home/mk/dev_ws/install/xarm_controller/share/ament_index/resource_index/package_run_dependencies/xarm_controller
[5.969s] -- Symlinking: /home/mk/dev_ws/install/xarm_controller/share/ament_index/resource_index/parent_prefix_path/xarm_controller
[5.973s] -- Symlinking: /home/mk/dev_ws/install/xarm_controller/share/xarm_controller/environment/ament_prefix_path.sh
[5.979s] -- Symlinking: /home/mk/dev_ws/install/xarm_controller/share/xarm_controller/environment/ament_prefix_path.dsv
[5.984s] -- Symlinking: /home/mk/dev_ws/install/xarm_controller/share/xarm_controller/environment/path.sh
[5.988s] -- Symlinking: /home/mk/dev_ws/install/xarm_controller/share/xarm_controller/environment/path.dsv
[5.993s] -- Symlinking: /home/mk/dev_ws/install/xarm_controller/share/xarm_controller/local_setup.bash
[5.998s] -- Symlinking: /home/mk/dev_ws/install/xarm_controller/share/xarm_controller/local_setup.sh
[6.002s] -- Symlinking: /home/mk/dev_ws/install/xarm_controller/share/xarm_controller/local_setup.zsh
[6.007s] -- Symlinking: /home/mk/dev_ws/install/xarm_controller/share/xarm_controller/local_setup.dsv
[6.013s] -- Symlinking: /home/mk/dev_ws/install/xarm_controller/share/xarm_controller/package.dsv
[6.019s] -- Symlinking: /home/mk/dev_ws/install/xarm_controller/share/ament_index/resource_index/packages/xarm_controller
[6.024s] -- Symlinking: /home/mk/dev_ws/install/xarm_controller/share/ament_index/resource_index/hardware_interface__pluginlib__plugin/xarm_controller
[6.028s] -- Symlinking: /home/mk/dev_ws/install/xarm_controller/share/xarm_controller/cmake/ament_cmake_export_include_directories-extras.cmake
[6.033s] -- Symlinking: /home/mk/dev_ws/install/xarm_controller/share/xarm_controller/cmake/ament_cmake_export_libraries-extras.cmake
[6.038s] -- Symlinking: /home/mk/dev_ws/install/xarm_controller/share/xarm_controller/cmake/ament_cmake_export_dependencies-extras.cmake
[6.042s] -- Symlinking: /home/mk/dev_ws/install/xarm_controller/share/xarm_controller/cmake/xarm_controllerConfig.cmake
[6.047s] -- Symlinking: /home/mk/dev_ws/install/xarm_controller/share/xarm_controller/cmake/xarm_controllerConfig-version.cmake
[6.052s] -- Symlinking: /home/mk/dev_ws/install/xarm_controller/share/xarm_controller/package.xml
[6.059s] Invoked command in '/home/mk/dev_ws/build/xarm_controller' returned '0': AMENT_PREFIX_PATH=/home/mk/dev_ws/install/xarm_api:/home/mk/dev_ws/install/xarm_sdk:/home/mk/dev_ws/install/xarm_msgs:/home/mk/dev_ws/install/xarm_description:${AMENT_PREFIX_PATH} CMAKE_PREFIX_PATH=/home/mk/dev_ws/install/xarm_api:/home/mk/dev_ws/install/xarm_sdk:/home/mk/dev_ws/install/xarm_msgs:/home/mk/dev_ws/install/xarm_description:/opt/ros/humble LD_LIBRARY_PATH=/home/mk/dev_ws/install/xarm_api/lib:/home/mk/dev_ws/install/xarm_sdk/lib:/home/mk/dev_ws/install/xarm_msgs/lib:${LD_LIBRARY_PATH} PYTHONPATH=/home/mk/dev_ws/install/xarm_msgs/local/lib/python3.10/dist-packages:${PYTHONPATH} /usr/bin/cmake --install /home/mk/dev_ws/build/xarm_controller
