[0.877s] Invoking command in '/home/mk/dev_ws/build/realsense_gazebo_plugin': CMAKE_PREFIX_PATH=${CMAKE_PREFIX_PATH}:/home/mk/dev_ws/install/yolo_object_detector:/home/mk/dev_ws/install/move_to_coordinator:/home/mk/dev_ws/install/motion_sequence:/home/mk/dev_ws/install/whisper_demos:/home/mk/dev_ws/install/voice_command_listener:/home/mk/dev_ws/install/uf_ros_lib:/home/mk/dev_ws/install/rviz_servo_status_overlay:/home/mk/dev_ws/install/rviz_marker_static_scene_objects:/home/mk/dev_ws/install/robot_motion_handler_movegroup:/home/mk/dev_ws/install/gaze_control:/home/mk/dev_ws/install/collision_check:/home/mk/dev_ws/install/audio_listener:/opt/ros/humble /usr/bin/cmake /home/mk/dev_ws/src/xarm_ros2/thirdparty/realsense_gazebo_plugin -DCMAKE_INSTALL_PREFIX=/home/mk/dev_ws/install/realsense_gazebo_plugin
[1.562s] -- Found ament_cmake: 1.3.14 (/opt/ros/humble/share/ament_cmake/cmake)
[1.562s] -- Override CMake install command with custom implementation using symlinks instead of copying resources
[1.562s] -- Found rclcpp: 16.0.19 (/opt/ros/humble/share/rclcpp/cmake)
[1.562s] -- Found rosidl_generator_c: 3.1.8 (/opt/ros/humble/share/rosidl_generator_c/cmake)
[1.562s] -- Found rosidl_adapter: 3.1.8 (/opt/ros/humble/share/rosidl_adapter/cmake)
[1.562s] -- Found rosidl_generator_cpp: 3.1.8 (/opt/ros/humble/share/rosidl_generator_cpp/cmake)
[1.562s] -- Using all available rosidl_typesupport_c: rosidl_typesupport_fastrtps_c;rosidl_typesupport_introspection_c
[1.563s] -- Using all available rosidl_typesupport_cpp: rosidl_typesupport_fastrtps_cpp;rosidl_typesupport_introspection_cpp
[1.563s] -- Found rmw_implementation_cmake: 6.1.2 (/opt/ros/humble/share/rmw_implementation_cmake/cmake)
[1.563s] -- Found rmw_cyclonedds_cpp: 1.3.4 (/opt/ros/humble/share/rmw_cyclonedds_cpp/cmake)
[1.563s] -- Using RMW implementation 'rmw_cyclonedds_cpp' as default
[1.563s] -- Found gazebo_ros: 3.9.0 (/opt/ros/humble/share/gazebo_ros/cmake)
[1.563s] -- Found DART: /usr/include (Required is at least version "6.6") found components: dart 
[1.563s] -- Found Protobuf: /usr/lib/x86_64-linux-gnu/libprotobuf.so (found version "3.12.4") 
[1.563s] -- Looking for ignition-math6 -- found version 6.16.0
[1.563s] -- Searching for dependencies of ignition-math6
[1.563s] -- Looking for OGRE...
[1.563s] -- Found Ogre Ghadamon (1.9.0)
[1.563s] -- Found OGRE: optimized;/usr/lib/x86_64-linux-gnu/libOgreMain.so;debug;/usr/lib/x86_64-linux-gnu/libOgreMain.so
[1.563s] -- Looking for OGRE_Paging...
[1.563s] -- Found OGRE_Paging: optimized;/usr/lib/x86_64-linux-gnu/libOgrePaging.so;debug;/usr/lib/x86_64-linux-gnu/libOgrePaging.so
[1.563s] -- Looking for OGRE_Terrain...
[1.563s] -- Found OGRE_Terrain: optimized;/usr/lib/x86_64-linux-gnu/libOgreTerrain.so;debug;/usr/lib/x86_64-linux-gnu/libOgreTerrain.so
[1.563s] -- Looking for OGRE_Property...
[1.563s] -- Found OGRE_Property: optimized;/usr/lib/x86_64-linux-gnu/libOgreProperty.so;debug;/usr/lib/x86_64-linux-gnu/libOgreProperty.so
[1.563s] -- Looking for OGRE_RTShaderSystem...
[1.563s] -- Found OGRE_RTShaderSystem: optimized;/usr/lib/x86_64-linux-gnu/libOgreRTShaderSystem.so;debug;/usr/lib/x86_64-linux-gnu/libOgreRTShaderSystem.so
[1.563s] -- Looking for OGRE_Volume...
[1.563s] -- Found OGRE_Volume: optimized;/usr/lib/x86_64-linux-gnu/libOgreVolume.so;debug;/usr/lib/x86_64-linux-gnu/libOgreVolume.so
[1.564s] -- Looking for OGRE_Overlay...
[1.564s] -- Found OGRE_Overlay: optimized;/usr/lib/x86_64-linux-gnu/libOgreOverlay.so;debug;/usr/lib/x86_64-linux-gnu/libOgreOverlay.so
[1.564s] -- Looking for ignition-math6 -- found version 6.16.0
[1.564s] -- Looking for ignition-transport8 -- found version 8.2.1
[1.564s] -- Searching for dependencies of ignition-transport8
[1.564s] -- Found Protobuf: /usr/lib/x86_64-linux-gnu/libprotobuf.so (found suitable version "3.12.4", minimum required is "3") 
[1.564s] -- Config-file not installed for ZeroMQ -- checking for pkg-config
[1.564s] -- Checking for module 'libzmq >= 4'
[1.564s] --   Found libzmq , version 4.3.4
[1.564s] -- Checking for module 'uuid'
[1.564s] --   Found uuid, version 2.37.2
[1.564s] -- Looking for ignition-msgs5 -- found version 5.8.1
[1.564s] -- Searching for dependencies of ignition-msgs5
[1.564s] -- Looking for ignition-math6 -- found version 6.16.0
[1.564s] -- Checking for module 'tinyxml2'
[1.564s] --   Found tinyxml2, version 9.0.0
[1.564s] -- Looking for ignition-msgs5 -- found version 5.8.1
[1.564s] -- Looking for ignition-common3 -- found version 3.14.0
[1.564s] -- Searching for dependencies of ignition-common3
[1.564s] -- Looking for dlfcn.h - found
[1.564s] -- Looking for libdl - found
[1.565s] -- Searching for <ignition-common3> component [graphics]
[1.565s] -- Looking for ignition-common3-graphics -- found version 3.14.0
[1.565s] -- Searching for dependencies of ignition-common3-graphics
[1.565s] -- Looking for ignition-math6 -- found version 6.16.0
[1.565s] -- Looking for ignition-fuel_tools4 -- found version 4.4.0
[1.565s] -- Searching for dependencies of ignition-fuel_tools4
[1.566s] -- Checking for module 'jsoncpp'
[1.566s] --   Found jsoncpp, version 1.9.5
[1.630s] -- Checking for module 'libzip'
[1.668s] --   Found libzip, version 1.7.3
[1.736s] -- Looking for ignition-common3 -- found version 3.14.0
[1.736s] -- Looking for ignition-math6 -- found version 6.16.0
[1.736s] -- Looking for ignition-msgs5 -- found version 5.8.1
[1.744s] -- Gazebo version: 11.10
[1.746s] -- Found image_transport: 3.1.12 (/opt/ros/humble/share/image_transport/cmake)
[1.850s] -- Found camera_info_manager: 3.1.12 (/opt/ros/humble/share/camera_info_manager/cmake)
[1.902s] -- Found ament_lint_auto: 0.12.15 (/opt/ros/humble/share/ament_lint_auto/cmake)
[2.029s] -- Configuring done
[2.052s] -- Generating done
[2.058s] -- Build files have been written to: /home/mk/dev_ws/build/realsense_gazebo_plugin
[2.165s] Invoked command in '/home/mk/dev_ws/build/realsense_gazebo_plugin' returned '0': CMAKE_PREFIX_PATH=${CMAKE_PREFIX_PATH}:/home/mk/dev_ws/install/yolo_object_detector:/home/mk/dev_ws/install/move_to_coordinator:/home/mk/dev_ws/install/motion_sequence:/home/mk/dev_ws/install/whisper_demos:/home/mk/dev_ws/install/voice_command_listener:/home/mk/dev_ws/install/uf_ros_lib:/home/mk/dev_ws/install/rviz_servo_status_overlay:/home/mk/dev_ws/install/rviz_marker_static_scene_objects:/home/mk/dev_ws/install/robot_motion_handler_movegroup:/home/mk/dev_ws/install/gaze_control:/home/mk/dev_ws/install/collision_check:/home/mk/dev_ws/install/audio_listener:/opt/ros/humble /usr/bin/cmake /home/mk/dev_ws/src/xarm_ros2/thirdparty/realsense_gazebo_plugin -DCMAKE_INSTALL_PREFIX=/home/mk/dev_ws/install/realsense_gazebo_plugin
[2.166s] Invoking command in '/home/mk/dev_ws/build/realsense_gazebo_plugin': CMAKE_PREFIX_PATH=${CMAKE_PREFIX_PATH}:/home/mk/dev_ws/install/yolo_object_detector:/home/mk/dev_ws/install/move_to_coordinator:/home/mk/dev_ws/install/motion_sequence:/home/mk/dev_ws/install/whisper_demos:/home/mk/dev_ws/install/voice_command_listener:/home/mk/dev_ws/install/uf_ros_lib:/home/mk/dev_ws/install/rviz_servo_status_overlay:/home/mk/dev_ws/install/rviz_marker_static_scene_objects:/home/mk/dev_ws/install/robot_motion_handler_movegroup:/home/mk/dev_ws/install/gaze_control:/home/mk/dev_ws/install/collision_check:/home/mk/dev_ws/install/audio_listener:/opt/ros/humble /usr/bin/cmake --build /home/mk/dev_ws/build/realsense_gazebo_plugin -- -j16 -l16
[2.232s] [35m[1mConsolidate compiler generated dependencies of target realsense_gazebo_plugin[0m
[2.273s] [100%] Built target realsense_gazebo_plugin
[2.401s] Invoked command in '/home/mk/dev_ws/build/realsense_gazebo_plugin' returned '0': CMAKE_PREFIX_PATH=${CMAKE_PREFIX_PATH}:/home/mk/dev_ws/install/yolo_object_detector:/home/mk/dev_ws/install/move_to_coordinator:/home/mk/dev_ws/install/motion_sequence:/home/mk/dev_ws/install/whisper_demos:/home/mk/dev_ws/install/voice_command_listener:/home/mk/dev_ws/install/uf_ros_lib:/home/mk/dev_ws/install/rviz_servo_status_overlay:/home/mk/dev_ws/install/rviz_marker_static_scene_objects:/home/mk/dev_ws/install/robot_motion_handler_movegroup:/home/mk/dev_ws/install/gaze_control:/home/mk/dev_ws/install/collision_check:/home/mk/dev_ws/install/audio_listener:/opt/ros/humble /usr/bin/cmake --build /home/mk/dev_ws/build/realsense_gazebo_plugin -- -j16 -l16
[2.406s] Invoking command in '/home/mk/dev_ws/build/realsense_gazebo_plugin': CMAKE_PREFIX_PATH=${CMAKE_PREFIX_PATH}:/home/mk/dev_ws/install/yolo_object_detector:/home/mk/dev_ws/install/move_to_coordinator:/home/mk/dev_ws/install/motion_sequence:/home/mk/dev_ws/install/whisper_demos:/home/mk/dev_ws/install/voice_command_listener:/home/mk/dev_ws/install/uf_ros_lib:/home/mk/dev_ws/install/rviz_servo_status_overlay:/home/mk/dev_ws/install/rviz_marker_static_scene_objects:/home/mk/dev_ws/install/robot_motion_handler_movegroup:/home/mk/dev_ws/install/gaze_control:/home/mk/dev_ws/install/collision_check:/home/mk/dev_ws/install/audio_listener:/opt/ros/humble /usr/bin/cmake --install /home/mk/dev_ws/build/realsense_gazebo_plugin
[2.769s] -- Install configuration: ""
[2.769s] -- Execute custom install script
[2.769s] -- Up-to-date symlink: /home/mk/dev_ws/install/realsense_gazebo_plugin/lib/librealsense_gazebo_plugin.so
[2.770s] -- Up-to-date symlink: /home/mk/dev_ws/install/realsense_gazebo_plugin/include//realsense_gazebo_plugin/RealSensePlugin.h
[2.770s] -- Up-to-date symlink: /home/mk/dev_ws/install/realsense_gazebo_plugin/include//realsense_gazebo_plugin/gazebo_ros_realsense.h
[2.770s] -- Up-to-date symlink: /home/mk/dev_ws/install/realsense_gazebo_plugin/share/realsense_gazebo_plugin/environment/library_path.sh
[2.770s] -- Up-to-date symlink: /home/mk/dev_ws/install/realsense_gazebo_plugin/share/realsense_gazebo_plugin/environment/library_path.dsv
[2.770s] -- Up-to-date symlink: /home/mk/dev_ws/install/realsense_gazebo_plugin/share/ament_index/resource_index/package_run_dependencies/realsense_gazebo_plugin
[2.770s] -- Up-to-date symlink: /home/mk/dev_ws/install/realsense_gazebo_plugin/share/ament_index/resource_index/parent_prefix_path/realsense_gazebo_plugin
[2.770s] -- Up-to-date symlink: /home/mk/dev_ws/install/realsense_gazebo_plugin/share/realsense_gazebo_plugin/environment/ament_prefix_path.sh
[2.770s] -- Up-to-date symlink: /home/mk/dev_ws/install/realsense_gazebo_plugin/share/realsense_gazebo_plugin/environment/ament_prefix_path.dsv
[2.770s] -- Up-to-date symlink: /home/mk/dev_ws/install/realsense_gazebo_plugin/share/realsense_gazebo_plugin/environment/path.sh
[2.770s] -- Up-to-date symlink: /home/mk/dev_ws/install/realsense_gazebo_plugin/share/realsense_gazebo_plugin/environment/path.dsv
[2.770s] -- Up-to-date symlink: /home/mk/dev_ws/install/realsense_gazebo_plugin/share/realsense_gazebo_plugin/local_setup.bash
[2.770s] -- Up-to-date symlink: /home/mk/dev_ws/install/realsense_gazebo_plugin/share/realsense_gazebo_plugin/local_setup.sh
[2.770s] -- Up-to-date symlink: /home/mk/dev_ws/install/realsense_gazebo_plugin/share/realsense_gazebo_plugin/local_setup.zsh
[2.770s] -- Up-to-date symlink: /home/mk/dev_ws/install/realsense_gazebo_plugin/share/realsense_gazebo_plugin/local_setup.dsv
[2.770s] -- Symlinking: /home/mk/dev_ws/install/realsense_gazebo_plugin/share/realsense_gazebo_plugin/package.dsv
[2.770s] -- Up-to-date symlink: /home/mk/dev_ws/install/realsense_gazebo_plugin/share/ament_index/resource_index/packages/realsense_gazebo_plugin
[2.770s] -- Up-to-date symlink: /home/mk/dev_ws/install/realsense_gazebo_plugin/share/realsense_gazebo_plugin/cmake/ament_cmake_export_include_directories-extras.cmake
[2.770s] -- Up-to-date symlink: /home/mk/dev_ws/install/realsense_gazebo_plugin/share/realsense_gazebo_plugin/cmake/ament_cmake_export_libraries-extras.cmake
[2.770s] -- Up-to-date symlink: /home/mk/dev_ws/install/realsense_gazebo_plugin/share/realsense_gazebo_plugin/cmake/realsense_gazebo_pluginConfig.cmake
[2.770s] -- Up-to-date symlink: /home/mk/dev_ws/install/realsense_gazebo_plugin/share/realsense_gazebo_plugin/cmake/realsense_gazebo_pluginConfig-version.cmake
[2.770s] -- Up-to-date symlink: /home/mk/dev_ws/install/realsense_gazebo_plugin/share/realsense_gazebo_plugin/package.xml
[2.772s] Invoked command in '/home/mk/dev_ws/build/realsense_gazebo_plugin' returned '0': CMAKE_PREFIX_PATH=${CMAKE_PREFIX_PATH}:/home/mk/dev_ws/install/yolo_object_detector:/home/mk/dev_ws/install/move_to_coordinator:/home/mk/dev_ws/install/motion_sequence:/home/mk/dev_ws/install/whisper_demos:/home/mk/dev_ws/install/voice_command_listener:/home/mk/dev_ws/install/uf_ros_lib:/home/mk/dev_ws/install/rviz_servo_status_overlay:/home/mk/dev_ws/install/rviz_marker_static_scene_objects:/home/mk/dev_ws/install/robot_motion_handler_movegroup:/home/mk/dev_ws/install/gaze_control:/home/mk/dev_ws/install/collision_check:/home/mk/dev_ws/install/audio_listener:/opt/ros/humble /usr/bin/cmake --install /home/mk/dev_ws/build/realsense_gazebo_plugin
