[0.011s] Invoking command in '/home/mk/dev_ws/build/xarm_gazebo': AMENT_PREFIX_PATH=/home/mk/dev_ws/install/xarm_controller:/home/mk/dev_ws/install/xarm_api:/home/mk/dev_ws/install/xarm_sdk:/home/mk/dev_ws/install/xarm_msgs:/home/mk/dev_ws/install/xarm_description:/home/mk/dev_ws/install/uf_ros_lib:${AMENT_PREFIX_PATH} CMAKE_PREFIX_PATH=/home/mk/dev_ws/install/xarm_controller:/home/mk/dev_ws/install/xarm_api:/home/mk/dev_ws/install/xarm_sdk:/home/mk/dev_ws/install/xarm_msgs:/home/mk/dev_ws/install/xarm_description:/opt/ros/humble LD_LIBRARY_PATH=/home/mk/dev_ws/install/xarm_controller/lib:/home/mk/dev_ws/install/xarm_api/lib:/home/mk/dev_ws/install/xarm_sdk/lib:/home/mk/dev_ws/install/xarm_msgs/lib:${LD_LIBRARY_PATH} PYTHONPATH=/home/mk/dev_ws/install/xarm_msgs/local/lib/python3.10/dist-packages:/home/mk/dev_ws/build/uf_ros_lib:/home/mk/dev_ws/install/uf_ros_lib/lib/python3.10/site-packages:${PYTHONPATH} /usr/bin/cmake /home/mk/dev_ws/src/xarm_ros2/xarm_gazebo -DAMENT_CMAKE_SYMLINK_INSTALL=1 -DCMAKE_INSTALL_PREFIX=/home/mk/dev_ws/install/xarm_gazebo
[0.045s] -- The C compiler identification is GNU 11.4.0
[0.076s] -- The CXX compiler identification is GNU 11.4.0
[0.080s] -- Detecting C compiler ABI info
[0.126s] -- Detecting C compiler ABI info - done
[0.131s] -- Check for working C compiler: /usr/bin/cc - skipped
[0.131s] -- Detecting C compile features
[0.131s] -- Detecting C compile features - done
[0.132s] -- Detecting CXX compiler ABI info
[0.184s] -- Detecting CXX compiler ABI info - done
[0.188s] -- Check for working CXX compiler: /usr/bin/c++ - skipped
[0.188s] -- Detecting CXX compile features
[0.189s] -- Detecting CXX compile features - done
[0.190s] -- Found ament_cmake: 1.3.14 (/opt/ros/humble/share/ament_cmake/cmake)
[0.281s] -- Found Python3: /usr/bin/python3 (found version "3.10.12") found components: Interpreter 
[0.320s] -- Override CMake install command with custom implementation using symlinks instead of copying resources
[0.337s] -- Found rclcpp: 16.0.19 (/opt/ros/humble/share/rclcpp/cmake)
[0.360s] -- Found rosidl_generator_c: 3.1.8 (/opt/ros/humble/share/rosidl_generator_c/cmake)
[0.363s] -- Found rosidl_adapter: 3.1.8 (/opt/ros/humble/share/rosidl_adapter/cmake)
[0.367s] -- Found rosidl_generator_cpp: 3.1.8 (/opt/ros/humble/share/rosidl_generator_cpp/cmake)
[0.374s] -- Using all available rosidl_typesupport_c: rosidl_typesupport_fastrtps_c;rosidl_typesupport_introspection_c
[0.382s] -- Using all available rosidl_typesupport_cpp: rosidl_typesupport_fastrtps_cpp;rosidl_typesupport_introspection_cpp
[0.406s] -- Found rmw_implementation_cmake: 6.1.2 (/opt/ros/humble/share/rmw_implementation_cmake/cmake)
[0.407s] -- Found rmw_cyclonedds_cpp: 1.3.4 (/opt/ros/humble/share/rmw_cyclonedds_cpp/cmake)
[0.419s] -- Using RMW implementation 'rmw_cyclonedds_cpp' as default
[0.423s] -- Looking for pthread.h
[0.469s] -- Looking for pthread.h - found
[0.469s] -- Performing Test CMAKE_HAVE_LIBC_PTHREAD
[0.514s] -- Performing Test CMAKE_HAVE_LIBC_PTHREAD - Success
[0.515s] -- Found Threads: TRUE  
[0.548s] -- Found control_toolbox: 3.7.0 (/opt/ros/humble/share/control_toolbox/cmake)
[0.668s] -- Found controller_manager: 2.54.0 (/opt/ros/humble/share/controller_manager/cmake)
[0.687s] -- Found gazebo_ros: 3.9.0 (/opt/ros/humble/share/gazebo_ros/cmake)
[0.693s] -- Found PkgConfig: /usr/bin/pkg-config (found version "0.29.2") 
[0.694s] -- Checking for module 'bullet>=2.82'
[0.703s] --   Found bullet, version 3.05
[0.766s] -- Found fcl: /usr/include (found suitable version "0.7.0", minimum required is "0.5.0") 
[0.798s] -- Found assimp: /usr/include (found version "5.2.0") 
[0.806s] -- Found DART: /usr/include (Required is at least version "6.6") found components: dart 
[0.822s] -- Found Boost: /usr/lib/x86_64-linux-gnu/cmake/Boost-1.74.0/BoostConfig.cmake (found suitable version "1.74.0", minimum required is "1.40.0") found components: thread system filesystem program_options regex iostreams date_time 
[0.831s] -- Found Protobuf: /usr/lib/x86_64-linux-gnu/libprotobuf.so (found version "3.12.4") 
[0.834s] -- Looking for ignition-math6 -- found version 6.16.0
[0.837s] -- Searching for dependencies of ignition-math6
[0.838s] -- Looking for OGRE...
[0.838s] -- OGRE_PREFIX_WATCH changed.
[0.842s] -- Checking for module 'OGRE'
[0.851s] --   Found OGRE, version 1.9.0
[0.873s] -- Found Ogre Ghadamon (1.9.0)
[0.878s] -- Found OGRE: optimized;/usr/lib/x86_64-linux-gnu/libOgreMain.so;debug;/usr/lib/x86_64-linux-gnu/libOgreMain.so
[0.884s] -- Looking for OGRE_Paging...
[0.887s] -- Found OGRE_Paging: optimized;/usr/lib/x86_64-linux-gnu/libOgrePaging.so;debug;/usr/lib/x86_64-linux-gnu/libOgrePaging.so
[0.887s] -- Looking for OGRE_Terrain...
[0.889s] -- Found OGRE_Terrain: optimized;/usr/lib/x86_64-linux-gnu/libOgreTerrain.so;debug;/usr/lib/x86_64-linux-gnu/libOgreTerrain.so
[0.889s] -- Looking for OGRE_Property...
[0.892s] -- Found OGRE_Property: optimized;/usr/lib/x86_64-linux-gnu/libOgreProperty.so;debug;/usr/lib/x86_64-linux-gnu/libOgreProperty.so
[0.892s] -- Looking for OGRE_RTShaderSystem...
[0.895s] -- Found OGRE_RTShaderSystem: optimized;/usr/lib/x86_64-linux-gnu/libOgreRTShaderSystem.so;debug;/usr/lib/x86_64-linux-gnu/libOgreRTShaderSystem.so
[0.895s] -- Looking for OGRE_Volume...
[0.897s] -- Found OGRE_Volume: optimized;/usr/lib/x86_64-linux-gnu/libOgreVolume.so;debug;/usr/lib/x86_64-linux-gnu/libOgreVolume.so
[0.897s] -- Looking for OGRE_Overlay...
[0.900s] -- Found OGRE_Overlay: optimized;/usr/lib/x86_64-linux-gnu/libOgreOverlay.so;debug;/usr/lib/x86_64-linux-gnu/libOgreOverlay.so
[0.954s] -- Looking for ignition-math6 -- found version 6.16.0
[0.955s] -- Looking for ignition-transport8 -- found version 8.2.1
[0.955s] -- Searching for dependencies of ignition-transport8
[0.965s] -- Found Protobuf: /usr/lib/x86_64-linux-gnu/libprotobuf.so (found suitable version "3.12.4", minimum required is "3") 
[0.971s] -- Config-file not installed for ZeroMQ -- checking for pkg-config
[0.974s] -- Checking for module 'libzmq >= 4'
[0.983s] --   Found libzmq , version 4.3.4
[1.007s] -- Found ZeroMQ: TRUE (Required is at least version "4") 
[1.011s] -- Checking for module 'uuid'
[1.020s] --   Found uuid, version 2.37.2
[1.042s] -- Found UUID: TRUE  
[1.044s] -- Looking for ignition-msgs5 -- found version 5.8.1
[1.044s] -- Searching for dependencies of ignition-msgs5
[1.054s] -- Looking for ignition-math6 -- found version 6.16.0
[1.058s] -- Checking for module 'tinyxml2'
[1.067s] --   Found tinyxml2, version 9.0.0
[1.090s] -- Looking for ignition-msgs5 -- found version 5.8.1
[1.091s] -- Looking for ignition-common3 -- found version 3.14.0
[1.092s] -- Searching for dependencies of ignition-common3
[1.092s] -- Looking for dlfcn.h - found
[1.092s] -- Looking for libdl - found
[1.093s] -- Found DL: TRUE  
[1.100s] -- Found tinyobjloader: /usr/lib/x86_64-linux-gnu/cmake/tinyobjloader/tinyobjloader-config.cmake (found version "2.0.0") 
[1.100s] -- Searching for <ignition-common3> component [graphics]
[1.101s] -- Looking for ignition-common3-graphics -- found version 3.14.0
[1.102s] -- Searching for dependencies of ignition-common3-graphics
[1.102s] -- Looking for ignition-math6 -- found version 6.16.0
[1.103s] -- Looking for ignition-fuel_tools4 -- found version 4.4.0
[1.104s] -- Searching for dependencies of ignition-fuel_tools4
[1.154s] -- Found CURL: /usr/lib/x86_64-linux-gnu/libcurl.so (found version "7.81.0")  
[1.160s] -- Checking for module 'jsoncpp'
[1.169s] --   Found jsoncpp, version 1.9.5
[1.194s] -- Found JSONCPP: TRUE  
[1.199s] -- Checking for module 'libzip'
[1.209s] --   Found libzip, version 1.7.3
[1.232s] -- Found ZIP: TRUE  
[1.232s] -- Looking for ignition-common3 -- found version 3.14.0
[1.232s] -- Looking for ignition-math6 -- found version 6.16.0
[1.232s] -- Looking for ignition-msgs5 -- found version 5.8.1
[1.234s] -- Gazebo version: 11.10
[1.234s] -- Checking for module 'tbb'
[1.243s] --   Found tbb, version 2021.5.0
[1.266s] -- Found ament_lint_auto: 0.12.15 (/opt/ros/humble/share/ament_lint_auto/cmake)
[1.332s] -- Added test 'copyright' to check source files copyright and LICENSE
[1.333s] -- Added test 'cppcheck' to perform static code analysis on C / C++ code
[1.333s] -- Configured cppcheck include dirs: /home/mk/dev_ws/src/xarm_ros2/xarm_gazebo/include
[1.333s] -- Configured cppcheck exclude dirs and/or files: 
[1.334s] -- Added test 'cpplint' to check C / C++ code against the Google style
[1.334s] -- Configured cpplint exclude dirs and/or files: 
[1.334s] -- Added test 'flake8' to check Python code syntax and style conventions
[1.334s] -- Added test 'lint_cmake' to check CMake code style
[1.334s] -- Added test 'pep257' to check Python code against some of the docstring style conventions in PEP 257
[1.335s] -- Added test 'uncrustify' to check C / C++ code style
[1.335s] -- Configured uncrustify additional arguments: 
[1.335s] -- Added test 'xmllint' to check XML markup files
[1.336s] -- Configuring done
[1.349s] -- Generating done
[1.352s] -- Build files have been written to: /home/mk/dev_ws/build/xarm_gazebo
[1.360s] Invoked command in '/home/mk/dev_ws/build/xarm_gazebo' returned '0': AMENT_PREFIX_PATH=/home/mk/dev_ws/install/xarm_controller:/home/mk/dev_ws/install/xarm_api:/home/mk/dev_ws/install/xarm_sdk:/home/mk/dev_ws/install/xarm_msgs:/home/mk/dev_ws/install/xarm_description:/home/mk/dev_ws/install/uf_ros_lib:${AMENT_PREFIX_PATH} CMAKE_PREFIX_PATH=/home/mk/dev_ws/install/xarm_controller:/home/mk/dev_ws/install/xarm_api:/home/mk/dev_ws/install/xarm_sdk:/home/mk/dev_ws/install/xarm_msgs:/home/mk/dev_ws/install/xarm_description:/opt/ros/humble LD_LIBRARY_PATH=/home/mk/dev_ws/install/xarm_controller/lib:/home/mk/dev_ws/install/xarm_api/lib:/home/mk/dev_ws/install/xarm_sdk/lib:/home/mk/dev_ws/install/xarm_msgs/lib:${LD_LIBRARY_PATH} PYTHONPATH=/home/mk/dev_ws/install/xarm_msgs/local/lib/python3.10/dist-packages:/home/mk/dev_ws/build/uf_ros_lib:/home/mk/dev_ws/install/uf_ros_lib/lib/python3.10/site-packages:${PYTHONPATH} /usr/bin/cmake /home/mk/dev_ws/src/xarm_ros2/xarm_gazebo -DAMENT_CMAKE_SYMLINK_INSTALL=1 -DCMAKE_INSTALL_PREFIX=/home/mk/dev_ws/install/xarm_gazebo
[1.361s] Invoking command in '/home/mk/dev_ws/build/xarm_gazebo': AMENT_PREFIX_PATH=/home/mk/dev_ws/install/xarm_controller:/home/mk/dev_ws/install/xarm_api:/home/mk/dev_ws/install/xarm_sdk:/home/mk/dev_ws/install/xarm_msgs:/home/mk/dev_ws/install/xarm_description:/home/mk/dev_ws/install/uf_ros_lib:${AMENT_PREFIX_PATH} CMAKE_PREFIX_PATH=/home/mk/dev_ws/install/xarm_controller:/home/mk/dev_ws/install/xarm_api:/home/mk/dev_ws/install/xarm_sdk:/home/mk/dev_ws/install/xarm_msgs:/home/mk/dev_ws/install/xarm_description:/opt/ros/humble LD_LIBRARY_PATH=/home/mk/dev_ws/install/xarm_controller/lib:/home/mk/dev_ws/install/xarm_api/lib:/home/mk/dev_ws/install/xarm_sdk/lib:/home/mk/dev_ws/install/xarm_msgs/lib:${LD_LIBRARY_PATH} PYTHONPATH=/home/mk/dev_ws/install/xarm_msgs/local/lib/python3.10/dist-packages:/home/mk/dev_ws/build/uf_ros_lib:/home/mk/dev_ws/install/uf_ros_lib/lib/python3.10/site-packages:${PYTHONPATH} /usr/bin/cmake --build /home/mk/dev_ws/build/xarm_gazebo -- -j20 -l20
[1.399s] [ 50%] [32mBuilding CXX object CMakeFiles/gazebo_mimic_joint_plugin.dir/src/mimic_joint_plugin.cpp.o[0m
[7.728s] [100%] [32m[1mLinking CXX shared library libgazebo_mimic_joint_plugin.so[0m
[8.026s] [100%] Built target gazebo_mimic_joint_plugin
[8.035s] Invoked command in '/home/mk/dev_ws/build/xarm_gazebo' returned '0': AMENT_PREFIX_PATH=/home/mk/dev_ws/install/xarm_controller:/home/mk/dev_ws/install/xarm_api:/home/mk/dev_ws/install/xarm_sdk:/home/mk/dev_ws/install/xarm_msgs:/home/mk/dev_ws/install/xarm_description:/home/mk/dev_ws/install/uf_ros_lib:${AMENT_PREFIX_PATH} CMAKE_PREFIX_PATH=/home/mk/dev_ws/install/xarm_controller:/home/mk/dev_ws/install/xarm_api:/home/mk/dev_ws/install/xarm_sdk:/home/mk/dev_ws/install/xarm_msgs:/home/mk/dev_ws/install/xarm_description:/opt/ros/humble LD_LIBRARY_PATH=/home/mk/dev_ws/install/xarm_controller/lib:/home/mk/dev_ws/install/xarm_api/lib:/home/mk/dev_ws/install/xarm_sdk/lib:/home/mk/dev_ws/install/xarm_msgs/lib:${LD_LIBRARY_PATH} PYTHONPATH=/home/mk/dev_ws/install/xarm_msgs/local/lib/python3.10/dist-packages:/home/mk/dev_ws/build/uf_ros_lib:/home/mk/dev_ws/install/uf_ros_lib/lib/python3.10/site-packages:${PYTHONPATH} /usr/bin/cmake --build /home/mk/dev_ws/build/xarm_gazebo -- -j20 -l20
[8.036s] Invoking command in '/home/mk/dev_ws/build/xarm_gazebo': AMENT_PREFIX_PATH=/home/mk/dev_ws/install/xarm_controller:/home/mk/dev_ws/install/xarm_api:/home/mk/dev_ws/install/xarm_sdk:/home/mk/dev_ws/install/xarm_msgs:/home/mk/dev_ws/install/xarm_description:/home/mk/dev_ws/install/uf_ros_lib:${AMENT_PREFIX_PATH} CMAKE_PREFIX_PATH=/home/mk/dev_ws/install/xarm_controller:/home/mk/dev_ws/install/xarm_api:/home/mk/dev_ws/install/xarm_sdk:/home/mk/dev_ws/install/xarm_msgs:/home/mk/dev_ws/install/xarm_description:/opt/ros/humble LD_LIBRARY_PATH=/home/mk/dev_ws/install/xarm_controller/lib:/home/mk/dev_ws/install/xarm_api/lib:/home/mk/dev_ws/install/xarm_sdk/lib:/home/mk/dev_ws/install/xarm_msgs/lib:${LD_LIBRARY_PATH} PYTHONPATH=/home/mk/dev_ws/install/xarm_msgs/local/lib/python3.10/dist-packages:/home/mk/dev_ws/build/uf_ros_lib:/home/mk/dev_ws/install/uf_ros_lib/lib/python3.10/site-packages:${PYTHONPATH} /usr/bin/cmake --install /home/mk/dev_ws/build/xarm_gazebo
[8.040s] -- Install configuration: ""
[8.040s] -- Execute custom install script
[8.040s] -- Symlinking: /home/mk/dev_ws/install/xarm_gazebo/include/xarm_gazebo/mimic_joint_plugin.h
[8.046s] -- Symlinking: /home/mk/dev_ws/install/xarm_gazebo/lib/libgazebo_mimic_joint_plugin.so
[8.050s] -- Symlinking: /home/mk/dev_ws/install/xarm_gazebo/share/xarm_gazebo//worlds/table.world
[8.056s] -- Symlinking: /home/mk/dev_ws/install/xarm_gazebo/share/xarm_gazebo//launch/_dual_robot_beside_table_gazebo.launch.py
[8.063s] -- Symlinking: /home/mk/dev_ws/install/xarm_gazebo/share/xarm_gazebo//launch/_robot_beside_table_gazebo.launch.py
[8.067s] -- Symlinking: /home/mk/dev_ws/install/xarm_gazebo/share/xarm_gazebo//launch/_robot_beside_table_ignition.launch.py
[8.072s] -- Symlinking: /home/mk/dev_ws/install/xarm_gazebo/share/xarm_gazebo//launch/lite6_beside_table_gazebo.launch.py
[8.076s] -- Symlinking: /home/mk/dev_ws/install/xarm_gazebo/share/xarm_gazebo//launch/uf850_beside_table_gazebo.launch.py
[8.081s] -- Symlinking: /home/mk/dev_ws/install/xarm_gazebo/share/xarm_gazebo//launch/xarm5_beside_table_gazebo.launch.py
[8.086s] -- Symlinking: /home/mk/dev_ws/install/xarm_gazebo/share/xarm_gazebo//launch/xarm6_beside_table_gazebo.launch.py
[8.090s] -- Symlinking: /home/mk/dev_ws/install/xarm_gazebo/share/xarm_gazebo//launch/xarm7_beside_table_gazebo.launch.py
[8.095s] -- Symlinking: /home/mk/dev_ws/install/xarm_gazebo/share/xarm_gazebo//launch/xarm7_mirror_beside_table_gazebo.launch.py
[8.099s] -- Symlinking: /home/mk/dev_ws/install/xarm_gazebo/share/ament_index/resource_index/package_run_dependencies/xarm_gazebo
[8.105s] -- Symlinking: /home/mk/dev_ws/install/xarm_gazebo/share/ament_index/resource_index/parent_prefix_path/xarm_gazebo
[8.110s] -- Symlinking: /home/mk/dev_ws/install/xarm_gazebo/share/xarm_gazebo/environment/ament_prefix_path.sh
[8.115s] -- Symlinking: /home/mk/dev_ws/install/xarm_gazebo/share/xarm_gazebo/environment/ament_prefix_path.dsv
[8.121s] -- Symlinking: /home/mk/dev_ws/install/xarm_gazebo/share/xarm_gazebo/environment/path.sh
[8.126s] -- Symlinking: /home/mk/dev_ws/install/xarm_gazebo/share/xarm_gazebo/environment/path.dsv
[8.130s] -- Symlinking: /home/mk/dev_ws/install/xarm_gazebo/share/xarm_gazebo/local_setup.bash
[8.136s] -- Symlinking: /home/mk/dev_ws/install/xarm_gazebo/share/xarm_gazebo/local_setup.sh
[8.141s] -- Symlinking: /home/mk/dev_ws/install/xarm_gazebo/share/xarm_gazebo/local_setup.zsh
[8.146s] -- Symlinking: /home/mk/dev_ws/install/xarm_gazebo/share/xarm_gazebo/local_setup.dsv
[8.150s] -- Symlinking: /home/mk/dev_ws/install/xarm_gazebo/share/xarm_gazebo/package.dsv
[8.154s] -- Symlinking: /home/mk/dev_ws/install/xarm_gazebo/share/ament_index/resource_index/packages/xarm_gazebo
[8.158s] -- Symlinking: /home/mk/dev_ws/install/xarm_gazebo/share/xarm_gazebo/cmake/xarm_gazeboConfig.cmake
[8.162s] -- Symlinking: /home/mk/dev_ws/install/xarm_gazebo/share/xarm_gazebo/cmake/xarm_gazeboConfig-version.cmake
[8.166s] -- Symlinking: /home/mk/dev_ws/install/xarm_gazebo/share/xarm_gazebo/package.xml
[8.172s] Invoked command in '/home/mk/dev_ws/build/xarm_gazebo' returned '0': AMENT_PREFIX_PATH=/home/mk/dev_ws/install/xarm_controller:/home/mk/dev_ws/install/xarm_api:/home/mk/dev_ws/install/xarm_sdk:/home/mk/dev_ws/install/xarm_msgs:/home/mk/dev_ws/install/xarm_description:/home/mk/dev_ws/install/uf_ros_lib:${AMENT_PREFIX_PATH} CMAKE_PREFIX_PATH=/home/mk/dev_ws/install/xarm_controller:/home/mk/dev_ws/install/xarm_api:/home/mk/dev_ws/install/xarm_sdk:/home/mk/dev_ws/install/xarm_msgs:/home/mk/dev_ws/install/xarm_description:/opt/ros/humble LD_LIBRARY_PATH=/home/mk/dev_ws/install/xarm_controller/lib:/home/mk/dev_ws/install/xarm_api/lib:/home/mk/dev_ws/install/xarm_sdk/lib:/home/mk/dev_ws/install/xarm_msgs/lib:${LD_LIBRARY_PATH} PYTHONPATH=/home/mk/dev_ws/install/xarm_msgs/local/lib/python3.10/dist-packages:/home/mk/dev_ws/build/uf_ros_lib:/home/mk/dev_ws/install/uf_ros_lib/lib/python3.10/site-packages:${PYTHONPATH} /usr/bin/cmake --install /home/mk/dev_ws/build/xarm_gazebo
