-- The C compiler identification is GNU 11.4.0
-- The CXX compiler identification is GNU 11.4.0
-- Detecting C compiler ABI info
-- Detecting C compiler ABI info - done
-- Check for working C compiler: /usr/bin/cc - skipped
-- Detecting C compile features
-- Detecting C compile features - done
-- Detecting CXX compiler ABI info
-- Detecting CXX compiler ABI info - done
-- Check for working CXX compiler: /usr/bin/c++ - skipped
-- Detecting CXX compile features
-- Detecting CXX compile features - done
-- Found ament_cmake: 1.3.14 (/opt/ros/humble/share/ament_cmake/cmake)
-- Found Python3: /usr/bin/python3 (found version "3.10.12") found components: Interpreter 
-- Override CMake install command with custom implementation using symlinks instead of copying resources
-- Found whisper_cpp_vendor: 1.4.0 (/home/mk/dev_ws/install/whisper_cpp_vendor/share/whisper_cpp_vendor/cmake)
-- Configuring done
-- Generating done
-- Build files have been written to: /home/mk/dev_ws/build/whisper_util
[ 25%] [32mBuilding CXX object CMakeFiles/whisper_util.dir/src/whisper.cpp.o[0m
[ 50%] [32mBuilding CXX object CMakeFiles/whisper_util.dir/src/model_manager.cpp.o[0m
[ 75%] [32mBuilding CXX object CMakeFiles/whisper_util.dir/src/audio_buffers.cpp.o[0m
[100%] [32m[1mLinking CXX shared library libwhisper_util.so[0m
[100%] Built target whisper_util
-- Install configuration: "Release"
-- Execute custom install script
-- Symlinking: /home/mk/dev_ws/install/whisper_util/share/whisper_util/environment/library_path.sh
-- Symlinking: /home/mk/dev_ws/install/whisper_util/share/whisper_util/environment/library_path.dsv
-- Symlinking: /home/mk/dev_ws/install/whisper_util/include/whisper_util/audio_buffers.hpp
-- Symlinking: /home/mk/dev_ws/install/whisper_util/include/whisper_util/chrono_utils.hpp
-- Symlinking: /home/mk/dev_ws/install/whisper_util/include/whisper_util/model_manager.hpp
-- Symlinking: /home/mk/dev_ws/install/whisper_util/include/whisper_util/whisper.hpp
-- Symlinking: /home/mk/dev_ws/install/whisper_util/share/ament_index/resource_index/package_run_dependencies/whisper_util
-- Symlinking: /home/mk/dev_ws/install/whisper_util/share/ament_index/resource_index/parent_prefix_path/whisper_util
-- Symlinking: /home/mk/dev_ws/install/whisper_util/share/whisper_util/environment/ament_prefix_path.sh
-- Symlinking: /home/mk/dev_ws/install/whisper_util/share/whisper_util/environment/ament_prefix_path.dsv
-- Symlinking: /home/mk/dev_ws/install/whisper_util/share/whisper_util/environment/path.sh
-- Symlinking: /home/mk/dev_ws/install/whisper_util/share/whisper_util/environment/path.dsv
-- Symlinking: /home/mk/dev_ws/install/whisper_util/share/whisper_util/local_setup.bash
-- Symlinking: /home/mk/dev_ws/install/whisper_util/share/whisper_util/local_setup.sh
-- Symlinking: /home/mk/dev_ws/install/whisper_util/share/whisper_util/local_setup.zsh
-- Symlinking: /home/mk/dev_ws/install/whisper_util/share/whisper_util/local_setup.dsv
-- Symlinking: /home/mk/dev_ws/install/whisper_util/share/whisper_util/package.dsv
-- Symlinking: /home/mk/dev_ws/install/whisper_util/share/ament_index/resource_index/packages/whisper_util
-- Symlinking: /home/mk/dev_ws/install/whisper_util/share/whisper_util/cmake/ament_cmake_export_targets-extras.cmake
-- Symlinking: /home/mk/dev_ws/install/whisper_util/share/whisper_util/cmake/ament_cmake_export_dependencies-extras.cmake
-- Symlinking: /home/mk/dev_ws/install/whisper_util/share/whisper_util/cmake/whisper_utilConfig.cmake
-- Symlinking: /home/mk/dev_ws/install/whisper_util/share/whisper_util/cmake/whisper_utilConfig-version.cmake
-- Symlinking: /home/mk/dev_ws/install/whisper_util/share/whisper_util/package.xml
-- Installing: /home/mk/dev_ws/install/whisper_util/lib/libwhisper_util.so
-- Set runtime path of "/home/mk/dev_ws/install/whisper_util/lib/libwhisper_util.so" to ""
-- Installing: /home/mk/dev_ws/install/whisper_util/share/whisper_util/cmake/export_whisper_utilExport.cmake
-- Installing: /home/mk/dev_ws/install/whisper_util/share/whisper_util/cmake/export_whisper_utilExport-release.cmake
