[0.551s] Invoking command in '/home/mk/dev_ws/build/move_to_coordinator': AMENT_PREFIX_PATH=/home/mk/dev_ws/install/xarm_msgs:${AMENT_PREFIX_PATH} CMAKE_PREFIX_PATH=/home/mk/dev_ws/install/xarm_msgs LD_LIBRARY_PATH=/home/mk/dev_ws/install/xarm_msgs/lib:${LD_LIBRARY_PATH} PYTHONPATH=/home/mk/dev_ws/build/move_to_coordinator/prefix_override:/usr/lib/python3/dist-packages/colcon_core/task/python/colcon_distutils_commands:/home/mk/dev_ws/install/move_to_coordinator/lib/python3.10/site-packages:/home/mk/dev_ws/install/xarm_msgs/local/lib/python3.10/dist-packages:${PYTHONPATH} /usr/bin/python3 -W ignore:setup.py install is deprecated -W ignore:easy_install command is deprecated setup.py develop --editable --build-directory /home/mk/dev_ws/build/move_to_coordinator/build --no-deps symlink_data
[0.699s] running develop
[0.787s] running egg_info
[0.787s] creating move_to_coordinator.egg-info
[0.787s] writing move_to_coordinator.egg-info/PKG-INFO
[0.787s] writing dependency_links to move_to_coordinator.egg-info/dependency_links.txt
[0.788s] writing entry points to move_to_coordinator.egg-info/entry_points.txt
[0.788s] writing requirements to move_to_coordinator.egg-info/requires.txt
[0.788s] writing top-level names to move_to_coordinator.egg-info/top_level.txt
[0.788s] writing manifest file 'move_to_coordinator.egg-info/SOURCES.txt'
[0.789s] reading manifest file 'move_to_coordinator.egg-info/SOURCES.txt'
[0.789s] writing manifest file 'move_to_coordinator.egg-info/SOURCES.txt'
[0.820s] running build_ext
[0.820s] Creating /home/mk/dev_ws/install/move_to_coordinator/lib/python3.10/site-packages/move-to-coordinator.egg-link (link to .)
[0.820s] Installing move_to_coordinator script to /home/mk/dev_ws/install/move_to_coordinator/lib/move_to_coordinator
[0.820s] 
[0.820s] Installed /home/mk/dev_ws/build/move_to_coordinator
[0.820s] running symlink_data
[0.820s] creating /home/mk/dev_ws/install/move_to_coordinator/share/ament_index
[0.821s] creating /home/mk/dev_ws/install/move_to_coordinator/share/ament_index/resource_index
[0.821s] creating /home/mk/dev_ws/install/move_to_coordinator/share/ament_index/resource_index/packages
[0.821s] symbolically linking /home/mk/dev_ws/build/move_to_coordinator/resource/move_to_coordinator -> /home/mk/dev_ws/install/move_to_coordinator/share/ament_index/resource_index/packages
[0.821s] symbolically linking /home/mk/dev_ws/build/move_to_coordinator/package.xml -> /home/mk/dev_ws/install/move_to_coordinator/share/move_to_coordinator
[0.848s] Invoked command in '/home/mk/dev_ws/build/move_to_coordinator' returned '0': AMENT_PREFIX_PATH=/home/mk/dev_ws/install/xarm_msgs:${AMENT_PREFIX_PATH} CMAKE_PREFIX_PATH=/home/mk/dev_ws/install/xarm_msgs LD_LIBRARY_PATH=/home/mk/dev_ws/install/xarm_msgs/lib:${LD_LIBRARY_PATH} PYTHONPATH=/home/mk/dev_ws/build/move_to_coordinator/prefix_override:/usr/lib/python3/dist-packages/colcon_core/task/python/colcon_distutils_commands:/home/mk/dev_ws/install/move_to_coordinator/lib/python3.10/site-packages:/home/mk/dev_ws/install/xarm_msgs/local/lib/python3.10/dist-packages:${PYTHONPATH} /usr/bin/python3 -W ignore:setup.py install is deprecated -W ignore:easy_install command is deprecated setup.py develop --editable --build-directory /home/mk/dev_ws/build/move_to_coordinator/build --no-deps symlink_data
