running develop
Removing /home/mk/dev_ws/install/rviz_marker_static_scene_objects/lib/python3.10/site-packages/rviz-marker-static-scene-objects.egg-link (link to .)
running egg_info
writing ../../build/rviz_marker_static_scene_objects/rviz_marker_static_scene_objects.egg-info/PKG-INFO
writing dependency_links to ../../build/rviz_marker_static_scene_objects/rviz_marker_static_scene_objects.egg-info/dependency_links.txt
writing entry points to ../../build/rviz_marker_static_scene_objects/rviz_marker_static_scene_objects.egg-info/entry_points.txt
writing requirements to ../../build/rviz_marker_static_scene_objects/rviz_marker_static_scene_objects.egg-info/requires.txt
writing top-level names to ../../build/rviz_marker_static_scene_objects/rviz_marker_static_scene_objects.egg-info/top_level.txt
reading manifest file '../../build/rviz_marker_static_scene_objects/rviz_marker_static_scene_objects.egg-info/SOURCES.txt'
writing manifest file '../../build/rviz_marker_static_scene_objects/rviz_marker_static_scene_objects.egg-info/SOURCES.txt'
running build
running build_py
creating /home/mk/dev_ws/build/rviz_marker_static_scene_objects/build
creating /home/mk/dev_ws/build/rviz_marker_static_scene_objects/build/lib
creating /home/mk/dev_ws/build/rviz_marker_static_scene_objects/build/lib/rviz_marker_static_scene_objects
copying rviz_marker_static_scene_objects/rviz_marker_static_scene_objects.py -> /home/mk/dev_ws/build/rviz_marker_static_scene_objects/build/lib/rviz_marker_static_scene_objects
copying rviz_marker_static_scene_objects/__init__.py -> /home/mk/dev_ws/build/rviz_marker_static_scene_objects/build/lib/rviz_marker_static_scene_objects
running install
running install_lib
creating /home/mk/dev_ws/install/rviz_marker_static_scene_objects/lib/python3.10/site-packages/rviz_marker_static_scene_objects
copying /home/mk/dev_ws/build/rviz_marker_static_scene_objects/build/lib/rviz_marker_static_scene_objects/rviz_marker_static_scene_objects.py -> /home/mk/dev_ws/install/rviz_marker_static_scene_objects/lib/python3.10/site-packages/rviz_marker_static_scene_objects
copying /home/mk/dev_ws/build/rviz_marker_static_scene_objects/build/lib/rviz_marker_static_scene_objects/__init__.py -> /home/mk/dev_ws/install/rviz_marker_static_scene_objects/lib/python3.10/site-packages/rviz_marker_static_scene_objects
byte-compiling /home/mk/dev_ws/install/rviz_marker_static_scene_objects/lib/python3.10/site-packages/rviz_marker_static_scene_objects/rviz_marker_static_scene_objects.py to rviz_marker_static_scene_objects.cpython-310.pyc
byte-compiling /home/mk/dev_ws/install/rviz_marker_static_scene_objects/lib/python3.10/site-packages/rviz_marker_static_scene_objects/__init__.py to __init__.cpython-310.pyc
running install_data
copying resource/rviz_marker_static_scene_objects -> /home/mk/dev_ws/install/rviz_marker_static_scene_objects/share/ament_index/resource_index/packages
copying package.xml -> /home/mk/dev_ws/install/rviz_marker_static_scene_objects/share/rviz_marker_static_scene_objects
copying launch/rviz_marker_static_scene_objects.launch.py -> /home/mk/dev_ws/install/rviz_marker_static_scene_objects/share/rviz_marker_static_scene_objects/launch
running install_egg_info
Copying ../../build/rviz_marker_static_scene_objects/rviz_marker_static_scene_objects.egg-info to /home/mk/dev_ws/install/rviz_marker_static_scene_objects/lib/python3.10/site-packages/rviz_marker_static_scene_objects-0.0.0-py3.10.egg-info
running install_scripts
Installing rviz_marker_static_scene_objects script to /home/mk/dev_ws/install/rviz_marker_static_scene_objects/lib/rviz_marker_static_scene_objects
writing list of installed files to '/home/mk/dev_ws/build/rviz_marker_static_scene_objects/install.log'
