[0.031s] Invoking command in '/home/mk/dev_ws/build/xarm_api': CMAKE_PREFIX_PATH=/home/mk/dev_ws/install/xarm_sdk:/home/mk/dev_ws/install/xarm_msgs:/home/mk/dev_ws/install/xarm_description:/home/mk/dev_ws/install/zed_ros2:/home/mk/dev_ws/install/zed_wrapper:/home/mk/dev_ws/install/zed_components:/home/mk/dev_ws/install/zed_interfaces:/home/mk/dev_ws/install/xarm_planner:/home/mk/dev_ws/install/xarm_moveit_servo:/home/mk/dev_ws/install/xarm_moveit_config:/home/mk/dev_ws/install/xarm_gazebo:/home/mk/dev_ws/install/xarm_controller:/home/mk/dev_ws/install/xarm_api:/home/mk/dev_ws/install/rviz_robot_control_panel:/home/mk/dev_ws/install/whisper_bringup:/home/mk/dev_ws/install/whisper_server:/home/mk/dev_ws/install/transcript_manager:/home/mk/dev_ws/install/whisper_util:/home/mk/dev_ws/install/whisper_idl:/home/mk/dev_ws/install/whisper_cpp_vendor:/home/mk/dev_ws/install/realsense_gazebo_plugin:/home/mk/dev_ws/install/my_3d_vision_bringup:/home/mk/dev_ws/install/mbot_demo:/home/mk/dev_ws/install/yolo_object_detector:/home/mk/dev_ws/install/move_to_coordinator:/home/mk/dev_ws/install/motion_sequence:/home/mk/dev_ws/install/whisper_demos:/home/mk/dev_ws/install/voice_command_listener:/home/mk/dev_ws/install/uf_ros_lib:/home/mk/dev_ws/install/rviz_servo_status_overlay:/home/mk/dev_ws/install/rviz_marker_static_scene_objects:/home/mk/dev_ws/install/robot_motion_handler_movegroup:/home/mk/dev_ws/install/gaze_control:/home/mk/dev_ws/install/collision_check:/home/mk/dev_ws/install/audio_listener:/opt/ros/humble LD_LIBRARY_PATH=/home/mk/dev_ws/install/xarm_sdk/lib:/home/mk/dev_ws/install/xarm_msgs/lib:/usr/local/cuda-12.1/lib64:/home/mk/dev_ws/install/zed_components/lib:/home/mk/dev_ws/install/zed_interfaces/lib:/home/mk/dev_ws/install/xarm_planner/lib:/home/mk/dev_ws/install/xarm_moveit_servo/lib:/home/mk/dev_ws/install/xarm_gazebo/lib:/home/mk/dev_ws/install/xarm_controller/lib:/home/mk/dev_ws/install/xarm_api/lib:/home/mk/dev_ws/install/rviz_robot_control_panel/lib:/home/mk/dev_ws/install/whisper_server/lib:/home/mk/dev_ws/install/transcript_manager/lib:/home/mk/dev_ws/install/whisper_util/lib:/home/mk/dev_ws/install/whisper_idl/lib:/home/mk/dev_ws/install/whisper_cpp_vendor/lib:/home/mk/dev_ws/install/realsense_gazebo_plugin/lib:/home/mk/dev_ws/install/my_3d_vision_bringup/lib:/usr/lib/x86_64-linux-gnu/gazebo-11/plugins:/opt/ros/humble/opt/rviz_ogre_vendor/lib:/opt/ros/humble/lib/x86_64-linux-gnu:/opt/ros/humble/lib /usr/bin/cmake --build /home/mk/dev_ws/build/xarm_api -- -j20 -l20
[0.406s] [ 15%] Built target xarm_ros_client
[0.406s] [ 30%] Built target test_robot_states
[0.406s] [ 53%] Built target xarm_ros_driver
[0.406s] [ 69%] Built target test_xarm_velo_move
[0.406s] [ 84%] Built target test_xarm_ros_client
[0.406s] [100%] Built target xarm_driver_node
[0.574s] Invoked command in '/home/mk/dev_ws/build/xarm_api' returned '0': CMAKE_PREFIX_PATH=/home/mk/dev_ws/install/xarm_sdk:/home/mk/dev_ws/install/xarm_msgs:/home/mk/dev_ws/install/xarm_description:/home/mk/dev_ws/install/zed_ros2:/home/mk/dev_ws/install/zed_wrapper:/home/mk/dev_ws/install/zed_components:/home/mk/dev_ws/install/zed_interfaces:/home/mk/dev_ws/install/xarm_planner:/home/mk/dev_ws/install/xarm_moveit_servo:/home/mk/dev_ws/install/xarm_moveit_config:/home/mk/dev_ws/install/xarm_gazebo:/home/mk/dev_ws/install/xarm_controller:/home/mk/dev_ws/install/xarm_api:/home/mk/dev_ws/install/rviz_robot_control_panel:/home/mk/dev_ws/install/whisper_bringup:/home/mk/dev_ws/install/whisper_server:/home/mk/dev_ws/install/transcript_manager:/home/mk/dev_ws/install/whisper_util:/home/mk/dev_ws/install/whisper_idl:/home/mk/dev_ws/install/whisper_cpp_vendor:/home/mk/dev_ws/install/realsense_gazebo_plugin:/home/mk/dev_ws/install/my_3d_vision_bringup:/home/mk/dev_ws/install/mbot_demo:/home/mk/dev_ws/install/yolo_object_detector:/home/mk/dev_ws/install/move_to_coordinator:/home/mk/dev_ws/install/motion_sequence:/home/mk/dev_ws/install/whisper_demos:/home/mk/dev_ws/install/voice_command_listener:/home/mk/dev_ws/install/uf_ros_lib:/home/mk/dev_ws/install/rviz_servo_status_overlay:/home/mk/dev_ws/install/rviz_marker_static_scene_objects:/home/mk/dev_ws/install/robot_motion_handler_movegroup:/home/mk/dev_ws/install/gaze_control:/home/mk/dev_ws/install/collision_check:/home/mk/dev_ws/install/audio_listener:/opt/ros/humble LD_LIBRARY_PATH=/home/mk/dev_ws/install/xarm_sdk/lib:/home/mk/dev_ws/install/xarm_msgs/lib:/usr/local/cuda-12.1/lib64:/home/mk/dev_ws/install/zed_components/lib:/home/mk/dev_ws/install/zed_interfaces/lib:/home/mk/dev_ws/install/xarm_planner/lib:/home/mk/dev_ws/install/xarm_moveit_servo/lib:/home/mk/dev_ws/install/xarm_gazebo/lib:/home/mk/dev_ws/install/xarm_controller/lib:/home/mk/dev_ws/install/xarm_api/lib:/home/mk/dev_ws/install/rviz_robot_control_panel/lib:/home/mk/dev_ws/install/whisper_server/lib:/home/mk/dev_ws/install/transcript_manager/lib:/home/mk/dev_ws/install/whisper_util/lib:/home/mk/dev_ws/install/whisper_idl/lib:/home/mk/dev_ws/install/whisper_cpp_vendor/lib:/home/mk/dev_ws/install/realsense_gazebo_plugin/lib:/home/mk/dev_ws/install/my_3d_vision_bringup/lib:/usr/lib/x86_64-linux-gnu/gazebo-11/plugins:/opt/ros/humble/opt/rviz_ogre_vendor/lib:/opt/ros/humble/lib/x86_64-linux-gnu:/opt/ros/humble/lib /usr/bin/cmake --build /home/mk/dev_ws/build/xarm_api -- -j20 -l20
[0.575s] Invoking command in '/home/mk/dev_ws/build/xarm_api': CMAKE_PREFIX_PATH=/home/mk/dev_ws/install/xarm_sdk:/home/mk/dev_ws/install/xarm_msgs:/home/mk/dev_ws/install/xarm_description:/home/mk/dev_ws/install/zed_ros2:/home/mk/dev_ws/install/zed_wrapper:/home/mk/dev_ws/install/zed_components:/home/mk/dev_ws/install/zed_interfaces:/home/mk/dev_ws/install/xarm_planner:/home/mk/dev_ws/install/xarm_moveit_servo:/home/mk/dev_ws/install/xarm_moveit_config:/home/mk/dev_ws/install/xarm_gazebo:/home/mk/dev_ws/install/xarm_controller:/home/mk/dev_ws/install/xarm_api:/home/mk/dev_ws/install/rviz_robot_control_panel:/home/mk/dev_ws/install/whisper_bringup:/home/mk/dev_ws/install/whisper_server:/home/mk/dev_ws/install/transcript_manager:/home/mk/dev_ws/install/whisper_util:/home/mk/dev_ws/install/whisper_idl:/home/mk/dev_ws/install/whisper_cpp_vendor:/home/mk/dev_ws/install/realsense_gazebo_plugin:/home/mk/dev_ws/install/my_3d_vision_bringup:/home/mk/dev_ws/install/mbot_demo:/home/mk/dev_ws/install/yolo_object_detector:/home/mk/dev_ws/install/move_to_coordinator:/home/mk/dev_ws/install/motion_sequence:/home/mk/dev_ws/install/whisper_demos:/home/mk/dev_ws/install/voice_command_listener:/home/mk/dev_ws/install/uf_ros_lib:/home/mk/dev_ws/install/rviz_servo_status_overlay:/home/mk/dev_ws/install/rviz_marker_static_scene_objects:/home/mk/dev_ws/install/robot_motion_handler_movegroup:/home/mk/dev_ws/install/gaze_control:/home/mk/dev_ws/install/collision_check:/home/mk/dev_ws/install/audio_listener:/opt/ros/humble LD_LIBRARY_PATH=/home/mk/dev_ws/install/xarm_sdk/lib:/home/mk/dev_ws/install/xarm_msgs/lib:/usr/local/cuda-12.1/lib64:/home/mk/dev_ws/install/zed_components/lib:/home/mk/dev_ws/install/zed_interfaces/lib:/home/mk/dev_ws/install/xarm_planner/lib:/home/mk/dev_ws/install/xarm_moveit_servo/lib:/home/mk/dev_ws/install/xarm_gazebo/lib:/home/mk/dev_ws/install/xarm_controller/lib:/home/mk/dev_ws/install/xarm_api/lib:/home/mk/dev_ws/install/rviz_robot_control_panel/lib:/home/mk/dev_ws/install/whisper_server/lib:/home/mk/dev_ws/install/transcript_manager/lib:/home/mk/dev_ws/install/whisper_util/lib:/home/mk/dev_ws/install/whisper_idl/lib:/home/mk/dev_ws/install/whisper_cpp_vendor/lib:/home/mk/dev_ws/install/realsense_gazebo_plugin/lib:/home/mk/dev_ws/install/my_3d_vision_bringup/lib:/usr/lib/x86_64-linux-gnu/gazebo-11/plugins:/opt/ros/humble/opt/rviz_ogre_vendor/lib:/opt/ros/humble/lib/x86_64-linux-gnu:/opt/ros/humble/lib /usr/bin/cmake --install /home/mk/dev_ws/build/xarm_api
[0.583s] -- Install configuration: ""
[0.583s] -- Execute custom install script
[0.583s] -- Up-to-date symlink: /home/mk/dev_ws/install/xarm_api/share/xarm_api/environment/library_path.sh
[0.583s] -- Up-to-date symlink: /home/mk/dev_ws/install/xarm_api/share/xarm_api/environment/library_path.dsv
[0.583s] -- Up-to-date symlink: /home/mk/dev_ws/install/xarm_api/include/xarm_api/visibility_control.h
[0.583s] -- Up-to-date symlink: /home/mk/dev_ws/install/xarm_api/include/xarm_api/xarm_driver.h
[0.583s] -- Up-to-date symlink: /home/mk/dev_ws/install/xarm_api/include/xarm_api/xarm_msgs.h
[0.583s] -- Up-to-date symlink: /home/mk/dev_ws/install/xarm_api/include/xarm_api/xarm_ros_client.h
[0.583s] -- Up-to-date symlink: /home/mk/dev_ws/install/xarm_api/lib/libxarm_ros_driver.so
[0.583s] -- Up-to-date symlink: /home/mk/dev_ws/install/xarm_api/lib/libxarm_ros_client.so
[0.583s] -- Up-to-date symlink: /home/mk/dev_ws/install/xarm_api/lib/xarm_api/xarm_driver_node
[0.583s] -- Up-to-date symlink: /home/mk/dev_ws/install/xarm_api/lib/xarm_api/test_xarm_ros_client
[0.583s] -- Up-to-date symlink: /home/mk/dev_ws/install/xarm_api/lib/xarm_api/test_xarm_velo_move
[0.583s] -- Up-to-date symlink: /home/mk/dev_ws/install/xarm_api/lib/xarm_api/test_robot_states
[0.583s] -- Up-to-date symlink: /home/mk/dev_ws/install/xarm_api/share/xarm_api//launch/_robot_driver.launch.py
[0.583s] -- Up-to-date symlink: /home/mk/dev_ws/install/xarm_api/share/xarm_api//launch/lib/robot_api_lib.py
[0.583s] -- Up-to-date symlink: /home/mk/dev_ws/install/xarm_api/share/xarm_api//launch/lite6_driver.launch.py
[0.583s] -- Up-to-date symlink: /home/mk/dev_ws/install/xarm_api/share/xarm_api//launch/uf850_driver.launch.py
[0.584s] -- Up-to-date symlink: /home/mk/dev_ws/install/xarm_api/share/xarm_api//launch/xarm5_driver.launch.py
[0.584s] -- Up-to-date symlink: /home/mk/dev_ws/install/xarm_api/share/xarm_api//launch/xarm6_driver.launch.py
[0.584s] -- Up-to-date symlink: /home/mk/dev_ws/install/xarm_api/share/xarm_api//launch/xarm7_driver.launch.py
[0.584s] -- Up-to-date symlink: /home/mk/dev_ws/install/xarm_api/share/xarm_api//config/xarm_params.yaml
[0.584s] -- Up-to-date symlink: /home/mk/dev_ws/install/xarm_api/share/ament_index/resource_index/package_run_dependencies/xarm_api
[0.584s] -- Up-to-date symlink: /home/mk/dev_ws/install/xarm_api/share/ament_index/resource_index/parent_prefix_path/xarm_api
[0.584s] -- Up-to-date symlink: /home/mk/dev_ws/install/xarm_api/share/xarm_api/environment/ament_prefix_path.sh
[0.584s] -- Up-to-date symlink: /home/mk/dev_ws/install/xarm_api/share/xarm_api/environment/ament_prefix_path.dsv
[0.584s] -- Up-to-date symlink: /home/mk/dev_ws/install/xarm_api/share/xarm_api/environment/path.sh
[0.584s] -- Up-to-date symlink: /home/mk/dev_ws/install/xarm_api/share/xarm_api/environment/path.dsv
[0.584s] -- Up-to-date symlink: /home/mk/dev_ws/install/xarm_api/share/xarm_api/local_setup.bash
[0.584s] -- Up-to-date symlink: /home/mk/dev_ws/install/xarm_api/share/xarm_api/local_setup.sh
[0.584s] -- Up-to-date symlink: /home/mk/dev_ws/install/xarm_api/share/xarm_api/local_setup.zsh
[0.584s] -- Up-to-date symlink: /home/mk/dev_ws/install/xarm_api/share/xarm_api/local_setup.dsv
[0.584s] -- Symlinking: /home/mk/dev_ws/install/xarm_api/share/xarm_api/package.dsv
[0.588s] -- Up-to-date symlink: /home/mk/dev_ws/install/xarm_api/share/ament_index/resource_index/packages/xarm_api
[0.589s] -- Up-to-date symlink: /home/mk/dev_ws/install/xarm_api/share/xarm_api/cmake/ament_cmake_export_libraries-extras.cmake
[0.589s] -- Up-to-date symlink: /home/mk/dev_ws/install/xarm_api/share/xarm_api/cmake/ament_cmake_export_include_directories-extras.cmake
[0.589s] -- Up-to-date symlink: /home/mk/dev_ws/install/xarm_api/share/xarm_api/cmake/xarm_apiConfig.cmake
[0.589s] -- Up-to-date symlink: /home/mk/dev_ws/install/xarm_api/share/xarm_api/cmake/xarm_apiConfig-version.cmake
[0.589s] -- Up-to-date symlink: /home/mk/dev_ws/install/xarm_api/share/xarm_api/package.xml
[0.608s] Invoked command in '/home/mk/dev_ws/build/xarm_api' returned '0': CMAKE_PREFIX_PATH=/home/mk/dev_ws/install/xarm_sdk:/home/mk/dev_ws/install/xarm_msgs:/home/mk/dev_ws/install/xarm_description:/home/mk/dev_ws/install/zed_ros2:/home/mk/dev_ws/install/zed_wrapper:/home/mk/dev_ws/install/zed_components:/home/mk/dev_ws/install/zed_interfaces:/home/mk/dev_ws/install/xarm_planner:/home/mk/dev_ws/install/xarm_moveit_servo:/home/mk/dev_ws/install/xarm_moveit_config:/home/mk/dev_ws/install/xarm_gazebo:/home/mk/dev_ws/install/xarm_controller:/home/mk/dev_ws/install/xarm_api:/home/mk/dev_ws/install/rviz_robot_control_panel:/home/mk/dev_ws/install/whisper_bringup:/home/mk/dev_ws/install/whisper_server:/home/mk/dev_ws/install/transcript_manager:/home/mk/dev_ws/install/whisper_util:/home/mk/dev_ws/install/whisper_idl:/home/mk/dev_ws/install/whisper_cpp_vendor:/home/mk/dev_ws/install/realsense_gazebo_plugin:/home/mk/dev_ws/install/my_3d_vision_bringup:/home/mk/dev_ws/install/mbot_demo:/home/mk/dev_ws/install/yolo_object_detector:/home/mk/dev_ws/install/move_to_coordinator:/home/mk/dev_ws/install/motion_sequence:/home/mk/dev_ws/install/whisper_demos:/home/mk/dev_ws/install/voice_command_listener:/home/mk/dev_ws/install/uf_ros_lib:/home/mk/dev_ws/install/rviz_servo_status_overlay:/home/mk/dev_ws/install/rviz_marker_static_scene_objects:/home/mk/dev_ws/install/robot_motion_handler_movegroup:/home/mk/dev_ws/install/gaze_control:/home/mk/dev_ws/install/collision_check:/home/mk/dev_ws/install/audio_listener:/opt/ros/humble LD_LIBRARY_PATH=/home/mk/dev_ws/install/xarm_sdk/lib:/home/mk/dev_ws/install/xarm_msgs/lib:/usr/local/cuda-12.1/lib64:/home/mk/dev_ws/install/zed_components/lib:/home/mk/dev_ws/install/zed_interfaces/lib:/home/mk/dev_ws/install/xarm_planner/lib:/home/mk/dev_ws/install/xarm_moveit_servo/lib:/home/mk/dev_ws/install/xarm_gazebo/lib:/home/mk/dev_ws/install/xarm_controller/lib:/home/mk/dev_ws/install/xarm_api/lib:/home/mk/dev_ws/install/rviz_robot_control_panel/lib:/home/mk/dev_ws/install/whisper_server/lib:/home/mk/dev_ws/install/transcript_manager/lib:/home/mk/dev_ws/install/whisper_util/lib:/home/mk/dev_ws/install/whisper_idl/lib:/home/mk/dev_ws/install/whisper_cpp_vendor/lib:/home/mk/dev_ws/install/realsense_gazebo_plugin/lib:/home/mk/dev_ws/install/my_3d_vision_bringup/lib:/usr/lib/x86_64-linux-gnu/gazebo-11/plugins:/opt/ros/humble/opt/rviz_ogre_vendor/lib:/opt/ros/humble/lib/x86_64-linux-gnu:/opt/ros/humble/lib /usr/bin/cmake --install /home/mk/dev_ws/build/xarm_api
