[0.007s] Invoking command in '/home/mk/dev_ws/build/zed_components': AMENT_PREFIX_PATH=/home/mk/dev_ws/install/zed_interfaces:${AMENT_PREFIX_PATH} CMAKE_PREFIX_PATH=/home/mk/dev_ws/install/zed_interfaces:/opt/ros/humble LD_LIBRARY_PATH=/home/mk/dev_ws/install/zed_interfaces/lib:${LD_LIBRARY_PATH} PYTHONPATH=/home/mk/dev_ws/install/zed_interfaces/local/lib/python3.10/dist-packages:${PYTHONPATH} /usr/bin/cmake /home/mk/dev_ws/src/zed-ros2-wrapper/zed_components -DAMENT_CMAKE_SYMLINK_INSTALL=1 -DCMAKE_INSTALL_PREFIX=/home/mk/dev_ws/install/zed_components
[0.036s] -- The C compiler identification is GNU 11.4.0
[0.067s] -- The CXX compiler identification is GNU 11.4.0
[0.071s] -- Detecting C compiler ABI info
[0.116s] -- Detecting C compiler ABI info - done
[0.121s] -- Check for working C compiler: /usr/bin/cc - skipped
[0.121s] -- Detecting C compile features
[0.121s] -- Detecting C compile features - done
[0.123s] -- Detecting CXX compiler ABI info
[0.174s] -- Detecting CXX compiler ABI info - done
[0.178s] -- Check for working CXX compiler: /usr/bin/c++ - skipped
[0.178s] -- Detecting CXX compile features
[0.178s] -- Detecting CXX compile features - done
[0.181s] -- Looking for sgemm_
[0.224s] -- Looking for sgemm_ - not found
[0.225s] -- Looking for pthread.h
[0.272s] -- Looking for pthread.h - found
[0.272s] -- Performing Test CMAKE_HAVE_LIBC_PTHREAD
[0.321s] -- Performing Test CMAKE_HAVE_LIBC_PTHREAD - Success
[0.321s] -- Found Threads: TRUE  
[0.336s] -- Looking for sgemm_
[0.407s] -- Looking for sgemm_ - found
[0.407s] -- Found BLAS: /usr/lib/x86_64-linux-gnu/libopenblas.so  
[0.427s] -- Found CUDA: /usr/local/cuda-12.1 (found suitable version "12.1", minimum required is "12") 
[0.509s] -- Found CUDA: /usr/local/cuda-12.1 (found version "12.1") 
[0.510s] -- Found ament_cmake_auto: 1.3.14 (/opt/ros/humble/share/ament_cmake_auto/cmake)
[0.612s] -- Found Python3: /usr/bin/python3 (found version "3.10.12") found components: Interpreter 
[0.652s] -- Override CMake install command with custom implementation using symlinks instead of copying resources
[0.741s] -- Found rosidl_generator_c: 3.1.8 (/opt/ros/humble/share/rosidl_generator_c/cmake)
[0.743s] -- Found rosidl_adapter: 3.1.8 (/opt/ros/humble/share/rosidl_adapter/cmake)
[0.748s] -- Found rosidl_generator_cpp: 3.1.8 (/opt/ros/humble/share/rosidl_generator_cpp/cmake)
[0.754s] -- Using all available rosidl_typesupport_c: rosidl_typesupport_fastrtps_c;rosidl_typesupport_introspection_c
[0.763s] -- Using all available rosidl_typesupport_cpp: rosidl_typesupport_fastrtps_cpp;rosidl_typesupport_introspection_cpp
[0.821s] -- Found rmw_implementation_cmake: 6.1.2 (/opt/ros/humble/share/rmw_implementation_cmake/cmake)
[0.822s] -- Found rmw_cyclonedds_cpp: 1.3.4 (/opt/ros/humble/share/rmw_cyclonedds_cpp/cmake)
[0.833s] -- Using RMW implementation 'rmw_cyclonedds_cpp' as default
[0.993s] -- Found eigen3_cmake_module: 0.1.1 (/opt/ros/humble/share/eigen3_cmake_module/cmake)
[0.994s] -- Found Eigen3: TRUE (found version "3.4.0") 
[0.994s] -- Ensuring Eigen3 include directory is part of orocos-kdl CMake target
[1.061s] -- Found ament_lint_auto: 0.12.15 (/opt/ros/humble/share/ament_lint_auto/cmake)
[1.075s] -- Added test 'copyright' to check source files copyright and LICENSE
[1.076s] -- Added test 'cppcheck' to perform static code analysis on C / C++ code
[1.076s] -- Configured cppcheck include dirs: /home/mk/dev_ws/src/zed-ros2-wrapper/zed_components/src/include;/home/mk/dev_ws/src/zed-ros2-wrapper/zed_components/src/zed_camera/include;/home/mk/dev_ws/src/zed-ros2-wrapper/zed_components/src/tools/include
[1.076s] -- Configured cppcheck exclude dirs and/or files: 
[1.077s] -- Added test 'lint_cmake' to check CMake code style
[1.077s] -- Added test 'uncrustify' to check C / C++ code style
[1.077s] -- Configured uncrustify additional arguments: 
[1.077s] -- Added test 'xmllint' to check XML markup files
[1.079s] -- Configuring done
[1.091s] -- Generating done
[1.094s] -- Build files have been written to: /home/mk/dev_ws/build/zed_components
[1.101s] Invoked command in '/home/mk/dev_ws/build/zed_components' returned '0': AMENT_PREFIX_PATH=/home/mk/dev_ws/install/zed_interfaces:${AMENT_PREFIX_PATH} CMAKE_PREFIX_PATH=/home/mk/dev_ws/install/zed_interfaces:/opt/ros/humble LD_LIBRARY_PATH=/home/mk/dev_ws/install/zed_interfaces/lib:${LD_LIBRARY_PATH} PYTHONPATH=/home/mk/dev_ws/install/zed_interfaces/local/lib/python3.10/dist-packages:${PYTHONPATH} /usr/bin/cmake /home/mk/dev_ws/src/zed-ros2-wrapper/zed_components -DAMENT_CMAKE_SYMLINK_INSTALL=1 -DCMAKE_INSTALL_PREFIX=/home/mk/dev_ws/install/zed_components
[1.102s] Invoking command in '/home/mk/dev_ws/build/zed_components': AMENT_PREFIX_PATH=/home/mk/dev_ws/install/zed_interfaces:${AMENT_PREFIX_PATH} CMAKE_PREFIX_PATH=/home/mk/dev_ws/install/zed_interfaces:/opt/ros/humble LD_LIBRARY_PATH=/home/mk/dev_ws/install/zed_interfaces/lib:${LD_LIBRARY_PATH} PYTHONPATH=/home/mk/dev_ws/install/zed_interfaces/local/lib/python3.10/dist-packages:${PYTHONPATH} /usr/bin/cmake --build /home/mk/dev_ws/build/zed_components -- -j20 -l20
[1.139s] [ 20%] [32mBuilding CXX object CMakeFiles/zed_camera_component.dir/src/zed_camera/src/zed_camera_component.cpp.o[0m
[1.139s] [ 40%] [32mBuilding CXX object CMakeFiles/zed_camera_component.dir/src/tools/src/gnss_replay.cpp.o[0m
[1.140s] [ 80%] [32mBuilding CXX object CMakeFiles/zed_camera_component.dir/src/tools/src/sl_win_avg.cpp.o[0m
[1.140s] [ 80%] [32mBuilding CXX object CMakeFiles/zed_camera_component.dir/src/tools/src/sl_tools.cpp.o[0m
[39.104s] [100%] [32m[1mLinking CXX shared library libzed_camera_component.so[0m
[39.431s] [100%] Built target zed_camera_component
[39.440s] Invoked command in '/home/mk/dev_ws/build/zed_components' returned '0': AMENT_PREFIX_PATH=/home/mk/dev_ws/install/zed_interfaces:${AMENT_PREFIX_PATH} CMAKE_PREFIX_PATH=/home/mk/dev_ws/install/zed_interfaces:/opt/ros/humble LD_LIBRARY_PATH=/home/mk/dev_ws/install/zed_interfaces/lib:${LD_LIBRARY_PATH} PYTHONPATH=/home/mk/dev_ws/install/zed_interfaces/local/lib/python3.10/dist-packages:${PYTHONPATH} /usr/bin/cmake --build /home/mk/dev_ws/build/zed_components -- -j20 -l20
[39.441s] Invoking command in '/home/mk/dev_ws/build/zed_components': AMENT_PREFIX_PATH=/home/mk/dev_ws/install/zed_interfaces:${AMENT_PREFIX_PATH} CMAKE_PREFIX_PATH=/home/mk/dev_ws/install/zed_interfaces:/opt/ros/humble LD_LIBRARY_PATH=/home/mk/dev_ws/install/zed_interfaces/lib:${LD_LIBRARY_PATH} PYTHONPATH=/home/mk/dev_ws/install/zed_interfaces/local/lib/python3.10/dist-packages:${PYTHONPATH} /usr/bin/cmake --install /home/mk/dev_ws/build/zed_components
[39.445s] -- Install configuration: "Release"
[39.445s] -- Execute custom install script
[39.445s] -- Symlinking: /home/mk/dev_ws/install/zed_components/lib/libzed_camera_component.so
[39.452s] -- Symlinking: /home/mk/dev_ws/install/zed_components/include/zed_components//cost_traversability.hpp
[39.457s] -- Symlinking: /home/mk/dev_ws/install/zed_components/include/zed_components//sl_types.hpp
[39.462s] -- Symlinking: /home/mk/dev_ws/install/zed_components/include/zed_components//zed_camera_component.hpp
[39.467s] -- Symlinking: /home/mk/dev_ws/install/zed_components/include/zed_components//gnss_replay.hpp
[39.473s] -- Symlinking: /home/mk/dev_ws/install/zed_components/include/zed_components//json.hpp
[39.477s] -- Symlinking: /home/mk/dev_ws/install/zed_components/include/zed_components//sl_logging.hpp
[39.483s] -- Symlinking: /home/mk/dev_ws/install/zed_components/include/zed_components//sl_tools.hpp
[39.487s] -- Symlinking: /home/mk/dev_ws/install/zed_components/include/zed_components//sl_win_avg.hpp
[39.492s] -- Symlinking: /home/mk/dev_ws/install/zed_components/include/zed_components//visibility_control.hpp
[39.496s] -- Symlinking: /home/mk/dev_ws/install/zed_components/share/zed_components/environment/library_path.sh
[39.502s] -- Symlinking: /home/mk/dev_ws/install/zed_components/share/zed_components/environment/library_path.dsv
[39.507s] -- Symlinking: /home/mk/dev_ws/install/zed_components/share/ament_index/resource_index/package_run_dependencies/zed_components
[39.512s] -- Symlinking: /home/mk/dev_ws/install/zed_components/share/ament_index/resource_index/parent_prefix_path/zed_components
[39.516s] -- Symlinking: /home/mk/dev_ws/install/zed_components/share/zed_components/environment/ament_prefix_path.sh
[39.522s] -- Symlinking: /home/mk/dev_ws/install/zed_components/share/zed_components/environment/ament_prefix_path.dsv
[39.527s] -- Symlinking: /home/mk/dev_ws/install/zed_components/share/zed_components/environment/path.sh
[39.531s] -- Symlinking: /home/mk/dev_ws/install/zed_components/share/zed_components/environment/path.dsv
[39.536s] -- Symlinking: /home/mk/dev_ws/install/zed_components/share/zed_components/local_setup.bash
[39.542s] -- Symlinking: /home/mk/dev_ws/install/zed_components/share/zed_components/local_setup.sh
[39.547s] -- Symlinking: /home/mk/dev_ws/install/zed_components/share/zed_components/local_setup.zsh
[39.551s] -- Symlinking: /home/mk/dev_ws/install/zed_components/share/zed_components/local_setup.dsv
[39.557s] -- Symlinking: /home/mk/dev_ws/install/zed_components/share/zed_components/package.dsv
[39.562s] -- Symlinking: /home/mk/dev_ws/install/zed_components/share/ament_index/resource_index/packages/zed_components
[39.567s] -- Symlinking: /home/mk/dev_ws/install/zed_components/share/ament_index/resource_index/rclcpp_components/zed_components
[39.573s] -- Symlinking: /home/mk/dev_ws/install/zed_components/share/zed_components/cmake/ament_cmake_export_include_directories-extras.cmake
[39.577s] -- Symlinking: /home/mk/dev_ws/install/zed_components/share/zed_components/cmake/ament_cmake_export_libraries-extras.cmake
[39.582s] -- Symlinking: /home/mk/dev_ws/install/zed_components/share/zed_components/cmake/ament_cmake_export_dependencies-extras.cmake
[39.587s] -- Symlinking: /home/mk/dev_ws/install/zed_components/share/zed_components/cmake/zed_componentsConfig.cmake
[39.591s] -- Symlinking: /home/mk/dev_ws/install/zed_components/share/zed_components/cmake/zed_componentsConfig-version.cmake
[39.598s] -- Symlinking: /home/mk/dev_ws/install/zed_components/share/zed_components/package.xml
[39.605s] Invoked command in '/home/mk/dev_ws/build/zed_components' returned '0': AMENT_PREFIX_PATH=/home/mk/dev_ws/install/zed_interfaces:${AMENT_PREFIX_PATH} CMAKE_PREFIX_PATH=/home/mk/dev_ws/install/zed_interfaces:/opt/ros/humble LD_LIBRARY_PATH=/home/mk/dev_ws/install/zed_interfaces/lib:${LD_LIBRARY_PATH} PYTHONPATH=/home/mk/dev_ws/install/zed_interfaces/local/lib/python3.10/dist-packages:${PYTHONPATH} /usr/bin/cmake --install /home/mk/dev_ws/build/zed_components
