[0.028s] Invoking command in '/home/mk/dev_ws/build/xarm_api': AMENT_PREFIX_PATH=/home/mk/dev_ws/install/xarm_sdk:/home/mk/dev_ws/install/xarm_msgs:/home/mk/dev_ws/install/xarm_description:${AMENT_PREFIX_PATH} CMAKE_PREFIX_PATH=/home/mk/dev_ws/install/xarm_sdk:/home/mk/dev_ws/install/xarm_msgs:/home/mk/dev_ws/install/xarm_description:/opt/ros/humble LD_LIBRARY_PATH=/home/mk/dev_ws/install/xarm_sdk/lib:/home/mk/dev_ws/install/xarm_msgs/lib:${LD_LIBRARY_PATH} PYTHONPATH=/home/mk/dev_ws/install/xarm_msgs/local/lib/python3.10/dist-packages:${PYTHONPATH} /usr/bin/cmake --build /home/mk/dev_ws/build/xarm_api -- -j20 -l20
[0.334s] [35m[1mConsolidate compiler generated dependencies of target xarm_ros_client[0m
[0.334s] [35m[1mConsolidate compiler generated dependencies of target test_robot_states[0m
[0.335s] [35m[1mConsolidate compiler generated dependencies of target xarm_ros_driver[0m
[0.335s] [ 30%] Built target xarm_ros_client
[0.335s] [ 30%] Built target test_robot_states
[0.335s] [ 53%] Built target xarm_ros_driver
[0.335s] [35m[1mConsolidate compiler generated dependencies of target test_xarm_ros_client[0m
[0.335s] [35m[1mConsolidate compiler generated dependencies of target xarm_driver_node[0m
[0.335s] [35m[1mConsolidate compiler generated dependencies of target test_xarm_velo_move[0m
[0.335s] [ 69%] Built target test_xarm_ros_client
[0.335s] [ 84%] Built target xarm_driver_node
[0.335s] [100%] Built target test_xarm_velo_move
[0.497s] Invoked command in '/home/mk/dev_ws/build/xarm_api' returned '0': AMENT_PREFIX_PATH=/home/mk/dev_ws/install/xarm_sdk:/home/mk/dev_ws/install/xarm_msgs:/home/mk/dev_ws/install/xarm_description:${AMENT_PREFIX_PATH} CMAKE_PREFIX_PATH=/home/mk/dev_ws/install/xarm_sdk:/home/mk/dev_ws/install/xarm_msgs:/home/mk/dev_ws/install/xarm_description:/opt/ros/humble LD_LIBRARY_PATH=/home/mk/dev_ws/install/xarm_sdk/lib:/home/mk/dev_ws/install/xarm_msgs/lib:${LD_LIBRARY_PATH} PYTHONPATH=/home/mk/dev_ws/install/xarm_msgs/local/lib/python3.10/dist-packages:${PYTHONPATH} /usr/bin/cmake --build /home/mk/dev_ws/build/xarm_api -- -j20 -l20
[0.497s] Invoking command in '/home/mk/dev_ws/build/xarm_api': AMENT_PREFIX_PATH=/home/mk/dev_ws/install/xarm_sdk:/home/mk/dev_ws/install/xarm_msgs:/home/mk/dev_ws/install/xarm_description:${AMENT_PREFIX_PATH} CMAKE_PREFIX_PATH=/home/mk/dev_ws/install/xarm_sdk:/home/mk/dev_ws/install/xarm_msgs:/home/mk/dev_ws/install/xarm_description:/opt/ros/humble LD_LIBRARY_PATH=/home/mk/dev_ws/install/xarm_sdk/lib:/home/mk/dev_ws/install/xarm_msgs/lib:${LD_LIBRARY_PATH} PYTHONPATH=/home/mk/dev_ws/install/xarm_msgs/local/lib/python3.10/dist-packages:${PYTHONPATH} /usr/bin/cmake --install /home/mk/dev_ws/build/xarm_api
[0.510s] -- Install configuration: ""
[0.510s] -- Execute custom install script
[0.510s] -- Up-to-date symlink: /home/mk/dev_ws/install/xarm_api/share/xarm_api/environment/library_path.sh
[0.510s] -- Up-to-date symlink: /home/mk/dev_ws/install/xarm_api/share/xarm_api/environment/library_path.dsv
[0.510s] -- Up-to-date symlink: /home/mk/dev_ws/install/xarm_api/include/xarm_api/visibility_control.h
[0.510s] -- Up-to-date symlink: /home/mk/dev_ws/install/xarm_api/include/xarm_api/xarm_driver.h
[0.511s] -- Up-to-date symlink: /home/mk/dev_ws/install/xarm_api/include/xarm_api/xarm_msgs.h
[0.511s] -- Up-to-date symlink: /home/mk/dev_ws/install/xarm_api/include/xarm_api/xarm_ros_client.h
[0.511s] -- Up-to-date symlink: /home/mk/dev_ws/install/xarm_api/lib/libxarm_ros_driver.so
[0.511s] -- Up-to-date symlink: /home/mk/dev_ws/install/xarm_api/lib/libxarm_ros_client.so
[0.511s] -- Up-to-date symlink: /home/mk/dev_ws/install/xarm_api/lib/xarm_api/xarm_driver_node
[0.511s] -- Up-to-date symlink: /home/mk/dev_ws/install/xarm_api/lib/xarm_api/test_xarm_ros_client
[0.511s] -- Up-to-date symlink: /home/mk/dev_ws/install/xarm_api/lib/xarm_api/test_xarm_velo_move
[0.511s] -- Up-to-date symlink: /home/mk/dev_ws/install/xarm_api/lib/xarm_api/test_robot_states
[0.511s] -- Up-to-date symlink: /home/mk/dev_ws/install/xarm_api/share/xarm_api//launch/_robot_driver.launch.py
[0.511s] -- Up-to-date symlink: /home/mk/dev_ws/install/xarm_api/share/xarm_api//launch/lib/robot_api_lib.py
[0.511s] -- Up-to-date symlink: /home/mk/dev_ws/install/xarm_api/share/xarm_api//launch/lite6_driver.launch.py
[0.511s] -- Up-to-date symlink: /home/mk/dev_ws/install/xarm_api/share/xarm_api//launch/uf850_driver.launch.py
[0.511s] -- Up-to-date symlink: /home/mk/dev_ws/install/xarm_api/share/xarm_api//launch/xarm5_driver.launch.py
[0.511s] -- Up-to-date symlink: /home/mk/dev_ws/install/xarm_api/share/xarm_api//launch/xarm6_driver.launch.py
[0.511s] -- Up-to-date symlink: /home/mk/dev_ws/install/xarm_api/share/xarm_api//launch/xarm7_driver.launch.py
[0.511s] -- Up-to-date symlink: /home/mk/dev_ws/install/xarm_api/share/xarm_api//config/xarm_params.yaml
[0.511s] -- Up-to-date symlink: /home/mk/dev_ws/install/xarm_api/share/ament_index/resource_index/package_run_dependencies/xarm_api
[0.511s] -- Up-to-date symlink: /home/mk/dev_ws/install/xarm_api/share/ament_index/resource_index/parent_prefix_path/xarm_api
[0.511s] -- Up-to-date symlink: /home/mk/dev_ws/install/xarm_api/share/xarm_api/environment/ament_prefix_path.sh
[0.511s] -- Up-to-date symlink: /home/mk/dev_ws/install/xarm_api/share/xarm_api/environment/ament_prefix_path.dsv
[0.511s] -- Up-to-date symlink: /home/mk/dev_ws/install/xarm_api/share/xarm_api/environment/path.sh
[0.511s] -- Up-to-date symlink: /home/mk/dev_ws/install/xarm_api/share/xarm_api/environment/path.dsv
[0.511s] -- Up-to-date symlink: /home/mk/dev_ws/install/xarm_api/share/xarm_api/local_setup.bash
[0.511s] -- Up-to-date symlink: /home/mk/dev_ws/install/xarm_api/share/xarm_api/local_setup.sh
[0.511s] -- Up-to-date symlink: /home/mk/dev_ws/install/xarm_api/share/xarm_api/local_setup.zsh
[0.511s] -- Up-to-date symlink: /home/mk/dev_ws/install/xarm_api/share/xarm_api/local_setup.dsv
[0.511s] -- Symlinking: /home/mk/dev_ws/install/xarm_api/share/xarm_api/package.dsv
[0.513s] -- Up-to-date symlink: /home/mk/dev_ws/install/xarm_api/share/ament_index/resource_index/packages/xarm_api
[0.513s] -- Up-to-date symlink: /home/mk/dev_ws/install/xarm_api/share/xarm_api/cmake/ament_cmake_export_libraries-extras.cmake
[0.513s] -- Up-to-date symlink: /home/mk/dev_ws/install/xarm_api/share/xarm_api/cmake/ament_cmake_export_include_directories-extras.cmake
[0.513s] -- Up-to-date symlink: /home/mk/dev_ws/install/xarm_api/share/xarm_api/cmake/xarm_apiConfig.cmake
[0.513s] -- Up-to-date symlink: /home/mk/dev_ws/install/xarm_api/share/xarm_api/cmake/xarm_apiConfig-version.cmake
[0.513s] -- Up-to-date symlink: /home/mk/dev_ws/install/xarm_api/share/xarm_api/package.xml
[0.565s] Invoked command in '/home/mk/dev_ws/build/xarm_api' returned '0': AMENT_PREFIX_PATH=/home/mk/dev_ws/install/xarm_sdk:/home/mk/dev_ws/install/xarm_msgs:/home/mk/dev_ws/install/xarm_description:${AMENT_PREFIX_PATH} CMAKE_PREFIX_PATH=/home/mk/dev_ws/install/xarm_sdk:/home/mk/dev_ws/install/xarm_msgs:/home/mk/dev_ws/install/xarm_description:/opt/ros/humble LD_LIBRARY_PATH=/home/mk/dev_ws/install/xarm_sdk/lib:/home/mk/dev_ws/install/xarm_msgs/lib:${LD_LIBRARY_PATH} PYTHONPATH=/home/mk/dev_ws/install/xarm_msgs/local/lib/python3.10/dist-packages:${PYTHONPATH} /usr/bin/cmake --install /home/mk/dev_ws/build/xarm_api
