-- The C compiler identification is GNU 11.4.0
-- The CXX compiler identification is GNU 11.4.0
-- Detecting C compiler ABI info
-- Detecting C compiler ABI info - done
-- Check for working C compiler: /usr/bin/cc - skipped
-- Detecting C compile features
-- Detecting C compile features - done
-- Detecting CXX compiler ABI info
-- Detecting CXX compiler ABI info - done
-- Check for working CXX compiler: /usr/bin/c++ - skipped
-- Detecting CXX compile features
-- Detecting CXX compile features - done
-- Found ament_cmake: 1.3.14 (/opt/ros/humble/share/ament_cmake/cmake)
-- Found Python3: /usr/bin/python3 (found version "3.10.12") found components: Interpreter 
-- Override CMake install command with custom implementation using symlinks instead of copying resources
-- Found rosidl_default_generators: 1.2.1 (/opt/ros/humble/share/rosidl_default_generators/cmake)
-- Using all available rosidl_typesupport_c: rosidl_typesupport_fastrtps_c;rosidl_typesupport_introspection_c
-- Found rosidl_adapter: 3.1.8 (/opt/ros/humble/share/rosidl_adapter/cmake)
-- Using all available rosidl_typesupport_cpp: rosidl_typesupport_fastrtps_cpp;rosidl_typesupport_introspection_cpp
-- Found ament_cmake_ros: 0.10.0 (/opt/ros/humble/share/ament_cmake_ros/cmake)
-- Using all available rosidl_typesupport_c: rosidl_typesupport_fastrtps_c;rosidl_typesupport_introspection_c
-- Using all available rosidl_typesupport_cpp: rosidl_typesupport_fastrtps_cpp;rosidl_typesupport_introspection_cpp
-- Found PythonInterp: /usr/bin/python3 (found suitable version "3.10.12", minimum required is "3.6") 
-- Found python_cmake_module: 0.10.0 (/opt/ros/humble/share/python_cmake_module/cmake)
-- Found PythonLibs: /usr/lib/x86_64-linux-gnu/libpython3.10.so (found suitable version "3.10.12", minimum required is "3.5") 
-- Using PYTHON_EXECUTABLE: /usr/bin/python3
-- Using PYTHON_INCLUDE_DIRS: /usr/include/python3.10
-- Using PYTHON_LIBRARIES: /usr/lib/x86_64-linux-gnu/libpython3.10.so
-- Found PythonExtra: .so  
-- Found ament_lint_auto: 0.12.15 (/opt/ros/humble/share/ament_lint_auto/cmake)
-- Added test 'flake8' to check Python code syntax and style conventions
-- Added test 'lint_cmake' to check CMake code style
-- Added test 'pep257' to check Python code against some of the docstring style conventions in PEP 257
-- Added test 'xmllint' to check XML markup files
-- Configuring done
-- Generating done
-- Build files have been written to: /home/mk/dev_ws/build/my_3d_vision_bringup
[  3%] [34m[1mGenerating C code for ROS interfaces[0m
[  6%] [34m[1mGenerating Rust code for ROS interfaces[0m
[  9%] [34m[1mGenerating C++ code for ROS interfaces[0m
[  9%] Built target ament_cmake_python_symlink_my_3d_vision_bringup
[ 12%] [32mBuilding C object CMakeFiles/my_3d_vision_bringup__rosidl_generator_c.dir/rosidl_generator_c/my_3d_vision_bringup/action/detail/grasp_object__functions.c.o[0m
running egg_info
creating my_3d_vision_bringup.egg-info
writing my_3d_vision_bringup.egg-info/PKG-INFO
writing dependency_links to my_3d_vision_bringup.egg-info/dependency_links.txt
writing top-level names to my_3d_vision_bringup.egg-info/top_level.txt
writing manifest file 'my_3d_vision_bringup.egg-info/SOURCES.txt'
reading manifest file 'my_3d_vision_bringup.egg-info/SOURCES.txt'
writing manifest file 'my_3d_vision_bringup.egg-info/SOURCES.txt'
[ 12%] Built target ament_cmake_python_build_my_3d_vision_bringup_egg
[ 15%] [32m[1mLinking C shared library libmy_3d_vision_bringup__rosidl_generator_c.so[0m
[ 15%] Built target my_3d_vision_bringup__rs
[ 15%] Built target my_3d_vision_bringup__rosidl_generator_c
[ 18%] [34m[1mGenerating C type support for eProsima Fast-RTPS[0m
[ 21%] [34m[1mGenerating C introspection for ROS interfaces[0m
[ 25%] [34m[1mGenerating C type support dispatch for ROS interfaces[0m
[ 25%] Built target my_3d_vision_bringup__cpp
[ 28%] [34m[1mGenerating C++ type support for eProsima Fast-RTPS[0m
[ 31%] [34m[1mGenerating C++ type support dispatch for ROS interfaces[0m
[ 34%] [34m[1mGenerating C++ introspection for ROS interfaces[0m
[ 37%] [32mBuilding CXX object CMakeFiles/my_3d_vision_bringup__rosidl_typesupport_c.dir/rosidl_typesupport_c/my_3d_vision_bringup/action/grasp_object__type_support.cpp.o[0m
[ 40%] [32m[1mLinking CXX shared library libmy_3d_vision_bringup__rosidl_typesupport_c.so[0m
[ 40%] Built target my_3d_vision_bringup__rosidl_typesupport_c
[ 43%] [32mBuilding C object CMakeFiles/my_3d_vision_bringup__rosidl_typesupport_introspection_c.dir/rosidl_typesupport_introspection_c/my_3d_vision_bringup/action/detail/grasp_object__type_support.c.o[0m
[ 46%] [32m[1mLinking C shared library libmy_3d_vision_bringup__rosidl_typesupport_introspection_c.so[0m
[ 46%] Built target my_3d_vision_bringup__rosidl_typesupport_introspection_c
[ 50%] [32mBuilding CXX object CMakeFiles/my_3d_vision_bringup__rosidl_typesupport_fastrtps_c.dir/rosidl_typesupport_fastrtps_c/my_3d_vision_bringup/action/detail/grasp_object__type_support_c.cpp.o[0m
[ 53%] [32mBuilding CXX object CMakeFiles/my_3d_vision_bringup__rosidl_typesupport_cpp.dir/rosidl_typesupport_cpp/my_3d_vision_bringup/action/grasp_object__type_support.cpp.o[0m
[ 56%] [32mBuilding CXX object CMakeFiles/my_3d_vision_bringup__rosidl_typesupport_introspection_cpp.dir/rosidl_typesupport_introspection_cpp/my_3d_vision_bringup/action/detail/grasp_object__type_support.cpp.o[0m
[ 59%] [32mBuilding CXX object CMakeFiles/my_3d_vision_bringup__rosidl_typesupport_fastrtps_cpp.dir/rosidl_typesupport_fastrtps_cpp/my_3d_vision_bringup/action/detail/dds_fastrtps/grasp_object__type_support.cpp.o[0m
[ 62%] [32m[1mLinking CXX shared library libmy_3d_vision_bringup__rosidl_typesupport_cpp.so[0m
[ 65%] [32m[1mLinking CXX shared library libmy_3d_vision_bringup__rosidl_typesupport_fastrtps_c.so[0m
[ 65%] Built target my_3d_vision_bringup__rosidl_typesupport_cpp
[ 65%] Built target my_3d_vision_bringup__rosidl_typesupport_fastrtps_c
[ 68%] [32m[1mLinking CXX shared library libmy_3d_vision_bringup__rosidl_typesupport_fastrtps_cpp.so[0m
[ 68%] Built target my_3d_vision_bringup__rosidl_typesupport_fastrtps_cpp
[ 71%] [32m[1mLinking CXX shared library libmy_3d_vision_bringup__rosidl_typesupport_introspection_cpp.so[0m
[ 71%] Built target my_3d_vision_bringup__rosidl_typesupport_introspection_cpp
[ 71%] Built target my_3d_vision_bringup
[ 75%] [34m[1mGenerating Python code for ROS interfaces[0m
[ 75%] Built target my_3d_vision_bringup__py
[ 78%] [32mBuilding C object CMakeFiles/my_3d_vision_bringup__rosidl_generator_py.dir/rosidl_generator_py/my_3d_vision_bringup/action/_grasp_object_s.c.o[0m
[ 81%] [32m[1mLinking C shared library rosidl_generator_py/my_3d_vision_bringup/libmy_3d_vision_bringup__rosidl_generator_py.so[0m
[ 81%] Built target my_3d_vision_bringup__rosidl_generator_py
[ 87%] [32mBuilding C object CMakeFiles/my_3d_vision_bringup__rosidl_typesupport_fastrtps_c__pyext.dir/rosidl_generator_py/my_3d_vision_bringup/_my_3d_vision_bringup_s.ep.rosidl_typesupport_fastrtps_c.c.o[0m
[ 87%] [32mBuilding C object CMakeFiles/my_3d_vision_bringup__rosidl_typesupport_c__pyext.dir/rosidl_generator_py/my_3d_vision_bringup/_my_3d_vision_bringup_s.ep.rosidl_typesupport_c.c.o[0m
[ 90%] [32mBuilding C object CMakeFiles/my_3d_vision_bringup__rosidl_typesupport_introspection_c__pyext.dir/rosidl_generator_py/my_3d_vision_bringup/_my_3d_vision_bringup_s.ep.rosidl_typesupport_introspection_c.c.o[0m
[ 93%] [32m[1mLinking C shared library rosidl_generator_py/my_3d_vision_bringup/my_3d_vision_bringup_s__rosidl_typesupport_introspection_c.cpython-310-x86_64-linux-gnu.so[0m
[ 96%] [32m[1mLinking C shared library rosidl_generator_py/my_3d_vision_bringup/my_3d_vision_bringup_s__rosidl_typesupport_fastrtps_c.cpython-310-x86_64-linux-gnu.so[0m
[100%] [32m[1mLinking C shared library rosidl_generator_py/my_3d_vision_bringup/my_3d_vision_bringup_s__rosidl_typesupport_c.cpython-310-x86_64-linux-gnu.so[0m
[100%] Built target my_3d_vision_bringup__rosidl_typesupport_introspection_c__pyext
[100%] Built target my_3d_vision_bringup__rosidl_typesupport_fastrtps_c__pyext
[100%] Built target my_3d_vision_bringup__rosidl_typesupport_c__pyext
-- Install configuration: ""
-- Execute custom install script
-- Symlinking: /home/mk/dev_ws/install/my_3d_vision_bringup/share/ament_index/resource_index/rosidl_interfaces/my_3d_vision_bringup
-- Symlinking: /home/mk/dev_ws/install/my_3d_vision_bringup/include/my_3d_vision_bringup/my_3d_vision_bringup/action/detail/grasp_object__functions.h
-- Symlinking: /home/mk/dev_ws/install/my_3d_vision_bringup/include/my_3d_vision_bringup/my_3d_vision_bringup/action/detail/grasp_object__struct.h
-- Symlinking: /home/mk/dev_ws/install/my_3d_vision_bringup/include/my_3d_vision_bringup/my_3d_vision_bringup/action/detail/grasp_object__type_support.h
-- Symlinking: /home/mk/dev_ws/install/my_3d_vision_bringup/include/my_3d_vision_bringup/my_3d_vision_bringup/action/grasp_object.h
-- Symlinking: /home/mk/dev_ws/install/my_3d_vision_bringup/include/my_3d_vision_bringup/my_3d_vision_bringup/msg/rosidl_generator_c__visibility_control.h
-- Symlinking: /home/mk/dev_ws/install/my_3d_vision_bringup/share/my_3d_vision_bringup/environment/library_path.sh
-- Symlinking: /home/mk/dev_ws/install/my_3d_vision_bringup/share/my_3d_vision_bringup/environment/library_path.dsv
-- Symlinking: /home/mk/dev_ws/install/my_3d_vision_bringup/include/my_3d_vision_bringup/my_3d_vision_bringup/action/detail/grasp_object__rosidl_typesupport_fastrtps_c.h
-- Symlinking: /home/mk/dev_ws/install/my_3d_vision_bringup/include/my_3d_vision_bringup/my_3d_vision_bringup/msg/rosidl_typesupport_fastrtps_c__visibility_control.h
-- Symlinking: /home/mk/dev_ws/install/my_3d_vision_bringup/include/my_3d_vision_bringup/my_3d_vision_bringup/action/detail/grasp_object__rosidl_typesupport_introspection_c.h
-- Symlinking: /home/mk/dev_ws/install/my_3d_vision_bringup/include/my_3d_vision_bringup/my_3d_vision_bringup/msg/rosidl_typesupport_introspection_c__visibility_control.h
-- Symlinking: /home/mk/dev_ws/install/my_3d_vision_bringup/include/my_3d_vision_bringup/my_3d_vision_bringup/action/detail/grasp_object__builder.hpp
-- Symlinking: /home/mk/dev_ws/install/my_3d_vision_bringup/include/my_3d_vision_bringup/my_3d_vision_bringup/action/detail/grasp_object__struct.hpp
-- Symlinking: /home/mk/dev_ws/install/my_3d_vision_bringup/include/my_3d_vision_bringup/my_3d_vision_bringup/action/detail/grasp_object__traits.hpp
-- Symlinking: /home/mk/dev_ws/install/my_3d_vision_bringup/include/my_3d_vision_bringup/my_3d_vision_bringup/action/detail/grasp_object__type_support.hpp
-- Symlinking: /home/mk/dev_ws/install/my_3d_vision_bringup/include/my_3d_vision_bringup/my_3d_vision_bringup/action/grasp_object.hpp
-- Symlinking: /home/mk/dev_ws/install/my_3d_vision_bringup/include/my_3d_vision_bringup/my_3d_vision_bringup/msg/rosidl_generator_cpp__visibility_control.hpp
-- Symlinking: /home/mk/dev_ws/install/my_3d_vision_bringup/include/my_3d_vision_bringup/my_3d_vision_bringup/action/detail/grasp_object__rosidl_typesupport_fastrtps_cpp.hpp
-- Symlinking: /home/mk/dev_ws/install/my_3d_vision_bringup/include/my_3d_vision_bringup/my_3d_vision_bringup/msg/rosidl_typesupport_fastrtps_cpp__visibility_control.h
-- Symlinking: /home/mk/dev_ws/install/my_3d_vision_bringup/include/my_3d_vision_bringup/my_3d_vision_bringup/action/detail/grasp_object__rosidl_typesupport_introspection_cpp.hpp
-- Symlinking: /home/mk/dev_ws/install/my_3d_vision_bringup/share/my_3d_vision_bringup/environment/pythonpath.sh
-- Symlinking: /home/mk/dev_ws/install/my_3d_vision_bringup/share/my_3d_vision_bringup/environment/pythonpath.dsv
-- Symlinking: /home/mk/dev_ws/install/my_3d_vision_bringup/local/lib/python3.10/dist-packages/my_3d_vision_bringup-0.1.0-py3.10.egg-info/PKG-INFO
-- Symlinking: /home/mk/dev_ws/install/my_3d_vision_bringup/local/lib/python3.10/dist-packages/my_3d_vision_bringup-0.1.0-py3.10.egg-info/SOURCES.txt
-- Symlinking: /home/mk/dev_ws/install/my_3d_vision_bringup/local/lib/python3.10/dist-packages/my_3d_vision_bringup-0.1.0-py3.10.egg-info/dependency_links.txt
-- Symlinking: /home/mk/dev_ws/install/my_3d_vision_bringup/local/lib/python3.10/dist-packages/my_3d_vision_bringup-0.1.0-py3.10.egg-info/top_level.txt
-- Symlinking: /home/mk/dev_ws/install/my_3d_vision_bringup/local/lib/python3.10/dist-packages/my_3d_vision_bringup/__init__.py
-- Symlinking: /home/mk/dev_ws/install/my_3d_vision_bringup/local/lib/python3.10/dist-packages/my_3d_vision_bringup/_my_3d_vision_bringup_s.ep.rosidl_typesupport_c.c
-- Symlinking: /home/mk/dev_ws/install/my_3d_vision_bringup/local/lib/python3.10/dist-packages/my_3d_vision_bringup/_my_3d_vision_bringup_s.ep.rosidl_typesupport_fastrtps_c.c
-- Symlinking: /home/mk/dev_ws/install/my_3d_vision_bringup/local/lib/python3.10/dist-packages/my_3d_vision_bringup/_my_3d_vision_bringup_s.ep.rosidl_typesupport_introspection_c.c
-- Symlinking: /home/mk/dev_ws/install/my_3d_vision_bringup/local/lib/python3.10/dist-packages/my_3d_vision_bringup/action/__init__.py
-- Symlinking: /home/mk/dev_ws/install/my_3d_vision_bringup/local/lib/python3.10/dist-packages/my_3d_vision_bringup/action/_grasp_object.py
-- Symlinking: /home/mk/dev_ws/install/my_3d_vision_bringup/local/lib/python3.10/dist-packages/my_3d_vision_bringup/action/_grasp_object_s.c
-- Symlinking: /home/mk/dev_ws/install/my_3d_vision_bringup/local/lib/python3.10/dist-packages/my_3d_vision_bringup/libmy_3d_vision_bringup__rosidl_generator_py.so
-- Symlinking: /home/mk/dev_ws/install/my_3d_vision_bringup/local/lib/python3.10/dist-packages/my_3d_vision_bringup/my_3d_vision_bringup_s__rosidl_typesupport_c.cpython-310-x86_64-linux-gnu.so
-- Symlinking: /home/mk/dev_ws/install/my_3d_vision_bringup/local/lib/python3.10/dist-packages/my_3d_vision_bringup/my_3d_vision_bringup_s__rosidl_typesupport_fastrtps_c.cpython-310-x86_64-linux-gnu.so
-- Symlinking: /home/mk/dev_ws/install/my_3d_vision_bringup/local/lib/python3.10/dist-packages/my_3d_vision_bringup/my_3d_vision_bringup_s__rosidl_typesupport_introspection_c.cpython-310-x86_64-linux-gnu.so
-- Up-to-date symlink: /home/mk/dev_ws/install/my_3d_vision_bringup/local/lib/python3.10/dist-packages/my_3d_vision_bringup/my_3d_vision_bringup_s__rosidl_typesupport_fastrtps_c.cpython-310-x86_64-linux-gnu.so
-- Up-to-date symlink: /home/mk/dev_ws/install/my_3d_vision_bringup/local/lib/python3.10/dist-packages/my_3d_vision_bringup/my_3d_vision_bringup_s__rosidl_typesupport_introspection_c.cpython-310-x86_64-linux-gnu.so
-- Up-to-date symlink: /home/mk/dev_ws/install/my_3d_vision_bringup/local/lib/python3.10/dist-packages/my_3d_vision_bringup/my_3d_vision_bringup_s__rosidl_typesupport_c.cpython-310-x86_64-linux-gnu.so
-- Symlinking: /home/mk/dev_ws/install/my_3d_vision_bringup/share/ament_index/resource_index/rust_packages/my_3d_vision_bringup
-- Symlinking: /home/mk/dev_ws/install/my_3d_vision_bringup/share/my_3d_vision_bringup/rust/Cargo.toml
-- Symlinking: /home/mk/dev_ws/install/my_3d_vision_bringup/share/my_3d_vision_bringup/rust/build.rs
-- Symlinking: /home/mk/dev_ws/install/my_3d_vision_bringup/share/my_3d_vision_bringup/rust/src/action.rs
-- Symlinking: /home/mk/dev_ws/install/my_3d_vision_bringup/share/my_3d_vision_bringup/rust/src/action/rmw.rs
-- Symlinking: /home/mk/dev_ws/install/my_3d_vision_bringup/share/my_3d_vision_bringup/rust/src/lib.rs
-- Symlinking: /home/mk/dev_ws/install/my_3d_vision_bringup/share/my_3d_vision_bringup/action/GraspObject.idl
-- Symlinking: /home/mk/dev_ws/install/my_3d_vision_bringup/share/my_3d_vision_bringup/action/GraspObject.action
-- Symlinking: /home/mk/dev_ws/install/my_3d_vision_bringup/share/my_3d_vision_bringup/launch/standalone_move_group.launch.py
-- Symlinking: /home/mk/dev_ws/install/my_3d_vision_bringup/share/my_3d_vision_bringup/launch/zed_cam_rviz_pointcloud_tf_yolo_planned_grasp.launch.py
-- Symlinking: /home/mk/dev_ws/install/my_3d_vision_bringup/share/my_3d_vision_bringup/meshes/ZEDM.stl
-- Symlinking: /home/mk/dev_ws/install/my_3d_vision_bringup/share/my_3d_vision_bringup/config/grasping_params.yaml
-- Symlinking: /home/mk/dev_ws/install/my_3d_vision_bringup/share/my_3d_vision_bringup/config/perception_params.yaml
-- Symlinking: /home/mk/dev_ws/install/my_3d_vision_bringup/share/my_3d_vision_bringup/config/zed_override.yaml
-- Symlinking: /home/mk/dev_ws/install/my_3d_vision_bringup/lib/my_3d_vision_bringup/zed_stand_publisher.py
-- Symlinking: /home/mk/dev_ws/install/my_3d_vision_bringup/lib/my_3d_vision_bringup/zed_yolo_3d_bbox.py
-- Symlinking: /home/mk/dev_ws/install/my_3d_vision_bringup/lib/my_3d_vision_bringup/pointcloud_optimizer.py
-- Symlinking: /home/mk/dev_ws/install/my_3d_vision_bringup/lib/my_3d_vision_bringup/yolo_moveit_collision.py
-- Symlinking: /home/mk/dev_ws/install/my_3d_vision_bringup/lib/my_3d_vision_bringup/yolo_grasp_executor.py
-- Symlinking: /home/mk/dev_ws/install/my_3d_vision_bringup/lib/my_3d_vision_bringup/yolo_planned_grasp_executor.py
-- Symlinking: /home/mk/dev_ws/install/my_3d_vision_bringup/lib/my_3d_vision_bringup/grasp_action_bridge.py
-- Symlinking: /home/mk/dev_ws/install/my_3d_vision_bringup/lib/my_3d_vision_bringup/pointcloud_tf_tuner.py
-- Symlinking: /home/mk/dev_ws/install/my_3d_vision_bringup/share/ament_index/resource_index/package_run_dependencies/my_3d_vision_bringup
-- Symlinking: /home/mk/dev_ws/install/my_3d_vision_bringup/share/ament_index/resource_index/parent_prefix_path/my_3d_vision_bringup
-- Symlinking: /home/mk/dev_ws/install/my_3d_vision_bringup/share/my_3d_vision_bringup/environment/ament_prefix_path.sh
-- Symlinking: /home/mk/dev_ws/install/my_3d_vision_bringup/share/my_3d_vision_bringup/environment/ament_prefix_path.dsv
-- Symlinking: /home/mk/dev_ws/install/my_3d_vision_bringup/share/my_3d_vision_bringup/environment/path.sh
-- Symlinking: /home/mk/dev_ws/install/my_3d_vision_bringup/share/my_3d_vision_bringup/environment/path.dsv
-- Symlinking: /home/mk/dev_ws/install/my_3d_vision_bringup/share/my_3d_vision_bringup/local_setup.bash
-- Symlinking: /home/mk/dev_ws/install/my_3d_vision_bringup/share/my_3d_vision_bringup/local_setup.sh
-- Symlinking: /home/mk/dev_ws/install/my_3d_vision_bringup/share/my_3d_vision_bringup/local_setup.zsh
-- Symlinking: /home/mk/dev_ws/install/my_3d_vision_bringup/share/my_3d_vision_bringup/local_setup.dsv
-- Symlinking: /home/mk/dev_ws/install/my_3d_vision_bringup/share/my_3d_vision_bringup/package.dsv
-- Symlinking: /home/mk/dev_ws/install/my_3d_vision_bringup/share/ament_index/resource_index/packages/my_3d_vision_bringup
-- Symlinking: /home/mk/dev_ws/install/my_3d_vision_bringup/share/my_3d_vision_bringup/cmake/rosidl_cmake-extras.cmake
-- Symlinking: /home/mk/dev_ws/install/my_3d_vision_bringup/share/my_3d_vision_bringup/cmake/ament_cmake_export_dependencies-extras.cmake
-- Symlinking: /home/mk/dev_ws/install/my_3d_vision_bringup/share/my_3d_vision_bringup/cmake/ament_cmake_export_include_directories-extras.cmake
-- Symlinking: /home/mk/dev_ws/install/my_3d_vision_bringup/share/my_3d_vision_bringup/cmake/ament_cmake_export_libraries-extras.cmake
-- Symlinking: /home/mk/dev_ws/install/my_3d_vision_bringup/share/my_3d_vision_bringup/cmake/ament_cmake_export_targets-extras.cmake
-- Symlinking: /home/mk/dev_ws/install/my_3d_vision_bringup/share/my_3d_vision_bringup/cmake/rosidl_cmake_export_typesupport_targets-extras.cmake
-- Symlinking: /home/mk/dev_ws/install/my_3d_vision_bringup/share/my_3d_vision_bringup/cmake/rosidl_cmake_export_typesupport_libraries-extras.cmake
-- Symlinking: /home/mk/dev_ws/install/my_3d_vision_bringup/share/my_3d_vision_bringup/cmake/my_3d_vision_bringupConfig.cmake
-- Symlinking: /home/mk/dev_ws/install/my_3d_vision_bringup/share/my_3d_vision_bringup/cmake/my_3d_vision_bringupConfig-version.cmake
-- Symlinking: /home/mk/dev_ws/install/my_3d_vision_bringup/share/my_3d_vision_bringup/package.xml
-- Installing: /home/mk/dev_ws/install/my_3d_vision_bringup/lib/libmy_3d_vision_bringup__rosidl_generator_c.so
-- Set runtime path of "/home/mk/dev_ws/install/my_3d_vision_bringup/lib/libmy_3d_vision_bringup__rosidl_generator_c.so" to ""
-- Installing: /home/mk/dev_ws/install/my_3d_vision_bringup/lib/libmy_3d_vision_bringup__rosidl_typesupport_fastrtps_c.so
-- Set runtime path of "/home/mk/dev_ws/install/my_3d_vision_bringup/lib/libmy_3d_vision_bringup__rosidl_typesupport_fastrtps_c.so" to ""
-- Installing: /home/mk/dev_ws/install/my_3d_vision_bringup/lib/libmy_3d_vision_bringup__rosidl_typesupport_introspection_c.so
-- Set runtime path of "/home/mk/dev_ws/install/my_3d_vision_bringup/lib/libmy_3d_vision_bringup__rosidl_typesupport_introspection_c.so" to ""
-- Installing: /home/mk/dev_ws/install/my_3d_vision_bringup/lib/libmy_3d_vision_bringup__rosidl_typesupport_c.so
-- Set runtime path of "/home/mk/dev_ws/install/my_3d_vision_bringup/lib/libmy_3d_vision_bringup__rosidl_typesupport_c.so" to ""
-- Installing: /home/mk/dev_ws/install/my_3d_vision_bringup/lib/libmy_3d_vision_bringup__rosidl_typesupport_fastrtps_cpp.so
-- Set runtime path of "/home/mk/dev_ws/install/my_3d_vision_bringup/lib/libmy_3d_vision_bringup__rosidl_typesupport_fastrtps_cpp.so" to ""
-- Installing: /home/mk/dev_ws/install/my_3d_vision_bringup/lib/libmy_3d_vision_bringup__rosidl_typesupport_introspection_cpp.so
-- Set runtime path of "/home/mk/dev_ws/install/my_3d_vision_bringup/lib/libmy_3d_vision_bringup__rosidl_typesupport_introspection_cpp.so" to ""
-- Installing: /home/mk/dev_ws/install/my_3d_vision_bringup/lib/libmy_3d_vision_bringup__rosidl_typesupport_cpp.so
-- Set runtime path of "/home/mk/dev_ws/install/my_3d_vision_bringup/lib/libmy_3d_vision_bringup__rosidl_typesupport_cpp.so" to ""
Listing '/home/mk/dev_ws/install/my_3d_vision_bringup/local/lib/python3.10/dist-packages/my_3d_vision_bringup'...
Compiling '/home/mk/dev_ws/install/my_3d_vision_bringup/local/lib/python3.10/dist-packages/my_3d_vision_bringup/__init__.py'...
Listing '/home/mk/dev_ws/install/my_3d_vision_bringup/local/lib/python3.10/dist-packages/my_3d_vision_bringup/action'...
Compiling '/home/mk/dev_ws/install/my_3d_vision_bringup/local/lib/python3.10/dist-packages/my_3d_vision_bringup/action/__init__.py'...
Compiling '/home/mk/dev_ws/install/my_3d_vision_bringup/local/lib/python3.10/dist-packages/my_3d_vision_bringup/action/_grasp_object.py'...
-- Installing: /home/mk/dev_ws/install/my_3d_vision_bringup/lib/libmy_3d_vision_bringup__rosidl_generator_py.so
-- Set runtime path of "/home/mk/dev_ws/install/my_3d_vision_bringup/lib/libmy_3d_vision_bringup__rosidl_generator_py.so" to ""
-- Installing: /home/mk/dev_ws/install/my_3d_vision_bringup/share/my_3d_vision_bringup/cmake/export_my_3d_vision_bringup__rosidl_generator_cExport.cmake
-- Installing: /home/mk/dev_ws/install/my_3d_vision_bringup/share/my_3d_vision_bringup/cmake/export_my_3d_vision_bringup__rosidl_generator_cExport-noconfig.cmake
-- Installing: /home/mk/dev_ws/install/my_3d_vision_bringup/share/my_3d_vision_bringup/cmake/export_my_3d_vision_bringup__rosidl_typesupport_fastrtps_cExport.cmake
-- Installing: /home/mk/dev_ws/install/my_3d_vision_bringup/share/my_3d_vision_bringup/cmake/export_my_3d_vision_bringup__rosidl_typesupport_fastrtps_cExport-noconfig.cmake
-- Installing: /home/mk/dev_ws/install/my_3d_vision_bringup/share/my_3d_vision_bringup/cmake/my_3d_vision_bringup__rosidl_typesupport_introspection_cExport.cmake
-- Installing: /home/mk/dev_ws/install/my_3d_vision_bringup/share/my_3d_vision_bringup/cmake/my_3d_vision_bringup__rosidl_typesupport_introspection_cExport-noconfig.cmake
-- Installing: /home/mk/dev_ws/install/my_3d_vision_bringup/share/my_3d_vision_bringup/cmake/my_3d_vision_bringup__rosidl_typesupport_cExport.cmake
-- Installing: /home/mk/dev_ws/install/my_3d_vision_bringup/share/my_3d_vision_bringup/cmake/my_3d_vision_bringup__rosidl_typesupport_cExport-noconfig.cmake
-- Installing: /home/mk/dev_ws/install/my_3d_vision_bringup/share/my_3d_vision_bringup/cmake/export_my_3d_vision_bringup__rosidl_generator_cppExport.cmake
-- Installing: /home/mk/dev_ws/install/my_3d_vision_bringup/share/my_3d_vision_bringup/cmake/export_my_3d_vision_bringup__rosidl_typesupport_fastrtps_cppExport.cmake
-- Installing: /home/mk/dev_ws/install/my_3d_vision_bringup/share/my_3d_vision_bringup/cmake/export_my_3d_vision_bringup__rosidl_typesupport_fastrtps_cppExport-noconfig.cmake
-- Installing: /home/mk/dev_ws/install/my_3d_vision_bringup/share/my_3d_vision_bringup/cmake/my_3d_vision_bringup__rosidl_typesupport_introspection_cppExport.cmake
-- Installing: /home/mk/dev_ws/install/my_3d_vision_bringup/share/my_3d_vision_bringup/cmake/my_3d_vision_bringup__rosidl_typesupport_introspection_cppExport-noconfig.cmake
-- Installing: /home/mk/dev_ws/install/my_3d_vision_bringup/share/my_3d_vision_bringup/cmake/my_3d_vision_bringup__rosidl_typesupport_cppExport.cmake
-- Installing: /home/mk/dev_ws/install/my_3d_vision_bringup/share/my_3d_vision_bringup/cmake/my_3d_vision_bringup__rosidl_typesupport_cppExport-noconfig.cmake
-- Installing: /home/mk/dev_ws/install/my_3d_vision_bringup/share/my_3d_vision_bringup/cmake/export_my_3d_vision_bringup__rosidl_generator_pyExport.cmake
-- Installing: /home/mk/dev_ws/install/my_3d_vision_bringup/share/my_3d_vision_bringup/cmake/export_my_3d_vision_bringup__rosidl_generator_pyExport-noconfig.cmake
