[0.616s] Invoking command in '/home/mk/dev_ws/build/my_3d_vision_bringup': CMAKE_PREFIX_PATH=/opt/ros/humble /usr/bin/cmake /home/mk/dev_ws/src/my_3d_vision_bringup -DAMENT_CMAKE_SYMLINK_INSTALL=1 -DCMAKE_INSTALL_PREFIX=/home/mk/dev_ws/install/my_3d_vision_bringup
[1.216s] -- The C compiler identification is GNU 11.4.0
[1.216s] -- The CXX compiler identification is GNU 11.4.0
[1.216s] -- Detecting C compiler ABI info
[1.216s] -- Detecting C compiler ABI info - done
[1.216s] -- Check for working C compiler: /usr/bin/cc - skipped
[1.216s] -- Detecting C compile features
[1.217s] -- Detecting C compile features - done
[1.217s] -- Detecting CXX compiler ABI info
[1.217s] -- Detecting CXX compiler ABI info - done
[1.217s] -- Check for working CXX compiler: /usr/bin/c++ - skipped
[1.217s] -- Detecting CXX compile features
[1.217s] -- Detecting CXX compile features - done
[1.217s] -- Found ament_cmake: 1.3.14 (/opt/ros/humble/share/ament_cmake/cmake)
[1.217s] -- Found Python3: /usr/bin/python3 (found version "3.10.12") found components: Interpreter 
[1.217s] -- Override CMake install command with custom implementation using symlinks instead of copying resources
[1.217s] -- Found rosidl_default_generators: 1.2.1 (/opt/ros/humble/share/rosidl_default_generators/cmake)
[1.217s] -- Using all available rosidl_typesupport_c: rosidl_typesupport_fastrtps_c;rosidl_typesupport_introspection_c
[1.217s] -- Found rosidl_adapter: 3.1.8 (/opt/ros/humble/share/rosidl_adapter/cmake)
[1.217s] -- Using all available rosidl_typesupport_cpp: rosidl_typesupport_fastrtps_cpp;rosidl_typesupport_introspection_cpp
[1.217s] -- Found ament_cmake_ros: 0.10.0 (/opt/ros/humble/share/ament_cmake_ros/cmake)
[1.368s] -- Using all available rosidl_typesupport_c: rosidl_typesupport_fastrtps_c;rosidl_typesupport_introspection_c
[1.847s] -- Using all available rosidl_typesupport_cpp: rosidl_typesupport_fastrtps_cpp;rosidl_typesupport_introspection_cpp
[1.895s] -- Found PythonInterp: /usr/bin/python3 (found suitable version "3.10.12", minimum required is "3.6") 
[1.895s] -- Found python_cmake_module: 0.10.0 (/opt/ros/humble/share/python_cmake_module/cmake)
[1.950s] -- Found PythonLibs: /usr/lib/x86_64-linux-gnu/libpython3.10.so (found suitable version "3.10.12", minimum required is "3.5") 
[1.950s] -- Using PYTHON_EXECUTABLE: /usr/bin/python3
[1.950s] -- Using PYTHON_INCLUDE_DIRS: /usr/include/python3.10
[1.951s] -- Using PYTHON_LIBRARIES: /usr/lib/x86_64-linux-gnu/libpython3.10.so
[1.994s] -- Found PythonExtra: .so  
[2.289s] -- Found ament_lint_auto: 0.12.15 (/opt/ros/humble/share/ament_lint_auto/cmake)
[2.359s] -- Added test 'flake8' to check Python code syntax and style conventions
[2.359s] -- Added test 'lint_cmake' to check CMake code style
[2.359s] -- Added test 'pep257' to check Python code against some of the docstring style conventions in PEP 257
[2.361s] -- Added test 'xmllint' to check XML markup files
[2.370s] -- Configuring done
[2.469s] -- Generating done
[2.511s] -- Build files have been written to: /home/mk/dev_ws/build/my_3d_vision_bringup
[2.552s] Invoked command in '/home/mk/dev_ws/build/my_3d_vision_bringup' returned '0': CMAKE_PREFIX_PATH=/opt/ros/humble /usr/bin/cmake /home/mk/dev_ws/src/my_3d_vision_bringup -DAMENT_CMAKE_SYMLINK_INSTALL=1 -DCMAKE_INSTALL_PREFIX=/home/mk/dev_ws/install/my_3d_vision_bringup
[2.556s] Invoking command in '/home/mk/dev_ws/build/my_3d_vision_bringup': CMAKE_PREFIX_PATH=/opt/ros/humble /usr/bin/cmake --build /home/mk/dev_ws/build/my_3d_vision_bringup -- -j20 -l20
[3.256s] [  3%] [34m[1mGenerating C code for ROS interfaces[0m
[3.257s] [  6%] [34m[1mGenerating Rust code for ROS interfaces[0m
[3.257s] [  9%] [34m[1mGenerating C++ code for ROS interfaces[0m
[3.257s] [  9%] Built target ament_cmake_python_symlink_my_3d_vision_bringup
[3.257s] [ 12%] [32mBuilding C object CMakeFiles/my_3d_vision_bringup__rosidl_generator_c.dir/rosidl_generator_c/my_3d_vision_bringup/action/detail/grasp_object__functions.c.o[0m
[3.257s] running egg_info
[3.257s] creating my_3d_vision_bringup.egg-info
[3.257s] writing my_3d_vision_bringup.egg-info/PKG-INFO
[3.257s] writing dependency_links to my_3d_vision_bringup.egg-info/dependency_links.txt
[3.257s] writing top-level names to my_3d_vision_bringup.egg-info/top_level.txt
[3.257s] writing manifest file 'my_3d_vision_bringup.egg-info/SOURCES.txt'
[3.257s] reading manifest file 'my_3d_vision_bringup.egg-info/SOURCES.txt'
[3.257s] writing manifest file 'my_3d_vision_bringup.egg-info/SOURCES.txt'
[3.311s] [ 12%] Built target ament_cmake_python_build_my_3d_vision_bringup_egg
[3.314s] [ 15%] [32m[1mLinking C shared library libmy_3d_vision_bringup__rosidl_generator_c.so[0m
[3.327s] [ 15%] Built target my_3d_vision_bringup__rs
[3.378s] [ 15%] Built target my_3d_vision_bringup__rosidl_generator_c
[3.393s] [ 18%] [34m[1mGenerating C type support for eProsima Fast-RTPS[0m
[3.398s] [ 21%] [34m[1mGenerating C introspection for ROS interfaces[0m
[3.399s] [ 25%] [34m[1mGenerating C type support dispatch for ROS interfaces[0m
[3.550s] [ 25%] Built target my_3d_vision_bringup__cpp
[3.562s] [ 28%] [34m[1mGenerating C++ type support for eProsima Fast-RTPS[0m
[3.567s] [ 31%] [34m[1mGenerating C++ type support dispatch for ROS interfaces[0m
[3.572s] [ 34%] [34m[1mGenerating C++ introspection for ROS interfaces[0m
[3.815s] [ 37%] [32mBuilding CXX object CMakeFiles/my_3d_vision_bringup__rosidl_typesupport_c.dir/rosidl_typesupport_c/my_3d_vision_bringup/action/grasp_object__type_support.cpp.o[0m
[3.882s] [ 40%] [32m[1mLinking CXX shared library libmy_3d_vision_bringup__rosidl_typesupport_c.so[0m
[3.959s] [ 40%] Built target my_3d_vision_bringup__rosidl_typesupport_c
[3.993s] [ 43%] [32mBuilding C object CMakeFiles/my_3d_vision_bringup__rosidl_typesupport_introspection_c.dir/rosidl_typesupport_introspection_c/my_3d_vision_bringup/action/detail/grasp_object__type_support.c.o[0m
[4.060s] [ 46%] [32m[1mLinking C shared library libmy_3d_vision_bringup__rosidl_typesupport_introspection_c.so[0m
[4.103s] [ 46%] Built target my_3d_vision_bringup__rosidl_typesupport_introspection_c
[4.155s] [ 50%] [32mBuilding CXX object CMakeFiles/my_3d_vision_bringup__rosidl_typesupport_fastrtps_c.dir/rosidl_typesupport_fastrtps_c/my_3d_vision_bringup/action/detail/grasp_object__type_support_c.cpp.o[0m
[4.176s] [ 53%] [32mBuilding CXX object CMakeFiles/my_3d_vision_bringup__rosidl_typesupport_cpp.dir/rosidl_typesupport_cpp/my_3d_vision_bringup/action/grasp_object__type_support.cpp.o[0m
[4.287s] [ 56%] [32mBuilding CXX object CMakeFiles/my_3d_vision_bringup__rosidl_typesupport_introspection_cpp.dir/rosidl_typesupport_introspection_cpp/my_3d_vision_bringup/action/detail/grasp_object__type_support.cpp.o[0m
[4.291s] [ 59%] [32mBuilding CXX object CMakeFiles/my_3d_vision_bringup__rosidl_typesupport_fastrtps_cpp.dir/rosidl_typesupport_fastrtps_cpp/my_3d_vision_bringup/action/detail/dds_fastrtps/grasp_object__type_support.cpp.o[0m
[4.541s] [ 62%] [32m[1mLinking CXX shared library libmy_3d_vision_bringup__rosidl_typesupport_cpp.so[0m
[4.541s] [ 65%] [32m[1mLinking CXX shared library libmy_3d_vision_bringup__rosidl_typesupport_fastrtps_c.so[0m
[4.578s] [ 65%] Built target my_3d_vision_bringup__rosidl_typesupport_cpp
[4.592s] [ 65%] Built target my_3d_vision_bringup__rosidl_typesupport_fastrtps_c
[4.697s] [ 68%] [32m[1mLinking CXX shared library libmy_3d_vision_bringup__rosidl_typesupport_fastrtps_cpp.so[0m
[4.742s] [ 68%] Built target my_3d_vision_bringup__rosidl_typesupport_fastrtps_cpp
[5.023s] [ 71%] [32m[1mLinking CXX shared library libmy_3d_vision_bringup__rosidl_typesupport_introspection_cpp.so[0m
[5.077s] [ 71%] Built target my_3d_vision_bringup__rosidl_typesupport_introspection_cpp
[5.087s] [ 71%] Built target my_3d_vision_bringup
[5.098s] [ 75%] [34m[1mGenerating Python code for ROS interfaces[0m
[5.795s] [ 75%] Built target my_3d_vision_bringup__py
[5.808s] [ 78%] [32mBuilding C object CMakeFiles/my_3d_vision_bringup__rosidl_generator_py.dir/rosidl_generator_py/my_3d_vision_bringup/action/_grasp_object_s.c.o[0m
[5.926s] [ 81%] [32m[1mLinking C shared library rosidl_generator_py/my_3d_vision_bringup/libmy_3d_vision_bringup__rosidl_generator_py.so[0m
[5.961s] [ 81%] Built target my_3d_vision_bringup__rosidl_generator_py
[5.977s] [ 87%] [32mBuilding C object CMakeFiles/my_3d_vision_bringup__rosidl_typesupport_fastrtps_c__pyext.dir/rosidl_generator_py/my_3d_vision_bringup/_my_3d_vision_bringup_s.ep.rosidl_typesupport_fastrtps_c.c.o[0m
[5.977s] [ 87%] [32mBuilding C object CMakeFiles/my_3d_vision_bringup__rosidl_typesupport_c__pyext.dir/rosidl_generator_py/my_3d_vision_bringup/_my_3d_vision_bringup_s.ep.rosidl_typesupport_c.c.o[0m
[5.977s] [ 90%] [32mBuilding C object CMakeFiles/my_3d_vision_bringup__rosidl_typesupport_introspection_c__pyext.dir/rosidl_generator_py/my_3d_vision_bringup/_my_3d_vision_bringup_s.ep.rosidl_typesupport_introspection_c.c.o[0m
[6.104s] [ 93%] [32m[1mLinking C shared library rosidl_generator_py/my_3d_vision_bringup/my_3d_vision_bringup_s__rosidl_typesupport_introspection_c.cpython-310-x86_64-linux-gnu.so[0m
[6.106s] [ 96%] [32m[1mLinking C shared library rosidl_generator_py/my_3d_vision_bringup/my_3d_vision_bringup_s__rosidl_typesupport_fastrtps_c.cpython-310-x86_64-linux-gnu.so[0m
[6.170s] [100%] [32m[1mLinking C shared library rosidl_generator_py/my_3d_vision_bringup/my_3d_vision_bringup_s__rosidl_typesupport_c.cpython-310-x86_64-linux-gnu.so[0m
[6.193s] [100%] Built target my_3d_vision_bringup__rosidl_typesupport_introspection_c__pyext
[6.203s] [100%] Built target my_3d_vision_bringup__rosidl_typesupport_fastrtps_c__pyext
[6.256s] [100%] Built target my_3d_vision_bringup__rosidl_typesupport_c__pyext
[6.282s] Invoked command in '/home/mk/dev_ws/build/my_3d_vision_bringup' returned '0': CMAKE_PREFIX_PATH=/opt/ros/humble /usr/bin/cmake --build /home/mk/dev_ws/build/my_3d_vision_bringup -- -j20 -l20
[6.283s] Invoking command in '/home/mk/dev_ws/build/my_3d_vision_bringup': CMAKE_PREFIX_PATH=/opt/ros/humble /usr/bin/cmake --install /home/mk/dev_ws/build/my_3d_vision_bringup
[6.288s] -- Install configuration: ""
[6.289s] -- Execute custom install script
[6.289s] -- Symlinking: /home/mk/dev_ws/install/my_3d_vision_bringup/share/ament_index/resource_index/rosidl_interfaces/my_3d_vision_bringup
[6.307s] -- Symlinking: /home/mk/dev_ws/install/my_3d_vision_bringup/include/my_3d_vision_bringup/my_3d_vision_bringup/action/detail/grasp_object__functions.h
[6.316s] -- Symlinking: /home/mk/dev_ws/install/my_3d_vision_bringup/include/my_3d_vision_bringup/my_3d_vision_bringup/action/detail/grasp_object__struct.h
[6.332s] -- Symlinking: /home/mk/dev_ws/install/my_3d_vision_bringup/include/my_3d_vision_bringup/my_3d_vision_bringup/action/detail/grasp_object__type_support.h
[6.346s] -- Symlinking: /home/mk/dev_ws/install/my_3d_vision_bringup/include/my_3d_vision_bringup/my_3d_vision_bringup/action/grasp_object.h
[6.361s] -- Symlinking: /home/mk/dev_ws/install/my_3d_vision_bringup/include/my_3d_vision_bringup/my_3d_vision_bringup/msg/rosidl_generator_c__visibility_control.h
[6.378s] -- Symlinking: /home/mk/dev_ws/install/my_3d_vision_bringup/share/my_3d_vision_bringup/environment/library_path.sh
[6.393s] -- Symlinking: /home/mk/dev_ws/install/my_3d_vision_bringup/share/my_3d_vision_bringup/environment/library_path.dsv
[6.404s] -- Symlinking: /home/mk/dev_ws/install/my_3d_vision_bringup/include/my_3d_vision_bringup/my_3d_vision_bringup/action/detail/grasp_object__rosidl_typesupport_fastrtps_c.h
[6.421s] -- Symlinking: /home/mk/dev_ws/install/my_3d_vision_bringup/include/my_3d_vision_bringup/my_3d_vision_bringup/msg/rosidl_typesupport_fastrtps_c__visibility_control.h
[6.437s] -- Symlinking: /home/mk/dev_ws/install/my_3d_vision_bringup/include/my_3d_vision_bringup/my_3d_vision_bringup/action/detail/grasp_object__rosidl_typesupport_introspection_c.h
[6.444s] -- Symlinking: /home/mk/dev_ws/install/my_3d_vision_bringup/include/my_3d_vision_bringup/my_3d_vision_bringup/msg/rosidl_typesupport_introspection_c__visibility_control.h
[6.457s] -- Symlinking: /home/mk/dev_ws/install/my_3d_vision_bringup/include/my_3d_vision_bringup/my_3d_vision_bringup/action/detail/grasp_object__builder.hpp
[6.466s] -- Symlinking: /home/mk/dev_ws/install/my_3d_vision_bringup/include/my_3d_vision_bringup/my_3d_vision_bringup/action/detail/grasp_object__struct.hpp
[6.473s] -- Symlinking: /home/mk/dev_ws/install/my_3d_vision_bringup/include/my_3d_vision_bringup/my_3d_vision_bringup/action/detail/grasp_object__traits.hpp
[6.486s] -- Symlinking: /home/mk/dev_ws/install/my_3d_vision_bringup/include/my_3d_vision_bringup/my_3d_vision_bringup/action/detail/grasp_object__type_support.hpp
[6.497s] -- Symlinking: /home/mk/dev_ws/install/my_3d_vision_bringup/include/my_3d_vision_bringup/my_3d_vision_bringup/action/grasp_object.hpp
[6.503s] -- Symlinking: /home/mk/dev_ws/install/my_3d_vision_bringup/include/my_3d_vision_bringup/my_3d_vision_bringup/msg/rosidl_generator_cpp__visibility_control.hpp
[6.515s] -- Symlinking: /home/mk/dev_ws/install/my_3d_vision_bringup/include/my_3d_vision_bringup/my_3d_vision_bringup/action/detail/grasp_object__rosidl_typesupport_fastrtps_cpp.hpp
[6.531s] -- Symlinking: /home/mk/dev_ws/install/my_3d_vision_bringup/include/my_3d_vision_bringup/my_3d_vision_bringup/msg/rosidl_typesupport_fastrtps_cpp__visibility_control.h
[6.543s] -- Symlinking: /home/mk/dev_ws/install/my_3d_vision_bringup/include/my_3d_vision_bringup/my_3d_vision_bringup/action/detail/grasp_object__rosidl_typesupport_introspection_cpp.hpp
[6.552s] -- Symlinking: /home/mk/dev_ws/install/my_3d_vision_bringup/share/my_3d_vision_bringup/environment/pythonpath.sh
[6.563s] -- Symlinking: /home/mk/dev_ws/install/my_3d_vision_bringup/share/my_3d_vision_bringup/environment/pythonpath.dsv
[6.577s] -- Symlinking: /home/mk/dev_ws/install/my_3d_vision_bringup/local/lib/python3.10/dist-packages/my_3d_vision_bringup-0.1.0-py3.10.egg-info/PKG-INFO
[6.587s] -- Symlinking: /home/mk/dev_ws/install/my_3d_vision_bringup/local/lib/python3.10/dist-packages/my_3d_vision_bringup-0.1.0-py3.10.egg-info/SOURCES.txt
[6.591s] -- Symlinking: /home/mk/dev_ws/install/my_3d_vision_bringup/local/lib/python3.10/dist-packages/my_3d_vision_bringup-0.1.0-py3.10.egg-info/dependency_links.txt
[6.610s] -- Symlinking: /home/mk/dev_ws/install/my_3d_vision_bringup/local/lib/python3.10/dist-packages/my_3d_vision_bringup-0.1.0-py3.10.egg-info/top_level.txt
[6.622s] -- Symlinking: /home/mk/dev_ws/install/my_3d_vision_bringup/local/lib/python3.10/dist-packages/my_3d_vision_bringup/__init__.py
[6.638s] -- Symlinking: /home/mk/dev_ws/install/my_3d_vision_bringup/local/lib/python3.10/dist-packages/my_3d_vision_bringup/_my_3d_vision_bringup_s.ep.rosidl_typesupport_c.c
[6.652s] -- Symlinking: /home/mk/dev_ws/install/my_3d_vision_bringup/local/lib/python3.10/dist-packages/my_3d_vision_bringup/_my_3d_vision_bringup_s.ep.rosidl_typesupport_fastrtps_c.c
[6.666s] -- Symlinking: /home/mk/dev_ws/install/my_3d_vision_bringup/local/lib/python3.10/dist-packages/my_3d_vision_bringup/_my_3d_vision_bringup_s.ep.rosidl_typesupport_introspection_c.c
[6.682s] -- Symlinking: /home/mk/dev_ws/install/my_3d_vision_bringup/local/lib/python3.10/dist-packages/my_3d_vision_bringup/action/__init__.py
[6.702s] -- Symlinking: /home/mk/dev_ws/install/my_3d_vision_bringup/local/lib/python3.10/dist-packages/my_3d_vision_bringup/action/_grasp_object.py
[6.711s] -- Symlinking: /home/mk/dev_ws/install/my_3d_vision_bringup/local/lib/python3.10/dist-packages/my_3d_vision_bringup/action/_grasp_object_s.c
[6.725s] -- Symlinking: /home/mk/dev_ws/install/my_3d_vision_bringup/local/lib/python3.10/dist-packages/my_3d_vision_bringup/libmy_3d_vision_bringup__rosidl_generator_py.so
[6.738s] -- Symlinking: /home/mk/dev_ws/install/my_3d_vision_bringup/local/lib/python3.10/dist-packages/my_3d_vision_bringup/my_3d_vision_bringup_s__rosidl_typesupport_c.cpython-310-x86_64-linux-gnu.so
[6.755s] -- Symlinking: /home/mk/dev_ws/install/my_3d_vision_bringup/local/lib/python3.10/dist-packages/my_3d_vision_bringup/my_3d_vision_bringup_s__rosidl_typesupport_fastrtps_c.cpython-310-x86_64-linux-gnu.so
[6.766s] -- Symlinking: /home/mk/dev_ws/install/my_3d_vision_bringup/local/lib/python3.10/dist-packages/my_3d_vision_bringup/my_3d_vision_bringup_s__rosidl_typesupport_introspection_c.cpython-310-x86_64-linux-gnu.so
[6.785s] -- Up-to-date symlink: /home/mk/dev_ws/install/my_3d_vision_bringup/local/lib/python3.10/dist-packages/my_3d_vision_bringup/my_3d_vision_bringup_s__rosidl_typesupport_fastrtps_c.cpython-310-x86_64-linux-gnu.so
[6.786s] -- Up-to-date symlink: /home/mk/dev_ws/install/my_3d_vision_bringup/local/lib/python3.10/dist-packages/my_3d_vision_bringup/my_3d_vision_bringup_s__rosidl_typesupport_introspection_c.cpython-310-x86_64-linux-gnu.so
[6.786s] -- Up-to-date symlink: /home/mk/dev_ws/install/my_3d_vision_bringup/local/lib/python3.10/dist-packages/my_3d_vision_bringup/my_3d_vision_bringup_s__rosidl_typesupport_c.cpython-310-x86_64-linux-gnu.so
[6.786s] -- Symlinking: /home/mk/dev_ws/install/my_3d_vision_bringup/share/ament_index/resource_index/rust_packages/my_3d_vision_bringup
[6.814s] -- Symlinking: /home/mk/dev_ws/install/my_3d_vision_bringup/share/my_3d_vision_bringup/rust/Cargo.toml
[6.840s] -- Symlinking: /home/mk/dev_ws/install/my_3d_vision_bringup/share/my_3d_vision_bringup/rust/build.rs
[6.861s] -- Symlinking: /home/mk/dev_ws/install/my_3d_vision_bringup/share/my_3d_vision_bringup/rust/src/action.rs
[6.881s] -- Symlinking: /home/mk/dev_ws/install/my_3d_vision_bringup/share/my_3d_vision_bringup/rust/src/action/rmw.rs
[6.894s] -- Symlinking: /home/mk/dev_ws/install/my_3d_vision_bringup/share/my_3d_vision_bringup/rust/src/lib.rs
[6.911s] -- Symlinking: /home/mk/dev_ws/install/my_3d_vision_bringup/share/my_3d_vision_bringup/action/GraspObject.idl
[6.925s] -- Symlinking: /home/mk/dev_ws/install/my_3d_vision_bringup/share/my_3d_vision_bringup/action/GraspObject.action
[6.938s] -- Symlinking: /home/mk/dev_ws/install/my_3d_vision_bringup/share/my_3d_vision_bringup/launch/standalone_move_group.launch.py
[6.954s] -- Symlinking: /home/mk/dev_ws/install/my_3d_vision_bringup/share/my_3d_vision_bringup/launch/zed_cam_rviz_pointcloud_tf_yolo_planned_grasp.launch.py
[6.969s] -- Symlinking: /home/mk/dev_ws/install/my_3d_vision_bringup/share/my_3d_vision_bringup/meshes/ZEDM.stl
[6.984s] -- Symlinking: /home/mk/dev_ws/install/my_3d_vision_bringup/share/my_3d_vision_bringup/config/grasping_params.yaml
[7.001s] -- Symlinking: /home/mk/dev_ws/install/my_3d_vision_bringup/share/my_3d_vision_bringup/config/perception_params.yaml
[7.019s] -- Symlinking: /home/mk/dev_ws/install/my_3d_vision_bringup/share/my_3d_vision_bringup/config/zed_override.yaml
[7.034s] -- Symlinking: /home/mk/dev_ws/install/my_3d_vision_bringup/lib/my_3d_vision_bringup/zed_stand_publisher.py
[7.052s] -- Symlinking: /home/mk/dev_ws/install/my_3d_vision_bringup/lib/my_3d_vision_bringup/zed_yolo_3d_bbox.py
[7.070s] -- Symlinking: /home/mk/dev_ws/install/my_3d_vision_bringup/lib/my_3d_vision_bringup/pointcloud_optimizer.py
[7.082s] -- Symlinking: /home/mk/dev_ws/install/my_3d_vision_bringup/lib/my_3d_vision_bringup/yolo_moveit_collision.py
[7.091s] -- Symlinking: /home/mk/dev_ws/install/my_3d_vision_bringup/lib/my_3d_vision_bringup/yolo_grasp_executor.py
[7.112s] -- Symlinking: /home/mk/dev_ws/install/my_3d_vision_bringup/lib/my_3d_vision_bringup/yolo_planned_grasp_executor.py
[7.127s] -- Symlinking: /home/mk/dev_ws/install/my_3d_vision_bringup/lib/my_3d_vision_bringup/grasp_action_bridge.py
[7.145s] -- Symlinking: /home/mk/dev_ws/install/my_3d_vision_bringup/lib/my_3d_vision_bringup/pointcloud_tf_tuner.py
[7.168s] -- Symlinking: /home/mk/dev_ws/install/my_3d_vision_bringup/share/ament_index/resource_index/package_run_dependencies/my_3d_vision_bringup
[7.184s] -- Symlinking: /home/mk/dev_ws/install/my_3d_vision_bringup/share/ament_index/resource_index/parent_prefix_path/my_3d_vision_bringup
[7.202s] -- Symlinking: /home/mk/dev_ws/install/my_3d_vision_bringup/share/my_3d_vision_bringup/environment/ament_prefix_path.sh
[7.214s] -- Symlinking: /home/mk/dev_ws/install/my_3d_vision_bringup/share/my_3d_vision_bringup/environment/ament_prefix_path.dsv
[7.229s] -- Symlinking: /home/mk/dev_ws/install/my_3d_vision_bringup/share/my_3d_vision_bringup/environment/path.sh
[7.245s] -- Symlinking: /home/mk/dev_ws/install/my_3d_vision_bringup/share/my_3d_vision_bringup/environment/path.dsv
[7.260s] -- Symlinking: /home/mk/dev_ws/install/my_3d_vision_bringup/share/my_3d_vision_bringup/local_setup.bash
[7.277s] -- Symlinking: /home/mk/dev_ws/install/my_3d_vision_bringup/share/my_3d_vision_bringup/local_setup.sh
[7.291s] -- Symlinking: /home/mk/dev_ws/install/my_3d_vision_bringup/share/my_3d_vision_bringup/local_setup.zsh
[7.312s] -- Symlinking: /home/mk/dev_ws/install/my_3d_vision_bringup/share/my_3d_vision_bringup/local_setup.dsv
[7.332s] -- Symlinking: /home/mk/dev_ws/install/my_3d_vision_bringup/share/my_3d_vision_bringup/package.dsv
[7.349s] -- Symlinking: /home/mk/dev_ws/install/my_3d_vision_bringup/share/ament_index/resource_index/packages/my_3d_vision_bringup
[7.368s] -- Symlinking: /home/mk/dev_ws/install/my_3d_vision_bringup/share/my_3d_vision_bringup/cmake/rosidl_cmake-extras.cmake
[7.385s] -- Symlinking: /home/mk/dev_ws/install/my_3d_vision_bringup/share/my_3d_vision_bringup/cmake/ament_cmake_export_dependencies-extras.cmake
[7.401s] -- Symlinking: /home/mk/dev_ws/install/my_3d_vision_bringup/share/my_3d_vision_bringup/cmake/ament_cmake_export_include_directories-extras.cmake
[7.416s] -- Symlinking: /home/mk/dev_ws/install/my_3d_vision_bringup/share/my_3d_vision_bringup/cmake/ament_cmake_export_libraries-extras.cmake
[7.432s] -- Symlinking: /home/mk/dev_ws/install/my_3d_vision_bringup/share/my_3d_vision_bringup/cmake/ament_cmake_export_targets-extras.cmake
[7.446s] -- Symlinking: /home/mk/dev_ws/install/my_3d_vision_bringup/share/my_3d_vision_bringup/cmake/rosidl_cmake_export_typesupport_targets-extras.cmake
[7.463s] -- Symlinking: /home/mk/dev_ws/install/my_3d_vision_bringup/share/my_3d_vision_bringup/cmake/rosidl_cmake_export_typesupport_libraries-extras.cmake
[7.478s] -- Symlinking: /home/mk/dev_ws/install/my_3d_vision_bringup/share/my_3d_vision_bringup/cmake/my_3d_vision_bringupConfig.cmake
[7.500s] -- Symlinking: /home/mk/dev_ws/install/my_3d_vision_bringup/share/my_3d_vision_bringup/cmake/my_3d_vision_bringupConfig-version.cmake
[7.512s] -- Symlinking: /home/mk/dev_ws/install/my_3d_vision_bringup/share/my_3d_vision_bringup/package.xml
[7.532s] -- Installing: /home/mk/dev_ws/install/my_3d_vision_bringup/lib/libmy_3d_vision_bringup__rosidl_generator_c.so
[7.532s] -- Set runtime path of "/home/mk/dev_ws/install/my_3d_vision_bringup/lib/libmy_3d_vision_bringup__rosidl_generator_c.so" to ""
[7.532s] -- Installing: /home/mk/dev_ws/install/my_3d_vision_bringup/lib/libmy_3d_vision_bringup__rosidl_typesupport_fastrtps_c.so
[7.532s] -- Set runtime path of "/home/mk/dev_ws/install/my_3d_vision_bringup/lib/libmy_3d_vision_bringup__rosidl_typesupport_fastrtps_c.so" to ""
[7.533s] -- Installing: /home/mk/dev_ws/install/my_3d_vision_bringup/lib/libmy_3d_vision_bringup__rosidl_typesupport_introspection_c.so
[7.533s] -- Set runtime path of "/home/mk/dev_ws/install/my_3d_vision_bringup/lib/libmy_3d_vision_bringup__rosidl_typesupport_introspection_c.so" to ""
[7.533s] -- Installing: /home/mk/dev_ws/install/my_3d_vision_bringup/lib/libmy_3d_vision_bringup__rosidl_typesupport_c.so
[7.533s] -- Set runtime path of "/home/mk/dev_ws/install/my_3d_vision_bringup/lib/libmy_3d_vision_bringup__rosidl_typesupport_c.so" to ""
[7.533s] -- Installing: /home/mk/dev_ws/install/my_3d_vision_bringup/lib/libmy_3d_vision_bringup__rosidl_typesupport_fastrtps_cpp.so
[7.533s] -- Set runtime path of "/home/mk/dev_ws/install/my_3d_vision_bringup/lib/libmy_3d_vision_bringup__rosidl_typesupport_fastrtps_cpp.so" to ""
[7.533s] -- Installing: /home/mk/dev_ws/install/my_3d_vision_bringup/lib/libmy_3d_vision_bringup__rosidl_typesupport_introspection_cpp.so
[7.533s] -- Set runtime path of "/home/mk/dev_ws/install/my_3d_vision_bringup/lib/libmy_3d_vision_bringup__rosidl_typesupport_introspection_cpp.so" to ""
[7.533s] -- Installing: /home/mk/dev_ws/install/my_3d_vision_bringup/lib/libmy_3d_vision_bringup__rosidl_typesupport_cpp.so
[7.537s] -- Set runtime path of "/home/mk/dev_ws/install/my_3d_vision_bringup/lib/libmy_3d_vision_bringup__rosidl_typesupport_cpp.so" to ""
[7.610s] Listing '/home/mk/dev_ws/install/my_3d_vision_bringup/local/lib/python3.10/dist-packages/my_3d_vision_bringup'...
[7.610s] Compiling '/home/mk/dev_ws/install/my_3d_vision_bringup/local/lib/python3.10/dist-packages/my_3d_vision_bringup/__init__.py'...
[7.610s] Listing '/home/mk/dev_ws/install/my_3d_vision_bringup/local/lib/python3.10/dist-packages/my_3d_vision_bringup/action'...
[7.610s] Compiling '/home/mk/dev_ws/install/my_3d_vision_bringup/local/lib/python3.10/dist-packages/my_3d_vision_bringup/action/__init__.py'...
[7.610s] Compiling '/home/mk/dev_ws/install/my_3d_vision_bringup/local/lib/python3.10/dist-packages/my_3d_vision_bringup/action/_grasp_object.py'...
[7.621s] -- Installing: /home/mk/dev_ws/install/my_3d_vision_bringup/lib/libmy_3d_vision_bringup__rosidl_generator_py.so
[7.621s] -- Set runtime path of "/home/mk/dev_ws/install/my_3d_vision_bringup/lib/libmy_3d_vision_bringup__rosidl_generator_py.so" to ""
[7.621s] -- Installing: /home/mk/dev_ws/install/my_3d_vision_bringup/share/my_3d_vision_bringup/cmake/export_my_3d_vision_bringup__rosidl_generator_cExport.cmake
[7.621s] -- Installing: /home/mk/dev_ws/install/my_3d_vision_bringup/share/my_3d_vision_bringup/cmake/export_my_3d_vision_bringup__rosidl_generator_cExport-noconfig.cmake
[7.621s] -- Installing: /home/mk/dev_ws/install/my_3d_vision_bringup/share/my_3d_vision_bringup/cmake/export_my_3d_vision_bringup__rosidl_typesupport_fastrtps_cExport.cmake
[7.622s] -- Installing: /home/mk/dev_ws/install/my_3d_vision_bringup/share/my_3d_vision_bringup/cmake/export_my_3d_vision_bringup__rosidl_typesupport_fastrtps_cExport-noconfig.cmake
[7.622s] -- Installing: /home/mk/dev_ws/install/my_3d_vision_bringup/share/my_3d_vision_bringup/cmake/my_3d_vision_bringup__rosidl_typesupport_introspection_cExport.cmake
[7.622s] -- Installing: /home/mk/dev_ws/install/my_3d_vision_bringup/share/my_3d_vision_bringup/cmake/my_3d_vision_bringup__rosidl_typesupport_introspection_cExport-noconfig.cmake
[7.622s] -- Installing: /home/mk/dev_ws/install/my_3d_vision_bringup/share/my_3d_vision_bringup/cmake/my_3d_vision_bringup__rosidl_typesupport_cExport.cmake
[7.622s] -- Installing: /home/mk/dev_ws/install/my_3d_vision_bringup/share/my_3d_vision_bringup/cmake/my_3d_vision_bringup__rosidl_typesupport_cExport-noconfig.cmake
[7.622s] -- Installing: /home/mk/dev_ws/install/my_3d_vision_bringup/share/my_3d_vision_bringup/cmake/export_my_3d_vision_bringup__rosidl_generator_cppExport.cmake
[7.622s] -- Installing: /home/mk/dev_ws/install/my_3d_vision_bringup/share/my_3d_vision_bringup/cmake/export_my_3d_vision_bringup__rosidl_typesupport_fastrtps_cppExport.cmake
[7.622s] -- Installing: /home/mk/dev_ws/install/my_3d_vision_bringup/share/my_3d_vision_bringup/cmake/export_my_3d_vision_bringup__rosidl_typesupport_fastrtps_cppExport-noconfig.cmake
[7.622s] -- Installing: /home/mk/dev_ws/install/my_3d_vision_bringup/share/my_3d_vision_bringup/cmake/my_3d_vision_bringup__rosidl_typesupport_introspection_cppExport.cmake
[7.622s] -- Installing: /home/mk/dev_ws/install/my_3d_vision_bringup/share/my_3d_vision_bringup/cmake/my_3d_vision_bringup__rosidl_typesupport_introspection_cppExport-noconfig.cmake
[7.622s] -- Installing: /home/mk/dev_ws/install/my_3d_vision_bringup/share/my_3d_vision_bringup/cmake/my_3d_vision_bringup__rosidl_typesupport_cppExport.cmake
[7.622s] -- Installing: /home/mk/dev_ws/install/my_3d_vision_bringup/share/my_3d_vision_bringup/cmake/my_3d_vision_bringup__rosidl_typesupport_cppExport-noconfig.cmake
[7.622s] -- Installing: /home/mk/dev_ws/install/my_3d_vision_bringup/share/my_3d_vision_bringup/cmake/export_my_3d_vision_bringup__rosidl_generator_pyExport.cmake
[7.622s] -- Installing: /home/mk/dev_ws/install/my_3d_vision_bringup/share/my_3d_vision_bringup/cmake/export_my_3d_vision_bringup__rosidl_generator_pyExport-noconfig.cmake
[7.841s] Invoked command in '/home/mk/dev_ws/build/my_3d_vision_bringup' returned '0': CMAKE_PREFIX_PATH=/opt/ros/humble /usr/bin/cmake --install /home/mk/dev_ws/build/my_3d_vision_bringup
