[0.006s] Invoking command in '/home/mk/dev_ws/build/zed_wrapper': AMENT_PREFIX_PATH=/home/mk/dev_ws/install/zed_components:/home/mk/dev_ws/install/zed_interfaces:${AMENT_PREFIX_PATH} CMAKE_PREFIX_PATH=/home/mk/dev_ws/install/zed_components:/home/mk/dev_ws/install/zed_interfaces:/opt/ros/humble LD_LIBRARY_PATH=/home/mk/dev_ws/install/zed_components/lib:/home/mk/dev_ws/install/zed_interfaces/lib:${LD_LIBRARY_PATH} PYTHONPATH=/home/mk/dev_ws/install/zed_interfaces/local/lib/python3.10/dist-packages:${PYTHONPATH} /usr/bin/cmake /home/mk/dev_ws/src/zed-ros2-wrapper/zed_wrapper -DAMENT_CMAKE_SYMLINK_INSTALL=1 -DCMAKE_INSTALL_PREFIX=/home/mk/dev_ws/install/zed_wrapper
[0.044s] -- The C compiler identification is GNU 11.4.0
[0.077s] -- The CXX compiler identification is GNU 11.4.0
[0.081s] -- Detecting C compiler ABI info
[0.123s] -- Detecting C compiler ABI info - done
[0.128s] -- Check for working C compiler: /usr/bin/cc - skipped
[0.128s] -- Detecting C compile features
[0.128s] -- Detecting C compile features - done
[0.130s] -- Detecting CXX compiler ABI info
[0.181s] -- Detecting CXX compiler ABI info - done
[0.185s] -- Check for working CXX compiler: /usr/bin/c++ - skipped
[0.185s] -- Detecting CXX compile features
[0.185s] -- Detecting CXX compile features - done
[0.187s] -- Looking for sgemm_
[0.229s] -- Looking for sgemm_ - not found
[0.230s] -- Looking for pthread.h
[0.275s] -- Looking for pthread.h - found
[0.275s] -- Performing Test CMAKE_HAVE_LIBC_PTHREAD
[0.323s] -- Performing Test CMAKE_HAVE_LIBC_PTHREAD - Success
[0.324s] -- Found Threads: TRUE  
[0.341s] -- Looking for sgemm_
[0.401s] -- Looking for sgemm_ - found
[0.402s] -- Found BLAS: /usr/lib/x86_64-linux-gnu/libopenblas.so  
[0.414s] -- Found CUDA: /usr/local/cuda-12.1 (found suitable version "12.1", minimum required is "12") 
[0.437s] -- Found CUDA: /usr/local/cuda-12.1 (found version "12.1") 
[0.438s] -- Found ament_cmake_auto: 1.3.14 (/opt/ros/humble/share/ament_cmake_auto/cmake)
[0.533s] -- Found Python3: /usr/bin/python3 (found version "3.10.12") found components: Interpreter 
[0.569s] -- Override CMake install command with custom implementation using symlinks instead of copying resources
[0.653s] -- Found rosidl_generator_c: 3.1.8 (/opt/ros/humble/share/rosidl_generator_c/cmake)
[0.656s] -- Found rosidl_adapter: 3.1.8 (/opt/ros/humble/share/rosidl_adapter/cmake)
[0.661s] -- Found rosidl_generator_cpp: 3.1.8 (/opt/ros/humble/share/rosidl_generator_cpp/cmake)
[0.667s] -- Using all available rosidl_typesupport_c: rosidl_typesupport_fastrtps_c;rosidl_typesupport_introspection_c
[0.676s] -- Using all available rosidl_typesupport_cpp: rosidl_typesupport_fastrtps_cpp;rosidl_typesupport_introspection_cpp
[0.699s] -- Found rmw_implementation_cmake: 6.1.2 (/opt/ros/humble/share/rmw_implementation_cmake/cmake)
[0.700s] -- Found rmw_cyclonedds_cpp: 1.3.4 (/opt/ros/humble/share/rmw_cyclonedds_cpp/cmake)
[0.712s] -- Using RMW implementation 'rmw_cyclonedds_cpp' as default
[0.830s] -- Found eigen3_cmake_module: 0.1.1 (/opt/ros/humble/share/eigen3_cmake_module/cmake)
[0.831s] -- Found Eigen3: TRUE (found version "3.4.0") 
[0.831s] -- Ensuring Eigen3 include directory is part of orocos-kdl CMake target
[0.937s] -- Found ament_lint_auto: 0.12.15 (/opt/ros/humble/share/ament_lint_auto/cmake)
[0.957s] -- Added test 'copyright' to check source files copyright and LICENSE
[0.958s] -- Added test 'cppcheck' to perform static code analysis on C / C++ code
[0.958s] -- Configured cppcheck include dirs: /home/mk/dev_ws/src/zed-ros2-wrapper/zed_wrapper/src
[0.958s] -- Configured cppcheck exclude dirs and/or files: 
[0.958s] -- Added test 'lint_cmake' to check CMake code style
[0.959s] -- Added test 'pep257' to check Python code against some of the docstring style conventions in PEP 257
[0.959s] -- Added test 'uncrustify' to check C / C++ code style
[0.959s] -- Configured uncrustify additional arguments: 
[0.959s] -- Added test 'xmllint' to check XML markup files
[0.960s] -- Configuring done
[0.991s] -- Generating done
[0.994s] -- Build files have been written to: /home/mk/dev_ws/build/zed_wrapper
[1.002s] Invoked command in '/home/mk/dev_ws/build/zed_wrapper' returned '0': AMENT_PREFIX_PATH=/home/mk/dev_ws/install/zed_components:/home/mk/dev_ws/install/zed_interfaces:${AMENT_PREFIX_PATH} CMAKE_PREFIX_PATH=/home/mk/dev_ws/install/zed_components:/home/mk/dev_ws/install/zed_interfaces:/opt/ros/humble LD_LIBRARY_PATH=/home/mk/dev_ws/install/zed_components/lib:/home/mk/dev_ws/install/zed_interfaces/lib:${LD_LIBRARY_PATH} PYTHONPATH=/home/mk/dev_ws/install/zed_interfaces/local/lib/python3.10/dist-packages:${PYTHONPATH} /usr/bin/cmake /home/mk/dev_ws/src/zed-ros2-wrapper/zed_wrapper -DAMENT_CMAKE_SYMLINK_INSTALL=1 -DCMAKE_INSTALL_PREFIX=/home/mk/dev_ws/install/zed_wrapper
[1.003s] Invoking command in '/home/mk/dev_ws/build/zed_wrapper': AMENT_PREFIX_PATH=/home/mk/dev_ws/install/zed_components:/home/mk/dev_ws/install/zed_interfaces:${AMENT_PREFIX_PATH} CMAKE_PREFIX_PATH=/home/mk/dev_ws/install/zed_components:/home/mk/dev_ws/install/zed_interfaces:/opt/ros/humble LD_LIBRARY_PATH=/home/mk/dev_ws/install/zed_components/lib:/home/mk/dev_ws/install/zed_interfaces/lib:${LD_LIBRARY_PATH} PYTHONPATH=/home/mk/dev_ws/install/zed_interfaces/local/lib/python3.10/dist-packages:${PYTHONPATH} /usr/bin/cmake --build /home/mk/dev_ws/build/zed_wrapper -- -j20 -l20
[1.043s] [ 50%] [32mBuilding CXX object CMakeFiles/zed_wrapper.dir/src/zed_wrapper.cpp.o[0m
[4.125s] [100%] [32m[1mLinking CXX executable zed_wrapper[0m
[4.315s] [100%] Built target zed_wrapper
[4.322s] Invoked command in '/home/mk/dev_ws/build/zed_wrapper' returned '0': AMENT_PREFIX_PATH=/home/mk/dev_ws/install/zed_components:/home/mk/dev_ws/install/zed_interfaces:${AMENT_PREFIX_PATH} CMAKE_PREFIX_PATH=/home/mk/dev_ws/install/zed_components:/home/mk/dev_ws/install/zed_interfaces:/opt/ros/humble LD_LIBRARY_PATH=/home/mk/dev_ws/install/zed_components/lib:/home/mk/dev_ws/install/zed_interfaces/lib:${LD_LIBRARY_PATH} PYTHONPATH=/home/mk/dev_ws/install/zed_interfaces/local/lib/python3.10/dist-packages:${PYTHONPATH} /usr/bin/cmake --build /home/mk/dev_ws/build/zed_wrapper -- -j20 -l20
[4.323s] Invoking command in '/home/mk/dev_ws/build/zed_wrapper': AMENT_PREFIX_PATH=/home/mk/dev_ws/install/zed_components:/home/mk/dev_ws/install/zed_interfaces:${AMENT_PREFIX_PATH} CMAKE_PREFIX_PATH=/home/mk/dev_ws/install/zed_components:/home/mk/dev_ws/install/zed_interfaces:/opt/ros/humble LD_LIBRARY_PATH=/home/mk/dev_ws/install/zed_components/lib:/home/mk/dev_ws/install/zed_interfaces/lib:${LD_LIBRARY_PATH} PYTHONPATH=/home/mk/dev_ws/install/zed_interfaces/local/lib/python3.10/dist-packages:${PYTHONPATH} /usr/bin/cmake --install /home/mk/dev_ws/build/zed_wrapper
[4.329s] -- Install configuration: "Release"
[4.329s] -- Execute custom install script
[4.329s] -- Symlinking: /home/mk/dev_ws/install/zed_wrapper/lib/zed_wrapper/zed_wrapper
[4.334s] -- Symlinking: /home/mk/dev_ws/install/zed_wrapper/share/zed_wrapper/config/common.yaml
[4.339s] -- Symlinking: /home/mk/dev_ws/install/zed_wrapper/share/zed_wrapper/config/ffmpeg.yaml
[4.345s] -- Symlinking: /home/mk/dev_ws/install/zed_wrapper/share/zed_wrapper/config/virtual.yaml
[4.350s] -- Symlinking: /home/mk/dev_ws/install/zed_wrapper/share/zed_wrapper/config/zed.yaml
[4.355s] -- Symlinking: /home/mk/dev_ws/install/zed_wrapper/share/zed_wrapper/config/zed2.yaml
[4.360s] -- Symlinking: /home/mk/dev_ws/install/zed_wrapper/share/zed_wrapper/config/zed2i.yaml
[4.366s] -- Symlinking: /home/mk/dev_ws/install/zed_wrapper/share/zed_wrapper/config/zedm.yaml
[4.370s] -- Symlinking: /home/mk/dev_ws/install/zed_wrapper/share/zed_wrapper/config/zedx.yaml
[4.374s] -- Symlinking: /home/mk/dev_ws/install/zed_wrapper/share/zed_wrapper/config/zedxm.yaml
[4.379s] -- Symlinking: /home/mk/dev_ws/install/zed_wrapper/share/zed_wrapper/urdf/include/materials.urdf.xacro
[4.385s] -- Symlinking: /home/mk/dev_ws/install/zed_wrapper/share/zed_wrapper/urdf/zed_descr.urdf.xacro
[4.390s] -- Symlinking: /home/mk/dev_ws/install/zed_wrapper/share/zed_wrapper/urdf/zed_macro.urdf.xacro
[4.395s] -- Symlinking: /home/mk/dev_ws/install/zed_wrapper/share/zed_wrapper/launch/zed_camera.launch.py
[4.400s] -- Symlinking: /home/mk/dev_ws/install/zed_wrapper/share/ament_index/resource_index/package_run_dependencies/zed_wrapper
[4.405s] -- Symlinking: /home/mk/dev_ws/install/zed_wrapper/share/ament_index/resource_index/parent_prefix_path/zed_wrapper
[4.410s] -- Symlinking: /home/mk/dev_ws/install/zed_wrapper/share/zed_wrapper/environment/ament_prefix_path.sh
[4.414s] -- Symlinking: /home/mk/dev_ws/install/zed_wrapper/share/zed_wrapper/environment/ament_prefix_path.dsv
[4.419s] -- Symlinking: /home/mk/dev_ws/install/zed_wrapper/share/zed_wrapper/environment/path.sh
[4.425s] -- Symlinking: /home/mk/dev_ws/install/zed_wrapper/share/zed_wrapper/environment/path.dsv
[4.430s] -- Symlinking: /home/mk/dev_ws/install/zed_wrapper/share/zed_wrapper/local_setup.bash
[4.434s] -- Symlinking: /home/mk/dev_ws/install/zed_wrapper/share/zed_wrapper/local_setup.sh
[4.438s] -- Symlinking: /home/mk/dev_ws/install/zed_wrapper/share/zed_wrapper/local_setup.zsh
[4.443s] -- Symlinking: /home/mk/dev_ws/install/zed_wrapper/share/zed_wrapper/local_setup.dsv
[4.448s] -- Symlinking: /home/mk/dev_ws/install/zed_wrapper/share/zed_wrapper/package.dsv
[4.452s] -- Symlinking: /home/mk/dev_ws/install/zed_wrapper/share/ament_index/resource_index/packages/zed_wrapper
[4.458s] -- Symlinking: /home/mk/dev_ws/install/zed_wrapper/share/zed_wrapper/cmake/zed_wrapperConfig.cmake
[4.464s] -- Symlinking: /home/mk/dev_ws/install/zed_wrapper/share/zed_wrapper/cmake/zed_wrapperConfig-version.cmake
[4.469s] -- Symlinking: /home/mk/dev_ws/install/zed_wrapper/share/zed_wrapper/package.xml
[4.474s] Invoked command in '/home/mk/dev_ws/build/zed_wrapper' returned '0': AMENT_PREFIX_PATH=/home/mk/dev_ws/install/zed_components:/home/mk/dev_ws/install/zed_interfaces:${AMENT_PREFIX_PATH} CMAKE_PREFIX_PATH=/home/mk/dev_ws/install/zed_components:/home/mk/dev_ws/install/zed_interfaces:/opt/ros/humble LD_LIBRARY_PATH=/home/mk/dev_ws/install/zed_components/lib:/home/mk/dev_ws/install/zed_interfaces/lib:${LD_LIBRARY_PATH} PYTHONPATH=/home/mk/dev_ws/install/zed_interfaces/local/lib/python3.10/dist-packages:${PYTHONPATH} /usr/bin/cmake --install /home/mk/dev_ws/build/zed_wrapper
