running develop
Removing /home/mk/dev_ws/install/motion_sequence/lib/python3.10/site-packages/motion-sequence.egg-link (link to .)
running egg_info
writing ../../build/motion_sequence/motion_sequence.egg-info/PKG-INFO
writing dependency_links to ../../build/motion_sequence/motion_sequence.egg-info/dependency_links.txt
writing entry points to ../../build/motion_sequence/motion_sequence.egg-info/entry_points.txt
writing requirements to ../../build/motion_sequence/motion_sequence.egg-info/requires.txt
writing top-level names to ../../build/motion_sequence/motion_sequence.egg-info/top_level.txt
reading manifest file '../../build/motion_sequence/motion_sequence.egg-info/SOURCES.txt'
writing manifest file '../../build/motion_sequence/motion_sequence.egg-info/SOURCES.txt'
running build
running build_py
creating /home/mk/dev_ws/build/motion_sequence/build
creating /home/mk/dev_ws/build/motion_sequence/build/lib
creating /home/mk/dev_ws/build/motion_sequence/build/lib/motion_sequence
copying motion_sequence/motion_sequence.py -> /home/mk/dev_ws/build/motion_sequence/build/lib/motion_sequence
copying motion_sequence/__init__.py -> /home/mk/dev_ws/build/motion_sequence/build/lib/motion_sequence
running install
running install_lib
creating /home/mk/dev_ws/install/motion_sequence/lib/python3.10/site-packages/motion_sequence
copying /home/mk/dev_ws/build/motion_sequence/build/lib/motion_sequence/motion_sequence.py -> /home/mk/dev_ws/install/motion_sequence/lib/python3.10/site-packages/motion_sequence
copying /home/mk/dev_ws/build/motion_sequence/build/lib/motion_sequence/__init__.py -> /home/mk/dev_ws/install/motion_sequence/lib/python3.10/site-packages/motion_sequence
byte-compiling /home/mk/dev_ws/install/motion_sequence/lib/python3.10/site-packages/motion_sequence/motion_sequence.py to motion_sequence.cpython-310.pyc
byte-compiling /home/mk/dev_ws/install/motion_sequence/lib/python3.10/site-packages/motion_sequence/__init__.py to __init__.cpython-310.pyc
running install_data
copying package.xml -> /home/mk/dev_ws/install/motion_sequence/share/motion_sequence
copying launch/motion_sequence_launch.py -> /home/mk/dev_ws/install/motion_sequence/share/motion_sequence/launch
copying resource/motion_sequence -> /home/mk/dev_ws/install/motion_sequence/share/ament_index/resource_index/packages
running install_egg_info
Copying ../../build/motion_sequence/motion_sequence.egg-info to /home/mk/dev_ws/install/motion_sequence/lib/python3.10/site-packages/motion_sequence-0.0.0-py3.10.egg-info
running install_scripts
Installing motion_sequence script to /home/mk/dev_ws/install/motion_sequence/lib/motion_sequence
writing list of installed files to '/home/mk/dev_ws/build/motion_sequence/install.log'
