[2.029s] Invoking command in '/home/mk/dev_ws/build/audio_listener': PYTHONPATH=/home/mk/dev_ws/build/audio_listener/prefix_override:/usr/lib/python3/dist-packages/colcon_core/task/python/colcon_distutils_commands:/home/mk/dev_ws/install/audio_listener/lib/python3.10/site-packages:${PYTHONPATH} /usr/bin/python3 -W ignore:setup.py install is deprecated -W ignore:easy_install command is deprecated setup.py develop --editable --build-directory /home/mk/dev_ws/build/audio_listener/build --no-deps symlink_data
[2.503s] running develop
[2.786s] running egg_info
[2.786s] creating audio_listener.egg-info
[2.786s] writing audio_listener.egg-info/PKG-INFO
[2.786s] writing dependency_links to audio_listener.egg-info/dependency_links.txt
[2.787s] writing entry points to audio_listener.egg-info/entry_points.txt
[2.787s] writing requirements to audio_listener.egg-info/requires.txt
[2.787s] writing top-level names to audio_listener.egg-info/top_level.txt
[2.787s] writing manifest file 'audio_listener.egg-info/SOURCES.txt'
[2.787s] reading manifest file 'audio_listener.egg-info/SOURCES.txt'
[2.791s] writing manifest file 'audio_listener.egg-info/SOURCES.txt'
[2.850s] running build_ext
[2.850s] Creating /home/mk/dev_ws/install/audio_listener/lib/python3.10/site-packages/audio-listener.egg-link (link to .)
[2.851s] Installing audio_listener script to /home/mk/dev_ws/install/audio_listener/lib/audio_listener
[2.851s] 
[2.851s] Installed /home/mk/dev_ws/build/audio_listener
[2.852s] running symlink_data
[2.852s] creating /home/mk/dev_ws/install/audio_listener/share/ament_index
[2.852s] creating /home/mk/dev_ws/install/audio_listener/share/ament_index/resource_index
[2.852s] creating /home/mk/dev_ws/install/audio_listener/share/ament_index/resource_index/packages
[2.855s] symbolically linking /home/mk/dev_ws/build/audio_listener/resource/audio_listener -> /home/mk/dev_ws/install/audio_listener/share/ament_index/resource_index/packages
[2.855s] symbolically linking /home/mk/dev_ws/build/audio_listener/package.xml -> /home/mk/dev_ws/install/audio_listener/share/audio_listener
[2.855s] creating /home/mk/dev_ws/install/audio_listener/share/audio_listener/launch
[2.855s] symbolically linking /home/mk/dev_ws/build/audio_listener/launch/audio_listener.launch.py -> /home/mk/dev_ws/install/audio_listener/share/audio_listener/launch
[2.973s] Invoked command in '/home/mk/dev_ws/build/audio_listener' returned '0': PYTHONPATH=/home/mk/dev_ws/build/audio_listener/prefix_override:/usr/lib/python3/dist-packages/colcon_core/task/python/colcon_distutils_commands:/home/mk/dev_ws/install/audio_listener/lib/python3.10/site-packages:${PYTHONPATH} /usr/bin/python3 -W ignore:setup.py install is deprecated -W ignore:easy_install command is deprecated setup.py develop --editable --build-directory /home/mk/dev_ws/build/audio_listener/build --no-deps symlink_data
